
Note: No compatibility mode selected!


Circuit: * klt sim -- generated corner deck, do not edit

Doing analysis at TEMP = -40.000000 and TNOM = 27.000000

Using SPARSE 1.3 as Direct Linear Solver

Initial Transient Solution
--------------------------

Node                                   Voltage
----                                   -------
vdd                                        3.6
mid                                        1.8
ehalf_int1                                 1.8
ctl                                          0
txdp                                         0
txdm                                       3.6
xa.enb                             9.77702e-09
xa.enx                             4.88851e-09
xa.en                                      3.6
xa.xrb.xsky130_fd_pr__res_xhigh_po_1p41.ra         1.23186
xa.vbn                                 1.21851
xa.vbp                                 2.08515
xa.pa_dp                                   3.6
xa.pax_dp                           1.6072e-10
xa.pon_dp                          1.23167e-09
xa.nbx_dp                                  3.6
xa.nb_dp                                   3.6
xa.nonb_dp                         1.23167e-09
xa.pg_dp                                   3.6
xa.xp_dp                           7.89877e-12
xa.ng_dp                                   3.6
xa.xn_dp                                   3.6
xa.ksp_dp                          1.23833e-08
xa.kspb_dp                                 3.6
xa.kpx_dp                          4.19264e-11
xa.ksn_dp                            0.0194207
xa.ksnb_dp                                 3.6
xa.knx_dp                                  3.6
xa.xcp_dp.a                        6.92258e-10
xa.xcp_dp.b1                       6.92258e-10
xa.outi_dp                         6.92258e-10
xa.xcn_dp.a                        6.92258e-10
xa.xcn_dp.b1                       6.92258e-10
dp                                 6.92258e-10
xa.pa_dm                           9.77702e-09
xa.pax_dm                          4.88851e-09
xa.pon_dm                                  3.6
xa.nbx_dm                              1.02896
xa.nb_dm                           1.13042e-08
xa.nonb_dm                                 3.6
xa.pg_dm                           7.87221e-10
xa.xp_dm                           4.94543e-10
xa.ng_dm                           4.49856e-10
xa.xn_dm                                   3.6
xa.ksp_dm                              3.57738
xa.kspb_dm                         4.67377e-09
xa.kpx_dm                          7.87221e-10
xa.ksn_dm                                  3.6
xa.ksnb_dm                         4.65602e-09
xa.knx_dm                                  3.6
xa.xcp_dm.a                                3.6
xa.xcp_dm.b1                               3.6
xa.outi_dm                                 3.6
xa.xcn_dm.a                                3.6
xa.xcn_dm.b1                               3.6
dm                                         3.6
dpn                                1.92294e-10
dmn                                          1
ovp                                       -3.6
ovm                               -2.48097e-10
unp                               -6.92258e-10
unm                                       -3.6
ddp                                          0
ddm                                          0
srp                                          1
sfp                                         -1
srm                                          1
sfm                                         -1
oet                                          0
oe                                           0
hi                                         3.6
xb.enb                                     3.6
xb.enx                                 2.87222
xb.en                              2.44436e-09
xb.xrb.xsky130_fd_pr__res_xhigh_po_1p41.ra         1.23186
xb.vbn                                 1.21851
xb.vbp                                 2.08515
xb.pa_dp                                   3.6
xb.pax_dp                               2.8722
xb.pon_dp                          1.23167e-09
xb.nbx_dp                              3.60014
xb.nb_dp                           2.32811e-09
xb.nonb_dp                                 3.6
xb.pg_dp                                   3.6
xb.xp_dp                           7.89877e-12
xb.ng_dp                           4.49856e-10
xb.xn_dp                                   3.6
xb.ksp_dp                          1.23833e-08
xb.kspb_dp                                 3.6
xb.kpx_dp                          4.19265e-11
xb.ksn_dp                                  3.6
xb.ksnb_dp                         4.65602e-09
xb.knx_dp                                  3.6
xb.xcp_dp.a                                1.8
xb.xcp_dp.b1                               1.8
xb.outi_dp                                 1.8
xb.xcn_dp.a                                1.8
xb.xcn_dp.b1                               1.8
xb_dp                                      1.8
xb.pa_dm                                   3.6
xb.pax_dm                            0.0346307
xb.pon_dm                          1.23167e-09
xb.nbx_dm                                  3.6
xb.nb_dm                           4.65622e-09
xb.nonb_dm                                 3.6
xb.pg_dm                                   3.6
xb.xp_dm                           7.89877e-12
xb.ng_dm                           4.49856e-10
xb.xn_dm                                   3.6
xb.ksp_dm                          1.23833e-08
xb.kspb_dm                                 3.6
xb.kpx_dm                          4.19264e-11
xb.ksn_dm                                  3.6
xb.ksnb_dm                         4.65602e-09
xb.knx_dm                                  3.6
xb.xcp_dm.a                                1.8
xb.xcp_dm.b1                               1.8
xb.outi_dm                                 1.8
xb.xcn_dm.a                                1.8
xb.xcn_dm.b1                               1.8
xb_dm                                      1.8
xc.enb                                     3.6
xc.enx                                 2.87222
xc.en                              2.44436e-09
xc.xrb.xsky130_fd_pr__res_xhigh_po_1p41.ra         1.23186
xc.vbn                                 1.21851
xc.vbp                                 2.08515
xc.pa_dp                                   3.6
xc.pax_dp                            0.0346307
xc.pon_dp                          1.23167e-09
xc.nbx_dp                                  3.6
xc.nb_dp                           4.65622e-09
xc.nonb_dp                                 3.6
xc.pg_dp                                   3.6
xc.xp_dp                           7.89877e-12
xc.ng_dp                           4.49856e-10
xc.xn_dp                                   3.6
xc.ksp_dp                          1.23833e-08
xc.kspb_dp                                 3.6
xc.kpx_dp                          4.19264e-11
xc.ksn_dp                                  3.6
xc.ksnb_dp                         4.65602e-09
xc.knx_dp                                  3.6
xc.xcp_dp.a                                1.8
xc.xcp_dp.b1                               1.8
xc.outi_dp                                 1.8
xc.xcn_dp.a                                1.8
xc.xcn_dp.b1                               1.8
xc_dp                                      1.8
xc.pa_dm                                   3.6
xc.pax_dm                              2.87222
xc.pon_dm                          1.23167e-09
xc.nbx_dm                              3.60014
xc.nb_dm                           2.32811e-09
xc.nonb_dm                                 3.6
xc.pg_dm                                   3.6
xc.xp_dm                           7.89877e-12
xc.ng_dm                           4.49856e-10
xc.xn_dm                                   3.6
xc.ksp_dm                          1.23833e-08
xc.kspb_dm                                 3.6
xc.kpx_dm                          4.19264e-11
xc.ksn_dm                                  3.6
xc.ksnb_dm                         4.65602e-09
xc.knx_dm                                  3.6
xc.xcp_dm.a                                1.8
xc.xcp_dm.b1                               1.8
xc.outi_dm                                 1.8
xc.xcn_dm.a                                1.8
xc.xcn_dm.b1                               1.8
xc_dm                                      1.8
abp                                4.76098e-11
abm                                4.76098e-11
acp                                4.76098e-11
acm                                4.76098e-11
wbp                                          0
wbm                                4.76098e-11
wcp                                4.76098e-11
wcm                                          0
bwcm#branch                                  0
vscm#branch                        4.76098e-11
bwcp#branch                                  0
vscp#branch                        4.76098e-11
bwbm#branch                                  0
vsbm#branch                        4.76098e-11
bwbp#branch                                  0
vsbp#branch                        4.76098e-11
bacm#branch                                  0
bacp#branch                                  0
babm#branch                                  0
babp#branch                                  0
bhi#branch                                   0
boe#branch                                   0
bsfm#branch                                  0
bsrm#branch                                  0
bsfp#branch                                  0
bsrp#branch                                  0
bddm#branch                                  0
bddp#branch                                  0
bunm#branch                                  0
bunp#branch                                  0
bovm#branch                                  0
bovp#branch                                  0
bdmn#branch                                  0
bdpn#branch                                  0
btxdm#branch                                 0
btxdp#branch                                 0
behalf#branch                                0
ehalf#branch                       1.90439e-10
voet#branch                                  0
vctl#branch                                  0
vsup#branch                       -0.000416947


No. of Data Rows : 15020

  Measurements for Transient Analysis

trise_dp_ns         =  9.18448e-09 targ=  1.13151e-07 trig=  1.03966e-07
tfall_dp_ns         =  8.81311e-09 targ=  2.13567e-07 trig=  2.04753e-07
trise_dm_ns         =  9.18443e-09 targ=  2.13651e-07 trig=  2.04466e-07
tfall_dm_ns         =  8.81339e-09 targ=  1.13067e-07 trig=  1.04254e-07
trf_dp_ratio        =  1.04214e+00
trf_dm_ratio        =  1.04210e+00
trf_x1_ratio        =  1.04210e+00
trf_x2_ratio        =  1.04213e+00
vcross_rise_v       =  1.81127e+00
vcross_fall_v       =  1.81121e+00
tx_rise_ns          =   1.08352e-07
tx_fall_ns          =   2.08852e-07
tx_first_ns         =   1.08352e-07
tx_second_ns        =   2.08852e-07
tx_last_ns          =   2.08852e-07
slope_rise_dp_min_vns=  1.86501e-01 at=  1.13150e-07
slope_fall_dp_max_vns=  -1.94629e-01 at=  2.13550e-07
slope_fall_dm_max_vns=  -1.94672e-01 at=  1.13050e-07
slope_rise_dm_min_vns=  1.86494e-01 at=  2.13650e-07
over_dp_mv          =  1.55635e-02 at=  2.02250e-07
under_dp_mv         =  8.29032e-02 at=  1.01810e-07
over_dm_mv          =  1.55674e-02 at=  1.01750e-07
under_dm_mv         =  8.29024e-02 at=  2.02310e-07
tpd_rise_dp_ns      =  8.06863e-09 targ=  1.08319e-07 trig=  1.00250e-07
tpd_fall_dp_ns      =  8.13385e-09 targ=  2.08884e-07 trig=  2.00750e-07
tpd_fall_dm_ns      =  8.13429e-09 targ=  1.08384e-07 trig=  1.00250e-07
tpd_rise_dm_ns      =  8.06854e-09 targ=  2.08819e-07 trig=  2.00750e-07
oe_xb_dp_off_pre_na =  4.82428e-11 at=  2.81456e-08
oe_xb_dp_enable_at_ns=   1.02819e-07
oe_xb_dp_on_ma      =  5.90538e-02 from=  1.50000e-07 to=  1.99010e-07
oe_xb_dp_release_at_ns=   2.13793e-07
oe_xb_dp_off_post_na=  1.44712e-10 at=  2.50030e-07
oe_xb_dp_wrongpol_pk_ma=  2.99384e-03 at=  1.01010e-07
oe_xb_dm_off_pre_na =  4.82335e-11 at=  4.69056e-08
oe_xb_dm_enable_at_ns=   1.02578e-07
oe_xb_dm_on_ma      =  -5.92929e-02 from=  1.50000e-07 to=  1.99010e-07
oe_xb_dm_release_at_ns=   2.10064e-07
oe_xb_dm_off_post_na=  9.39688e-11 at=  2.52750e-07
oe_xb_dm_wrongpol_pk_ma=  1.02533e-03 at=  1.00650e-07
oe_xc_dp_off_pre_na =  4.82275e-11 at=  3.83656e-08
oe_xc_dp_enable_at_ns=   1.02578e-07
oe_xc_dp_on_ma      =  -5.92929e-02 from=  1.50000e-07 to=  1.99010e-07
oe_xc_dp_release_at_ns=   2.10064e-07
oe_xc_dp_off_post_na=  9.39617e-11 at=  2.52750e-07
oe_xc_dp_wrongpol_pk_ma=  1.02533e-03 at=  1.00650e-07
oe_xc_dm_off_pre_na =  4.82402e-11 at=  5.08056e-08
oe_xc_dm_enable_at_ns=   1.02819e-07
oe_xc_dm_on_ma      =  5.90538e-02 from=  1.50000e-07 to=  1.99010e-07
oe_xc_dm_release_at_ns=   2.13793e-07
oe_xc_dm_off_post_na=  1.44701e-10 at=  2.50030e-07
oe_xc_dm_wrongpol_pk_ma=  2.99384e-03 at=  1.01010e-07

ngspice-46 done
