
Note: No compatibility mode selected!


Circuit: * klt sim -- generated corner deck, do not edit

Doing analysis at TEMP = 100.000000 and TNOM = 27.000000

Using SPARSE 1.3 as Direct Linear Solver

Initial Transient Solution
--------------------------

Node                                   Voltage
----                                   -------
vdd                                        3.3
mid                                       1.65
ehalf_int1                                1.65
ctl                                          0
txdp                                         0
txdm                                       3.3
xa.enb                             1.10909e-07
xa.enx                             5.54545e-08
xa.en                                      3.3
xa.xrb.xsky130_fd_pr__res_xhigh_po_1p41.ra         1.24938
xa.vbn                                 1.23539
xa.vbp                                 1.88583
xa.pa_dp                                   3.3
xa.pax_dp                           1.2291e-06
xa.pon_dp                          1.99724e-08
xa.nbx_dp                                  3.3
xa.nb_dp                               3.29999
xa.nonb_dp                         1.99736e-08
xa.pg_dp                                   3.3
xa.xp_dp                           2.58558e-07
xa.ng_dp                                   3.3
xa.xn_dp                                   3.3
xa.ksp_dp                          1.85688e-07
xa.kspb_dp                                 3.3
xa.kpx_dp                           6.0161e-07
xa.ksn_dp                            0.0344418
xa.ksnb_dp                             3.29999
xa.knx_dp                                  3.3
xa.xcp_dp.a                        2.11958e-08
xa.xcp_dp.b1                       2.11958e-08
xa.outi_dp                         2.11958e-08
xa.xcn_dp.a                        2.11958e-08
xa.xcn_dp.b1                       2.11958e-08
dp                                 2.11958e-08
xa.pa_dm                            1.1091e-07
xa.pax_dm                          5.54552e-08
xa.pon_dm                                  3.3
xa.nbx_dm                             0.663604
xa.nb_dm                           3.49643e-08
xa.nonb_dm                                 3.3
xa.pg_dm                           2.11252e-08
xa.xp_dm                           1.23382e-08
xa.ng_dm                           5.03105e-09
xa.xn_dm                                   3.3
xa.ksp_dm                              3.26138
xa.kspb_dm                         9.69614e-08
xa.kpx_dm                          2.11251e-08
xa.ksn_dm                              3.29999
xa.ksnb_dm                           5.384e-08
xa.knx_dm                                  3.3
xa.xcp_dm.a                                3.3
xa.xcp_dm.b1                               3.3
xa.outi_dm                                 3.3
xa.xcn_dm.a                                3.3
xa.xcn_dm.b1                               3.3
dm                                         3.3
dpn                                6.42297e-09
dmn                                          1
ovp                                       -3.3
ovm                               -1.54715e-07
unp                               -2.11958e-08
unm                                       -3.3
ddp                                          0
ddm                                          0
srp                                          1
sfp                                         -1
srm                                          1
sfm                                         -1
oet                                          0
oe                                           0
hi                                         3.3
xb.enb                                     3.3
xb.enx                                 2.70268
xb.en                              1.41968e-08
xb.xrb.xsky130_fd_pr__res_xhigh_po_1p41.ra         1.24938
xb.vbn                                 1.23539
xb.vbp                                 1.88583
xb.pa_dp                                   3.3
xb.pax_dp                              2.70268
xb.pon_dp                          1.99722e-08
xb.nbx_dp                              3.24215
xb.nb_dp                            5.8977e-09
xb.nonb_dp                                 3.3
xb.pg_dp                                   3.3
xb.xp_dp                           2.58558e-07
xb.ng_dp                           5.03105e-09
xb.xn_dp                                   3.3
xb.ksp_dp                          1.85688e-07
xb.kspb_dp                                 3.3
xb.kpx_dp                           6.0161e-07
xb.ksn_dp                              3.29999
xb.ksnb_dp                           5.384e-08
xb.knx_dp                                  3.3
xb.xcp_dp.a                               1.65
xb.xcp_dp.b1                              1.65
xb.outi_dp                                1.65
xb.xcn_dp.a                               1.65
xb.xcn_dp.b1                              1.65
xb_dp                                     1.65
xb.pa_dm                                   3.3
xb.pax_dm                             0.101478
xb.pon_dm                          1.99713e-08
xb.nbx_dm                                  3.3
xb.nb_dm                           2.75642e-08
xb.nonb_dm                                 3.3
xb.pg_dm                                   3.3
xb.xp_dm                           2.58558e-07
xb.ng_dm                           5.03105e-09
xb.xn_dm                                   3.3
xb.ksp_dm                          1.85688e-07
xb.kspb_dm                                 3.3
xb.kpx_dm                           6.0161e-07
xb.ksn_dm                              3.29999
xb.ksnb_dm                           5.384e-08
xb.knx_dm                                  3.3
xb.xcp_dm.a                               1.65
xb.xcp_dm.b1                              1.65
xb.outi_dm                                1.65
xb.xcn_dm.a                               1.65
xb.xcn_dm.b1                              1.65
xb_dm                                     1.65
xc.enb                                     3.3
xc.enx                                 2.70268
xc.en                              1.41968e-08
xc.xrb.xsky130_fd_pr__res_xhigh_po_1p41.ra         1.24938
xc.vbn                                 1.23539
xc.vbp                                 1.88583
xc.pa_dp                                   3.3
xc.pax_dp                             0.101478
xc.pon_dp                          1.99713e-08
xc.nbx_dp                                  3.3
xc.nb_dp                           2.75642e-08
xc.nonb_dp                                 3.3
xc.pg_dp                                   3.3
xc.xp_dp                           2.58558e-07
xc.ng_dp                           5.03105e-09
xc.xn_dp                                   3.3
xc.ksp_dp                          1.85688e-07
xc.kspb_dp                                 3.3
xc.kpx_dp                           6.0161e-07
xc.ksn_dp                              3.29999
xc.ksnb_dp                           5.384e-08
xc.knx_dp                                  3.3
xc.xcp_dp.a                               1.65
xc.xcp_dp.b1                              1.65
xc.outi_dp                                1.65
xc.xcn_dp.a                               1.65
xc.xcn_dp.b1                              1.65
xc_dp                                     1.65
xc.pa_dm                                   3.3
xc.pax_dm                              2.70268
xc.pon_dm                          1.99722e-08
xc.nbx_dm                              3.24209
xc.nb_dm                             5.894e-09
xc.nonb_dm                                 3.3
xc.pg_dm                                   3.3
xc.xp_dm                           2.58558e-07
xc.ng_dm                           5.03105e-09
xc.xn_dm                                   3.3
xc.ksp_dm                          1.85688e-07
xc.kspb_dm                                 3.3
xc.kpx_dm                           6.0161e-07
xc.ksn_dm                              3.29999
xc.ksnb_dm                           5.384e-08
xc.knx_dm                                  3.3
xc.xcp_dm.a                               1.65
xc.xcp_dm.b1                              1.65
xc.outi_dm                                1.65
xc.xcn_dm.a                               1.65
xc.xcn_dm.b1                              1.65
xc_dm                                     1.65
abp                                8.74906e-09
abm                                8.74906e-09
acp                                8.74906e-09
acm                                8.74906e-09
wbp                                8.74906e-09
wbm                                          0
wcp                                          0
wcm                                8.74906e-09
bwcm#branch                                  0
vscm#branch                       -8.74906e-09
bwcp#branch                                  0
vscp#branch                       -8.74906e-09
bwbm#branch                                  0
vsbm#branch                       -8.74906e-09
bwbp#branch                                  0
vsbp#branch                       -8.74906e-09
bacm#branch                                  0
bacp#branch                                  0
babm#branch                                  0
babp#branch                                  0
bhi#branch                                   0
boe#branch                                   0
bsfm#branch                                  0
bsrm#branch                                  0
bsfp#branch                                  0
bsrp#branch                                  0
bddm#branch                                  0
bddp#branch                                  0
bunm#branch                                  0
bunp#branch                                  0
bovm#branch                                  0
bovp#branch                                  0
bdmn#branch                                  0
bdpn#branch                                  0
btxdm#branch                                 0
btxdp#branch                                 0
behalf#branch                                0
ehalf#branch                      -3.49963e-08
voet#branch                                  0
vctl#branch                                  0
vsup#branch                        -0.00044088


No. of Data Rows : 15020

  Measurements for Transient Analysis

trise_dp_ns         =  9.02946e-09 targ=  1.13300e-07 trig=  1.04271e-07
tfall_dp_ns         =  8.91924e-09 targ=  2.14569e-07 trig=  2.05650e-07
trise_dm_ns         =  9.02946e-09 targ=  2.13800e-07 trig=  2.04771e-07
tfall_dm_ns         =  8.91963e-09 targ=  1.14070e-07 trig=  1.05150e-07
trf_dp_ratio        =  1.01236e+00
trf_dm_ratio        =  1.01231e+00
trf_x1_ratio        =  1.01231e+00
trf_x2_ratio        =  1.01236e+00
vcross_rise_v       =  1.78237e+00
vcross_fall_v       =  1.78223e+00
tx_rise_ns          =   1.08847e-07
tx_fall_ns          =   2.09347e-07
tx_first_ns         =   1.08847e-07
tx_second_ns        =   2.09347e-07
tx_last_ns          =   2.09347e-07
slope_rise_dp_min_vns=  1.47852e-01 at=  1.13290e-07
slope_fall_dp_max_vns=  -1.49911e-01 at=  2.14550e-07
slope_fall_dm_max_vns=  -1.49966e-01 at=  1.14050e-07
slope_rise_dm_min_vns=  1.47852e-01 at=  2.13790e-07
over_dp_mv          =  1.54936e-02 at=  2.02450e-07
under_dp_mv         =  6.75877e-02 at=  1.01930e-07
over_dm_mv          =  1.55033e-02 at=  1.01950e-07
under_dm_mv         =  6.75871e-02 at=  2.02430e-07
tpd_rise_dp_ns      =  8.19838e-09 targ=  1.08448e-07 trig=  1.00250e-07
tpd_fall_dp_ns      =  8.98664e-09 targ=  2.09737e-07 trig=  2.00750e-07
tpd_fall_dm_ns      =  8.98747e-09 targ=  1.09237e-07 trig=  1.00250e-07
tpd_rise_dm_ns      =  8.19837e-09 targ=  2.08948e-07 trig=  2.00750e-07
oe_xb_dp_off_pre_na =  8.74897e-09 at=  5.84456e-08
oe_xb_dp_enable_at_ns=   1.03389e-07
oe_xb_dp_on_ma      =  4.41772e-02 from=  1.50000e-07 to=  1.99010e-07
oe_xb_dp_release_at_ns=   2.19009e-07
oe_xb_dp_off_post_na=  8.82908e-09 at=  2.50010e-07
oe_xb_dp_wrongpol_pk_ma=  2.38343e-03 at=  1.01230e-07
oe_xb_dm_off_pre_na =  8.74898e-09 at=  8.09256e-08
oe_xb_dm_enable_at_ns=   1.03433e-07
oe_xb_dm_on_ma      =  -4.34889e-02 from=  1.50000e-07 to=  1.99010e-07
oe_xb_dm_release_at_ns=   2.13734e-07
oe_xb_dm_off_post_na=  8.75839e-09 at=  2.50010e-07
oe_xb_dm_wrongpol_pk_ma=  7.96691e-04 at=  1.00830e-07
oe_xc_dp_off_pre_na =  8.74898e-09 at=  5.24256e-08
oe_xc_dp_enable_at_ns=   1.03433e-07
oe_xc_dp_on_ma      =  -4.34889e-02 from=  1.50000e-07 to=  1.99010e-07
oe_xc_dp_release_at_ns=   2.13734e-07
oe_xc_dp_off_post_na=  8.75840e-09 at=  2.50010e-07
oe_xc_dp_wrongpol_pk_ma=  7.96691e-04 at=  1.00830e-07
oe_xc_dm_off_pre_na =  8.74898e-09 at=  5.06456e-08
oe_xc_dm_enable_at_ns=   1.03389e-07
oe_xc_dm_on_ma      =  4.41772e-02 from=  1.50000e-07 to=  1.99010e-07
oe_xc_dm_release_at_ns=   2.19009e-07
oe_xc_dm_off_post_na=  8.82909e-09 at=  2.50010e-07
oe_xc_dm_wrongpol_pk_ma=  2.38343e-03 at=  1.01230e-07

ngspice-46 done
