
Note: No compatibility mode selected!


Circuit: * klt sim -- generated corner deck, do not edit

Doing analysis at TEMP = 100.000000 and TNOM = 27.000000

Using SPARSE 1.3 as Direct Linear Solver

Initial Transient Solution
--------------------------

Node                                   Voltage
----                                   -------
vdd                                        3.6
mid                                        1.8
ehalf_int1                                 1.8
ctl                                          0
txdp                                         0
txdm                                       3.6
xa.enb                             1.20972e-07
xa.enx                             6.04858e-08
xa.en                                      3.6
xa.xrb.xsky130_fd_pr__res_xhigh_po_1p41.ra         1.28969
xa.vbn                                 1.27377
xa.vbp                                  2.1406
xa.pa_dp                                   3.6
xa.pax_dp                          1.25951e-06
xa.pon_dp                          2.08555e-08
xa.nbx_dp                                  3.6
xa.nb_dp                               3.59999
xa.nonb_dp                         2.08567e-08
xa.pg_dp                                   3.6
xa.xp_dp                           2.63464e-07
xa.ng_dp                                   3.6
xa.xn_dp                                   3.6
xa.ksp_dp                          1.91152e-07
xa.kspb_dp                                 3.6
xa.kpx_dp                          6.17357e-07
xa.ksn_dp                            0.0370111
xa.ksnb_dp                             3.59999
xa.knx_dp                                  3.6
xa.xcp_dp.a                        2.20749e-08
xa.xcp_dp.b1                       2.20749e-08
xa.outi_dp                         2.20749e-08
xa.xcn_dp.a                        2.20749e-08
xa.xcn_dp.b1                       2.20749e-08
dp                                 2.20749e-08
xa.pa_dm                           1.20973e-07
xa.pax_dm                          6.04867e-08
xa.pon_dm                                  3.6
xa.nbx_dm                             0.704067
xa.nb_dm                           3.62332e-08
xa.nonb_dm                                 3.6
xa.pg_dm                           2.20827e-08
xa.xp_dm                            1.2884e-08
xa.ng_dm                           5.22423e-09
xa.xn_dm                                   3.6
xa.ksp_dm                              3.55937
xa.kspb_dm                         1.09556e-07
xa.kpx_dm                          2.20827e-08
xa.ksn_dm                              3.59999
xa.ksnb_dm                         5.87705e-08
xa.knx_dm                                  3.6
xa.xcp_dm.a                                3.6
xa.xcp_dm.b1                               3.6
xa.outi_dm                                 3.6
xa.xcn_dm.a                                3.6
xa.xcn_dm.b1                               3.6
dm                                         3.6
dpn                                6.13191e-09
dmn                                          1
ovp                                       -3.6
ovm                               -1.57396e-07
unp                               -2.20749e-08
unm                                       -3.6
ddp                                          0
ddm                                          0
srp                                          1
sfp                                         -1
srm                                          1
sfm                                         -1
oet                                          0
oe                                           0
hi                                         3.6
xb.enb                                     3.6
xb.enx                                 2.96926
xb.en                              1.50152e-08
xb.xrb.xsky130_fd_pr__res_xhigh_po_1p41.ra         1.28969
xb.vbn                                 1.27377
xb.vbp                                  2.1406
xb.pa_dp                                   3.6
xb.pax_dp                              2.96926
xb.pon_dp                          2.08553e-08
xb.nbx_dp                              3.53871
xb.nb_dp                           5.94136e-09
xb.nonb_dp                                 3.6
xb.pg_dp                                   3.6
xb.xp_dp                           2.63464e-07
xb.ng_dp                           5.22423e-09
xb.xn_dp                                   3.6
xb.ksp_dp                          1.91152e-07
xb.kspb_dp                                 3.6
xb.kpx_dp                          6.17357e-07
xb.ksn_dp                              3.59999
xb.ksnb_dp                         5.87705e-08
xb.knx_dp                                  3.6
xb.xcp_dp.a                                1.8
xb.xcp_dp.b1                               1.8
xb.outi_dp                                 1.8
xb.xcn_dp.a                                1.8
xb.xcn_dp.b1                               1.8
xb_dp                                      1.8
xb.pa_dm                                   3.6
xb.pax_dm                             0.105469
xb.pon_dm                          2.08543e-08
xb.nbx_dm                                  3.6
xb.nb_dm                           2.91756e-08
xb.nonb_dm                                 3.6
xb.pg_dm                                   3.6
xb.xp_dm                           2.63464e-07
xb.ng_dm                           5.22423e-09
xb.xn_dm                                   3.6
xb.ksp_dm                          1.91152e-07
xb.kspb_dm                                 3.6
xb.kpx_dm                          6.17357e-07
xb.ksn_dm                              3.59999
xb.ksnb_dm                         5.87705e-08
xb.knx_dm                                  3.6
xb.xcp_dm.a                                1.8
xb.xcp_dm.b1                               1.8
xb.outi_dm                                 1.8
xb.xcn_dm.a                                1.8
xb.xcn_dm.b1                               1.8
xb_dm                                      1.8
xc.enb                                     3.6
xc.enx                                 2.96926
xc.en                              1.50152e-08
xc.xrb.xsky130_fd_pr__res_xhigh_po_1p41.ra         1.28969
xc.vbn                                 1.27377
xc.vbp                                  2.1406
xc.pa_dp                                   3.6
xc.pax_dp                             0.105469
xc.pon_dp                          2.08543e-08
xc.nbx_dp                                  3.6
xc.nb_dp                           2.91756e-08
xc.nonb_dp                                 3.6
xc.pg_dp                                   3.6
xc.xp_dp                           2.63464e-07
xc.ng_dp                           5.22423e-09
xc.xn_dp                                   3.6
xc.ksp_dp                          1.91152e-07
xc.kspb_dp                                 3.6
xc.kpx_dp                          6.17357e-07
xc.ksn_dp                              3.59999
xc.ksnb_dp                         5.87705e-08
xc.knx_dp                                  3.6
xc.xcp_dp.a                                1.8
xc.xcp_dp.b1                               1.8
xc.outi_dp                                 1.8
xc.xcn_dp.a                                1.8
xc.xcn_dp.b1                               1.8
xc_dp                                      1.8
xc.pa_dm                                   3.6
xc.pax_dm                              2.96926
xc.pon_dm                          2.08553e-08
xc.nbx_dm                              3.53867
xc.nb_dm                            5.9392e-09
xc.nonb_dm                                 3.6
xc.pg_dm                                   3.6
xc.xp_dm                           2.63464e-07
xc.ng_dm                           5.22423e-09
xc.xn_dm                                   3.6
xc.ksp_dm                          1.91152e-07
xc.kspb_dm                                 3.6
xc.kpx_dm                          6.17357e-07
xc.ksn_dm                              3.59999
xc.ksnb_dm                         5.87705e-08
xc.knx_dm                                  3.6
xc.xcp_dm.a                                1.8
xc.xcp_dm.b1                               1.8
xc.outi_dm                                 1.8
xc.xcn_dm.a                                1.8
xc.xcn_dm.b1                               1.8
xc_dm                                      1.8
abp                                9.38074e-09
abm                                9.38074e-09
acp                                9.38074e-09
acm                                9.38074e-09
wbp                                9.38074e-09
wbm                                          0
wcp                                          0
wcm                                9.38074e-09
bwcm#branch                                  0
vscm#branch                       -9.38074e-09
bwcp#branch                                  0
vscp#branch                       -9.38074e-09
bwbm#branch                                  0
vsbm#branch                       -9.38074e-09
bwbp#branch                                  0
vsbp#branch                       -9.38074e-09
bacm#branch                                  0
bacp#branch                                  0
babm#branch                                  0
babp#branch                                  0
bhi#branch                                   0
boe#branch                                   0
bsfm#branch                                  0
bsrm#branch                                  0
bsfp#branch                                  0
bsrp#branch                                  0
bddm#branch                                  0
bddp#branch                                  0
bunm#branch                                  0
bunp#branch                                  0
bovm#branch                                  0
bovp#branch                                  0
bdmn#branch                                  0
bdpn#branch                                  0
btxdm#branch                                 0
btxdp#branch                                 0
behalf#branch                                0
ehalf#branch                       -3.7523e-08
voet#branch                                  0
vctl#branch                                  0
vsup#branch                       -0.000499049


No. of Data Rows : 15020

  Measurements for Transient Analysis

trise_dp_ns         =  8.69060e-09 targ=  1.12651e-07 trig=  1.03961e-07
tfall_dp_ns         =  8.43473e-09 targ=  2.13817e-07 trig=  2.05382e-07
trise_dm_ns         =  8.69060e-09 targ=  2.13151e-07 trig=  2.04461e-07
tfall_dm_ns         =  8.43503e-09 targ=  1.13317e-07 trig=  1.04882e-07
trf_dp_ratio        =  1.03034e+00
trf_dm_ratio        =  1.03030e+00
trf_x1_ratio        =  1.03030e+00
trf_x2_ratio        =  1.03034e+00
vcross_rise_v       =  1.94703e+00
vcross_fall_v       =  1.94692e+00
tx_rise_ns          =   1.08363e-07
tx_fall_ns          =   2.08863e-07
tx_first_ns         =   1.08363e-07
tx_second_ns        =   2.08863e-07
tx_last_ns          =   2.08863e-07
slope_rise_dp_min_vns=  1.65317e-01 at=  1.12650e-07
slope_fall_dp_max_vns=  -1.68784e-01 at=  2.13810e-07
slope_fall_dm_max_vns=  -1.68831e-01 at=  1.13310e-07
slope_rise_dm_min_vns=  1.65317e-01 at=  2.13150e-07
over_dp_mv          =  1.52045e-02 at=  2.02270e-07
under_dp_mv         =  6.40540e-02 at=  1.01770e-07
over_dm_mv          =  1.52128e-02 at=  1.01770e-07
under_dm_mv         =  6.40532e-02 at=  2.02270e-07
tpd_rise_dp_ns      =  7.72377e-09 targ=  1.07974e-07 trig=  1.00250e-07
tpd_fall_dp_ns      =  8.48485e-09 targ=  2.09235e-07 trig=  2.00750e-07
tpd_fall_dm_ns      =  8.48544e-09 targ=  1.08735e-07 trig=  1.00250e-07
tpd_rise_dm_ns      =  7.72377e-09 targ=  2.08474e-07 trig=  2.00750e-07
oe_xb_dp_off_pre_na =  9.37923e-09 at=  5.01656e-08
oe_xb_dp_enable_at_ns=   1.02956e-07
oe_xb_dp_on_ma      =  4.91602e-02 from=  1.50000e-07 to=  1.99010e-07
oe_xb_dp_release_at_ns=   2.18090e-07
oe_xb_dp_off_post_na=  9.40566e-09 at=  2.93490e-07
oe_xb_dp_wrongpol_pk_ma=  2.72400e-03 at=  1.01170e-07
oe_xb_dm_off_pre_na =  9.37926e-09 at=  5.44656e-08
oe_xb_dm_enable_at_ns=   1.02932e-07
oe_xb_dm_on_ma      =  -4.84017e-02 from=  1.50000e-07 to=  1.99010e-07
oe_xb_dm_release_at_ns=   2.13186e-07
oe_xb_dm_off_post_na=  9.40118e-09 at=  2.95110e-07
oe_xb_dm_wrongpol_pk_ma=  9.25717e-04 at=  1.00790e-07
oe_xc_dp_off_pre_na =  9.37926e-09 at=  5.18856e-08
oe_xc_dp_enable_at_ns=   1.02932e-07
oe_xc_dp_on_ma      =  -4.84017e-02 from=  1.50000e-07 to=  1.99010e-07
oe_xc_dp_release_at_ns=   2.13186e-07
oe_xc_dp_off_post_na=  9.40119e-09 at=  2.88630e-07
oe_xc_dp_wrongpol_pk_ma=  9.25717e-04 at=  1.00790e-07
oe_xc_dm_off_pre_na =  9.37925e-09 at=  3.13256e-08
oe_xc_dm_enable_at_ns=   1.02956e-07
oe_xc_dm_on_ma      =  4.91602e-02 from=  1.50000e-07 to=  1.99010e-07
oe_xc_dm_release_at_ns=   2.18090e-07
oe_xc_dm_off_post_na=  9.40567e-09 at=  2.96250e-07
oe_xc_dm_wrongpol_pk_ma=  2.72400e-03 at=  1.01170e-07

ngspice-46 done
