
Note: No compatibility mode selected!


Circuit: * klt sim -- generated corner deck, do not edit

Doing analysis at TEMP = 100.000000 and TNOM = 27.000000

Using SPARSE 1.3 as Direct Linear Solver

Initial Transient Solution
--------------------------

Node                                   Voltage
----                                   -------
vdd                                          3
mid                                        1.5
ehalf_int1                                 1.5
ctl                                          0
txdp                                         0
txdm                                         3
xa.enb                             1.04218e-07
xa.enx                             5.21088e-08
xa.en                                        3
xa.xrb.xsky130_fd_pr__res_xhigh_po_1p41.ra         1.20726
xa.vbn                                 1.19517
xa.vbp                                 1.63289
xa.pa_dp                                     3
xa.pax_dp                          1.20576e-06
xa.pon_dp                           1.9301e-08
xa.nbx_dp                                    3
xa.nb_dp                               2.99999
xa.nonb_dp                         1.93021e-08
xa.pg_dp                                     3
xa.xp_dp                           2.54498e-07
xa.ng_dp                                     3
xa.xn_dp                                     3
xa.ksp_dp                          1.81583e-07
xa.kspb_dp                                   3
xa.kpx_dp                          5.89356e-07
xa.ksn_dp                            0.0318672
xa.ksnb_dp                             2.99999
xa.knx_dp                                    3
xa.xcp_dp.a                        2.05336e-08
xa.xcp_dp.b1                       2.05336e-08
xa.outi_dp                         2.05336e-08
xa.xcn_dp.a                        2.05336e-08
xa.xcn_dp.b1                       2.05336e-08
dp                                 2.05336e-08
xa.pa_dm                           1.04219e-07
xa.pax_dm                          5.21095e-08
xa.pon_dm                                    3
xa.nbx_dm                              0.62135
xa.nb_dm                           3.39576e-08
xa.nonb_dm                                   3
xa.pg_dm                           2.03637e-08
xa.xp_dm                           1.18945e-08
xa.ng_dm                           4.89454e-09
xa.xn_dm                                     3
xa.ksp_dm                               2.9634
xa.kspb_dm                         8.81013e-08
xa.kpx_dm                          2.03636e-08
xa.ksn_dm                              2.99999
xa.ksnb_dm                         5.05485e-08
xa.knx_dm                                    3
xa.xcp_dm.a                                  3
xa.xcp_dm.b1                                 3
xa.outi_dm                                   3
xa.xcn_dm.a                                  3
xa.xcn_dm.b1                                 3
dm                                           3
dpn                                6.84454e-09
dmn                                          1
ovp                                         -3
ovm                               -1.53327e-07
unp                               -2.05336e-08
unm                                         -3
ddp                                          0
ddm                                          0
srp                                          1
sfp                                         -1
srm                                          1
sfm                                         -1
oet                                          0
oe                                           0
hi                                           3
xb.enb                                       3
xb.enx                                 2.43791
xb.en                              1.36105e-08
xb.xrb.xsky130_fd_pr__res_xhigh_po_1p41.ra         1.20726
xb.vbn                                 1.19517
xb.vbp                                 1.63289
xb.pa_dp                                     3
xb.pax_dp                              2.43791
xb.pon_dp                          1.93008e-08
xb.nbx_dp                              2.94563
xb.nb_dp                           5.90799e-09
xb.nonb_dp                                   3
xb.pg_dp                                     3
xb.xp_dp                           2.54498e-07
xb.ng_dp                           4.89454e-09
xb.xn_dp                                     3
xb.ksp_dp                          1.81583e-07
xb.kspb_dp                                   3
xb.kpx_dp                          5.89356e-07
xb.ksn_dp                              2.99999
xb.ksnb_dp                         5.05485e-08
xb.knx_dp                                    3
xb.xcp_dp.a                                1.5
xb.xcp_dp.b1                               1.5
xb.outi_dp                                 1.5
xb.xcn_dp.a                                1.5
xb.xcn_dp.b1                               1.5
xb_dp                                      1.5
xb.pa_dm                                     3
xb.pax_dm                            0.0972434
xb.pon_dm                             1.93e-08
xb.nbx_dm                                    3
xb.nb_dm                           2.64033e-08
xb.nonb_dm                                   3
xb.pg_dm                                     3
xb.xp_dm                           2.54498e-07
xb.ng_dm                           4.89454e-09
xb.xn_dm                                     3
xb.ksp_dm                          1.81583e-07
xb.kspb_dm                                   3
xb.kpx_dm                          5.89356e-07
xb.ksn_dm                              2.99999
xb.ksnb_dm                         5.05485e-08
xb.knx_dm                                    3
xb.xcp_dm.a                                1.5
xb.xcp_dm.b1                               1.5
xb.outi_dm                                 1.5
xb.xcn_dm.a                                1.5
xb.xcn_dm.b1                               1.5
xb_dm                                      1.5
xc.enb                                       3
xc.enx                                 2.43791
xc.en                              1.36105e-08
xc.xrb.xsky130_fd_pr__res_xhigh_po_1p41.ra         1.20726
xc.vbn                                 1.19517
xc.vbp                                 1.63289
xc.pa_dp                                     3
xc.pax_dp                            0.0972434
xc.pon_dp                             1.93e-08
xc.nbx_dp                                    3
xc.nb_dp                           2.64033e-08
xc.nonb_dp                                   3
xc.pg_dp                                     3
xc.xp_dp                           2.54498e-07
xc.ng_dp                           4.89454e-09
xc.xn_dp                                     3
xc.ksp_dp                          1.81583e-07
xc.kspb_dp                                   3
xc.kpx_dp                          5.89356e-07
xc.ksn_dp                              2.99999
xc.ksnb_dp                         5.05485e-08
xc.knx_dp                                    3
xc.xcp_dp.a                                1.5
xc.xcp_dp.b1                               1.5
xc.outi_dp                                 1.5
xc.xcn_dp.a                                1.5
xc.xcn_dp.b1                               1.5
xc_dp                                      1.5
xc.pa_dm                                     3
xc.pax_dm                              2.43791
xc.pon_dm                          1.93008e-08
xc.nbx_dm                              2.94563
xc.nb_dm                           5.90835e-09
xc.nonb_dm                                   3
xc.pg_dm                                     3
xc.xp_dm                           2.54498e-07
xc.ng_dm                           4.89454e-09
xc.xn_dm                                     3
xc.ksp_dm                          1.81583e-07
xc.kspb_dm                                   3
xc.kpx_dm                          5.89356e-07
xc.ksn_dm                              2.99999
xc.ksnb_dm                         5.05485e-08
xc.knx_dm                                    3
xc.xcp_dm.a                                1.5
xc.xcp_dm.b1                               1.5
xc.outi_dm                                 1.5
xc.xcn_dm.a                                1.5
xc.xcn_dm.b1                               1.5
xc_dm                                      1.5
abp                                8.12205e-09
abm                                8.12205e-09
acp                                8.12205e-09
acm                                8.12205e-09
wbp                                8.12205e-09
wbm                                          0
wcp                                          0
wcm                                8.12205e-09
bwcm#branch                                  0
vscm#branch                       -8.12205e-09
bwcp#branch                                  0
vscp#branch                       -8.12205e-09
bwbm#branch                                  0
vsbm#branch                       -8.12205e-09
bwbp#branch                                  0
vsbp#branch                       -8.12205e-09
bacm#branch                                  0
bacp#branch                                  0
babm#branch                                  0
babp#branch                                  0
bhi#branch                                   0
boe#branch                                   0
bsfm#branch                                  0
bsrm#branch                                  0
bsfp#branch                                  0
bsrp#branch                                  0
bddm#branch                                  0
bddp#branch                                  0
bunm#branch                                  0
bunp#branch                                  0
bovm#branch                                  0
bovp#branch                                  0
bdmn#branch                                  0
bdpn#branch                                  0
btxdm#branch                                 0
btxdp#branch                                 0
behalf#branch                                0
ehalf#branch                      -3.24882e-08
voet#branch                                  0
vctl#branch                                  0
vsup#branch                        -0.00038337


No. of Data Rows : 15020

  Measurements for Transient Analysis

trise_dp_ns         =  9.45511e-09 targ=  1.14124e-07 trig=  1.04669e-07
tfall_dp_ns         =  9.54793e-09 targ=  2.15548e-07 trig=  2.06000e-07
trise_dm_ns         =  9.45511e-09 targ=  2.14624e-07 trig=  2.05169e-07
tfall_dm_ns         =  9.54860e-09 targ=  1.15049e-07 trig=  1.05501e-07
trf_dp_ratio        =  9.90279e-01
trf_dm_ratio        =  9.90209e-01
trf_x1_ratio        =  9.90209e-01
trf_x2_ratio        =  9.90278e-01
vcross_rise_v       =  1.62065e+00
vcross_fall_v       =  1.62046e+00
tx_rise_ns          =   1.09475e-07
tx_fall_ns          =   2.09975e-07
tx_first_ns         =   1.09475e-07
tx_second_ns        =   2.09975e-07
tx_last_ns          =   2.09975e-07
slope_rise_dp_min_vns=  1.30139e-01 at=  1.14110e-07
slope_fall_dp_max_vns=  -1.30296e-01 at=  2.15530e-07
slope_fall_dm_max_vns=  -1.30369e-01 at=  1.15030e-07
slope_rise_dm_min_vns=  1.30139e-01 at=  2.14610e-07
over_dp_mv          =  1.57874e-02 at=  2.02710e-07
under_dp_mv         =  7.04282e-02 at=  1.02150e-07
over_dm_mv          =  1.57999e-02 at=  1.02210e-07
under_dm_mv         =  7.04281e-02 at=  2.02650e-07
tpd_rise_dp_ns      =  8.80501e-09 targ=  1.09055e-07 trig=  1.00250e-07
tpd_fall_dp_ns      =  9.64696e-09 targ=  2.10397e-07 trig=  2.00750e-07
tpd_fall_dm_ns      =  9.64833e-09 targ=  1.09898e-07 trig=  1.00250e-07
tpd_rise_dm_ns      =  8.80500e-09 targ=  2.09555e-07 trig=  2.00750e-07
oe_xb_dp_off_pre_na =  8.12171e-09 at=  4.97856e-08
oe_xb_dp_enable_at_ns=   1.03973e-07
oe_xb_dp_on_ma      =  3.91668e-02 from=  1.50000e-07 to=  1.99010e-07
oe_xb_dp_release_at_ns=   2.20176e-07
oe_xb_dp_off_post_na=  8.16121e-09 at=  2.50010e-07
oe_xb_dp_wrongpol_pk_ma=  2.04770e-03 at=  1.01310e-07
oe_xb_dm_off_pre_na =  8.12170e-09 at=  7.34256e-08
oe_xb_dm_enable_at_ns=   1.04112e-07
oe_xb_dm_on_ma      =  -3.85587e-02 from=  1.50000e-07 to=  1.99010e-07
oe_xb_dm_release_at_ns=   2.14409e-07
oe_xb_dm_off_post_na=  8.13144e-09 at=  2.50030e-07
oe_xb_dm_wrongpol_pk_ma=  6.70448e-04 at=  1.00890e-07
oe_xc_dp_off_pre_na =  8.12169e-09 at=  6.27056e-08
oe_xc_dp_enable_at_ns=   1.04112e-07
oe_xc_dp_on_ma      =  -3.85587e-02 from=  1.50000e-07 to=  1.99010e-07
oe_xc_dp_release_at_ns=   2.14409e-07
oe_xc_dp_off_post_na=  8.13145e-09 at=  2.50070e-07
oe_xc_dp_wrongpol_pk_ma=  6.70448e-04 at=  1.00890e-07
oe_xc_dm_off_pre_na =  8.12171e-09 at=  6.18056e-08
oe_xc_dm_enable_at_ns=   1.03973e-07
oe_xc_dm_on_ma      =  3.91668e-02 from=  1.50000e-07 to=  1.99010e-07
oe_xc_dm_release_at_ns=   2.20176e-07
oe_xc_dm_off_post_na=  8.16120e-09 at=  2.50010e-07
oe_xc_dm_wrongpol_pk_ma=  2.04770e-03 at=  1.01310e-07

ngspice-46 done
