
Note: No compatibility mode selected!


Circuit: * klt sim -- generated corner deck, do not edit

Doing analysis at TEMP = 27.000000 and TNOM = 27.000000

Using SPARSE 1.3 as Direct Linear Solver

Initial Transient Solution
--------------------------

Node                                   Voltage
----                                   -------
vdd                                        3.6
mid                                        1.8
ehalf_int1                                 1.8
ctl                                          0
txdp                                         0
txdm                                       3.6
xa.enb                             1.26763e-08
xa.enx                             6.33813e-09
xa.en                                      3.6
xa.xrb.xsky130_fd_pr__res_xhigh_po_1p41.ra          1.2571
xa.vbn                                 1.24244
xa.vbp                                 2.11065
xa.pa_dp                                   3.6
xa.pax_dp                           3.2156e-08
xa.pon_dp                          1.60328e-09
xa.nbx_dp                                  3.6
xa.nb_dp                                   3.6
xa.nonb_dp                         1.60328e-09
xa.pg_dp                                   3.6
xa.xp_dp                           3.84728e-09
xa.ng_dp                                   3.6
xa.xn_dp                                   3.6
xa.ksp_dp                          1.47992e-08
xa.kspb_dp                                 3.6
xa.kpx_dp                          1.22067e-08
xa.ksn_dp                            0.0268608
xa.ksnb_dp                                 3.6
xa.knx_dp                                  3.6
xa.xcp_dp.a                        9.23548e-10
xa.xcp_dp.b1                       9.23548e-10
xa.outi_dp                         9.23548e-10
xa.xcn_dp.a                        9.23548e-10
xa.xcn_dp.b1                       9.23548e-10
dp                                 9.23548e-10
xa.pa_dm                           1.26763e-08
xa.pax_dm                          6.33813e-09
xa.pon_dm                                  3.6
xa.nbx_dm                             0.857994
xa.nb_dm                           1.48931e-08
xa.nonb_dm                                 3.6
xa.pg_dm                           9.91807e-10
xa.xp_dm                           6.03549e-10
xa.ng_dm                           5.76388e-10
xa.xn_dm                                   3.6
xa.ksp_dm                                3.569
xa.kspb_dm                         6.32479e-09
xa.kpx_dm                          9.91807e-10
xa.ksn_dm                                  3.6
xa.ksnb_dm                         6.09895e-09
xa.knx_dm                                  3.6
xa.xcp_dm.a                                3.6
xa.xcp_dm.b1                               3.6
xa.outi_dm                                 3.6
xa.xcn_dm.a                                3.6
xa.xcn_dm.b1                               3.6
dm                                         3.6
dpn                                2.56541e-10
dmn                                          1
ovp                                       -3.6
ovm                               -2.26106e-09
unp                               -9.23548e-10
unm                                       -3.6
ddp                                          0
ddm                                          0
srp                                          1
sfp                                         -1
srm                                          1
sfm                                         -1
oet                                          0
oe                                           0
hi                                         3.6
xb.enb                                     3.6
xb.enx                                 2.97012
xb.en                              3.08542e-09
xb.xrb.xsky130_fd_pr__res_xhigh_po_1p41.ra          1.2571
xb.vbn                                 1.24244
xb.vbp                                 2.11065
xb.pa_dp                                   3.6
xb.pax_dp                              2.97012
xb.pon_dp                          1.60328e-09
xb.nbx_dp                              3.59193
xb.nb_dp                            2.9633e-09
xb.nonb_dp                                 3.6
xb.pg_dp                                   3.6
xb.xp_dp                           3.84728e-09
xb.ng_dp                           5.76388e-10
xb.xn_dp                                   3.6
xb.ksp_dp                          1.47992e-08
xb.kspb_dp                                 3.6
xb.kpx_dp                          1.22067e-08
xb.ksn_dp                                  3.6
xb.ksnb_dp                         6.09895e-09
xb.knx_dp                                  3.6
xb.xcp_dp.a                                1.8
xb.xcp_dp.b1                               1.8
xb.outi_dp                                 1.8
xb.xcn_dp.a                                1.8
xb.xcn_dp.b1                               1.8
xb_dp                                      1.8
xb.pa_dm                                   3.6
xb.pax_dm                            0.0925184
xb.pon_dm                          1.60328e-09
xb.nbx_dm                                  3.6
xb.nb_dm                           5.93797e-09
xb.nonb_dm                                 3.6
xb.pg_dm                                   3.6
xb.xp_dm                           3.84728e-09
xb.ng_dm                           5.76388e-10
xb.xn_dm                                   3.6
xb.ksp_dm                          1.47992e-08
xb.kspb_dm                                 3.6
xb.kpx_dm                          1.22067e-08
xb.ksn_dm                                  3.6
xb.ksnb_dm                         6.09895e-09
xb.knx_dm                                  3.6
xb.xcp_dm.a                                1.8
xb.xcp_dm.b1                               1.8
xb.outi_dm                                 1.8
xb.xcn_dm.a                                1.8
xb.xcn_dm.b1                               1.8
xb_dm                                      1.8
xc.enb                                     3.6
xc.enx                                 2.97012
xc.en                              3.08542e-09
xc.xrb.xsky130_fd_pr__res_xhigh_po_1p41.ra          1.2571
xc.vbn                                 1.24244
xc.vbp                                 2.11065
xc.pa_dp                                   3.6
xc.pax_dp                            0.0925184
xc.pon_dp                          1.60328e-09
xc.nbx_dp                                  3.6
xc.nb_dp                           5.93797e-09
xc.nonb_dp                                 3.6
xc.pg_dp                                   3.6
xc.xp_dp                           3.84728e-09
xc.ng_dp                           5.76388e-10
xc.xn_dp                                   3.6
xc.ksp_dp                          1.47992e-08
xc.kspb_dp                                 3.6
xc.kpx_dp                          1.22067e-08
xc.ksn_dp                                  3.6
xc.ksnb_dp                         6.09895e-09
xc.knx_dp                                  3.6
xc.xcp_dp.a                                1.8
xc.xcp_dp.b1                               1.8
xc.outi_dp                                 1.8
xc.xcn_dp.a                                1.8
xc.xcn_dp.b1                               1.8
xc_dp                                      1.8
xc.pa_dm                                   3.6
xc.pax_dm                              2.97012
xc.pon_dm                          1.60328e-09
xc.nbx_dm                              3.59268
xc.nb_dm                           2.96374e-09
xc.nonb_dm                                 3.6
xc.pg_dm                                   3.6
xc.xp_dm                           3.84728e-09
xc.ng_dm                           5.76388e-10
xc.xn_dm                                   3.6
xc.ksp_dm                          1.47992e-08
xc.kspb_dm                                 3.6
xc.kpx_dm                          1.22067e-08
xc.ksn_dm                                  3.6
xc.ksnb_dm                         6.09895e-09
xc.knx_dm                                  3.6
xc.xcp_dm.a                                1.8
xc.xcp_dm.b1                               1.8
xc.outi_dm                                 1.8
xc.xcn_dm.a                                1.8
xc.xcn_dm.b1                               1.8
xc_dm                                      1.8
abp                                1.01626e-10
abm                                1.01626e-10
acp                                1.01626e-10
acm                                1.01626e-10
wbp                                1.01626e-10
wbm                                          0
wcp                                          0
wcm                                1.01626e-10
bwcm#branch                                  0
vscm#branch                       -1.01626e-10
bwcp#branch                                  0
vscp#branch                       -1.01626e-10
bwbm#branch                                  0
vsbm#branch                       -1.01626e-10
bwbp#branch                                  0
vsbp#branch                       -1.01626e-10
bacm#branch                                  0
bacp#branch                                  0
babm#branch                                  0
babp#branch                                  0
bhi#branch                                   0
boe#branch                                   0
bsfm#branch                                  0
bsrm#branch                                  0
bsfp#branch                                  0
bsrp#branch                                  0
bddm#branch                                  0
bddp#branch                                  0
bunm#branch                                  0
bunp#branch                                  0
bovm#branch                                  0
bovp#branch                                  0
bdmn#branch                                  0
bdpn#branch                                  0
btxdm#branch                                 0
btxdp#branch                                 0
behalf#branch                                0
ehalf#branch                      -4.06505e-10
voet#branch                                  0
vctl#branch                                  0
vsup#branch                       -0.000458544


No. of Data Rows : 15020

  Measurements for Transient Analysis

trise_dp_ns         =  8.83832e-09 targ=  1.12802e-07 trig=  1.03964e-07
tfall_dp_ns         =  8.50059e-09 targ=  2.13554e-07 trig=  2.05053e-07
trise_dm_ns         =  8.83832e-09 targ=  2.13302e-07 trig=  2.04464e-07
tfall_dm_ns         =  8.50085e-09 targ=  1.13055e-07 trig=  1.04554e-07
trf_dp_ratio        =  1.03973e+00
trf_dm_ratio        =  1.03970e+00
trf_x1_ratio        =  1.03970e+00
trf_x2_ratio        =  1.03973e+00
vcross_rise_v       =  1.86969e+00
vcross_fall_v       =  1.86960e+00
tx_rise_ns          =   1.08299e-07
tx_fall_ns          =   2.08799e-07
tx_first_ns         =   1.08299e-07
tx_second_ns        =   2.08799e-07
tx_last_ns          =   2.08799e-07
slope_rise_dp_min_vns=  1.77011e-01 at=  1.12790e-07
slope_fall_dp_max_vns=  -1.81819e-01 at=  2.13550e-07
slope_fall_dm_max_vns=  -1.81860e-01 at=  1.13050e-07
slope_rise_dm_min_vns=  1.77011e-01 at=  2.13290e-07
over_dp_mv          =  1.57650e-02 at=  2.02270e-07
under_dp_mv         =  7.51891e-02 at=  1.01790e-07
over_dm_mv          =  1.57712e-02 at=  1.01770e-07
under_dm_mv         =  7.51889e-02 at=  2.02290e-07
tpd_rise_dp_ns      =  7.85556e-09 targ=  1.08106e-07 trig=  1.00250e-07
tpd_fall_dp_ns      =  8.23512e-09 targ=  2.08985e-07 trig=  2.00750e-07
tpd_fall_dm_ns      =  8.23559e-09 targ=  1.08486e-07 trig=  1.00250e-07
tpd_rise_dm_ns      =  7.85556e-09 targ=  2.08606e-07 trig=  2.00750e-07
oe_xb_dp_off_pre_na =  1.03367e-10 at=  3.46456e-08
oe_xb_dp_enable_at_ns=   1.02884e-07
oe_xb_dp_on_ma      =  5.39583e-02 from=  1.50000e-07 to=  1.99010e-07
oe_xb_dp_release_at_ns=   2.15895e-07
oe_xb_dp_off_post_na=  1.45296e-10 at=  2.98810e-07
oe_xb_dp_wrongpol_pk_ma=  2.86482e-03 at=  1.01090e-07
oe_xb_dm_off_pre_na =  1.03370e-10 at=  8.78456e-08
oe_xb_dm_enable_at_ns=   1.02757e-07
oe_xb_dm_on_ma      =  -5.40030e-02 from=  1.50000e-07 to=  1.99010e-07
oe_xb_dm_release_at_ns=   2.11601e-07
oe_xb_dm_off_post_na=  2.16299e-10 at=  2.50010e-07
oe_xb_dm_wrongpol_pk_ma=  9.71313e-04 at=  1.00710e-07
oe_xc_dp_off_pre_na =  1.03366e-10 at=  7.77856e-08
oe_xc_dp_enable_at_ns=   1.02757e-07
oe_xc_dp_on_ma      =  -5.40030e-02 from=  1.50000e-07 to=  1.99010e-07
oe_xc_dp_release_at_ns=   2.11601e-07
oe_xc_dp_off_post_na=  2.16299e-10 at=  2.50010e-07
oe_xc_dp_wrongpol_pk_ma=  9.71313e-04 at=  1.00710e-07
oe_xc_dm_off_pre_na =  1.03364e-10 at=  6.86456e-08
oe_xc_dm_enable_at_ns=   1.02884e-07
oe_xc_dm_on_ma      =  5.39583e-02 from=  1.50000e-07 to=  1.99010e-07
oe_xc_dm_release_at_ns=   2.15895e-07
oe_xc_dm_off_post_na=  1.45299e-10 at=  2.99730e-07
oe_xc_dm_wrongpol_pk_ma=  2.86482e-03 at=  1.01090e-07

ngspice-46 done
