
Note: No compatibility mode selected!


Circuit: * klt sim -- generated corner deck, do not edit

Doing analysis at TEMP = 27.000000 and TNOM = 27.000000

Using SPARSE 1.3 as Direct Linear Solver

Initial Transient Solution
--------------------------

Node                                   Voltage
----                                   -------
vdd                                          3
mid                                        1.5
ehalf_int1                                 1.5
ctl                                          0
txdp                                         0
txdm                                         3
xa.enb                              1.1894e-08
xa.enx                               5.947e-09
xa.en                                        3
xa.xrb.xsky130_fd_pr__res_xhigh_po_1p41.ra         1.19008
xa.vbn                                   1.179
xa.vbp                                 1.58901
xa.pa_dp                                     3
xa.pax_dp                          3.02407e-08
xa.pon_dp                          1.49813e-09
xa.nbx_dp                                    3
xa.nb_dp                                     3
xa.nonb_dp                         1.49814e-09
xa.pg_dp                                     3
xa.xp_dp                           3.70185e-09
xa.ng_dp                                     3
xa.xn_dp                                     3
xa.ksp_dp                          1.41952e-08
xa.kspb_dp                                   3
xa.kpx_dp                          1.14491e-08
xa.ksn_dp                            0.0228056
xa.ksnb_dp                                   3
xa.knx_dp                                    3
xa.xcp_dp.a                        8.77948e-10
xa.xcp_dp.b1                       8.77948e-10
xa.outi_dp                         8.77948e-10
xa.xcn_dp.a                        8.77948e-10
xa.xcn_dp.b1                       8.77948e-10
dp                                 8.77948e-10
xa.pa_dm                            1.1894e-08
xa.pax_dm                            5.947e-09
xa.pon_dm                                    3
xa.nbx_dm                             0.777255
xa.nb_dm                           1.38834e-08
xa.nonb_dm                                   3
xa.pg_dm                           9.43267e-10
xa.xp_dm                           5.78042e-10
xa.ng_dm                           5.49815e-10
xa.xn_dm                                     3
xa.ksp_dm                              2.97212
xa.kspb_dm                         5.92608e-09
xa.kpx_dm                          9.43267e-10
xa.ksn_dm                                    3
xa.ksnb_dm                         5.75025e-09
xa.knx_dm                                    3
xa.xcp_dm.a                                  3
xa.xcp_dm.b1                                 3
xa.outi_dm                                   3
xa.xcn_dm.a                                  3
xa.xcn_dm.b1                                 3
dm                                           3
dpn                                2.92649e-10
dmn                                          1
ovp                                         -3
ovm                               -2.19203e-09
unp                               -8.77948e-10
unm                                         -3
ddp                                          0
ddm                                          0
srp                                          1
sfp                                         -1
srm                                          1
sfm                                         -1
oet                                          0
oe                                           0
hi                                           3
xb.enb                                       3
xb.enx                                 2.43669
xb.en                              2.90748e-09
xb.xrb.xsky130_fd_pr__res_xhigh_po_1p41.ra         1.19008
xb.vbn                                   1.179
xb.vbp                                 1.58901
xb.pa_dp                                     3
xb.pax_dp                               2.4367
xb.pon_dp                          1.49813e-09
xb.nbx_dp                              2.99461
xb.nb_dp                           2.80791e-09
xb.nonb_dp                                   3
xb.pg_dp                                     3
xb.xp_dp                           3.70185e-09
xb.ng_dp                           5.49815e-10
xb.xn_dp                                     3
xb.ksp_dp                          1.41952e-08
xb.kspb_dp                                   3
xb.kpx_dp                          1.14491e-08
xb.ksn_dp                                    3
xb.ksnb_dp                         5.75025e-09
xb.knx_dp                                    3
xb.xcp_dp.a                                1.5
xb.xcp_dp.b1                               1.5
xb.outi_dp                                 1.5
xb.xcn_dp.a                                1.5
xb.xcn_dp.b1                               1.5
xb_dp                                      1.5
xb.pa_dm                                     3
xb.pax_dm                            0.0856453
xb.pon_dm                          1.49813e-09
xb.nbx_dm                                    3
xb.nb_dm                           5.62259e-09
xb.nonb_dm                                   3
xb.pg_dm                                     3
xb.xp_dm                           3.70185e-09
xb.ng_dm                           5.49815e-10
xb.xn_dm                                     3
xb.ksp_dm                          1.41952e-08
xb.kspb_dm                                   3
xb.kpx_dm                          1.14491e-08
xb.ksn_dm                                    3
xb.ksnb_dm                         5.75025e-09
xb.knx_dm                                    3
xb.xcp_dm.a                                1.5
xb.xcp_dm.b1                               1.5
xb.outi_dm                                 1.5
xb.xcn_dm.a                                1.5
xb.xcn_dm.b1                               1.5
xb_dm                                      1.5
xc.enb                                       3
xc.enx                                  2.4367
xc.en                              2.90748e-09
xc.xrb.xsky130_fd_pr__res_xhigh_po_1p41.ra         1.19008
xc.vbn                                   1.179
xc.vbp                                 1.58901
xc.pa_dp                                     3
xc.pax_dp                            0.0856452
xc.pon_dp                          1.49813e-09
xc.nbx_dp                                    3
xc.nb_dp                           5.62259e-09
xc.nonb_dp                                   3
xc.pg_dp                                     3
xc.xp_dp                           3.70185e-09
xc.ng_dp                           5.49815e-10
xc.xn_dp                                     3
xc.ksp_dp                          1.41952e-08
xc.kspb_dp                                   3
xc.kpx_dp                          1.14491e-08
xc.ksn_dp                                    3
xc.ksnb_dp                         5.75025e-09
xc.knx_dp                                    3
xc.xcp_dp.a                                1.5
xc.xcp_dp.b1                               1.5
xc.outi_dp                                 1.5
xc.xcn_dp.a                                1.5
xc.xcn_dp.b1                               1.5
xc_dp                                      1.5
xc.pa_dm                                     3
xc.pax_dm                               2.4367
xc.pon_dm                          1.49813e-09
xc.nbx_dm                              2.99566
xc.nb_dm                            2.8085e-09
xc.nonb_dm                                   3
xc.pg_dm                                     3
xc.xp_dm                           3.70185e-09
xc.ng_dm                           5.49815e-10
xc.xn_dm                                     3
xc.ksp_dm                          1.41952e-08
xc.kspb_dm                                   3
xc.kpx_dm                          1.14491e-08
xc.ksn_dm                                    3
xc.ksnb_dm                         5.75025e-09
xc.knx_dm                                    3
xc.xcp_dm.a                                1.5
xc.xcp_dm.b1                               1.5
xc.outi_dm                                 1.5
xc.xcn_dm.a                                1.5
xc.xcn_dm.b1                               1.5
xc_dm                                      1.5
abp                                8.77001e-11
abm                                8.77001e-11
acp                                8.77001e-11
acm                                8.77001e-11
wbp                                8.77001e-11
wbm                                          0
wcp                                          0
wcm                                8.77001e-11
bwcm#branch                                  0
vscm#branch                       -8.77001e-11
bwcp#branch                                  0
vscp#branch                       -8.77001e-11
bwbm#branch                                  0
vsbm#branch                       -8.77001e-11
bwbp#branch                                  0
vsbp#branch                       -8.77001e-11
bacm#branch                                  0
bacp#branch                                  0
babm#branch                                  0
babp#branch                                  0
bhi#branch                                   0
boe#branch                                   0
bsfm#branch                                  0
bsrm#branch                                  0
bsfp#branch                                  0
bsrp#branch                                  0
bddm#branch                                  0
bddp#branch                                  0
bunm#branch                                  0
bunp#branch                                  0
bovm#branch                                  0
bovp#branch                                  0
bdmn#branch                                  0
bdpn#branch                                  0
btxdm#branch                                 0
btxdp#branch                                 0
behalf#branch                                0
ehalf#branch                      -3.50801e-10
voet#branch                                  0
vctl#branch                                  0
vsup#branch                       -0.000350453


No. of Data Rows : 15024

  Measurements for Transient Analysis

trise_dp_ns         =  9.69026e-09 targ=  1.14415e-07 trig=  1.04725e-07
tfall_dp_ns         =  9.74413e-09 targ=  2.15419e-07 trig=  2.05675e-07
trise_dm_ns         =  9.69025e-09 targ=  2.14915e-07 trig=  2.05225e-07
tfall_dm_ns         =  9.74471e-09 targ=  1.14921e-07 trig=  1.05176e-07
trf_dp_ratio        =  9.94472e-01
trf_dm_ratio        =  9.94412e-01
trf_x1_ratio        =  9.94412e-01
trf_x2_ratio        =  9.94471e-01
vcross_rise_v       =  1.56230e+00
vcross_fall_v       =  1.56214e+00
tx_rise_ns          =   1.09519e-07
tx_fall_ns          =   2.10018e-07
tx_first_ns         =   1.09519e-07
tx_second_ns        =   2.10018e-07
tx_last_ns          =   2.10018e-07
slope_rise_dp_min_vns=  1.37718e-01 at=  1.14410e-07
slope_fall_dp_max_vns=  -1.39641e-01 at=  2.15410e-07
slope_fall_dm_max_vns=  -1.39711e-01 at=  1.14910e-07
slope_rise_dm_min_vns=  1.37717e-01 at=  2.14910e-07
over_dp_mv          =  1.67818e-02 at=  2.02770e-07
under_dp_mv         =  8.01852e-02 at=  1.02230e-07
over_dm_mv          =  1.67927e-02 at=  1.02270e-07
under_dm_mv         =  8.01854e-02 at=  2.02730e-07
tpd_rise_dp_ns      =  9.03924e-09 targ=  1.09289e-07 trig=  1.00250e-07
tpd_fall_dp_ns      =  9.49789e-09 targ=  2.10248e-07 trig=  2.00750e-07
tpd_fall_dm_ns      =  9.49911e-09 targ=  1.09749e-07 trig=  1.00250e-07
tpd_rise_dm_ns      =  9.03923e-09 targ=  2.09789e-07 trig=  2.00750e-07
oe_xb_dp_off_pre_na =  8.79364e-11 at=  8.32856e-08
oe_xb_dp_enable_at_ns=   1.03926e-07
oe_xb_dp_on_ma      =  4.30722e-02 from=  1.50000e-07 to=  1.99010e-07
oe_xb_dp_release_at_ns=   2.17820e-07
oe_xb_dp_off_post_na=  8.79428e-11 at=  2.51845e-07
oe_xb_dp_wrongpol_pk_ma=  2.14174e-03 at=  1.01210e-07
oe_xb_dm_off_pre_na =  8.79281e-11 at=  8.83056e-08
oe_xb_dm_enable_at_ns=   1.03916e-07
oe_xb_dm_on_ma      =  -4.33522e-02 from=  1.50000e-07 to=  1.99010e-07
oe_xb_dm_release_at_ns=   2.12707e-07
oe_xb_dm_off_post_na=  8.79347e-11 at=  2.68965e-07
oe_xb_dm_wrongpol_pk_ma=  6.99400e-04 at=  1.00810e-07
oe_xc_dp_off_pre_na =  8.79252e-11 at=  2.54456e-08
oe_xc_dp_enable_at_ns=   1.03916e-07
oe_xc_dp_on_ma      =  -4.33522e-02 from=  1.50000e-07 to=  1.99010e-07
oe_xc_dp_release_at_ns=   2.12707e-07
oe_xc_dp_off_post_na=  8.79325e-11 at=  2.53145e-07
oe_xc_dp_wrongpol_pk_ma=  6.99400e-04 at=  1.00810e-07
oe_xc_dm_off_pre_na =  8.79368e-11 at=  7.76456e-08
oe_xc_dm_enable_at_ns=   1.03926e-07
oe_xc_dm_on_ma      =  4.30722e-02 from=  1.50000e-07 to=  1.99010e-07
oe_xc_dm_release_at_ns=   2.17820e-07
oe_xc_dm_off_post_na=  8.79476e-11 at=  2.51945e-07
oe_xc_dm_wrongpol_pk_ma=  2.14174e-03 at=  1.01210e-07

ngspice-46 done
