
Note: No compatibility mode selected!


Circuit: * klt sim -- generated corner deck, do not edit

Doing analysis at TEMP = -40.000000 and TNOM = 27.000000

Using SPARSE 1.3 as Direct Linear Solver

Initial Transient Solution
--------------------------

Node                                   Voltage
----                                   -------
vdd                                        3.3
mid                                       1.65
ehalf_int1                                1.65
ctl                                          0
txdp                                         0
txdm                                       3.3
xa.enb                             1.22931e-08
xa.enx                             6.14654e-09
xa.en                                      3.3
xa.xrb.xsky130_fd_pr__res_xhigh_po_1p41.ra          1.3199
xa.vbn                                 1.30889
xa.vbp                                 1.85817
xa.pa_dp                                   3.3
xa.pax_dp                          3.48511e-13
xa.pon_dp                          1.47933e-09
xa.nbx_dp                                  3.3
xa.nb_dp                                   3.3
xa.nonb_dp                         1.47933e-09
xa.pg_dp                                   3.3
xa.xp_dp                           1.40518e-12
xa.ng_dp                                   3.3
xa.xn_dp                                   3.3
xa.ksp_dp                          1.33874e-08
xa.kspb_dp                                 3.3
xa.kpx_dp                          4.35431e-13
xa.ksn_dp                            0.0210707
xa.ksnb_dp                                 3.3
xa.knx_dp                                  3.3
xa.xcp_dp.a                        1.06257e-09
xa.xcp_dp.b1                       1.06257e-09
xa.outi_dp                         1.06257e-09
xa.xcn_dp.a                        1.06257e-09
xa.xcn_dp.b1                       1.06257e-09
dp                                 1.06257e-09
xa.pa_dm                           1.22931e-08
xa.pax_dm                          6.14654e-09
xa.pon_dm                                  3.3
xa.nbx_dm                              0.94976
xa.nb_dm                           1.56219e-08
xa.nonb_dm                                 3.3
xa.pg_dm                           9.30914e-10
xa.xp_dm                           5.35356e-10
xa.ng_dm                           6.90639e-10
xa.xn_dm                                   3.3
xa.ksp_dm                              3.28016
xa.kspb_dm                         6.47657e-09
xa.kpx_dm                          9.30914e-10
xa.ksn_dm                                  3.3
xa.ksnb_dm                         6.44464e-09
xa.knx_dm                                  3.3
xa.xcp_dm.a                                3.3
xa.xcp_dm.b1                               3.3
xa.outi_dm                                 3.3
xa.xcn_dm.a                                3.3
xa.xcn_dm.b1                               3.3
dm                                         3.3
dpn                                 3.2199e-10
dmn                                          1
ovp                                       -3.3
ovm                               -2.43037e-10
unp                               -1.06257e-09
unm                                       -3.3
ddp                                          0
ddm                                          0
srp                                          1
sfp                                         -1
srm                                          1
sfm                                         -1
oet                                          0
oe                                           0
hi                                         3.3
xb.enb                                     3.3
xb.enx                                 2.30855
xb.en                              3.07309e-09
xb.xrb.xsky130_fd_pr__res_xhigh_po_1p41.ra          1.3199
xb.vbn                                 1.30889
xb.vbp                                 1.85817
xb.pa_dp                                   3.3
xb.pax_dp                              2.30855
xb.pon_dp                          1.47933e-09
xb.nbx_dp                                3.301
xb.nb_dp                           3.22213e-09
xb.nonb_dp                                 3.3
xb.pg_dp                                   3.3
xb.xp_dp                           1.40518e-12
xb.ng_dp                           6.90639e-10
xb.xn_dp                                   3.3
xb.ksp_dp                          1.33874e-08
xb.kspb_dp                                 3.3
xb.kpx_dp                          4.35317e-13
xb.ksn_dp                                  3.3
xb.ksnb_dp                         6.44464e-09
xb.knx_dp                                  3.3
xb.xcp_dp.a                               1.65
xb.xcp_dp.b1                              1.65
xb.outi_dp                                1.65
xb.xcn_dp.a                               1.65
xb.xcn_dp.b1                              1.65
xb_dp                                     1.65
xb.pa_dm                                   3.3
xb.pax_dm                          0.000185742
xb.pon_dm                          1.47933e-09
xb.nbx_dm                                  3.3
xb.nb_dm                           6.44427e-09
xb.nonb_dm                                 3.3
xb.pg_dm                                   3.3
xb.xp_dm                           1.40518e-12
xb.ng_dm                           6.90639e-10
xb.xn_dm                                   3.3
xb.ksp_dm                          1.33874e-08
xb.kspb_dm                                 3.3
xb.kpx_dm                          4.35317e-13
xb.ksn_dm                                  3.3
xb.ksnb_dm                         6.44464e-09
xb.knx_dm                                  3.3
xb.xcp_dm.a                               1.65
xb.xcp_dm.b1                              1.65
xb.outi_dm                                1.65
xb.xcn_dm.a                               1.65
xb.xcn_dm.b1                              1.65
xb_dm                                     1.65
xc.enb                                     3.3
xc.enx                                 2.30856
xc.en                              3.07309e-09
xc.xrb.xsky130_fd_pr__res_xhigh_po_1p41.ra          1.3199
xc.vbn                                 1.30889
xc.vbp                                 1.85817
xc.pa_dp                                   3.3
xc.pax_dp                          0.000185742
xc.pon_dp                          1.47933e-09
xc.nbx_dp                                  3.3
xc.nb_dp                           6.44427e-09
xc.nonb_dp                                 3.3
xc.pg_dp                                   3.3
xc.xp_dp                           1.40518e-12
xc.ng_dp                           6.90639e-10
xc.xn_dp                                   3.3
xc.ksp_dp                          1.33874e-08
xc.kspb_dp                                 3.3
xc.kpx_dp                          4.35317e-13
xc.ksn_dp                                  3.3
xc.ksnb_dp                         6.44464e-09
xc.knx_dp                                  3.3
xc.xcp_dp.a                               1.65
xc.xcp_dp.b1                              1.65
xc.outi_dp                                1.65
xc.xcn_dp.a                               1.65
xc.xcn_dp.b1                              1.65
xc_dp                                     1.65
xc.pa_dm                                   3.3
xc.pax_dm                              2.30856
xc.pon_dm                          1.47933e-09
xc.nbx_dm                                3.301
xc.nb_dm                           3.22213e-09
xc.nonb_dm                                 3.3
xc.pg_dm                                   3.3
xc.xp_dm                           1.40518e-12
xc.ng_dm                           6.90639e-10
xc.xn_dm                                   3.3
xc.ksp_dm                          1.33874e-08
xc.kspb_dm                                 3.3
xc.kpx_dm                          4.35317e-13
xc.ksn_dm                                  3.3
xc.ksnb_dm                         6.44464e-09
xc.knx_dm                                  3.3
xc.xcp_dm.a                               1.65
xc.xcp_dm.b1                              1.65
xc.outi_dm                                1.65
xc.xcn_dm.a                               1.65
xc.xcn_dm.b1                              1.65
xc_dm                                     1.65
abp                                4.36436e-11
abm                                4.36436e-11
acp                                4.36436e-11
acm                                4.36436e-11
wbp                                          0
wbm                                4.36436e-11
wcp                                4.36436e-11
wcm                                          0
bwcm#branch                                  0
vscm#branch                        4.36436e-11
bwcp#branch                                  0
vscp#branch                        4.36436e-11
bwbm#branch                                  0
vsbm#branch                        4.36436e-11
bwbp#branch                                  0
vsbp#branch                        4.36436e-11
bacm#branch                                  0
bacp#branch                                  0
babm#branch                                  0
babp#branch                                  0
bhi#branch                                   0
boe#branch                                   0
bsfm#branch                                  0
bsrm#branch                                  0
bsfp#branch                                  0
bsrp#branch                                  0
bddm#branch                                  0
bddp#branch                                  0
bunm#branch                                  0
bunp#branch                                  0
bovm#branch                                  0
bovp#branch                                  0
bdmn#branch                                  0
bdpn#branch                                  0
btxdm#branch                                 0
btxdp#branch                                 0
behalf#branch                                0
ehalf#branch                       1.74575e-10
voet#branch                                  0
vctl#branch                                  0
vsup#branch                       -0.000345667


No. of Data Rows : 15020

  Measurements for Transient Analysis

trise_dp_ns         =  1.00914e-08 targ=  1.14782e-07 trig=  1.04691e-07
tfall_dp_ns         =  1.04357e-08 targ=  2.16020e-07 trig=  2.05585e-07
trise_dm_ns         =  1.00914e-08 targ=  2.15282e-07 trig=  2.05191e-07
tfall_dm_ns         =  1.04360e-08 targ=  1.15521e-07 trig=  1.05085e-07
trf_dp_ratio        =  9.67004e-01
trf_dm_ratio        =  9.66978e-01
trf_x1_ratio        =  9.66979e-01
trf_x2_ratio        =  9.67004e-01
vcross_rise_v       =  1.72503e+00
vcross_fall_v       =  1.72493e+00
tx_rise_ns          =   1.09763e-07
tx_fall_ns          =   2.10263e-07
tx_first_ns         =   1.09763e-07
tx_second_ns        =   2.10263e-07
tx_last_ns          =   2.10263e-07
slope_rise_dp_min_vns=  1.62727e-01 at=  1.14770e-07
slope_fall_dp_max_vns=  -1.54365e-01 at=  2.16010e-07
slope_fall_dm_max_vns=  -1.54412e-01 at=  1.15510e-07
slope_rise_dm_min_vns=  1.62726e-01 at=  2.15270e-07
over_dp_mv          =  2.14706e-02 at=  2.02990e-07
under_dp_mv         =  9.13891e-02 at=  1.02230e-07
over_dm_mv          =  2.14790e-02 at=  1.02490e-07
under_dm_mv         =  9.13888e-02 at=  2.02730e-07
tpd_rise_dp_ns      =  9.24313e-09 targ=  1.09493e-07 trig=  1.00250e-07
tpd_fall_dp_ns      =  9.78755e-09 targ=  2.10538e-07 trig=  2.00750e-07
tpd_fall_dm_ns      =  9.78833e-09 targ=  1.10038e-07 trig=  1.00250e-07
tpd_rise_dm_ns      =  9.24311e-09 targ=  2.09993e-07 trig=  2.00750e-07
oe_xb_dp_off_pre_na =  4.57970e-11 at=  6.10256e-08
oe_xb_dp_enable_at_ns=   1.03674e-07
oe_xb_dp_on_ma      =  5.33808e-02 from=  1.50000e-07 to=  1.99010e-07
oe_xb_dp_release_at_ns=   2.14373e-07
oe_xb_dp_off_post_na=  1.31649e-10 at=  2.99970e-07
oe_xb_dp_wrongpol_pk_ma=  2.34795e-03 at=  1.00830e-07
oe_xb_dm_off_pre_na =  4.57964e-11 at=  6.81456e-08
oe_xb_dm_enable_at_ns=   1.03844e-07
oe_xb_dm_on_ma      =  -4.76565e-02 from=  1.50000e-07 to=  1.99010e-07
oe_xb_dm_release_at_ns=   2.10352e-07
oe_xb_dm_off_post_na=  1.95609e-10 at=  2.50010e-07
oe_xb_dm_wrongpol_pk_ma=  8.16364e-04 at=  1.00790e-07
oe_xc_dp_off_pre_na =  4.57929e-11 at=  5.95856e-08
oe_xc_dp_enable_at_ns=   1.03844e-07
oe_xc_dp_on_ma      =  -4.76565e-02 from=  1.50000e-07 to=  1.99010e-07
oe_xc_dp_release_at_ns=   2.10352e-07
oe_xc_dp_off_post_na=  1.95621e-10 at=  2.50010e-07
oe_xc_dp_wrongpol_pk_ma=  8.16364e-04 at=  1.00790e-07
oe_xc_dm_off_pre_na =  4.57999e-11 at=  4.57056e-08
oe_xc_dm_enable_at_ns=   1.03674e-07
oe_xc_dm_on_ma      =  5.33808e-02 from=  1.50000e-07 to=  1.99010e-07
oe_xc_dm_release_at_ns=   2.14373e-07
oe_xc_dm_off_post_na=  1.31649e-10 at=  2.99970e-07
oe_xc_dm_wrongpol_pk_ma=  2.34795e-03 at=  1.00830e-07

ngspice-46 done
