
Note: No compatibility mode selected!


Circuit: * klt sim -- generated corner deck, do not edit

Doing analysis at TEMP = -40.000000 and TNOM = 27.000000

Using SPARSE 1.3 as Direct Linear Solver

Initial Transient Solution
--------------------------

Node                                   Voltage
----                                   -------
vdd                                        3.6
mid                                        1.8
ehalf_int1                                 1.8
ctl                                          0
txdp                                         0
txdm                                       3.6
xa.enb                             1.26246e-08
xa.enx                             6.31231e-09
xa.en                                      3.6
xa.xrb.xsky130_fd_pr__res_xhigh_po_1p41.ra         1.34845
xa.vbn                                  1.3358
xa.vbp                                 2.12666
xa.pa_dp                                   3.6
xa.pax_dp                           3.5766e-13
xa.pon_dp                          1.53468e-09
xa.nbx_dp                                  3.6
xa.nb_dp                                   3.6
xa.nonb_dp                         1.53468e-09
xa.pg_dp                                   3.6
xa.xp_dp                           1.42069e-12
xa.ng_dp                                   3.6
xa.xn_dp                                   3.6
xa.ksp_dp                          1.36371e-08
xa.kspb_dp                                 3.6
xa.kpx_dp                          4.48423e-13
xa.ksn_dp                            0.0229282
xa.ksnb_dp                                 3.6
xa.knx_dp                                  3.6
xa.xcp_dp.a                        1.11818e-09
xa.xcp_dp.b1                       1.11818e-09
xa.outi_dp                         1.11818e-09
xa.xcn_dp.a                        1.11818e-09
xa.xcn_dp.b1                       1.11818e-09
dp                                 1.11818e-09
xa.pa_dm                           1.26246e-08
xa.pax_dm                          6.31231e-09
xa.pon_dm                                  3.6
xa.nbx_dm                             0.986869
xa.nb_dm                           1.61234e-08
xa.nonb_dm                                 3.6
xa.pg_dm                           9.57391e-10
xa.xp_dm                           5.44278e-10
xa.ng_dm                           7.26508e-10
xa.xn_dm                                   3.6
xa.ksp_dm                              3.57891
xa.kspb_dm                         6.60614e-09
xa.kpx_dm                          9.57391e-10
xa.ksn_dm                                  3.6
xa.ksnb_dm                         6.57767e-09
xa.knx_dm                                  3.6
xa.xcp_dm.a                                3.6
xa.xcp_dm.b1                               3.6
xa.outi_dm                                 3.6
xa.xcn_dm.a                                3.6
xa.xcn_dm.b1                               3.6
dm                                         3.6
dpn                                3.10606e-10
dmn                                          1
ovp                                       -3.6
ovm                               -2.43624e-10
unp                               -1.11818e-09
unm                                       -3.6
ddp                                          0
ddm                                          0
srp                                          1
sfp                                         -1
srm                                          1
sfm                                         -1
oet                                          0
oe                                           0
hi                                         3.6
xb.enb                                     3.6
xb.enx                                 2.56868
xb.en                               3.1562e-09
xb.xrb.xsky130_fd_pr__res_xhigh_po_1p41.ra         1.34845
xb.vbn                                  1.3358
xb.vbp                                 2.12666
xb.pa_dp                                   3.6
xb.pax_dp                              2.56868
xb.pon_dp                          1.53468e-09
xb.nbx_dp                              3.60135
xb.nb_dp                           3.28889e-09
xb.nonb_dp                                 3.6
xb.pg_dp                                   3.6
xb.xp_dp                           1.42069e-12
xb.ng_dp                           7.26509e-10
xb.xn_dp                                   3.6
xb.ksp_dp                          1.36371e-08
xb.kspb_dp                                 3.6
xb.kpx_dp                          4.48423e-13
xb.ksn_dp                                  3.6
xb.ksnb_dp                         6.57767e-09
xb.knx_dp                                  3.6
xb.xcp_dp.a                                1.8
xb.xcp_dp.b1                               1.8
xb.outi_dp                                 1.8
xb.xcn_dp.a                                1.8
xb.xcn_dp.b1                               1.8
xb_dp                                      1.8
xb.pa_dm                                   3.6
xb.pax_dm                          0.000202361
xb.pon_dm                          1.53468e-09
xb.nbx_dm                                  3.6
xb.nb_dm                           6.57777e-09
xb.nonb_dm                                 3.6
xb.pg_dm                                   3.6
xb.xp_dm                           1.42069e-12
xb.ng_dm                           7.26508e-10
xb.xn_dm                                   3.6
xb.ksp_dm                          1.36371e-08
xb.kspb_dm                                 3.6
xb.kpx_dm                          4.48423e-13
xb.ksn_dm                                  3.6
xb.ksnb_dm                         6.57767e-09
xb.knx_dm                                  3.6
xb.xcp_dm.a                                1.8
xb.xcp_dm.b1                               1.8
xb.outi_dm                                 1.8
xb.xcn_dm.a                                1.8
xb.xcn_dm.b1                               1.8
xb_dm                                      1.8
xc.enb                                     3.6
xc.enx                                 2.56868
xc.en                               3.1562e-09
xc.xrb.xsky130_fd_pr__res_xhigh_po_1p41.ra         1.34845
xc.vbn                                  1.3358
xc.vbp                                 2.12666
xc.pa_dp                                   3.6
xc.pax_dp                          0.000202361
xc.pon_dp                          1.53468e-09
xc.nbx_dp                                  3.6
xc.nb_dp                           6.57777e-09
xc.nonb_dp                                 3.6
xc.pg_dp                                   3.6
xc.xp_dp                           1.42069e-12
xc.ng_dp                           7.26508e-10
xc.xn_dp                                   3.6
xc.ksp_dp                          1.36371e-08
xc.kspb_dp                                 3.6
xc.kpx_dp                          4.48423e-13
xc.ksn_dp                                  3.6
xc.ksnb_dp                         6.57767e-09
xc.knx_dp                                  3.6
xc.xcp_dp.a                                1.8
xc.xcp_dp.b1                               1.8
xc.outi_dp                                 1.8
xc.xcn_dp.a                                1.8
xc.xcn_dp.b1                               1.8
xc_dp                                      1.8
xc.pa_dm                                   3.6
xc.pax_dm                              2.56869
xc.pon_dm                          1.53468e-09
xc.nbx_dm                              3.60135
xc.nb_dm                           3.28889e-09
xc.nonb_dm                                 3.6
xc.pg_dm                                   3.6
xc.xp_dm                           1.42069e-12
xc.ng_dm                           7.26508e-10
xc.xn_dm                                   3.6
xc.ksp_dm                          1.36371e-08
xc.kspb_dm                                 3.6
xc.kpx_dm                          4.48423e-13
xc.ksn_dm                                  3.6
xc.ksnb_dm                         6.57767e-09
xc.knx_dm                                  3.6
xc.xcp_dm.a                                1.8
xc.xcp_dm.b1                               1.8
xc.outi_dm                                 1.8
xc.xcn_dm.a                                1.8
xc.xcn_dm.b1                               1.8
xc_dm                                      1.8
abp                                4.76145e-11
abm                                4.76145e-11
acp                                4.76145e-11
acm                                4.76145e-11
wbp                                          0
wbm                                4.76145e-11
wcp                                4.76145e-11
wcm                                          0
bwcm#branch                                  0
vscm#branch                        4.76145e-11
bwcp#branch                                  0
vscp#branch                        4.76145e-11
bwbm#branch                                  0
vsbm#branch                        4.76145e-11
bwbp#branch                                  0
vsbp#branch                        4.76145e-11
bacm#branch                                  0
bacp#branch                                  0
babm#branch                                  0
babp#branch                                  0
bhi#branch                                   0
boe#branch                                   0
bsfm#branch                                  0
bsrm#branch                                  0
bsfp#branch                                  0
bsrp#branch                                  0
bddm#branch                                  0
bddp#branch                                  0
bunm#branch                                  0
bunp#branch                                  0
bovm#branch                                  0
bovp#branch                                  0
bdmn#branch                                  0
bdpn#branch                                  0
btxdm#branch                                 0
btxdp#branch                                 0
behalf#branch                                0
ehalf#branch                       1.90458e-10
voet#branch                                  0
vctl#branch                                  0
vsup#branch                       -0.000395043


No. of Data Rows : 15026

  Measurements for Transient Analysis

trise_dp_ns         =  9.58684e-09 targ=  1.13855e-07 trig=  1.04268e-07
tfall_dp_ns         =  9.74640e-09 targ=  2.14937e-07 trig=  2.05191e-07
trise_dm_ns         =  9.58684e-09 targ=  2.14355e-07 trig=  2.04769e-07
tfall_dm_ns         =  9.74666e-09 targ=  1.14438e-07 trig=  1.04691e-07
trf_dp_ratio        =  9.83629e-01
trf_dm_ratio        =  9.83602e-01
trf_x1_ratio        =  9.83603e-01
trf_x2_ratio        =  9.83629e-01
vcross_rise_v       =  1.87582e+00
vcross_fall_v       =  1.87573e+00
tx_rise_ns          =   1.09054e-07
tx_fall_ns          =   2.09554e-07
tx_first_ns         =   1.09054e-07
tx_second_ns        =   2.09554e-07
tx_last_ns          =   2.09554e-07
slope_rise_dp_min_vns=  1.83370e-01 at=  1.13850e-07
slope_fall_dp_max_vns=  -1.75380e-01 at=  2.14930e-07
slope_fall_dm_max_vns=  -1.75423e-01 at=  1.14430e-07
slope_rise_dm_min_vns=  1.83372e-01 at=  2.14350e-07
over_dp_mv          =  2.01919e-02 at=  2.02670e-07
under_dp_mv         =  8.91003e-02 at=  1.01990e-07
over_dm_mv          =  2.01978e-02 at=  1.02170e-07
under_dm_mv         =  8.91014e-02 at=  2.02490e-07
tpd_rise_dp_ns      =  8.56712e-09 targ=  1.08817e-07 trig=  1.00250e-07
tpd_fall_dp_ns      =  9.04096e-09 targ=  2.09791e-07 trig=  2.00750e-07
tpd_fall_dm_ns      =  9.04153e-09 targ=  1.09292e-07 trig=  1.00250e-07
tpd_rise_dm_ns      =  8.56714e-09 targ=  2.09317e-07 trig=  2.00750e-07
oe_xb_dp_off_pre_na =  5.02340e-11 at=  6.19256e-08
oe_xb_dp_enable_at_ns=   1.03140e-07
oe_xb_dp_on_ma      =  5.91878e-02 from=  1.50000e-07 to=  1.99010e-07
oe_xb_dp_release_at_ns=   2.13660e-07
oe_xb_dp_off_post_na=  5.02487e-11 at=  2.57208e-07
oe_xb_dp_wrongpol_pk_ma=  2.70652e-03 at=  1.00790e-07
oe_xb_dm_off_pre_na =  5.02343e-11 at=  2.70656e-08
oe_xb_dm_enable_at_ns=   1.03223e-07
oe_xb_dm_on_ma      =  -5.27801e-02 from=  1.50000e-07 to=  1.99010e-07
oe_xb_dm_release_at_ns=   2.09948e-07
oe_xb_dm_off_post_na=  5.03036e-11 at=  2.53408e-07
oe_xb_dm_wrongpol_pk_ma=  9.53569e-04 at=  1.00750e-07
oe_xc_dp_off_pre_na =  5.02340e-11 at=  2.29656e-08
oe_xc_dp_enable_at_ns=   1.03223e-07
oe_xc_dp_on_ma      =  -5.27801e-02 from=  1.50000e-07 to=  1.99010e-07
oe_xc_dp_release_at_ns=   2.09948e-07
oe_xc_dp_off_post_na=  5.02984e-11 at=  2.53088e-07
oe_xc_dp_wrongpol_pk_ma=  9.53569e-04 at=  1.00750e-07
oe_xc_dm_off_pre_na =  5.02336e-11 at=  5.45856e-08
oe_xc_dm_enable_at_ns=   1.03140e-07
oe_xc_dm_on_ma      =  5.91878e-02 from=  1.50000e-07 to=  1.99010e-07
oe_xc_dm_release_at_ns=   2.13660e-07
oe_xc_dm_off_post_na=  5.02576e-11 at=  2.61648e-07
oe_xc_dm_wrongpol_pk_ma=  2.70652e-03 at=  1.00790e-07

ngspice-46 done
