
Note: No compatibility mode selected!


Circuit: * klt sim -- generated corner deck, do not edit

Doing analysis at TEMP = -40.000000 and TNOM = 27.000000

Using SPARSE 1.3 as Direct Linear Solver

Initial Transient Solution
--------------------------

Node                                   Voltage
----                                   -------
vdd                                          3
mid                                        1.5
ehalf_int1                                 1.5
ctl                                          0
txdp                                         0
txdm                                         3
xa.enb                             1.20487e-08
xa.enx                             6.02435e-09
xa.en                                        3
xa.xrb.xsky130_fd_pr__res_xhigh_po_1p41.ra         1.28991
xa.vbn                                 1.28054
xa.vbp                                  1.5913
xa.pa_dp                                     3
xa.pax_dp                          3.42402e-13
xa.pon_dp                          1.44302e-09
xa.nbx_dp                                    3
xa.nb_dp                                     3
xa.nonb_dp                         1.44302e-09
xa.pg_dp                                     3
xa.xp_dp                           1.39672e-12
xa.ng_dp                                     3
xa.xn_dp                                     3
xa.ksp_dp                          1.32456e-08
xa.kspb_dp                                   3
xa.kpx_dp                          4.26073e-13
xa.ksn_dp                            0.0192493
xa.ksnb_dp                                   3
xa.knx_dp                                    3
xa.xcp_dp.a                        1.01821e-09
xa.xcp_dp.b1                       1.01821e-09
xa.outi_dp                         1.01821e-09
xa.xcn_dp.a                        1.01821e-09
xa.xcn_dp.b1                       1.01821e-09
dp                                 1.01821e-09
xa.pa_dm                           1.20487e-08
xa.pax_dm                          6.02435e-09
xa.pon_dm                                    3
xa.nbx_dm                             0.910614
xa.nb_dm                           1.52178e-08
xa.nonb_dm                                   3
xa.pg_dm                           9.11941e-10
xa.xp_dm                           5.29822e-10
xa.ng_dm                           6.61811e-10
xa.xn_dm                                     3
xa.ksp_dm                              2.98139
xa.kspb_dm                         6.39596e-09
xa.kpx_dm                          9.11941e-10
xa.ksn_dm                                    3
xa.ksnb_dm                         6.35931e-09
xa.knx_dm                                    3
xa.xcp_dm.a                                  3
xa.xcp_dm.b1                                 3
xa.outi_dm                                   3
xa.xcn_dm.a                                  3
xa.xcn_dm.b1                                 3
dm                                           3
dpn                                3.39403e-10
dmn                                          1
ovp                                         -3
ovm                               -2.44829e-10
unp                               -1.01821e-09
unm                                         -3
ddp                                          0
ddm                                          0
srp                                          1
sfp                                         -1
srm                                          1
sfm                                         -1
oet                                          0
oe                                           0
hi                                           3
xb.enb                                       3
xb.enx                                 2.05086
xb.en                              3.01201e-09
xb.xrb.xsky130_fd_pr__res_xhigh_po_1p41.ra         1.28991
xb.vbn                                 1.28054
xb.vbp                                  1.5913
xb.pa_dp                                     3
xb.pax_dp                              2.05086
xb.pon_dp                          1.44302e-09
xb.nbx_dp                              3.00073
xb.nb_dp                           3.17948e-09
xb.nonb_dp                                   3
xb.pg_dp                                     3
xb.xp_dp                           1.39672e-12
xb.ng_dp                           6.61811e-10
xb.xn_dp                                     3
xb.ksp_dp                          1.32456e-08
xb.kspb_dp                                   3
xb.kpx_dp                          4.26073e-13
xb.ksn_dp                                    3
xb.ksnb_dp                         6.35931e-09
xb.knx_dp                                    3
xb.xcp_dp.a                                1.5
xb.xcp_dp.b1                               1.5
xb.outi_dp                                 1.5
xb.xcn_dp.a                                1.5
xb.xcn_dp.b1                               1.5
xb_dp                                      1.5
xb.pa_dm                                     3
xb.pax_dm                          0.000169357
xb.pon_dm                          1.44302e-09
xb.nbx_dm                                    3
xb.nb_dm                           6.35895e-09
xb.nonb_dm                                   3
xb.pg_dm                                     3
xb.xp_dm                           1.39672e-12
xb.ng_dm                           6.61811e-10
xb.xn_dm                                     3
xb.ksp_dm                          1.32456e-08
xb.kspb_dm                                   3
xb.kpx_dm                          4.26073e-13
xb.ksn_dm                                    3
xb.ksnb_dm                         6.35931e-09
xb.knx_dm                                    3
xb.xcp_dm.a                                1.5
xb.xcp_dm.b1                               1.5
xb.outi_dm                                 1.5
xb.xcn_dm.a                                1.5
xb.xcn_dm.b1                               1.5
xb_dm                                      1.5
xc.enb                                       3
xc.enx                                 2.05086
xc.en                              3.01201e-09
xc.xrb.xsky130_fd_pr__res_xhigh_po_1p41.ra         1.28991
xc.vbn                                 1.28054
xc.vbp                                  1.5913
xc.pa_dp                                     3
xc.pax_dp                          0.000169357
xc.pon_dp                          1.44302e-09
xc.nbx_dp                                    3
xc.nb_dp                           6.35895e-09
xc.nonb_dp                                   3
xc.pg_dp                                     3
xc.xp_dp                           1.39672e-12
xc.ng_dp                           6.61811e-10
xc.xn_dp                                     3
xc.ksp_dp                          1.32456e-08
xc.kspb_dp                                   3
xc.kpx_dp                          4.26073e-13
xc.ksn_dp                                    3
xc.ksnb_dp                         6.35931e-09
xc.knx_dp                                    3
xc.xcp_dp.a                                1.5
xc.xcp_dp.b1                               1.5
xc.outi_dp                                 1.5
xc.xcn_dp.a                                1.5
xc.xcn_dp.b1                               1.5
xc_dp                                      1.5
xc.pa_dm                                     3
xc.pax_dm                              2.05086
xc.pon_dm                          1.44302e-09
xc.nbx_dm                              3.00073
xc.nb_dm                           3.17948e-09
xc.nonb_dm                                   3
xc.pg_dm                                     3
xc.xp_dm                           1.39672e-12
xc.ng_dm                           6.61811e-10
xc.xn_dm                                     3
xc.ksp_dm                          1.32456e-08
xc.kspb_dm                                   3
xc.kpx_dm                          4.26073e-13
xc.ksn_dm                                    3
xc.ksnb_dm                         6.35931e-09
xc.knx_dm                                    3
xc.xcp_dm.a                                1.5
xc.xcp_dm.b1                               1.5
xc.outi_dm                                 1.5
xc.xcn_dm.a                                1.5
xc.xcn_dm.b1                               1.5
xc_dm                                      1.5
abp                                 3.9673e-11
abm                                 3.9673e-11
acp                                 3.9673e-11
acm                                 3.9673e-11
wbp                                          0
wbm                                 3.9673e-11
wcp                                 3.9673e-11
wcm                                          0
bwcm#branch                                  0
vscm#branch                         3.9673e-11
bwcp#branch                                  0
vscp#branch                         3.9673e-11
bwbm#branch                                  0
vsbm#branch                         3.9673e-11
bwbp#branch                                  0
vsbp#branch                         3.9673e-11
bacm#branch                                  0
bacp#branch                                  0
babm#branch                                  0
babp#branch                                  0
bhi#branch                                   0
boe#branch                                   0
bsfm#branch                                  0
bsrm#branch                                  0
bsfp#branch                                  0
bsrp#branch                                  0
bddm#branch                                  0
bddp#branch                                  0
bunm#branch                                  0
bunp#branch                                  0
bovm#branch                                  0
bovp#branch                                  0
bdmn#branch                                  0
bdpn#branch                                  0
btxdm#branch                                 0
btxdp#branch                                 0
behalf#branch                                0
ehalf#branch                       1.58692e-10
voet#branch                                  0
vctl#branch                                  0
vsup#branch                       -0.000296809


No. of Data Rows : 15020

  Measurements for Transient Analysis

trise_dp_ns         =  1.07444e-08 targ=  1.16000e-07 trig=  1.05255e-07
tfall_dp_ns         =  1.13160e-08 targ=  2.17464e-07 trig=  2.06148e-07
trise_dm_ns         =  1.07444e-08 targ=  2.16500e-07 trig=  2.05755e-07
tfall_dm_ns         =  1.13163e-08 targ=  1.16966e-07 trig=  1.05649e-07
trf_dp_ratio        =  9.49488e-01
trf_dm_ratio        =  9.49459e-01
trf_x1_ratio        =  9.49464e-01
trf_x2_ratio        =  9.49484e-01
vcross_rise_v       =  1.57633e+00
vcross_fall_v       =  1.57621e+00
tx_rise_ns          =   1.10709e-07
tx_fall_ns          =   2.11208e-07
tx_first_ns         =   1.10709e-07
tx_second_ns        =   2.11208e-07
tx_last_ns          =   2.11208e-07
slope_rise_dp_min_vns=  1.41564e-01 at=  1.15990e-07
slope_fall_dp_max_vns=  -1.33328e-01 at=  2.17450e-07
slope_fall_dm_max_vns=  -1.33380e-01 at=  1.16950e-07
slope_rise_dm_min_vns=  1.41560e-01 at=  2.16490e-07
over_dp_mv          =  2.35816e-02 at=  2.03430e-07
under_dp_mv         =  9.29556e-02 at=  1.02570e-07
over_dm_mv          =  2.35952e-02 at=  1.02930e-07
under_dm_mv         =  9.29556e-02 at=  2.03070e-07
tpd_rise_dp_ns      =  1.01361e-08 targ=  1.10386e-07 trig=  1.00250e-07
tpd_fall_dp_ns      =  1.07930e-08 targ=  2.11543e-07 trig=  2.00750e-07
tpd_fall_dm_ns      =  1.07941e-08 targ=  1.11044e-07 trig=  1.00250e-07
tpd_rise_dm_ns      =  1.01360e-08 targ=  2.10886e-07 trig=  2.00750e-07
oe_xb_dp_off_pre_na =  4.08002e-11 at=  5.53456e-08
oe_xb_dp_enable_at_ns=   1.04420e-07
oe_xb_dp_on_ma      =  4.74997e-02 from=  1.50000e-07 to=  1.99010e-07
oe_xb_dp_release_at_ns=   2.15316e-07
oe_xb_dp_off_post_na=  1.94435e-10 at=  2.50010e-07
oe_xb_dp_wrongpol_pk_ma=  1.98920e-03 at=  1.00890e-07
oe_xb_dm_off_pre_na =  4.07921e-11 at=  8.31456e-08
oe_xb_dm_enable_at_ns=   1.04713e-07
oe_xb_dm_on_ma      =  -4.24121e-02 from=  1.50000e-07 to=  1.99010e-07
oe_xb_dm_release_at_ns=   2.10871e-07
oe_xb_dm_off_post_na=  6.49994e-11 at=  2.50030e-07
oe_xb_dm_wrongpol_pk_ma=  6.81353e-04 at=  1.00850e-07
oe_xc_dp_off_pre_na =  4.07931e-11 at=  3.80056e-08
oe_xc_dp_enable_at_ns=   1.04713e-07
oe_xc_dp_on_ma      =  -4.24121e-02 from=  1.50000e-07 to=  1.99010e-07
oe_xc_dp_release_at_ns=   2.10871e-07
oe_xc_dp_off_post_na=  6.50243e-11 at=  2.50030e-07
oe_xc_dp_wrongpol_pk_ma=  6.81353e-04 at=  1.00850e-07
oe_xc_dm_off_pre_na =  4.07892e-11 at=  8.78856e-08
oe_xc_dm_enable_at_ns=   1.04420e-07
oe_xc_dm_on_ma      =  4.74997e-02 from=  1.50000e-07 to=  1.99010e-07
oe_xc_dm_release_at_ns=   2.15316e-07
oe_xc_dm_off_post_na=  1.94400e-10 at=  2.50010e-07
oe_xc_dm_wrongpol_pk_ma=  1.98920e-03 at=  1.00890e-07

ngspice-46 done
