
Note: No compatibility mode selected!


Circuit: * klt sim -- generated corner deck, do not edit

Doing analysis at TEMP = 100.000000 and TNOM = 27.000000

Using SPARSE 1.3 as Direct Linear Solver

Initial Transient Solution
--------------------------

Node                                   Voltage
----                                   -------
vdd                                        3.6
mid                                        1.8
ehalf_int1                                 1.8
ctl                                          0
txdp                                         0
txdm                                       3.6
xa.enb                             3.50484e-07
xa.enx                             1.75242e-07
xa.en                                      3.6
xa.xrb.xsky130_fd_pr__res_xhigh_po_1p41.ra         1.41516
xa.vbn                                 1.40017
xa.vbp                                 2.19106
xa.pa_dp                                   3.6
xa.pax_dp                          2.82094e-08
xa.pon_dp                           5.3774e-08
xa.nbx_dp                                  3.6
xa.nb_dp                                   3.6
xa.nonb_dp                          5.3774e-08
xa.pg_dp                                   3.6
xa.xp_dp                           6.03259e-08
xa.ng_dp                                   3.6
xa.xn_dp                                   3.6
xa.ksp_dp                          4.31559e-07
xa.kspb_dp                                 3.6
xa.kpx_dp                            3.381e-08
xa.ksn_dp                            0.0452527
xa.ksnb_dp                                 3.6
xa.knx_dp                                  3.6
xa.xcp_dp.a                        7.80653e-08
xa.xcp_dp.b1                       7.80653e-08
xa.outi_dp                         7.80653e-08
xa.xcn_dp.a                        7.80653e-08
xa.xcn_dp.b1                       7.80653e-08
dp                                 7.80653e-08
xa.pa_dm                           3.50484e-07
xa.pax_dm                          1.75242e-07
xa.pon_dm                                  3.6
xa.nbx_dm                             0.678281
xa.nb_dm                           8.02216e-08
xa.nonb_dm                                 3.6
xa.pg_dm                           5.97567e-08
xa.xp_dm                           3.08712e-08
xa.ng_dm                           1.66391e-08
xa.xn_dm                                   3.6
xa.ksp_dm                              3.56236
xa.kspb_dm                         3.37701e-07
xa.kpx_dm                          5.97567e-08
xa.ksn_dm                                  3.6
xa.ksnb_dm                         1.86491e-07
xa.knx_dm                                  3.6
xa.xcp_dm.a                                3.6
xa.xcp_dm.b1                               3.6
xa.outi_dm                                 3.6
xa.xcn_dm.a                                3.6
xa.xcn_dm.b1                               3.6
dm                                         3.6
dpn                                2.16848e-08
dmn                                          1
ovp                                       -3.6
ovm                               -4.93674e-08
unp                               -7.80653e-08
unm                                       -3.6
ddp                                          0
ddm                                          0
srp                                          1
sfp                                         -1
srm                                          1
sfm                                         -1
oet                                          0
oe                                           0
hi                                         3.6
xb.enb                                     3.6
xb.enx                                 2.83692
xb.en                              3.68293e-08
xb.xrb.xsky130_fd_pr__res_xhigh_po_1p41.ra         1.41516
xb.vbn                                 1.40017
xb.vbp                                 2.19106
xb.pa_dp                                   3.6
xb.pax_dp                              2.83692
xb.pon_dp                           5.3774e-08
xb.nbx_dp                              3.53375
xb.nb_dp                           1.16044e-08
xb.nonb_dp                                 3.6
xb.pg_dp                                   3.6
xb.xp_dp                           6.03259e-08
xb.ng_dp                           1.66391e-08
xb.xn_dp                                   3.6
xb.ksp_dp                          4.31559e-07
xb.kspb_dp                                 3.6
xb.kpx_dp                            3.381e-08
xb.ksn_dp                                  3.6
xb.ksnb_dp                         1.86491e-07
xb.knx_dp                                  3.6
xb.xcp_dp.a                                1.8
xb.xcp_dp.b1                               1.8
xb.outi_dp                                 1.8
xb.xcn_dp.a                                1.8
xb.xcn_dp.b1                               1.8
xb_dp                                      1.8
xb.pa_dm                                   3.6
xb.pax_dm                            0.0614461
xb.pon_dm                          5.37739e-08
xb.nbx_dm                                  3.6
xb.nb_dm                           7.83863e-08
xb.nonb_dm                                 3.6
xb.pg_dm                                   3.6
xb.xp_dm                           6.03259e-08
xb.ng_dm                           1.66391e-08
xb.xn_dm                                   3.6
xb.ksp_dm                          4.31559e-07
xb.kspb_dm                                 3.6
xb.kpx_dm                            3.381e-08
xb.ksn_dm                                  3.6
xb.ksnb_dm                         1.86491e-07
xb.knx_dm                                  3.6
xb.xcp_dm.a                                1.8
xb.xcp_dm.b1                               1.8
xb.outi_dm                                 1.8
xb.xcn_dm.a                                1.8
xb.xcn_dm.b1                               1.8
xb_dm                                      1.8
xc.enb                                     3.6
xc.enx                                 2.83691
xc.en                              3.68293e-08
xc.xrb.xsky130_fd_pr__res_xhigh_po_1p41.ra         1.41516
xc.vbn                                 1.40017
xc.vbp                                 2.19106
xc.pa_dp                                   3.6
xc.pax_dp                            0.0614461
xc.pon_dp                          5.37739e-08
xc.nbx_dp                                  3.6
xc.nb_dp                           7.83863e-08
xc.nonb_dp                                 3.6
xc.pg_dp                                   3.6
xc.xp_dp                           6.03259e-08
xc.ng_dp                           1.66391e-08
xc.xn_dp                                   3.6
xc.ksp_dp                          4.31559e-07
xc.kspb_dp                                 3.6
xc.kpx_dp                            3.381e-08
xc.ksn_dp                                  3.6
xc.ksnb_dp                         1.86491e-07
xc.knx_dp                                  3.6
xc.xcp_dp.a                                1.8
xc.xcp_dp.b1                               1.8
xc.outi_dp                                 1.8
xc.xcn_dp.a                                1.8
xc.xcn_dp.b1                               1.8
xc_dp                                      1.8
xc.pa_dm                                   3.6
xc.pax_dm                              2.83692
xc.pon_dm                           5.3774e-08
xc.nbx_dm                              3.53371
xc.nb_dm                           1.15983e-08
xc.nonb_dm                                 3.6
xc.pg_dm                                   3.6
xc.xp_dm                           6.03259e-08
xc.ng_dm                           1.66391e-08
xc.xn_dm                                   3.6
xc.ksp_dm                          4.31559e-07
xc.kspb_dm                                 3.6
xc.kpx_dm                            3.381e-08
xc.ksn_dm                                  3.6
xc.ksnb_dm                         1.86491e-07
xc.knx_dm                                  3.6
xc.xcp_dm.a                                1.8
xc.xcp_dm.b1                               1.8
xc.outi_dm                                 1.8
xc.xcn_dm.a                                1.8
xc.xcn_dm.b1                               1.8
xc_dm                                      1.8
abp                                6.73472e-10
abm                                6.73472e-10
acp                                6.73472e-10
acm                                6.73472e-10
wbp                                6.73472e-10
wbm                                          0
wcp                                          0
wcm                                6.73472e-10
bwcm#branch                                  0
vscm#branch                       -6.73472e-10
bwcp#branch                                  0
vscp#branch                       -6.73472e-10
bwbm#branch                                  0
vsbm#branch                       -6.73472e-10
bwbp#branch                                  0
vsbp#branch                       -6.73472e-10
bacm#branch                                  0
bacp#branch                                  0
babm#branch                                  0
babp#branch                                  0
bhi#branch                                   0
boe#branch                                   0
bsfm#branch                                  0
bsrm#branch                                  0
bsfp#branch                                  0
bsrp#branch                                  0
bddm#branch                                  0
bddp#branch                                  0
bunm#branch                                  0
bunp#branch                                  0
bovm#branch                                  0
bovp#branch                                  0
bdmn#branch                                  0
bdpn#branch                                  0
btxdm#branch                                 0
btxdp#branch                                 0
behalf#branch                                0
ehalf#branch                      -2.69389e-09
voet#branch                                  0
vctl#branch                                  0
vsup#branch                       -0.000470185


No. of Data Rows : 15020

  Measurements for Transient Analysis

trise_dp_ns         =  9.12756e-09 targ=  1.13435e-07 trig=  1.04308e-07
tfall_dp_ns         =  9.46828e-09 targ=  2.15308e-07 trig=  2.05839e-07
trise_dm_ns         =  9.12755e-09 targ=  2.13935e-07 trig=  2.04808e-07
tfall_dm_ns         =  9.46867e-09 targ=  1.14809e-07 trig=  1.05340e-07
trf_dp_ratio        =  9.64015e-01
trf_dm_ratio        =  9.63974e-01
trf_x1_ratio        =  9.63975e-01
trf_x2_ratio        =  9.64013e-01
vcross_rise_v       =  1.99330e+00
vcross_fall_v       =  1.99318e+00
tx_rise_ns          =   1.09100e-07
tx_fall_ns          =   2.09600e-07
tx_first_ns         =   1.09100e-07
tx_second_ns        =   2.09600e-07
tx_last_ns          =   2.09600e-07
slope_rise_dp_min_vns=  1.62568e-01 at=  1.13430e-07
slope_fall_dp_max_vns=  -1.50752e-01 at=  2.15290e-07
slope_fall_dm_max_vns=  -1.50799e-01 at=  1.14790e-07
slope_rise_dm_min_vns=  1.62567e-01 at=  2.13930e-07
over_dp_mv          =  1.99238e-02 at=  2.02710e-07
under_dp_mv         =  6.50501e-02 at=  1.01990e-07
over_dm_mv          =  1.99325e-02 at=  1.02210e-07
under_dm_mv         =  6.50490e-02 at=  2.02490e-07
tpd_rise_dp_ns      =  8.30641e-09 targ=  1.08556e-07 trig=  1.00250e-07
tpd_fall_dp_ns      =  9.40394e-09 targ=  2.10154e-07 trig=  2.00750e-07
tpd_fall_dm_ns      =  9.40471e-09 targ=  1.09655e-07 trig=  1.00250e-07
tpd_rise_dm_ns      =  8.30639e-09 targ=  2.09056e-07 trig=  2.00750e-07
oe_xb_dp_off_pre_na =  6.71374e-10 at=  7.85256e-08
oe_xb_dp_enable_at_ns=   1.03359e-07
oe_xb_dp_on_ma      =  4.92980e-02 from=  1.50000e-07 to=  1.99010e-07
oe_xb_dp_release_at_ns=   2.17972e-07
oe_xb_dp_off_post_na=  6.84721e-10 at=  2.99985e-07
oe_xb_dp_wrongpol_pk_ma=  2.41576e-03 at=  1.00970e-07
oe_xb_dm_off_pre_na =  6.71358e-10 at=  4.13456e-08
oe_xb_dm_enable_at_ns=   1.03688e-07
oe_xb_dm_on_ma      =  -4.14020e-02 from=  1.50000e-07 to=  1.99010e-07
oe_xb_dm_release_at_ns=   2.13028e-07
oe_xb_dm_off_post_na=  7.14703e-10 at=  2.50130e-07
oe_xb_dm_wrongpol_pk_ma=  8.59445e-04 at=  1.00930e-07
oe_xc_dp_off_pre_na =  6.71360e-10 at=  2.90456e-08
oe_xc_dp_enable_at_ns=   1.03688e-07
oe_xc_dp_on_ma      =  -4.14020e-02 from=  1.50000e-07 to=  1.99010e-07
oe_xc_dp_release_at_ns=   2.13028e-07
oe_xc_dp_off_post_na=  7.14758e-10 at=  2.50130e-07
oe_xc_dp_wrongpol_pk_ma=  8.59445e-04 at=  1.00930e-07
oe_xc_dm_off_pre_na =  6.71367e-10 at=  2.58056e-08
oe_xc_dm_enable_at_ns=   1.03359e-07
oe_xc_dm_on_ma      =  4.92980e-02 from=  1.50000e-07 to=  1.99010e-07
oe_xc_dm_release_at_ns=   2.17972e-07
oe_xc_dm_off_post_na=  6.84753e-10 at=  2.99985e-07
oe_xc_dm_wrongpol_pk_ma=  2.41576e-03 at=  1.00970e-07

ngspice-46 done
