
Note: No compatibility mode selected!


Circuit: * klt sim -- generated corner deck, do not edit

Doing analysis at TEMP = 100.000000 and TNOM = 27.000000

Using SPARSE 1.3 as Direct Linear Solver

Initial Transient Solution
--------------------------

Node                                   Voltage
----                                   -------
vdd                                        3.3
mid                                       1.65
ehalf_int1                                1.65
ctl                                          0
txdp                                         0
txdm                                       3.3
xa.enb                             3.21797e-07
xa.enx                             1.60898e-07
xa.en                                      3.3
xa.xrb.xsky130_fd_pr__res_xhigh_po_1p41.ra         1.37138
xa.vbn                                 1.35829
xa.vbp                                 1.93619
xa.pa_dp                                   3.3
xa.pax_dp                          2.80026e-08
xa.pon_dp                          5.16393e-08
xa.nbx_dp                                  3.3
xa.nb_dp                                   3.3
xa.nonb_dp                         5.16393e-08
xa.pg_dp                                   3.3
xa.xp_dp                           5.99089e-08
xa.ng_dp                                   3.3
xa.xn_dp                                   3.3
xa.ksp_dp                          4.19224e-07
xa.kspb_dp                                 3.3
xa.kpx_dp                          3.34303e-08
xa.ksn_dp                            0.0421434
xa.ksnb_dp                                 3.3
xa.knx_dp                                  3.3
xa.xcp_dp.a                        7.28655e-08
xa.xcp_dp.b1                       7.28655e-08
xa.outi_dp                         7.28655e-08
xa.xcn_dp.a                        7.28655e-08
xa.xcn_dp.b1                       7.28655e-08
dp                                 7.28655e-08
xa.pa_dm                           3.21797e-07
xa.pax_dm                          1.60899e-07
xa.pon_dm                                  3.3
xa.nbx_dm                             0.638849
xa.nb_dm                           7.78203e-08
xa.nonb_dm                                 3.3
xa.pg_dm                           5.67785e-08
xa.xp_dm                           2.95429e-08
xa.ng_dm                           1.55605e-08
xa.xn_dm                                   3.3
xa.ksp_dm                              3.26444
xa.kspb_dm                         3.00002e-07
xa.kpx_dm                          5.67785e-08
xa.ksn_dm                                  3.3
xa.ksnb_dm                         1.71337e-07
xa.knx_dm                                  3.3
xa.xcp_dm.a                                3.3
xa.xcp_dm.b1                               3.3
xa.outi_dm                                 3.3
xa.xcn_dm.a                                3.3
xa.xcn_dm.b1                               3.3
dm                                         3.3
dpn                                2.20805e-08
dmn                                          1
ovp                                       -3.3
ovm                               -4.90378e-08
unp                               -7.28655e-08
unm                                       -3.3
ddp                                          0
ddm                                          0
srp                                          1
sfp                                         -1
srm                                          1
sfm                                         -1
oet                                          0
oe                                           0
hi                                         3.3
xb.enb                                     3.3
xb.enx                                  2.5779
xb.en                              3.48376e-08
xb.xrb.xsky130_fd_pr__res_xhigh_po_1p41.ra         1.37138
xb.vbn                                 1.35829
xb.vbp                                 1.93619
xb.pa_dp                                   3.3
xb.pax_dp                              2.57789
xb.pon_dp                          5.16393e-08
xb.nbx_dp                              3.23754
xb.nb_dp                           1.17486e-08
xb.nonb_dp                                 3.3
xb.pg_dp                                   3.3
xb.xp_dp                           5.99089e-08
xb.ng_dp                           1.55605e-08
xb.xn_dp                                   3.3
xb.ksp_dp                          4.19224e-07
xb.kspb_dp                                 3.3
xb.kpx_dp                          3.34303e-08
xb.ksn_dp                                  3.3
xb.ksnb_dp                         1.71337e-07
xb.knx_dp                                  3.3
xb.xcp_dp.a                               1.65
xb.xcp_dp.b1                              1.65
xb.outi_dp                                1.65
xb.xcn_dp.a                               1.65
xb.xcn_dp.b1                              1.65
xb_dp                                     1.65
xb.pa_dm                                   3.3
xb.pax_dm                            0.0586937
xb.pon_dm                          5.16392e-08
xb.nbx_dm                                  3.3
xb.nb_dm                            7.4195e-08
xb.nonb_dm                                 3.3
xb.pg_dm                                   3.3
xb.xp_dm                           5.99089e-08
xb.ng_dm                           1.55605e-08
xb.xn_dm                                   3.3
xb.ksp_dm                          4.19224e-07
xb.kspb_dm                                 3.3
xb.kpx_dm                          3.34303e-08
xb.ksn_dm                                  3.3
xb.ksnb_dm                         1.71337e-07
xb.knx_dm                                  3.3
xb.xcp_dm.a                               1.65
xb.xcp_dm.b1                              1.65
xb.outi_dm                                1.65
xb.xcn_dm.a                               1.65
xb.xcn_dm.b1                              1.65
xb_dm                                     1.65
xc.enb                                     3.3
xc.enx                                 2.57789
xc.en                              3.48376e-08
xc.xrb.xsky130_fd_pr__res_xhigh_po_1p41.ra         1.37138
xc.vbn                                 1.35829
xc.vbp                                 1.93619
xc.pa_dp                                   3.3
xc.pax_dp                            0.0586937
xc.pon_dp                          5.16392e-08
xc.nbx_dp                                  3.3
xc.nb_dp                            7.4195e-08
xc.nonb_dp                                 3.3
xc.pg_dp                                   3.3
xc.xp_dp                           5.99089e-08
xc.ng_dp                           1.55605e-08
xc.xn_dp                                   3.3
xc.ksp_dp                          4.19224e-07
xc.kspb_dp                                 3.3
xc.kpx_dp                          3.34303e-08
xc.ksn_dp                                  3.3
xc.ksnb_dp                         1.71337e-07
xc.knx_dp                                  3.3
xc.xcp_dp.a                               1.65
xc.xcp_dp.b1                              1.65
xc.outi_dp                                1.65
xc.xcn_dp.a                               1.65
xc.xcn_dp.b1                              1.65
xc_dp                                     1.65
xc.pa_dm                                   3.3
xc.pax_dm                              2.57789
xc.pon_dm                          5.16393e-08
xc.nbx_dm                              3.23751
xc.nb_dm                           1.17446e-08
xc.nonb_dm                                 3.3
xc.pg_dm                                   3.3
xc.xp_dm                           5.99089e-08
xc.ng_dm                           1.55605e-08
xc.xn_dm                                   3.3
xc.ksp_dm                          4.19224e-07
xc.kspb_dm                                 3.3
xc.kpx_dm                          3.34303e-08
xc.ksn_dm                                  3.3
xc.ksnb_dm                         1.71337e-07
xc.knx_dm                                  3.3
xc.xcp_dm.a                               1.65
xc.xcp_dm.b1                              1.65
xc.outi_dm                                1.65
xc.xcn_dm.a                               1.65
xc.xcn_dm.b1                              1.65
xc_dm                                     1.65
abp                                6.57732e-10
abm                                6.57732e-10
acp                                6.57732e-10
acm                                6.57732e-10
wbp                                6.57732e-10
wbm                                          0
wcp                                          0
wcm                                6.57732e-10
bwcm#branch                                  0
vscm#branch                       -6.57732e-10
bwcp#branch                                  0
vscp#branch                       -6.57732e-10
bwbm#branch                                  0
vsbm#branch                       -6.57732e-10
bwbp#branch                                  0
vsbp#branch                       -6.57732e-10
bacm#branch                                  0
bacp#branch                                  0
babm#branch                                  0
babp#branch                                  0
bhi#branch                                   0
boe#branch                                   0
bsfm#branch                                  0
bsrm#branch                                  0
bsfp#branch                                  0
bsrp#branch                                  0
bddm#branch                                  0
bddp#branch                                  0
bunm#branch                                  0
bunp#branch                                  0
bovm#branch                                  0
bovp#branch                                  0
bdmn#branch                                  0
bdpn#branch                                  0
btxdm#branch                                 0
btxdp#branch                                 0
behalf#branch                                0
ehalf#branch                      -2.63093e-09
voet#branch                                  0
vctl#branch                                  0
vsup#branch                       -0.000413172


No. of Data Rows : 15020

  Measurements for Transient Analysis

trise_dp_ns         =  9.53924e-09 targ=  1.14222e-07 trig=  1.04682e-07
tfall_dp_ns         =  1.00699e-08 targ=  2.16251e-07 trig=  2.06181e-07
trise_dm_ns         =  9.53923e-09 targ=  2.14722e-07 trig=  2.05182e-07
tfall_dm_ns         =  1.00704e-08 targ=  1.15752e-07 trig=  1.05682e-07
trf_dp_ratio        =  9.47302e-01
trf_dm_ratio        =  9.47259e-01
trf_x1_ratio        =  9.47260e-01
trf_x2_ratio        =  9.47301e-01
vcross_rise_v       =  1.82919e+00
vcross_fall_v       =  1.82905e+00
tx_rise_ns          =   1.09712e-07
tx_fall_ns          =   2.10212e-07
tx_first_ns         =   1.09712e-07
tx_second_ns        =   2.10212e-07
tx_last_ns          =   2.10212e-07
slope_rise_dp_min_vns=  1.44802e-01 at=  1.14210e-07
slope_fall_dp_max_vns=  -1.32572e-01 at=  2.16250e-07
slope_fall_dm_max_vns=  -1.32622e-01 at=  1.15750e-07
slope_rise_dm_min_vns=  1.44801e-01 at=  2.14710e-07
over_dp_mv          =  2.02773e-02 at=  2.02970e-07
under_dp_mv         =  6.92929e-02 at=  1.02190e-07
over_dm_mv          =  2.02876e-02 at=  1.02470e-07
under_dm_mv         =  6.92920e-02 at=  2.02690e-07
tpd_rise_dp_ns      =  8.88499e-09 targ=  1.09135e-07 trig=  1.00250e-07
tpd_fall_dp_ns      =  1.00614e-08 targ=  2.10811e-07 trig=  2.00750e-07
tpd_fall_dm_ns      =  1.00624e-08 targ=  1.10312e-07 trig=  1.00250e-07
tpd_rise_dm_ns      =  8.88498e-09 targ=  2.09635e-07 trig=  2.00750e-07
oe_xb_dp_off_pre_na =  6.58492e-10 at=  3.74456e-08
oe_xb_dp_enable_at_ns=   1.03879e-07
oe_xb_dp_on_ma      =  4.43224e-02 from=  1.50000e-07 to=  1.99010e-07
oe_xb_dp_release_at_ns=   2.18871e-07
oe_xb_dp_off_post_na=  6.88245e-10 at=  2.50030e-07
oe_xb_dp_wrongpol_pk_ma=  2.09535e-03 at=  1.01050e-07
oe_xb_dm_off_pre_na =  6.58469e-10 at=  3.26856e-08
oe_xb_dm_enable_at_ns=   1.04346e-07
oe_xb_dm_on_ma      =  -3.71860e-02 from=  1.50000e-07 to=  1.99010e-07
oe_xb_dm_release_at_ns=   2.13555e-07
oe_xb_dm_off_post_na=  6.70538e-10 at=  2.50010e-07
oe_xb_dm_wrongpol_pk_ma=  7.38899e-04 at=  1.00970e-07
oe_xc_dp_off_pre_na =  6.58468e-10 at=  3.91056e-08
oe_xc_dp_enable_at_ns=   1.04346e-07
oe_xc_dp_on_ma      =  -3.71860e-02 from=  1.50000e-07 to=  1.99010e-07
oe_xc_dp_release_at_ns=   2.13555e-07
oe_xc_dp_off_post_na=  6.70516e-10 at=  2.50010e-07
oe_xc_dp_wrongpol_pk_ma=  7.38899e-04 at=  1.00970e-07
oe_xc_dm_off_pre_na =  6.58483e-10 at=  4.19056e-08
oe_xc_dm_enable_at_ns=   1.03879e-07
oe_xc_dm_on_ma      =  4.43224e-02 from=  1.50000e-07 to=  1.99010e-07
oe_xc_dm_release_at_ns=   2.18871e-07
oe_xc_dm_off_post_na=  6.88287e-10 at=  2.50030e-07
oe_xc_dm_wrongpol_pk_ma=  2.09535e-03 at=  1.01050e-07

ngspice-46 done
