
Note: No compatibility mode selected!


Circuit: * klt sim -- generated corner deck, do not edit

Doing analysis at TEMP = 100.000000 and TNOM = 27.000000

Using SPARSE 1.3 as Direct Linear Solver

Initial Transient Solution
--------------------------

Node                                   Voltage
----                                   -------
vdd                                          3
mid                                        1.5
ehalf_int1                                 1.5
ctl                                          0
txdp                                         0
txdm                                         3
xa.enb                              3.0419e-07
xa.enx                             1.52095e-07
xa.en                                        3
xa.xrb.xsky130_fd_pr__res_xhigh_po_1p41.ra         1.32552
xa.vbn                                 1.31429
xa.vbp                                 1.68314
xa.pa_dp                                     3
xa.pax_dp                          2.80457e-08
xa.pon_dp                           5.0163e-08
xa.nbx_dp                                    3
xa.nb_dp                                     3
xa.nonb_dp                          5.0163e-08
xa.pg_dp                                     3
xa.xp_dp                           5.97706e-08
xa.ng_dp                                     3
xa.xn_dp                                     3
xa.ksp_dp                          4.10311e-07
xa.kspb_dp                                   3
xa.kpx_dp                          3.33371e-08
xa.ksn_dp                            0.0390656
xa.ksnb_dp                                   3
xa.knx_dp                                    3
xa.xcp_dp.a                        6.87481e-08
xa.xcp_dp.b1                       6.87481e-08
xa.outi_dp                         6.87481e-08
xa.xcn_dp.a                        6.87481e-08
xa.xcn_dp.b1                       6.87481e-08
dp                                 6.87481e-08
xa.pa_dm                            3.0419e-07
xa.pax_dm                          1.52095e-07
xa.pon_dm                                    3
xa.nbx_dm                             0.597701
xa.nb_dm                            7.6303e-08
xa.nonb_dm                                   3
xa.pg_dm                            5.4452e-08
xa.xp_dm                            2.8483e-08
xa.ng_dm                           1.47342e-08
xa.xn_dm                                     3
xa.ksp_dm                              2.96658
xa.kspb_dm                         2.74503e-07
xa.kpx_dm                          5.44519e-08
xa.ksn_dm                                    3
xa.ksnb_dm                         1.62088e-07
xa.knx_dm                                    3
xa.xcp_dm.a                                  3
xa.xcp_dm.b1                                 3
xa.outi_dm                                   3
xa.xcn_dm.a                                  3
xa.xcn_dm.b1                                 3
dm                                           3
dpn                                 2.2916e-08
dmn                                          1
ovp                                         -3
ovm                               -4.91474e-08
unp                               -6.87481e-08
unm                                         -3
ddp                                          0
ddm                                          0
srp                                          1
sfp                                         -1
srm                                          1
sfm                                         -1
oet                                          0
oe                                           0
hi                                           3
xb.enb                                       3
xb.enx                                   2.321
xb.en                              3.35657e-08
xb.xrb.xsky130_fd_pr__res_xhigh_po_1p41.ra         1.32552
xb.vbn                                 1.31429
xb.vbp                                 1.68314
xb.pa_dp                                     3
xb.pax_dp                              2.32099
xb.pon_dp                           5.0163e-08
xb.nbx_dp                               2.9414
xb.nb_dp                           1.20765e-08
xb.nonb_dp                                   3
xb.pg_dp                                     3
xb.xp_dp                           5.97706e-08
xb.ng_dp                           1.47342e-08
xb.xn_dp                                     3
xb.ksp_dp                          4.10311e-07
xb.kspb_dp                                   3
xb.kpx_dp                          3.33371e-08
xb.ksn_dp                                    3
xb.ksnb_dp                         1.62088e-07
xb.knx_dp                                    3
xb.xcp_dp.a                                1.5
xb.xcp_dp.b1                               1.5
xb.outi_dp                                 1.5
xb.xcn_dp.a                                1.5
xb.xcn_dp.b1                               1.5
xb_dp                                      1.5
xb.pa_dm                                     3
xb.pax_dm                            0.0558263
xb.pon_dm                           5.0163e-08
xb.nbx_dm                                    3
xb.nb_dm                           7.15416e-08
xb.nonb_dm                                   3
xb.pg_dm                                     3
xb.xp_dm                           5.97706e-08
xb.ng_dm                           1.47342e-08
xb.xn_dm                                     3
xb.ksp_dm                          4.10311e-07
xb.kspb_dm                                   3
xb.kpx_dm                          3.33371e-08
xb.ksn_dm                                    3
xb.ksnb_dm                         1.62088e-07
xb.knx_dm                                    3
xb.xcp_dm.a                                1.5
xb.xcp_dm.b1                               1.5
xb.outi_dm                                 1.5
xb.xcn_dm.a                                1.5
xb.xcn_dm.b1                               1.5
xb_dm                                      1.5
xc.enb                                       3
xc.enx                                 2.32099
xc.en                              3.35657e-08
xc.xrb.xsky130_fd_pr__res_xhigh_po_1p41.ra         1.32552
xc.vbn                                 1.31429
xc.vbp                                 1.68314
xc.pa_dp                                     3
xc.pax_dp                            0.0558263
xc.pon_dp                           5.0163e-08
xc.nbx_dp                                    3
xc.nb_dp                           7.15416e-08
xc.nonb_dp                                   3
xc.pg_dp                                     3
xc.xp_dp                           5.97706e-08
xc.ng_dp                           1.47342e-08
xc.xn_dp                                     3
xc.ksp_dp                          4.10311e-07
xc.kspb_dp                                   3
xc.kpx_dp                          3.33371e-08
xc.ksn_dp                                    3
xc.ksnb_dp                         1.62088e-07
xc.knx_dp                                    3
xc.xcp_dp.a                                1.5
xc.xcp_dp.b1                               1.5
xc.outi_dp                                 1.5
xc.xcn_dp.a                                1.5
xc.xcn_dp.b1                               1.5
xc_dp                                      1.5
xc.pa_dm                                     3
xc.pax_dm                              2.32099
xc.pon_dm                           5.0163e-08
xc.nbx_dm                              2.94137
xc.nb_dm                           1.20713e-08
xc.nonb_dm                                   3
xc.pg_dm                                     3
xc.xp_dm                           5.97706e-08
xc.ng_dm                           1.47342e-08
xc.xn_dm                                     3
xc.ksp_dm                          4.10311e-07
xc.kspb_dm                                   3
xc.kpx_dm                          3.33371e-08
xc.ksn_dm                                    3
xc.ksnb_dm                         1.62088e-07
xc.knx_dm                                    3
xc.xcp_dm.a                                1.5
xc.xcp_dm.b1                               1.5
xc.outi_dm                                 1.5
xc.xcn_dm.a                                1.5
xc.xcn_dm.b1                               1.5
xc_dm                                      1.5
abp                                6.37731e-10
abm                                6.37731e-10
acp                                6.37731e-10
acm                                6.37731e-10
wbp                                6.37731e-10
wbm                                          0
wcp                                          0
wcm                                6.37731e-10
bwcm#branch                                  0
vscm#branch                       -6.37731e-10
bwcp#branch                                  0
vscp#branch                       -6.37731e-10
bwbm#branch                                  0
vsbm#branch                       -6.37731e-10
bwbp#branch                                  0
vsbp#branch                       -6.37731e-10
bacm#branch                                  0
bacp#branch                                  0
babm#branch                                  0
babp#branch                                  0
bhi#branch                                   0
boe#branch                                   0
bsfm#branch                                  0
bsrm#branch                                  0
bsfp#branch                                  0
bsrp#branch                                  0
bddm#branch                                  0
bddp#branch                                  0
bunm#branch                                  0
bunp#branch                                  0
bovm#branch                                  0
bovp#branch                                  0
bdmn#branch                                  0
bdpn#branch                                  0
btxdm#branch                                 0
btxdp#branch                                 0
behalf#branch                                0
ehalf#branch                      -2.55092e-09
voet#branch                                  0
vctl#branch                                  0
vsup#branch                       -0.000356879


No. of Data Rows : 15020

  Measurements for Transient Analysis

trise_dp_ns         =  1.00634e-08 targ=  1.15236e-07 trig=  1.05173e-07
tfall_dp_ns         =  1.08459e-08 targ=  2.17486e-07 trig=  2.06640e-07
trise_dm_ns         =  1.00634e-08 targ=  2.15736e-07 trig=  2.05673e-07
tfall_dm_ns         =  1.08465e-08 targ=  1.16988e-07 trig=  1.06141e-07
trf_dp_ratio        =  9.27857e-01
trf_dm_ratio        =  9.27808e-01
trf_x1_ratio        =  9.27808e-01
trf_x2_ratio        =  9.27857e-01
vcross_rise_v       =  1.66714e+00
vcross_fall_v       =  1.66696e+00
tx_rise_ns          =   1.10514e-07
tx_fall_ns          =   2.11013e-07
tx_first_ns         =   1.10514e-07
tx_second_ns        =   2.11013e-07
tx_last_ns          =   2.11013e-07
slope_rise_dp_min_vns=  1.26514e-01 at=  1.15230e-07
slope_fall_dp_max_vns=  -1.15852e-01 at=  2.17470e-07
slope_fall_dm_max_vns=  -1.15910e-01 at=  1.16970e-07
slope_rise_dm_min_vns=  1.26513e-01 at=  2.15730e-07
over_dp_mv          =  2.06865e-02 at=  2.03330e-07
under_dp_mv         =  7.27798e-02 at=  1.02470e-07
over_dm_mv          =  2.06995e-02 at=  1.02830e-07
under_dm_mv         =  7.27783e-02 at=  2.02970e-07
tpd_rise_dp_ns      =  9.63625e-09 targ=  1.09886e-07 trig=  1.00250e-07
tpd_fall_dp_ns      =  1.09297e-08 targ=  2.11680e-07 trig=  2.00750e-07
tpd_fall_dm_ns      =  1.09312e-08 targ=  1.11181e-07 trig=  1.00250e-07
tpd_rise_dm_ns      =  9.63623e-09 targ=  2.10386e-07 trig=  2.00750e-07
oe_xb_dp_off_pre_na =  6.37464e-10 at=  8.54456e-08
oe_xb_dp_enable_at_ns=   1.04597e-07
oe_xb_dp_on_ma      =  3.93239e-02 from=  1.50000e-07 to=  1.99010e-07
oe_xb_dp_release_at_ns=   2.20008e-07
oe_xb_dp_off_post_na=  6.64974e-10 at=  2.50070e-07
oe_xb_dp_wrongpol_pk_ma=  1.78042e-03 at=  1.01130e-07
oe_xb_dm_off_pre_na =  6.37460e-10 at=  5.61256e-08
oe_xb_dm_enable_at_ns=   1.05247e-07
oe_xb_dm_on_ma      =  -3.28794e-02 from=  1.50000e-07 to=  1.99010e-07
oe_xb_dm_release_at_ns=   2.14204e-07
oe_xb_dm_off_post_na=  6.38924e-10 at=  3.00000e-07
oe_xb_dm_wrongpol_pk_ma=  6.22911e-04 at=  1.01050e-07
oe_xc_dp_off_pre_na =  6.37470e-10 at=  5.81856e-08
oe_xc_dp_enable_at_ns=   1.05247e-07
oe_xc_dp_on_ma      =  -3.28794e-02 from=  1.50000e-07 to=  1.99010e-07
oe_xc_dp_release_at_ns=   2.14204e-07
oe_xc_dp_off_post_na=  6.38912e-10 at=  3.00000e-07
oe_xc_dp_wrongpol_pk_ma=  6.22911e-04 at=  1.01050e-07
oe_xc_dm_off_pre_na =  6.37463e-10 at=  7.31056e-08
oe_xc_dm_enable_at_ns=   1.04597e-07
oe_xc_dm_on_ma      =  3.93239e-02 from=  1.50000e-07 to=  1.99010e-07
oe_xc_dm_release_at_ns=   2.20008e-07
oe_xc_dm_off_post_na=  6.65055e-10 at=  2.50030e-07
oe_xc_dm_wrongpol_pk_ma=  1.78042e-03 at=  1.01130e-07

ngspice-46 done
