
Note: No compatibility mode selected!


Circuit: * klt sim -- generated corner deck, do not edit

Doing analysis at TEMP = 27.000000 and TNOM = 27.000000

Using SPARSE 1.3 as Direct Linear Solver

Initial Transient Solution
--------------------------

Node                                   Voltage
----                                   -------
vdd                                        3.6
mid                                        1.8
ehalf_int1                                 1.8
ctl                                          0
txdp                                         0
txdm                                       3.6
xa.enb                             1.80136e-08
xa.enx                             9.00681e-09
xa.en                                      3.6
xa.xrb.xsky130_fd_pr__res_xhigh_po_1p41.ra         1.37819
xa.vbn                                 1.36435
xa.vbp                                 2.15641
xa.pa_dp                                   3.6
xa.pax_dp                          2.82402e-10
xa.pon_dp                          2.17664e-09
xa.nbx_dp                                  3.6
xa.nb_dp                                   3.6
xa.nonb_dp                         2.17664e-09
xa.pg_dp                                   3.6
xa.xp_dp                            7.9562e-10
xa.ng_dp                                   3.6
xa.xn_dp                                   3.6
xa.ksp_dp                          1.75722e-08
xa.kspb_dp                                 3.6
xa.kpx_dp                          3.44605e-10
xa.ksn_dp                            0.0323973
xa.ksnb_dp                                 3.6
xa.knx_dp                                  3.6
xa.xcp_dp.a                        1.70178e-09
xa.xcp_dp.b1                       1.70178e-09
xa.outi_dp                         1.70178e-09
xa.xcn_dp.a                        1.70178e-09
xa.xcn_dp.b1                       1.70178e-09
dp                                 1.70178e-09
xa.pa_dm                           1.80136e-08
xa.pax_dm                          9.00681e-09
xa.pon_dm                                  3.6
xa.nbx_dm                             0.815485
xa.nb_dm                           2.19171e-08
xa.nonb_dm                                 3.6
xa.pg_dm                           1.37466e-09
xa.xp_dm                           7.46832e-10
xa.ng_dm                           9.85461e-10
xa.xn_dm                                   3.6
xa.ksp_dm                              3.57119
xa.kspb_dm                         1.03052e-08
xa.kpx_dm                          1.37466e-09
xa.ksn_dm                                  3.6
xa.ksnb_dm                         9.49518e-09
xa.knx_dm                                  3.6
xa.xcp_dm.a                                3.6
xa.xcp_dm.b1                               3.6
xa.outi_dm                                 3.6
xa.xcn_dm.a                                3.6
xa.xcn_dm.b1                               3.6
dm                                         3.6
dpn                                4.72717e-10
dmn                                          1
ovp                                       -3.6
ovm                               -9.04628e-10
unp                               -1.70178e-09
unm                                       -3.6
ddp                                          0
ddm                                          0
srp                                          1
sfp                                         -1
srm                                          1
sfm                                         -1
oet                                          0
oe                                           0
hi                                         3.6
xb.enb                                     3.6
xb.enx                                 2.73137
xb.en                              4.14529e-09
xb.xrb.xsky130_fd_pr__res_xhigh_po_1p41.ra         1.37819
xb.vbn                                 1.36435
xb.vbp                                 2.15641
xb.pa_dp                                   3.6
xb.pax_dp                              2.73136
xb.pon_dp                          2.17664e-09
xb.nbx_dp                              3.58301
xb.nb_dp                           4.33134e-09
xb.nonb_dp                                 3.6
xb.pg_dp                                   3.6
xb.xp_dp                            7.9562e-10
xb.ng_dp                           9.85461e-10
xb.xn_dp                                   3.6
xb.ksp_dp                          1.75722e-08
xb.kspb_dp                                 3.6
xb.kpx_dp                          3.44604e-10
xb.ksn_dp                                  3.6
xb.ksnb_dp                         9.49518e-09
xb.knx_dp                                  3.6
xb.xcp_dp.a                                1.8
xb.xcp_dp.b1                               1.8
xb.outi_dp                                 1.8
xb.xcn_dp.a                                1.8
xb.xcn_dp.b1                               1.8
xb_dp                                      1.8
xb.pa_dm                                   3.6
xb.pax_dm                            0.0356594
xb.pon_dm                          2.17664e-09
xb.nbx_dm                                  3.6
xb.nb_dm                           8.74011e-09
xb.nonb_dm                                 3.6
xb.pg_dm                                   3.6
xb.xp_dm                            7.9562e-10
xb.ng_dm                           9.85461e-10
xb.xn_dm                                   3.6
xb.ksp_dm                          1.75722e-08
xb.kspb_dm                                 3.6
xb.kpx_dm                          3.44604e-10
xb.ksn_dm                                  3.6
xb.ksnb_dm                         9.49518e-09
xb.knx_dm                                  3.6
xb.xcp_dm.a                                1.8
xb.xcp_dm.b1                               1.8
xb.outi_dm                                 1.8
xb.xcn_dm.a                                1.8
xb.xcn_dm.b1                               1.8
xb_dm                                      1.8
xc.enb                                     3.6
xc.enx                                 2.73139
xc.en                              4.14529e-09
xc.xrb.xsky130_fd_pr__res_xhigh_po_1p41.ra         1.37819
xc.vbn                                 1.36435
xc.vbp                                 2.15641
xc.pa_dp                                   3.6
xc.pax_dp                            0.0356594
xc.pon_dp                          2.17664e-09
xc.nbx_dp                                  3.6
xc.nb_dp                           8.74011e-09
xc.nonb_dp                                 3.6
xc.pg_dp                                   3.6
xc.xp_dp                            7.9562e-10
xc.ng_dp                           9.85461e-10
xc.xn_dp                                   3.6
xc.ksp_dp                          1.75722e-08
xc.kspb_dp                                 3.6
xc.kpx_dp                          3.44604e-10
xc.ksn_dp                                  3.6
xc.ksnb_dp                         9.49518e-09
xc.knx_dp                                  3.6
xc.xcp_dp.a                                1.8
xc.xcp_dp.b1                               1.8
xc.outi_dp                                 1.8
xc.xcn_dp.a                                1.8
xc.xcn_dp.b1                               1.8
xc_dp                                      1.8
xc.pa_dm                                   3.6
xc.pax_dm                              2.73136
xc.pon_dm                          2.17664e-09
xc.nbx_dm                              3.58205
xc.nb_dm                           4.32977e-09
xc.nonb_dm                                 3.6
xc.pg_dm                                   3.6
xc.xp_dm                            7.9562e-10
xc.ng_dm                           9.85461e-10
xc.xn_dm                                   3.6
xc.ksp_dm                          1.75722e-08
xc.kspb_dm                                 3.6
xc.kpx_dm                          3.44605e-10
xc.ksn_dm                                  3.6
xc.ksnb_dm                         9.49518e-09
xc.knx_dm                                  3.6
xc.xcp_dm.a                                1.8
xc.xcp_dm.b1                               1.8
xc.outi_dm                                 1.8
xc.xcn_dm.a                                1.8
xc.xcn_dm.b1                               1.8
xc_dm                                      1.8
abp                                8.47866e-12
abm                                8.47866e-12
acp                                8.47866e-12
acm                                8.47866e-12
wbp                                          0
wbm                                8.47866e-12
wcp                                8.47866e-12
wcm                                          0
bwcm#branch                                  0
vscm#branch                        8.47866e-12
bwcp#branch                                  0
vscp#branch                        8.47866e-12
bwbm#branch                                  0
vsbm#branch                        8.47866e-12
bwbp#branch                                  0
vsbp#branch                        8.47866e-12
bacm#branch                                  0
bacp#branch                                  0
babm#branch                                  0
babp#branch                                  0
bhi#branch                                   0
boe#branch                                   0
bsfm#branch                                  0
bsrm#branch                                  0
bsfp#branch                                  0
bsrp#branch                                  0
bddm#branch                                  0
bddp#branch                                  0
bunm#branch                                  0
bunp#branch                                  0
bovm#branch                                  0
bovp#branch                                  0
bdmn#branch                                  0
bdpn#branch                                  0
btxdm#branch                                 0
btxdp#branch                                 0
behalf#branch                                0
ehalf#branch                       3.39146e-11
voet#branch                                  0
vctl#branch                                  0
vsup#branch                       -0.000433288


No. of Data Rows : 15020

  Measurements for Transient Analysis

trise_dp_ns         =  9.25473e-09 targ=  1.13547e-07 trig=  1.04292e-07
tfall_dp_ns         =  9.51777e-09 targ=  2.15000e-07 trig=  2.05483e-07
trise_dm_ns         =  9.25472e-09 targ=  2.14047e-07 trig=  2.04792e-07
tfall_dm_ns         =  9.51821e-09 targ=  1.14501e-07 trig=  1.04983e-07
trf_dp_ratio        =  9.72363e-01
trf_dm_ratio        =  9.72318e-01
trf_x1_ratio        =  9.72318e-01
trf_x2_ratio        =  9.72363e-01
vcross_rise_v       =  1.93071e+00
vcross_fall_v       =  1.93057e+00
tx_rise_ns          =   1.09035e-07
tx_fall_ns          =   2.09534e-07
tx_first_ns         =   1.09035e-07
tx_second_ns        =   2.09534e-07
tx_last_ns          =   2.09534e-07
slope_rise_dp_min_vns=  1.74152e-01 at=  1.13530e-07
slope_fall_dp_max_vns=  -1.63578e-01 at=  2.14990e-07
slope_fall_dm_max_vns=  -1.63636e-01 at=  1.14490e-07
slope_rise_dm_min_vns=  1.74151e-01 at=  2.14030e-07
over_dp_mv          =  2.04574e-02 at=  2.02710e-07
under_dp_mv         =  7.90939e-02 at=  1.01990e-07
over_dm_mv          =  2.04657e-02 at=  1.02210e-07
under_dm_mv         =  7.90931e-02 at=  2.02490e-07
tpd_rise_dp_ns      =  8.40070e-09 targ=  1.08651e-07 trig=  1.00250e-07
tpd_fall_dp_ns      =  9.17231e-09 targ=  2.09922e-07 trig=  2.00750e-07
tpd_fall_dm_ns      =  9.17315e-09 targ=  1.09423e-07 trig=  1.00250e-07
tpd_rise_dm_ns      =  8.40068e-09 targ=  2.09151e-07 trig=  2.00750e-07
oe_xb_dp_off_pre_na =  8.82215e-12 at=  2.20056e-08
oe_xb_dp_enable_at_ns=   1.03249e-07
oe_xb_dp_on_ma      =  5.40985e-02 from=  1.50000e-07 to=  1.99010e-07
oe_xb_dp_release_at_ns=   2.15760e-07
oe_xb_dp_off_post_na=  1.43426e-10 at=  2.50030e-07
oe_xb_dp_wrongpol_pk_ma=  2.56933e-03 at=  1.00870e-07
oe_xb_dm_off_pre_na =  8.82455e-12 at=  2.88256e-08
oe_xb_dm_enable_at_ns=   1.03465e-07
oe_xb_dm_on_ma      =  -4.69718e-02 from=  1.50000e-07 to=  1.99010e-07
oe_xb_dm_release_at_ns=   2.11466e-07
oe_xb_dm_off_post_na=  4.03739e-11 at=  2.50170e-07
oe_xb_dm_wrongpol_pk_ma=  9.02477e-04 at=  1.00830e-07
oe_xc_dp_off_pre_na =  8.82089e-12 at=  9.15656e-08
oe_xc_dp_enable_at_ns=   1.03465e-07
oe_xc_dp_on_ma      =  -4.69718e-02 from=  1.50000e-07 to=  1.99010e-07
oe_xc_dp_release_at_ns=   2.11466e-07
oe_xc_dp_off_post_na=  4.03814e-11 at=  2.50010e-07
oe_xc_dp_wrongpol_pk_ma=  9.02478e-04 at=  1.00830e-07
oe_xc_dm_off_pre_na =  8.81764e-12 at=  2.23456e-08
oe_xc_dm_enable_at_ns=   1.03249e-07
oe_xc_dm_on_ma      =  5.40985e-02 from=  1.50000e-07 to=  1.99010e-07
oe_xc_dm_release_at_ns=   2.15760e-07
oe_xc_dm_off_post_na=  1.43230e-10 at=  2.50030e-07
oe_xc_dm_wrongpol_pk_ma=  2.56933e-03 at=  1.00870e-07

ngspice-46 done
