
Note: No compatibility mode selected!


Circuit: * klt sim -- generated corner deck, do not edit

Doing analysis at TEMP = 27.000000 and TNOM = 27.000000

Using SPARSE 1.3 as Direct Linear Solver

Initial Transient Solution
--------------------------

Node                                   Voltage
----                                   -------
vdd                                        3.3
mid                                       1.65
ehalf_int1                                1.65
ctl                                          0
txdp                                         0
txdm                                       3.3
xa.enb                              1.7475e-08
xa.enx                             8.73752e-09
xa.en                                      3.3
xa.xrb.xsky130_fd_pr__res_xhigh_po_1p41.ra         1.34246
xa.vbn                                 1.33039
xa.vbp                                 1.89471
xa.pa_dp                                   3.3
xa.pax_dp                           2.7809e-10
xa.pon_dp                          2.10229e-09
xa.nbx_dp                                  3.3
xa.nb_dp                                   3.3
xa.nonb_dp                         2.10229e-09
xa.pg_dp                                   3.3
xa.xp_dp                           7.88669e-10
xa.ng_dp                                   3.3
xa.xn_dp                                   3.3
xa.ksp_dp                          1.71549e-08
xa.kspb_dp                                 3.3
xa.kpx_dp                          3.38076e-10
xa.ksn_dp                             0.029999
xa.ksnb_dp                                 3.3
xa.knx_dp                                  3.3
xa.xcp_dp.a                        1.60955e-09
xa.xcp_dp.b1                       1.60955e-09
xa.outi_dp                         1.60955e-09
xa.xcn_dp.a                        1.60955e-09
xa.xcn_dp.b1                       1.60955e-09
dp                                 1.60955e-09
xa.pa_dm                            1.7475e-08
xa.pax_dm                          8.73752e-09
xa.pon_dm                                  3.3
xa.nbx_dm                             0.777346
xa.nb_dm                           2.13845e-08
xa.nonb_dm                                 3.3
xa.pg_dm                           1.32644e-09
xa.xp_dm                           7.27244e-10
xa.ng_dm                           9.36643e-10
xa.xn_dm                                   3.3
xa.ksp_dm                              3.27283
xa.kspb_dm                         9.93073e-09
xa.kpx_dm                          1.32644e-09
xa.ksn_dm                                  3.3
xa.ksnb_dm                         9.24481e-09
xa.knx_dm                                  3.3
xa.xcp_dm.a                                3.3
xa.xcp_dm.b1                               3.3
xa.outi_dm                                 3.3
xa.xcn_dm.a                                3.3
xa.xcn_dm.b1                               3.3
dm                                         3.3
dpn                                4.87741e-10
dmn                                          1
ovp                                       -3.3
ovm                               -8.97403e-10
unp                               -1.60955e-09
unm                                       -3.3
ddp                                          0
ddm                                          0
srp                                          1
sfp                                         -1
srm                                          1
sfm                                         -1
oet                                          0
oe                                           0
hi                                         3.3
xb.enb                                     3.3
xb.enx                                 2.47221
xb.en                              4.05264e-09
xb.xrb.xsky130_fd_pr__res_xhigh_po_1p41.ra         1.34246
xb.vbn                                 1.33039
xb.vbp                                 1.89471
xb.pa_dp                                   3.3
xb.pax_dp                              2.47222
xb.pon_dp                          2.10229e-09
xb.nbx_dp                              3.28401
xb.nb_dp                           4.25395e-09
xb.nonb_dp                                 3.3
xb.pg_dp                                   3.3
xb.xp_dp                           7.88669e-10
xb.ng_dp                           9.36643e-10
xb.xn_dp                                   3.3
xb.ksp_dp                          1.71549e-08
xb.kspb_dp                                 3.3
xb.kpx_dp                          3.38076e-10
xb.ksn_dp                                  3.3
xb.ksnb_dp                         9.24481e-09
xb.knx_dp                                  3.3
xb.xcp_dp.a                               1.65
xb.xcp_dp.b1                              1.65
xb.outi_dp                                1.65
xb.xcn_dp.a                               1.65
xb.xcn_dp.b1                              1.65
xb_dp                                     1.65
xb.pa_dm                                   3.3
xb.pax_dm                             0.034085
xb.pon_dm                          2.10229e-09
xb.nbx_dm                                  3.3
xb.nb_dm                           8.57587e-09
xb.nonb_dm                                 3.3
xb.pg_dm                                   3.3
xb.xp_dm                           7.88669e-10
xb.ng_dm                           9.36643e-10
xb.xn_dm                                   3.3
xb.ksp_dm                          1.71549e-08
xb.kspb_dm                                 3.3
xb.kpx_dm                          3.38076e-10
xb.ksn_dm                                  3.3
xb.ksnb_dm                         9.24481e-09
xb.knx_dm                                  3.3
xb.xcp_dm.a                               1.65
xb.xcp_dm.b1                              1.65
xb.outi_dm                                1.65
xb.xcn_dm.a                               1.65
xb.xcn_dm.b1                              1.65
xb_dm                                     1.65
xc.enb                                     3.3
xc.enx                                 2.47223
xc.en                              4.05264e-09
xc.xrb.xsky130_fd_pr__res_xhigh_po_1p41.ra         1.34246
xc.vbn                                 1.33039
xc.vbp                                 1.89471
xc.pa_dp                                   3.3
xc.pax_dp                             0.034085
xc.pon_dp                          2.10229e-09
xc.nbx_dp                                  3.3
xc.nb_dp                           8.57587e-09
xc.nonb_dp                                 3.3
xc.pg_dp                                   3.3
xc.xp_dp                           7.88669e-10
xc.ng_dp                           9.36643e-10
xc.xn_dp                                   3.3
xc.ksp_dp                          1.71549e-08
xc.kspb_dp                                 3.3
xc.kpx_dp                          3.38076e-10
xc.ksn_dp                                  3.3
xc.ksnb_dp                         9.24481e-09
xc.knx_dp                                  3.3
xc.xcp_dp.a                               1.65
xc.xcp_dp.b1                              1.65
xc.outi_dp                                1.65
xc.xcn_dp.a                               1.65
xc.xcn_dp.b1                              1.65
xc_dp                                     1.65
xc.pa_dm                                   3.3
xc.pax_dm                               2.4722
xc.pon_dm                          2.10229e-09
xc.nbx_dm                              3.28488
xc.nb_dm                           4.25535e-09
xc.nonb_dm                                 3.3
xc.pg_dm                                   3.3
xc.xp_dm                           7.88669e-10
xc.ng_dm                           9.36643e-10
xc.xn_dm                                   3.3
xc.ksp_dm                          1.71549e-08
xc.kspb_dm                                 3.3
xc.kpx_dm                          3.38076e-10
xc.ksn_dm                                  3.3
xc.ksnb_dm                         9.24481e-09
xc.knx_dm                                  3.3
xc.xcp_dm.a                               1.65
xc.xcp_dm.b1                              1.65
xc.outi_dm                                1.65
xc.xcn_dm.a                               1.65
xc.xcn_dm.b1                              1.65
xc_dm                                     1.65
abp                                7.39077e-12
abm                                7.39077e-12
acp                                7.39077e-12
acm                                7.39077e-12
wbp                                          0
wbm                                7.39077e-12
wcp                                7.39077e-12
wcm                                          0
bwcm#branch                                  0
vscm#branch                        7.39077e-12
bwcp#branch                                  0
vscp#branch                        7.39077e-12
bwbm#branch                                  0
vsbm#branch                        7.39077e-12
bwbp#branch                                  0
vsbp#branch                        7.39077e-12
bacm#branch                                  0
bacp#branch                                  0
babm#branch                                  0
babp#branch                                  0
bhi#branch                                   0
boe#branch                                   0
bsfm#branch                                  0
bsrm#branch                                  0
bsfp#branch                                  0
bsrp#branch                                  0
bddm#branch                                  0
bddp#branch                                  0
bunm#branch                                  0
bunp#branch                                  0
bovm#branch                                  0
bovp#branch                                  0
bdmn#branch                                  0
bdpn#branch                                  0
btxdm#branch                                 0
btxdp#branch                                 0
behalf#branch                                0
ehalf#branch                       2.95631e-11
voet#branch                                  0
vctl#branch                                  0
vsup#branch                       -0.000379919


No. of Data Rows : 15020

  Measurements for Transient Analysis

trise_dp_ns         =  9.70670e-09 targ=  1.14399e-07 trig=  1.04693e-07
tfall_dp_ns         =  1.01608e-08 targ=  2.16009e-07 trig=  2.05848e-07
trise_dm_ns         =  9.70670e-09 targ=  2.14899e-07 trig=  2.05193e-07
tfall_dm_ns         =  1.01612e-08 targ=  1.15510e-07 trig=  1.05348e-07
trf_dp_ratio        =  9.55305e-01
trf_dm_ratio        =  9.55268e-01
trf_x1_ratio        =  9.55268e-01
trf_x2_ratio        =  9.55304e-01
vcross_rise_v       =  1.77428e+00
vcross_fall_v       =  1.77413e+00
tx_rise_ns          =   1.09696e-07
tx_fall_ns          =   2.10196e-07
tx_first_ns         =   1.09696e-07
tx_second_ns        =   2.10196e-07
tx_last_ns          =   2.10196e-07
slope_rise_dp_min_vns=  1.53978e-01 at=  1.14390e-07
slope_fall_dp_max_vns=  -1.44731e-01 at=  2.15990e-07
slope_fall_dm_max_vns=  -1.44788e-01 at=  1.15490e-07
slope_rise_dm_min_vns=  1.53977e-01 at=  2.14890e-07
over_dp_mv          =  2.11600e-02 at=  2.02990e-07
under_dp_mv         =  8.24805e-02 at=  1.02210e-07
over_dm_mv          =  2.11705e-02 at=  1.02510e-07
under_dm_mv         =  8.24799e-02 at=  2.02710e-07
tpd_rise_dp_ns      =  9.02704e-09 targ=  1.09277e-07 trig=  1.00250e-07
tpd_fall_dp_ns      =  9.87669e-09 targ=  2.10627e-07 trig=  2.00750e-07
tpd_fall_dm_ns      =  9.87771e-09 targ=  1.10128e-07 trig=  1.00250e-07
tpd_rise_dm_ns      =  9.02703e-09 targ=  2.09777e-07 trig=  2.00750e-07
oe_xb_dp_off_pre_na =  6.81828e-12 at=  4.11256e-08
oe_xb_dp_enable_at_ns=   1.03780e-07
oe_xb_dp_on_ma      =  4.86942e-02 from=  1.50000e-07 to=  1.99010e-07
oe_xb_dp_release_at_ns=   2.16574e-07
oe_xb_dp_off_post_na=  6.52202e-11 at=  2.50130e-07
oe_xb_dp_wrongpol_pk_ma=  2.22506e-03 at=  1.00930e-07
oe_xb_dm_off_pre_na =  6.81812e-12 at=  7.45456e-08
oe_xb_dm_enable_at_ns=   1.04106e-07
oe_xb_dm_on_ma      =  -4.22900e-02 from=  1.50000e-07 to=  1.99010e-07
oe_xb_dm_release_at_ns=   2.11935e-07
oe_xb_dm_off_post_na=  7.99543e-11 at=  2.50130e-07
oe_xb_dm_wrongpol_pk_ma=  7.73706e-04 at=  1.00870e-07
oe_xc_dp_off_pre_na =  6.81417e-12 at=  2.40856e-08
oe_xc_dp_enable_at_ns=   1.04106e-07
oe_xc_dp_on_ma      =  -4.22900e-02 from=  1.50000e-07 to=  1.99010e-07
oe_xc_dp_release_at_ns=   2.11935e-07
oe_xc_dp_off_post_na=  7.99674e-11 at=  2.50130e-07
oe_xc_dp_wrongpol_pk_ma=  7.73706e-04 at=  1.00870e-07
oe_xc_dm_off_pre_na =  6.82659e-12 at=  2.07056e-08
oe_xc_dm_enable_at_ns=   1.03780e-07
oe_xc_dm_on_ma      =  4.86942e-02 from=  1.50000e-07 to=  1.99010e-07
oe_xc_dm_release_at_ns=   2.16574e-07
oe_xc_dm_off_post_na=  6.52472e-11 at=  2.50130e-07
oe_xc_dm_wrongpol_pk_ma=  2.22506e-03 at=  1.00930e-07

ngspice-46 done
