
Note: No compatibility mode selected!


Circuit: * klt sim -- generated corner deck, do not edit

Doing analysis at TEMP = 27.000000 and TNOM = 27.000000

Using SPARSE 1.3 as Direct Linear Solver

Initial Transient Solution
--------------------------

Node                                   Voltage
----                                   -------
vdd                                          3
mid                                        1.5
ehalf_int1                                 1.5
ctl                                          0
txdp                                         0
txdm                                         3
xa.enb                             1.71104e-08
xa.enx                             8.55519e-09
xa.en                                        3
xa.xrb.xsky130_fd_pr__res_xhigh_po_1p41.ra         1.30496
xa.vbn                                 1.29465
xa.vbp                                 1.63477
xa.pa_dp                                     3
xa.pax_dp                          2.76343e-10
xa.pon_dp                          2.05487e-09
xa.nbx_dp                                    3
xa.nb_dp                                     3
xa.nonb_dp                         2.05487e-09
xa.pg_dp                                     3
xa.xp_dp                            7.8552e-10
xa.ng_dp                                     3
xa.xn_dp                                     3
xa.ksp_dp                          1.68686e-08
xa.kspb_dp                                   3
xa.kpx_dp                          3.34539e-10
xa.ksn_dp                            0.0276403
xa.ksnb_dp                                   3
xa.knx_dp                                    3
xa.xcp_dp.a                        1.53615e-09
xa.xcp_dp.b1                       1.53615e-09
xa.outi_dp                         1.53615e-09
xa.xcn_dp.a                        1.53615e-09
xa.xcn_dp.b1                       1.53615e-09
dp                                 1.53615e-09
xa.pa_dm                           1.71104e-08
xa.pax_dm                          8.55519e-09
xa.pon_dm                                    3
xa.nbx_dm                             0.737196
xa.nb_dm                           2.09766e-08
xa.nonb_dm                                   3
xa.pg_dm                           1.28978e-09
xa.xp_dm                           7.12426e-10
xa.ng_dm                           8.97736e-10
xa.xn_dm                                     3
xa.ksp_dm                              2.97448
xa.kspb_dm                         9.68874e-09
xa.kpx_dm                          1.28978e-09
xa.ksn_dm                                    3
xa.ksnb_dm                         9.08744e-09
xa.knx_dm                                    3
xa.xcp_dm.a                                  3
xa.xcp_dm.b1                                 3
xa.outi_dm                                   3
xa.xcn_dm.a                                  3
xa.xcn_dm.b1                                 3
dm                                           3
dpn                                5.12051e-10
dmn                                          1
ovp                                         -3
ovm                               -8.89703e-10
unp                               -1.53615e-09
unm                                         -3
ddp                                          0
ddm                                          0
srp                                          1
sfp                                         -1
srm                                          1
sfm                                         -1
oet                                          0
oe                                           0
hi                                           3
xb.enb                                       3
xb.enx                                 2.21543
xb.en                              3.98929e-09
xb.xrb.xsky130_fd_pr__res_xhigh_po_1p41.ra         1.30496
xb.vbn                                 1.29465
xb.vbp                                 1.63477
xb.pa_dp                                     3
xb.pax_dp                              2.21545
xb.pon_dp                          2.05487e-09
xb.nbx_dp                              2.98594
xb.nb_dp                           4.20852e-09
xb.nonb_dp                                   3
xb.pg_dp                                     3
xb.xp_dp                            7.8552e-10
xb.ng_dp                           8.97736e-10
xb.xn_dp                                     3
xb.ksp_dp                          1.68686e-08
xb.kspb_dp                                   3
xb.kpx_dp                          3.34539e-10
xb.ksn_dp                                    3
xb.ksnb_dp                         9.08744e-09
xb.knx_dp                                    3
xb.xcp_dp.a                                1.5
xb.xcp_dp.b1                               1.5
xb.outi_dp                                 1.5
xb.xcn_dp.a                                1.5
xb.xcn_dp.b1                               1.5
xb_dp                                      1.5
xb.pa_dm                                     3
xb.pax_dm                            0.0324513
xb.pon_dm                          2.05487e-09
xb.nbx_dm                                    3
xb.nb_dm                           8.47495e-09
xb.nonb_dm                                   3
xb.pg_dm                                     3
xb.xp_dm                            7.8552e-10
xb.ng_dm                           8.97737e-10
xb.xn_dm                                     3
xb.ksp_dm                          1.68686e-08
xb.kspb_dm                                   3
xb.kpx_dm                          3.34539e-10
xb.ksn_dm                                    3
xb.ksnb_dm                         9.08744e-09
xb.knx_dm                                    3
xb.xcp_dm.a                                1.5
xb.xcp_dm.b1                               1.5
xb.outi_dm                                 1.5
xb.xcn_dm.a                                1.5
xb.xcn_dm.b1                               1.5
xb_dm                                      1.5
xc.enb                                       3
xc.enx                                 2.21543
xc.en                              3.98929e-09
xc.xrb.xsky130_fd_pr__res_xhigh_po_1p41.ra         1.30496
xc.vbn                                 1.29465
xc.vbp                                 1.63477
xc.pa_dp                                     3
xc.pax_dp                            0.0324513
xc.pon_dp                          2.05487e-09
xc.nbx_dp                                    3
xc.nb_dp                           8.47495e-09
xc.nonb_dp                                   3
xc.pg_dp                                     3
xc.xp_dp                            7.8552e-10
xc.ng_dp                           8.97736e-10
xc.xn_dp                                     3
xc.ksp_dp                          1.68686e-08
xc.kspb_dp                                   3
xc.kpx_dp                          3.34539e-10
xc.ksn_dp                                    3
xc.ksnb_dp                         9.08744e-09
xc.knx_dp                                    3
xc.xcp_dp.a                                1.5
xc.xcp_dp.b1                               1.5
xc.outi_dp                                 1.5
xc.xcn_dp.a                                1.5
xc.xcn_dp.b1                               1.5
xc_dp                                      1.5
xc.pa_dm                                     3
xc.pax_dm                              2.21545
xc.pon_dm                          2.05487e-09
xc.nbx_dm                              2.98634
xc.nb_dm                           4.20917e-09
xc.nonb_dm                                   3
xc.pg_dm                                     3
xc.xp_dm                            7.8552e-10
xc.ng_dm                           8.97736e-10
xc.xn_dm                                     3
xc.ksp_dm                          1.68686e-08
xc.kspb_dm                                   3
xc.kpx_dm                          3.34539e-10
xc.ksn_dm                                    3
xc.ksnb_dm                         9.08744e-09
xc.knx_dm                                    3
xc.xcp_dm.a                                1.5
xc.xcp_dm.b1                               1.5
xc.outi_dm                                 1.5
xc.xcn_dm.a                                1.5
xc.xcn_dm.b1                               1.5
xc_dm                                      1.5
abp                                4.89362e-12
abm                                4.89362e-12
acp                                4.89362e-12
acm                                4.89362e-12
wbp                                          0
wbm                                4.89362e-12
wcp                                4.89362e-12
wcm                                          0
bwcm#branch                                  0
vscm#branch                        4.89362e-12
bwcp#branch                                  0
vscp#branch                        4.89362e-12
bwbm#branch                                  0
vsbm#branch                        4.89362e-12
bwbp#branch                                  0
vsbp#branch                        4.89362e-12
bacm#branch                                  0
bacp#branch                                  0
babm#branch                                  0
babp#branch                                  0
bhi#branch                                   0
boe#branch                                   0
bsfm#branch                                  0
bsrm#branch                                  0
bsfp#branch                                  0
bsrp#branch                                  0
bddm#branch                                  0
bddp#branch                                  0
bunm#branch                                  0
bunp#branch                                  0
bovm#branch                                  0
bovp#branch                                  0
bdmn#branch                                  0
bdpn#branch                                  0
btxdm#branch                                 0
btxdp#branch                                 0
behalf#branch                                0
ehalf#branch                       1.95745e-11
voet#branch                                  0
vctl#branch                                  0
vsup#branch                       -0.000327169


No. of Data Rows : 15024

  Measurements for Transient Analysis

trise_dp_ns         =  1.02875e-08 targ=  1.15508e-07 trig=  1.05221e-07
tfall_dp_ns         =  1.09783e-08 targ=  2.17340e-07 trig=  2.06362e-07
trise_dm_ns         =  1.02875e-08 targ=  2.16008e-07 trig=  2.05721e-07
tfall_dm_ns         =  1.09787e-08 targ=  1.16841e-07 trig=  1.05863e-07
trf_dp_ratio        =  9.37078e-01
trf_dm_ratio        =  9.37040e-01
trf_x1_ratio        =  9.37041e-01
trf_x2_ratio        =  9.37077e-01
vcross_rise_v       =  1.61992e+00
vcross_fall_v       =  1.61974e+00
tx_rise_ns          =   1.10570e-07
tx_fall_ns          =   2.11069e-07
tx_first_ns         =   1.10570e-07
tx_second_ns        =   2.11069e-07
tx_last_ns          =   2.11069e-07
slope_rise_dp_min_vns=  1.34902e-01 at=  1.15490e-07
slope_fall_dp_max_vns=  -1.25044e-01 at=  2.17330e-07
slope_fall_dm_max_vns=  -1.25109e-01 at=  1.16830e-07
slope_rise_dm_min_vns=  1.34901e-01 at=  2.15990e-07
over_dp_mv          =  2.21306e-02 at=  2.03390e-07
under_dp_mv         =  8.47153e-02 at=  1.02510e-07
over_dm_mv          =  2.21444e-02 at=  1.02890e-07
under_dm_mv         =  8.47152e-02 at=  2.03010e-07
tpd_rise_dp_ns      =  9.84677e-09 targ=  1.10097e-07 trig=  1.00250e-07
tpd_fall_dp_ns      =  1.08156e-08 targ=  2.11566e-07 trig=  2.00750e-07
tpd_fall_dm_ns      =  1.08170e-08 targ=  1.11067e-07 trig=  1.00250e-07
tpd_rise_dm_ns      =  9.84676e-09 targ=  2.10597e-07 trig=  2.00750e-07
oe_xb_dp_off_pre_na =  4.98411e-12 at=  7.20456e-08
oe_xb_dp_enable_at_ns=   1.04515e-07
oe_xb_dp_on_ma      =  4.32409e-02 from=  1.50000e-07 to=  1.99010e-07
oe_xb_dp_release_at_ns=   2.17628e-07
oe_xb_dp_off_post_na=  3.79485e-11 at=  2.50130e-07
oe_xb_dp_wrongpol_pk_ma=  1.88464e-03 at=  1.01010e-07
oe_xb_dm_off_pre_na =  4.97577e-12 at=  4.25256e-08
oe_xb_dm_enable_at_ns=   1.04992e-07
oe_xb_dm_on_ma      =  -3.74977e-02 from=  1.50000e-07 to=  1.99010e-07
oe_xb_dm_release_at_ns=   2.12527e-07
oe_xb_dm_off_post_na=  4.40178e-11 at=  2.50010e-07
oe_xb_dm_wrongpol_pk_ma=  6.46982e-04 at=  1.00950e-07
oe_xc_dp_off_pre_na =  4.97730e-12 at=  4.06456e-08
oe_xc_dp_enable_at_ns=   1.04992e-07
oe_xc_dp_on_ma      =  -3.74977e-02 from=  1.50000e-07 to=  1.99010e-07
oe_xc_dp_release_at_ns=   2.12527e-07
oe_xc_dp_off_post_na=  4.40740e-11 at=  2.50010e-07
oe_xc_dp_wrongpol_pk_ma=  6.46982e-04 at=  1.00950e-07
oe_xc_dm_off_pre_na =  4.98406e-12 at=  7.23456e-08
oe_xc_dm_enable_at_ns=   1.04515e-07
oe_xc_dm_on_ma      =  4.32409e-02 from=  1.50000e-07 to=  1.99010e-07
oe_xc_dm_release_at_ns=   2.17628e-07
oe_xc_dm_off_post_na=  3.79727e-11 at=  2.50050e-07
oe_xc_dm_wrongpol_pk_ma=  1.88464e-03 at=  1.01010e-07

ngspice-46 done
