
Note: No compatibility mode selected!


Circuit: * klt sim -- generated corner deck, do not edit

Doing analysis at TEMP = -40.000000 and TNOM = 27.000000

Using SPARSE 1.3 as Direct Linear Solver

Initial Transient Solution
--------------------------

Node                                   Voltage
----                                   -------
vdd                                          3
mid                                        1.5
ehalf_int1                                 1.5
ctl                                          0
txdp                                         0
txdm                                         3
xa.enb                             8.94965e-09
xa.enx                             4.47483e-09
xa.en                                        3
xa.xrb.xsky130_fd_pr__res_xhigh_po_1p41.ra         1.16216
xa.vbn                                 1.15202
xa.vbp                                  1.3647
xa.pa_dp                                     3
xa.pax_dp                           4.3885e-10
xa.pon_dp                          1.12333e-09
xa.nbx_dp                                    3
xa.nb_dp                                     3
xa.nonb_dp                         1.12333e-09
xa.pg_dp                                     3
xa.xp_dp                           1.16214e-11
xa.ng_dp                                     3
xa.xn_dp                                     3
xa.ksp_dp                          1.18868e-08
xa.kspb_dp                                   3
xa.kpx_dp                          9.21662e-11
xa.ksn_dp                            0.0157829
xa.ksnb_dp                                   3
xa.knx_dp                                    3
xa.xcp_dp.a                        6.39214e-10
xa.xcp_dp.b1                       6.39214e-10
xa.outi_dp                         6.39214e-10
xa.xcn_dp.a                        6.39214e-10
xa.xcn_dp.b1                       6.39214e-10
dp                                 6.39214e-10
xa.pa_dm                           8.94965e-09
xa.pax_dm                          4.47483e-09
xa.pon_dm                                    3
xa.nbx_dm                              1.16576
xa.nb_dm                           9.52499e-09
xa.nonb_dm                                   3
xa.pg_dm                           7.43887e-10
xa.xp_dm                           4.75473e-10
xa.ng_dm                           4.15489e-10
xa.xn_dm                                     3
xa.ksp_dm                              2.97236
xa.kspb_dm                          4.3137e-09
xa.kpx_dm                          7.43887e-10
xa.ksn_dm                                    3
xa.ksnb_dm                         4.28513e-09
xa.knx_dm                                    3
xa.xcp_dm.a                                  3
xa.xcp_dm.b1                                 3
xa.outi_dm                                   3
xa.xcn_dm.a                                  3
xa.xcn_dm.b1                                 3
dm                                           3
dpn                                2.13071e-10
dmn                                          1
ovp                                         -3
ovm                               -3.18322e-10
unp                               -6.39214e-10
unm                                         -3
ddp                                          0
ddm                                          0
srp                                          1
sfp                                         -1
srm                                          1
sfm                                         -1
oet                                          0
oe                                           0
hi                                           3
xb.enb                                       3
xb.enx                                 2.38702
xb.en                              2.23741e-09
xb.xrb.xsky130_fd_pr__res_xhigh_po_1p41.ra         1.16216
xb.vbn                                 1.15202
xb.vbp                                  1.3647
xb.pa_dp                                     3
xb.pax_dp                              2.38702
xb.pon_dp                          1.12333e-09
xb.nbx_dp                              2.99973
xb.nb_dp                           2.14257e-09
xb.nonb_dp                                   3
xb.pg_dp                                     3
xb.xp_dp                           1.16214e-11
xb.ng_dp                           4.15489e-10
xb.xn_dp                                     3
xb.ksp_dp                          1.18868e-08
xb.kspb_dp                                   3
xb.kpx_dp                          9.21662e-11
xb.ksn_dp                                    3
xb.ksnb_dp                         4.28513e-09
xb.knx_dp                                    3
xb.xcp_dp.a                                1.5
xb.xcp_dp.b1                               1.5
xb.outi_dp                                 1.5
xb.xcn_dp.a                                1.5
xb.xcn_dp.b1                               1.5
xb_dp                                      1.5
xb.pa_dm                                     3
xb.pax_dm                            0.0480974
xb.pon_dm                          1.12333e-09
xb.nbx_dm                                    3
xb.nb_dm                           4.28513e-09
xb.nonb_dm                                   3
xb.pg_dm                                     3
xb.xp_dm                           1.16214e-11
xb.ng_dm                            4.1549e-10
xb.xn_dm                                     3
xb.ksp_dm                          1.18868e-08
xb.kspb_dm                                   3
xb.kpx_dm                          9.21663e-11
xb.ksn_dm                                    3
xb.ksnb_dm                         4.28513e-09
xb.knx_dm                                    3
xb.xcp_dm.a                                1.5
xb.xcp_dm.b1                               1.5
xb.outi_dm                                 1.5
xb.xcn_dm.a                                1.5
xb.xcn_dm.b1                               1.5
xb_dm                                      1.5
xc.enb                                       3
xc.enx                                 2.38702
xc.en                              2.23741e-09
xc.xrb.xsky130_fd_pr__res_xhigh_po_1p41.ra         1.16216
xc.vbn                                 1.15202
xc.vbp                                  1.3647
xc.pa_dp                                     3
xc.pax_dp                            0.0480974
xc.pon_dp                          1.12333e-09
xc.nbx_dp                                    3
xc.nb_dp                           4.28513e-09
xc.nonb_dp                                   3
xc.pg_dp                                     3
xc.xp_dp                           1.16214e-11
xc.ng_dp                            4.1549e-10
xc.xn_dp                                     3
xc.ksp_dp                          1.18868e-08
xc.kspb_dp                                   3
xc.kpx_dp                          9.21662e-11
xc.ksn_dp                                    3
xc.ksnb_dp                         4.28513e-09
xc.knx_dp                                    3
xc.xcp_dp.a                                1.5
xc.xcp_dp.b1                               1.5
xc.outi_dp                                 1.5
xc.xcn_dp.a                                1.5
xc.xcn_dp.b1                               1.5
xc_dp                                      1.5
xc.pa_dm                                     3
xc.pax_dm                              2.38703
xc.pon_dm                          1.12333e-09
xc.nbx_dm                              2.99973
xc.nb_dm                           2.14257e-09
xc.nonb_dm                                   3
xc.pg_dm                                     3
xc.xp_dm                           1.16214e-11
xc.ng_dm                           4.15489e-10
xc.xn_dm                                     3
xc.ksp_dm                          1.18868e-08
xc.kspb_dm                                   3
xc.kpx_dm                          9.21662e-11
xc.ksn_dm                                    3
xc.ksnb_dm                         4.28513e-09
xc.knx_dm                                    3
xc.xcp_dm.a                                1.5
xc.xcp_dm.b1                               1.5
xc.outi_dm                                 1.5
xc.xcn_dm.a                                1.5
xc.xcn_dm.b1                               1.5
xc_dm                                      1.5
abp                                3.96589e-11
abm                                3.96589e-11
acp                                3.96589e-11
acm                                3.96589e-11
wbp                                          0
wbm                                3.96589e-11
wcp                                3.96589e-11
wcm                                          0
bwcm#branch                                  0
vscm#branch                        3.96589e-11
bwcp#branch                                  0
vscp#branch                        3.96589e-11
bwbm#branch                                  0
vsbm#branch                        3.96589e-11
bwbp#branch                                  0
vsbp#branch                        3.96589e-11
bacm#branch                                  0
bacp#branch                                  0
babm#branch                                  0
babp#branch                                  0
bhi#branch                                   0
boe#branch                                   0
bsfm#branch                                  0
bsrm#branch                                  0
bsfp#branch                                  0
bsrp#branch                                  0
bddm#branch                                  0
bddp#branch                                  0
bunm#branch                                  0
bunp#branch                                  0
bovm#branch                                  0
bovp#branch                                  0
bdmn#branch                                  0
bdpn#branch                                  0
btxdm#branch                                 0
btxdp#branch                                 0
behalf#branch                                0
ehalf#branch                       1.58636e-10
voet#branch                                  0
vctl#branch                                  0
vsup#branch                       -0.000318298


No. of Data Rows : 15020

  Measurements for Transient Analysis

trise_dp_ns         =  1.06950e-08 targ=  1.16237e-07 trig=  1.05542e-07
tfall_dp_ns         =  1.05586e-08 targ=  2.16588e-07 trig=  2.06029e-07
trise_dm_ns         =  1.06950e-08 targ=  2.16737e-07 trig=  2.06042e-07
tfall_dm_ns         =  1.05595e-08 targ=  1.16090e-07 trig=  1.05531e-07
trf_dp_ratio        =  1.01292e+00
trf_dm_ratio        =  1.01283e+00
trf_x1_ratio        =  1.01283e+00
trf_x2_ratio        =  1.01292e+00
vcross_rise_v       =  1.48468e+00
vcross_fall_v       =  1.48444e+00
tx_rise_ns          =   1.10598e-07
tx_fall_ns          =   2.11097e-07
tx_first_ns         =   1.10598e-07
tx_second_ns        =   2.11097e-07
tx_last_ns          =   2.11097e-07
slope_rise_dp_min_vns=  1.36309e-01 at=  1.16230e-07
slope_fall_dp_max_vns=  -1.45323e-01 at=  2.16570e-07
slope_fall_dm_max_vns=  -1.45433e-01 at=  1.16070e-07
slope_rise_dm_min_vns=  1.36309e-01 at=  2.16730e-07
over_dp_mv          =  1.69193e-02 at=  2.03130e-07
under_dp_mv         =  1.02093e-01 at=  1.02790e-07
over_dm_mv          =  1.69334e-02 at=  1.02630e-07
under_dm_mv         =  1.02093e-01 at=  2.03290e-07
tpd_rise_dp_ns      =  1.04114e-08 targ=  1.10661e-07 trig=  1.00250e-07
tpd_fall_dp_ns      =  1.02822e-08 targ=  2.11032e-07 trig=  2.00750e-07
tpd_fall_dm_ns      =  1.02842e-08 targ=  1.10534e-07 trig=  1.00250e-07
tpd_rise_dm_ns      =  1.04114e-08 targ=  2.11161e-07 trig=  2.00750e-07
oe_xb_dp_off_pre_na =  4.02923e-11 at=  7.08456e-08
oe_xb_dp_enable_at_ns=   1.04691e-07
oe_xb_dp_on_ma      =  4.35805e-02 from=  1.50000e-07 to=  1.99010e-07
oe_xb_dp_release_at_ns=   2.20390e-07
oe_xb_dp_off_post_na=  7.93043e-11 at=  2.50010e-07
oe_xb_dp_wrongpol_pk_ma=  2.18513e-03 at=  1.01230e-07
oe_xb_dm_off_pre_na =  4.02900e-11 at=  9.05056e-08
oe_xb_dm_enable_at_ns=   1.04236e-07
oe_xb_dm_on_ma      =  -4.82064e-02 from=  1.50000e-07 to=  1.99010e-07
oe_xb_dm_release_at_ns=   2.14008e-07
oe_xb_dm_off_post_na=  9.35130e-11 at=  2.50010e-07
oe_xb_dm_wrongpol_pk_ma=  6.04348e-04 at=  1.00850e-07
oe_xc_dp_off_pre_na =  4.02925e-11 at=  5.39256e-08
oe_xc_dp_enable_at_ns=   1.04236e-07
oe_xc_dp_on_ma      =  -4.82064e-02 from=  1.50000e-07 to=  1.99010e-07
oe_xc_dp_release_at_ns=   2.14008e-07
oe_xc_dp_off_post_na=  9.34925e-11 at=  2.50010e-07
oe_xc_dp_wrongpol_pk_ma=  6.04348e-04 at=  1.00850e-07
oe_xc_dm_off_pre_na =  4.02973e-11 at=  4.85856e-08
oe_xc_dm_enable_at_ns=   1.04691e-07
oe_xc_dm_on_ma      =  4.35805e-02 from=  1.50000e-07 to=  1.99010e-07
oe_xc_dm_release_at_ns=   2.20390e-07
oe_xc_dm_off_post_na=  7.93295e-11 at=  2.50010e-07
oe_xc_dm_wrongpol_pk_ma=  2.18513e-03 at=  1.01230e-07

ngspice-46 done
