
Note: No compatibility mode selected!


Circuit: * klt sim -- generated corner deck, do not edit

Doing analysis at TEMP = -40.000000 and TNOM = 27.000000

Using SPARSE 1.3 as Direct Linear Solver

Initial Transient Solution
--------------------------

Node                                   Voltage
----                                   -------
vdd                                        3.3
mid                                       1.65
ehalf_int1                                1.65
ctl                                          0
txdp                                         0
txdm                                       3.3
xa.enb                             9.27553e-09
xa.enx                             4.63776e-09
xa.en                                      3.3
xa.xrb.xsky130_fd_pr__res_xhigh_po_1p41.ra         1.18928
xa.vbn                                 1.17749
xa.vbp                                 1.62815
xa.pa_dp                                   3.3
xa.pax_dp                          4.58476e-10
xa.pon_dp                          1.16483e-09
xa.nbx_dp                                  3.3
xa.nb_dp                                   3.3
xa.nonb_dp                         1.16483e-09
xa.pg_dp                                   3.3
xa.xp_dp                           1.18925e-11
xa.ng_dp                                   3.3
xa.xn_dp                                   3.3
xa.ksp_dp                          1.20563e-08
xa.kspb_dp                                 3.3
xa.kpx_dp                          9.63992e-11
xa.ksn_dp                            0.0173799
xa.ksnb_dp                                 3.3
xa.knx_dp                                  3.3
xa.xcp_dp.a                        6.57427e-10
xa.xcp_dp.b1                       6.57427e-10
xa.outi_dp                         6.57427e-10
xa.xcn_dp.a                        6.57427e-10
xa.xcn_dp.b1                       6.57427e-10
dp                                 6.57427e-10
xa.pa_dm                           9.27553e-09
xa.pax_dm                          4.63776e-09
xa.pon_dm                                  3.3
xa.nbx_dm                              1.21362
xa.nb_dm                           1.00065e-08
xa.nonb_dm                                 3.3
xa.pg_dm                           7.59757e-10
xa.xp_dm                           4.82241e-10
xa.ng_dm                           4.27329e-10
xa.xn_dm                                   3.3
xa.ksp_dm                              3.27122
xa.kspb_dm                         4.44389e-09
xa.kpx_dm                          7.59757e-10
xa.ksn_dm                                  3.3
xa.ksnb_dm                         4.41885e-09
xa.knx_dm                                  3.3
xa.xcp_dm.a                                3.3
xa.xcp_dm.b1                               3.3
xa.outi_dm                                 3.3
xa.xcn_dm.a                                3.3
xa.xcn_dm.b1                               3.3
dm                                         3.3
dpn                                 1.9922e-10
dmn                                          1
ovp                                       -3.3
ovm                               -3.08178e-10
unp                               -6.57427e-10
unm                                       -3.3
ddp                                          0
ddm                                          0
srp                                          1
sfp                                         -1
srm                                          1
sfm                                         -1
oet                                          0
oe                                           0
hi                                         3.3
xb.enb                                     3.3
xb.enx                                 2.65534
xb.en                              2.31888e-09
xb.xrb.xsky130_fd_pr__res_xhigh_po_1p41.ra         1.18928
xb.vbn                                 1.17749
xb.vbp                                 1.62815
xb.pa_dp                                   3.3
xb.pax_dp                              2.65533
xb.pon_dp                          1.16483e-09
xb.nbx_dp                              3.29971
xb.nb_dp                           2.20943e-09
xb.nonb_dp                                 3.3
xb.pg_dp                                   3.3
xb.xp_dp                           1.18925e-11
xb.ng_dp                           4.27328e-10
xb.xn_dp                                   3.3
xb.ksp_dp                          1.20563e-08
xb.kspb_dp                                 3.3
xb.kpx_dp                          9.63992e-11
xb.ksn_dp                                  3.3
xb.ksnb_dp                         4.41885e-09
xb.knx_dp                                  3.3
xb.xcp_dp.a                               1.65
xb.xcp_dp.b1                              1.65
xb.outi_dp                                1.65
xb.xcn_dp.a                               1.65
xb.xcn_dp.b1                              1.65
xb_dp                                     1.65
xb.pa_dm                                   3.3
xb.pax_dm                            0.0503552
xb.pon_dm                          1.16483e-09
xb.nbx_dm                                  3.3
xb.nb_dm                           4.41885e-09
xb.nonb_dm                                 3.3
xb.pg_dm                                   3.3
xb.xp_dm                           1.18925e-11
xb.ng_dm                           4.27329e-10
xb.xn_dm                                   3.3
xb.ksp_dm                          1.20563e-08
xb.kspb_dm                                 3.3
xb.kpx_dm                          9.63992e-11
xb.ksn_dm                                  3.3
xb.ksnb_dm                         4.41885e-09
xb.knx_dm                                  3.3
xb.xcp_dm.a                               1.65
xb.xcp_dm.b1                              1.65
xb.outi_dm                                1.65
xb.xcn_dm.a                               1.65
xb.xcn_dm.b1                              1.65
xb_dm                                     1.65
xc.enb                                     3.3
xc.enx                                 2.65533
xc.en                              2.31888e-09
xc.xrb.xsky130_fd_pr__res_xhigh_po_1p41.ra         1.18928
xc.vbn                                 1.17749
xc.vbp                                 1.62815
xc.pa_dp                                   3.3
xc.pax_dp                            0.0503552
xc.pon_dp                          1.16483e-09
xc.nbx_dp                                  3.3
xc.nb_dp                           4.41885e-09
xc.nonb_dp                                 3.3
xc.pg_dp                                   3.3
xc.xp_dp                           1.18925e-11
xc.ng_dp                           4.27328e-10
xc.xn_dp                                   3.3
xc.ksp_dp                          1.20563e-08
xc.kspb_dp                                 3.3
xc.kpx_dp                           9.6399e-11
xc.ksn_dp                                  3.3
xc.ksnb_dp                         4.41885e-09
xc.knx_dp                                  3.3
xc.xcp_dp.a                               1.65
xc.xcp_dp.b1                              1.65
xc.outi_dp                                1.65
xc.xcn_dp.a                               1.65
xc.xcn_dp.b1                              1.65
xc_dp                                     1.65
xc.pa_dm                                   3.3
xc.pax_dm                              2.65532
xc.pon_dm                          1.16483e-09
xc.nbx_dm                              3.29971
xc.nb_dm                           2.20943e-09
xc.nonb_dm                                 3.3
xc.pg_dm                                   3.3
xc.xp_dm                           1.18925e-11
xc.ng_dm                           4.27328e-10
xc.xn_dm                                   3.3
xc.ksp_dm                          1.20563e-08
xc.kspb_dm                                 3.3
xc.kpx_dm                          9.63992e-11
xc.ksn_dm                                  3.3
xc.ksnb_dm                         4.41885e-09
xc.knx_dm                                  3.3
xc.xcp_dm.a                               1.65
xc.xcp_dm.b1                              1.65
xc.outi_dm                                1.65
xc.xcn_dm.a                               1.65
xc.xcn_dm.b1                              1.65
xc_dm                                     1.65
abp                                4.36348e-11
abm                                4.36348e-11
acp                                4.36348e-11
acm                                4.36348e-11
wbp                                          0
wbm                                4.36348e-11
wcp                                4.36348e-11
wcm                                          0
bwcm#branch                                  0
vscm#branch                        4.36348e-11
bwcp#branch                                  0
vscp#branch                        4.36348e-11
bwbm#branch                                  0
vsbm#branch                        4.36348e-11
bwbp#branch                                  0
vsbp#branch                        4.36348e-11
bacm#branch                                  0
bacp#branch                                  0
babm#branch                                  0
babp#branch                                  0
bhi#branch                                   0
boe#branch                                   0
bsfm#branch                                  0
bsrm#branch                                  0
bsfp#branch                                  0
bsrp#branch                                  0
bddm#branch                                  0
bddp#branch                                  0
bunm#branch                                  0
bunp#branch                                  0
bovm#branch                                  0
bovp#branch                                  0
bdmn#branch                                  0
bdpn#branch                                  0
btxdm#branch                                 0
btxdp#branch                                 0
behalf#branch                                0
ehalf#branch                       1.74539e-10
voet#branch                                  0
vctl#branch                                  0
vsup#branch                       -0.000368022


No. of Data Rows : 15022

  Measurements for Transient Analysis

trise_dp_ns         =  1.01119e-08 targ=  1.15095e-07 trig=  1.04983e-07
tfall_dp_ns         =  9.65160e-09 targ=  2.15212e-07 trig=  2.05561e-07
trise_dm_ns         =  1.01119e-08 targ=  2.15595e-07 trig=  2.05483e-07
tfall_dm_ns         =  9.65234e-09 targ=  1.14714e-07 trig=  1.05062e-07
trf_dp_ratio        =  1.04769e+00
trf_dm_ratio        =  1.04761e+00
trf_x1_ratio        =  1.04761e+00
trf_x2_ratio        =  1.04769e+00
vcross_rise_v       =  1.61955e+00
vcross_fall_v       =  1.61936e+00
tx_rise_ns          =   1.09698e-07
tx_fall_ns          =   2.10197e-07
tx_first_ns         =   1.09698e-07
tx_second_ns        =   2.10197e-07
tx_last_ns          =   2.10197e-07
slope_rise_dp_min_vns=  1.56067e-01 at=  1.15090e-07
slope_fall_dp_max_vns=  -1.67846e-01 at=  2.15210e-07
slope_fall_dm_max_vns=  -1.67944e-01 at=  1.14710e-07
slope_rise_dm_min_vns=  1.56063e-01 at=  2.15590e-07
over_dp_mv          =  1.62370e-02 at=  2.02730e-07
under_dp_mv         =  1.00350e-01 at=  1.02450e-07
over_dm_mv          =  1.62487e-02 at=  1.02250e-07
under_dm_mv         =  1.00350e-01 at=  2.02950e-07
tpd_rise_dp_ns      =  9.55680e-09 targ=  1.09807e-07 trig=  1.00250e-07
tpd_fall_dp_ns      =  9.34216e-09 targ=  2.10092e-07 trig=  2.00750e-07
tpd_fall_dm_ns      =  9.34349e-09 targ=  1.09593e-07 trig=  1.00250e-07
tpd_rise_dm_ns      =  9.55674e-09 targ=  2.10307e-07 trig=  2.00750e-07
oe_xb_dp_off_pre_na =  4.52425e-11 at=  8.22256e-08
oe_xb_dp_enable_at_ns=   1.03928e-07
oe_xb_dp_on_ma      =  4.96362e-02 from=  1.50000e-07 to=  1.99010e-07
oe_xb_dp_release_at_ns=   2.18778e-07
oe_xb_dp_off_post_na=  4.54306e-11 at=  2.50388e-07
oe_xb_dp_wrongpol_pk_ma=  2.55033e-03 at=  1.01170e-07
oe_xb_dm_off_pre_na =  4.52462e-11 at=  8.93856e-08
oe_xb_dm_enable_at_ns=   1.03443e-07
oe_xb_dm_on_ma      =  -5.38817e-02 from=  1.50000e-07 to=  1.99010e-07
oe_xb_dm_release_at_ns=   2.13152e-07
oe_xb_dm_off_post_na=  4.52960e-11 at=  2.63728e-07
oe_xb_dm_wrongpol_pk_ma=  7.40200e-04 at=  1.00790e-07
oe_xc_dp_off_pre_na =  4.52536e-11 at=  4.25056e-08
oe_xc_dp_enable_at_ns=   1.03443e-07
oe_xc_dp_on_ma      =  -5.38817e-02 from=  1.50000e-07 to=  1.99010e-07
oe_xc_dp_release_at_ns=   2.13152e-07
oe_xc_dp_off_post_na=  4.53002e-11 at=  2.66168e-07
oe_xc_dp_wrongpol_pk_ma=  7.40200e-04 at=  1.00790e-07
oe_xc_dm_off_pre_na =  4.52402e-11 at=  8.48856e-08
oe_xc_dm_enable_at_ns=   1.03928e-07
oe_xc_dm_on_ma      =  4.96362e-02 from=  1.50000e-07 to=  1.99010e-07
oe_xc_dm_release_at_ns=   2.18778e-07
oe_xc_dm_off_post_na=  4.54258e-11 at=  2.52828e-07
oe_xc_dm_wrongpol_pk_ma=  2.55033e-03 at=  1.01170e-07

ngspice-46 done
