
Note: No compatibility mode selected!


Circuit: * klt sim -- generated corner deck, do not edit

Doing analysis at TEMP = 100.000000 and TNOM = 27.000000

Using SPARSE 1.3 as Direct Linear Solver

Initial Transient Solution
--------------------------

Node                                   Voltage
----                                   -------
vdd                                          3
mid                                        1.5
ehalf_int1                                 1.5
ctl                                          0
txdp                                         0
txdm                                         3
xa.enb                             1.50316e-08
xa.enx                             7.51579e-09
xa.en                                        3
xa.xrb.xsky130_fd_pr__res_xhigh_po_1p41.ra         1.19174
xa.vbn                                 1.17953
xa.vbp                                 1.42861
xa.pa_dp                               2.99999
xa.pax_dp                          2.36504e-06
xa.pon_dp                          2.15597e-09
xa.nbx_dp                              2.99999
xa.nb_dp                               2.99998
xa.nonb_dp                         2.15602e-09
xa.pg_dp                                     3
xa.xp_dp                            3.5698e-07
xa.ng_dp                                     3
xa.xn_dp                                     3
xa.ksp_dp                           1.8336e-08
xa.kspb_dp                             2.99999
xa.kpx_dp                          1.02596e-06
xa.ksn_dp                            0.0308897
xa.ksnb_dp                             2.99998
xa.knx_dp                                    3
xa.xcp_dp.a                        1.34622e-09
xa.xcp_dp.b1                       1.34622e-09
xa.outi_dp                         1.34622e-09
xa.xcn_dp.a                        1.34622e-09
xa.xcn_dp.b1                       1.34622e-09
dp                                 1.34622e-09
xa.pa_dm                           1.50316e-08
xa.pax_dm                          7.51581e-09
xa.pon_dm                                    3
xa.nbx_dm                             0.819301
xa.nb_dm                           1.79815e-08
xa.nonb_dm                                   3
xa.pg_dm                           1.34674e-09
xa.xp_dm                           7.90069e-10
xa.ng_dm                           7.61728e-10
xa.xn_dm                                     3
xa.ksp_dm                              2.94968
xa.kspb_dm                         7.66745e-09
xa.kpx_dm                          1.34674e-09
xa.ksn_dm                              2.99999
xa.ksnb_dm                         7.26301e-09
xa.knx_dm                                    3
xa.xcp_dm.a                                  3
xa.xcp_dm.b1                                 3
xa.outi_dm                                   3
xa.xcn_dm.a                                  3
xa.xcn_dm.b1                                 3
dm                                           3
dpn                                4.48741e-10
dmn                                          1
ovp                                         -3
ovm                                -2.7068e-07
unp                               -1.34622e-09
unm                                         -3
ddp                                          0
ddm                                          0
srp                                          1
sfp                                         -1
srm                                          1
sfm                                         -1
oet                                          0
oe                                           0
hi                                           3
xb.enb                                 2.99999
xb.enx                                 2.45486
xb.en                              3.84328e-09
xb.xrb.xsky130_fd_pr__res_xhigh_po_1p41.ra         1.19174
xb.vbn                                 1.17953
xb.vbp                                 1.42861
xb.pa_dp                               2.99999
xb.pax_dp                              2.45486
xb.pon_dp                          2.15596e-09
xb.nbx_dp                              2.98991
xb.nb_dp                           3.68457e-09
xb.nonb_dp                                   3
xb.pg_dp                                     3
xb.xp_dp                            3.5698e-07
xb.ng_dp                           7.61728e-10
xb.xn_dp                                     3
xb.ksp_dp                           1.8336e-08
xb.kspb_dp                             2.99999
xb.kpx_dp                          1.02596e-06
xb.ksn_dp                              2.99999
xb.ksnb_dp                         7.26301e-09
xb.knx_dp                                    3
xb.xcp_dp.a                                1.5
xb.xcp_dp.b1                               1.5
xb.outi_dp                                 1.5
xb.xcn_dp.a                                1.5
xb.xcn_dp.b1                               1.5
xb_dp                                      1.5
xb.pa_dm                                     3
xb.pax_dm                             0.102367
xb.pon_dm                          2.15593e-09
xb.nbx_dm                                    3
xb.nb_dm                           7.42783e-09
xb.nonb_dm                                   3
xb.pg_dm                                     3
xb.xp_dm                            3.5698e-07
xb.ng_dm                           7.61728e-10
xb.xn_dm                                     3
xb.ksp_dm                           1.8336e-08
xb.kspb_dm                             2.99999
xb.kpx_dm                          1.02596e-06
xb.ksn_dm                              2.99999
xb.ksnb_dm                         7.26301e-09
xb.knx_dm                                    3
xb.xcp_dm.a                                1.5
xb.xcp_dm.b1                               1.5
xb.outi_dm                                 1.5
xb.xcn_dm.a                                1.5
xb.xcn_dm.b1                               1.5
xb_dm                                      1.5
xc.enb                                 2.99999
xc.enx                                 2.45486
xc.en                              3.84328e-09
xc.xrb.xsky130_fd_pr__res_xhigh_po_1p41.ra         1.19174
xc.vbn                                 1.17953
xc.vbp                                 1.42861
xc.pa_dp                                     3
xc.pax_dp                             0.102367
xc.pon_dp                          2.15593e-09
xc.nbx_dp                                    3
xc.nb_dp                           7.42783e-09
xc.nonb_dp                                   3
xc.pg_dp                                     3
xc.xp_dp                            3.5698e-07
xc.ng_dp                           7.61728e-10
xc.xn_dp                                     3
xc.ksp_dp                           1.8336e-08
xc.kspb_dp                             2.99999
xc.kpx_dp                          1.02596e-06
xc.ksn_dp                              2.99999
xc.ksnb_dp                         7.26301e-09
xc.knx_dp                                    3
xc.xcp_dp.a                                1.5
xc.xcp_dp.b1                               1.5
xc.outi_dp                                 1.5
xc.xcn_dp.a                                1.5
xc.xcn_dp.b1                               1.5
xc_dp                                      1.5
xc.pa_dm                               2.99999
xc.pax_dm                              2.45486
xc.pon_dm                          2.15596e-09
xc.nbx_dm                              2.99042
xc.nb_dm                           3.68587e-09
xc.nonb_dm                                   3
xc.pg_dm                                     3
xc.xp_dm                            3.5698e-07
xc.ng_dm                           7.61728e-10
xc.xn_dm                                     3
xc.ksp_dm                           1.8336e-08
xc.kspb_dm                             2.99999
xc.kpx_dm                          1.02596e-06
xc.ksn_dm                              2.99999
xc.ksnb_dm                         7.26301e-09
xc.knx_dm                                    3
xc.xcp_dm.a                                1.5
xc.xcp_dm.b1                               1.5
xc.outi_dm                                 1.5
xc.xcn_dm.a                                1.5
xc.xcn_dm.b1                               1.5
xc_dm                                      1.5
abp                                1.22489e-08
abm                                1.22489e-08
acp                                1.22489e-08
acm                                1.22489e-08
wbp                                1.22489e-08
wbm                                          0
wcp                                          0
wcm                                1.22489e-08
bwcm#branch                                  0
vscm#branch                       -1.22489e-08
bwcp#branch                                  0
vscp#branch                       -1.22489e-08
bwbm#branch                                  0
vsbm#branch                       -1.22489e-08
bwbp#branch                                  0
vsbp#branch                       -1.22489e-08
bacm#branch                                  0
bacp#branch                                  0
babm#branch                                  0
babp#branch                                  0
bhi#branch                                   0
boe#branch                                   0
bsfm#branch                                  0
bsrm#branch                                  0
bsfp#branch                                  0
bsrp#branch                                  0
bddm#branch                                  0
bddp#branch                                  0
bunm#branch                                  0
bunp#branch                                  0
bovm#branch                                  0
bovp#branch                                  0
bdmn#branch                                  0
bdpn#branch                                  0
btxdm#branch                                 0
btxdp#branch                                 0
behalf#branch                                0
ehalf#branch                      -4.89957e-08
voet#branch                                  0
vctl#branch                                  0
vsup#branch                       -0.000384381


No. of Data Rows : 15020

  Measurements for Transient Analysis

trise_dp_ns         =  1.00369e-08 targ=  1.15481e-07 trig=  1.05444e-07
tfall_dp_ns         =  1.01539e-08 targ=  2.16904e-07 trig=  2.06751e-07
trise_dm_ns         =  1.00369e-08 targ=  2.15981e-07 trig=  2.05944e-07
tfall_dm_ns         =  1.01548e-08 targ=  1.16408e-07 trig=  1.06253e-07
trf_dp_ratio        =  9.88484e-01
trf_dm_ratio        =  9.88390e-01
trf_x1_ratio        =  9.88392e-01
trf_x2_ratio        =  9.88481e-01
vcross_rise_v       =  1.62860e+00
vcross_fall_v       =  1.62824e+00
tx_rise_ns          =   1.10560e-07
tx_fall_ns          =   2.11059e-07
tx_first_ns         =   1.10560e-07
tx_second_ns        =   2.11059e-07
tx_last_ns          =   2.11059e-07
slope_rise_dp_min_vns=  1.20799e-01 at=  1.15470e-07
slope_fall_dp_max_vns=  -1.26370e-01 at=  2.16890e-07
slope_fall_dm_max_vns=  -1.26515e-01 at=  1.16390e-07
slope_rise_dm_min_vns=  1.20798e-01 at=  2.15970e-07
over_dp_mv          =  1.55388e-02 at=  2.03010e-07
under_dp_mv         =  8.53612e-02 at=  1.02630e-07
over_dm_mv          =  1.55639e-02 at=  1.02530e-07
under_dm_mv         =  8.53615e-02 at=  2.03130e-07
tpd_rise_dp_ns      =  9.83827e-09 targ=  1.10088e-07 trig=  1.00250e-07
tpd_fall_dp_ns      =  1.07789e-08 targ=  2.11529e-07 trig=  2.00750e-07
tpd_fall_dm_ns      =  1.07817e-08 targ=  1.11032e-07 trig=  1.00250e-07
tpd_rise_dm_ns      =  9.83825e-09 targ=  2.10588e-07 trig=  2.00750e-07
oe_xb_dp_off_pre_na =  1.22511e-08 at=  4.40856e-08
oe_xb_dp_enable_at_ns=   1.04844e-07
oe_xb_dp_on_ma      =  3.54866e-02 from=  1.50000e-07 to=  1.99010e-07
oe_xb_dp_release_at_ns=   2.26419e-07
oe_xb_dp_off_post_na=  1.22585e-08 at=  2.57590e-07
oe_xb_dp_wrongpol_pk_ma=  2.02269e-03 at=  1.01510e-07
oe_xb_dm_off_pre_na =  1.22511e-08 at=  6.03656e-08
oe_xb_dm_enable_at_ns=   1.04765e-07
oe_xb_dm_on_ma      =  -3.88200e-02 from=  1.50000e-07 to=  1.99010e-07
oe_xb_dm_release_at_ns=   2.18381e-07
oe_xb_dm_off_post_na=  1.22550e-08 at=  2.50030e-07
oe_xb_dm_wrongpol_pk_ma=  5.41891e-04 at=  1.01050e-07
oe_xc_dp_off_pre_na =  1.22511e-08 at=  7.25056e-08
oe_xc_dp_enable_at_ns=   1.04765e-07
oe_xc_dp_on_ma      =  -3.88200e-02 from=  1.50000e-07 to=  1.99010e-07
oe_xc_dp_release_at_ns=   2.18381e-07
oe_xc_dp_off_post_na=  1.22550e-08 at=  2.50070e-07
oe_xc_dp_wrongpol_pk_ma=  5.41891e-04 at=  1.01050e-07
oe_xc_dm_off_pre_na =  1.22511e-08 at=  6.62456e-08
oe_xc_dm_enable_at_ns=   1.04844e-07
oe_xc_dm_on_ma      =  3.54866e-02 from=  1.50000e-07 to=  1.99010e-07
oe_xc_dm_release_at_ns=   2.26419e-07
oe_xc_dm_off_post_na=  1.22585e-08 at=  2.57510e-07
oe_xc_dm_wrongpol_pk_ma=  2.02269e-03 at=  1.01510e-07

ngspice-46 done
