
Note: No compatibility mode selected!


Circuit: * klt sim -- generated corner deck, do not edit

Doing analysis at TEMP = 100.000000 and TNOM = 27.000000

Using SPARSE 1.3 as Direct Linear Solver

Initial Transient Solution
--------------------------

Node                                   Voltage
----                                   -------
vdd                                        3.6
mid                                        1.8
ehalf_int1                                 1.8
ctl                                          0
txdp                                         0
txdm                                       3.6
xa.enb                             1.58528e-08
xa.enx                              7.9264e-09
xa.en                                      3.6
xa.xrb.xsky130_fd_pr__res_xhigh_po_1p41.ra         1.27383
xa.vbn                                 1.25779
xa.vbp                                 1.92617
xa.pa_dp                               3.59999
xa.pax_dp                          2.48755e-06
xa.pon_dp                          2.25811e-09
xa.nbx_dp                              3.59999
xa.nb_dp                               3.59998
xa.nonb_dp                         2.25816e-09
xa.pg_dp                                   3.6
xa.xp_dp                           3.71432e-07
xa.ng_dp                                   3.6
xa.xn_dp                                   3.6
xa.ksp_dp                          1.88936e-08
xa.kspb_dp                             3.59999
xa.kpx_dp                          1.08153e-06
xa.ksn_dp                            0.0360035
xa.ksnb_dp                             3.59998
xa.knx_dp                                  3.6
xa.xcp_dp.a                        1.36595e-09
xa.xcp_dp.b1                       1.36595e-09
xa.outi_dp                         1.36595e-09
xa.xcn_dp.a                        1.36595e-09
xa.xcn_dp.b1                       1.36595e-09
dp                                 1.36595e-09
xa.pa_dm                           1.58528e-08
xa.pax_dm                          7.92642e-09
xa.pon_dm                                  3.6
xa.nbx_dm                             0.915347
xa.nb_dm                            1.9156e-08
xa.nonb_dm                                 3.6
xa.pg_dm                           1.37883e-09
xa.xp_dm                           8.07678e-10
xa.ng_dm                           7.83554e-10
xa.xn_dm                                   3.6
xa.ksp_dm                               3.5451
xa.kspb_dm                         8.16669e-09
xa.kpx_dm                          1.37882e-09
xa.ksn_dm                              3.59999
xa.ksnb_dm                         7.67664e-09
xa.knx_dm                                  3.6
xa.xcp_dm.a                                3.6
xa.xcp_dm.b1                               3.6
xa.outi_dm                                 3.6
xa.xcn_dm.a                                3.6
xa.xcn_dm.b1                               3.6
dm                                         3.6
dpn                                3.79431e-10
dmn                                          1
ovp                                       -3.6
ovm                               -2.74786e-07
unp                               -1.36595e-09
unm                                       -3.6
ddp                                          0
ddm                                          0
srp                                          1
sfp                                         -1
srm                                          1
sfm                                         -1
oet                                          0
oe                                           0
hi                                         3.6
xb.enb                                 3.59999
xb.enx                                 2.98888
xb.en                              4.03688e-09
xb.xrb.xsky130_fd_pr__res_xhigh_po_1p41.ra         1.27383
xb.vbn                                 1.25779
xb.vbp                                 1.92617
xb.pa_dp                               3.59999
xb.pax_dp                              2.98888
xb.pon_dp                           2.2581e-09
xb.nbx_dp                              3.58929
xb.nb_dp                           3.87561e-09
xb.nonb_dp                                 3.6
xb.pg_dp                                   3.6
xb.xp_dp                           3.71432e-07
xb.ng_dp                           7.83554e-10
xb.xn_dp                                   3.6
xb.ksp_dp                          1.88936e-08
xb.kspb_dp                             3.59999
xb.kpx_dp                          1.08153e-06
xb.ksn_dp                              3.59999
xb.ksnb_dp                         7.67664e-09
xb.knx_dp                                  3.6
xb.xcp_dp.a                                1.8
xb.xcp_dp.b1                               1.8
xb.outi_dp                                 1.8
xb.xcn_dp.a                                1.8
xb.xcn_dp.b1                               1.8
xb_dp                                      1.8
xb.pa_dm                                   3.6
xb.pax_dm                             0.111012
xb.pon_dm                          2.25806e-09
xb.nbx_dm                                  3.6
xb.nb_dm                           7.81916e-09
xb.nonb_dm                                 3.6
xb.pg_dm                                   3.6
xb.xp_dm                           3.71432e-07
xb.ng_dm                           7.83554e-10
xb.xn_dm                                   3.6
xb.ksp_dm                          1.88936e-08
xb.kspb_dm                             3.59999
xb.kpx_dm                          1.08153e-06
xb.ksn_dm                              3.59999
xb.ksnb_dm                         7.67664e-09
xb.knx_dm                                  3.6
xb.xcp_dm.a                                1.8
xb.xcp_dm.b1                               1.8
xb.outi_dm                                 1.8
xb.xcn_dm.a                                1.8
xb.xcn_dm.b1                               1.8
xb_dm                                      1.8
xc.enb                                 3.59999
xc.enx                                 2.98888
xc.en                              4.03688e-09
xc.xrb.xsky130_fd_pr__res_xhigh_po_1p41.ra         1.27383
xc.vbn                                 1.25779
xc.vbp                                 1.92617
xc.pa_dp                                   3.6
xc.pax_dp                             0.111012
xc.pon_dp                          2.25806e-09
xc.nbx_dp                                  3.6
xc.nb_dp                           7.81916e-09
xc.nonb_dp                                 3.6
xc.pg_dp                                   3.6
xc.xp_dp                           3.71432e-07
xc.ng_dp                           7.83554e-10
xc.xn_dp                                   3.6
xc.ksp_dp                          1.88936e-08
xc.kspb_dp                             3.59999
xc.kpx_dp                          1.08153e-06
xc.ksn_dp                              3.59999
xc.ksnb_dp                         7.67664e-09
xc.knx_dp                                  3.6
xc.xcp_dp.a                                1.8
xc.xcp_dp.b1                               1.8
xc.outi_dp                                 1.8
xc.xcn_dp.a                                1.8
xc.xcn_dp.b1                               1.8
xc_dp                                      1.8
xc.pa_dm                               3.59999
xc.pax_dm                              2.98888
xc.pon_dm                           2.2581e-09
xc.nbx_dm                              3.58683
xc.nb_dm                           3.86929e-09
xc.nonb_dm                                 3.6
xc.pg_dm                                   3.6
xc.xp_dm                           3.71432e-07
xc.ng_dm                           7.83554e-10
xc.xn_dm                                   3.6
xc.ksp_dm                          1.88936e-08
xc.kspb_dm                             3.59999
xc.kpx_dm                          1.08153e-06
xc.ksn_dm                              3.59999
xc.ksnb_dm                         7.67664e-09
xc.knx_dm                                  3.6
xc.xcp_dm.a                                1.8
xc.xcp_dm.b1                               1.8
xc.outi_dm                                 1.8
xc.xcn_dm.a                                1.8
xc.xcn_dm.b1                               1.8
xc_dm                                      1.8
abp                                1.41927e-08
abm                                1.41927e-08
acp                                1.41927e-08
acm                                1.41927e-08
wbp                                1.41927e-08
wbm                                          0
wcp                                          0
wcm                                1.41927e-08
bwcm#branch                                  0
vscm#branch                       -1.41927e-08
bwcp#branch                                  0
vscp#branch                       -1.41927e-08
bwbm#branch                                  0
vsbm#branch                       -1.41927e-08
bwbp#branch                                  0
vsbp#branch                       -1.41927e-08
bacm#branch                                  0
bacp#branch                                  0
babm#branch                                  0
babp#branch                                  0
bhi#branch                                   0
boe#branch                                   0
bsfm#branch                                  0
bsrm#branch                                  0
bsfp#branch                                  0
bsrp#branch                                  0
bddm#branch                                  0
bddp#branch                                  0
bunm#branch                                  0
bunp#branch                                  0
bovm#branch                                  0
bovp#branch                                  0
bdmn#branch                                  0
bdpn#branch                                  0
btxdm#branch                                 0
btxdp#branch                                 0
behalf#branch                                0
ehalf#branch                      -5.67709e-08
voet#branch                                  0
vctl#branch                                  0
vsup#branch                       -0.000500074


No. of Data Rows : 15020

  Measurements for Transient Analysis

trise_dp_ns         =  9.18874e-09 targ=  1.13766e-07 trig=  1.04577e-07
tfall_dp_ns         =  8.81710e-09 targ=  2.14725e-07 trig=  2.05908e-07
trise_dm_ns         =  9.18872e-09 targ=  2.14266e-07 trig=  2.05077e-07
tfall_dm_ns         =  8.81753e-09 targ=  1.14227e-07 trig=  1.05409e-07
trf_dp_ratio        =  1.04215e+00
trf_dm_ratio        =  1.04210e+00
trf_x1_ratio        =  1.04210e+00
trf_x2_ratio        =  1.04215e+00
vcross_rise_v       =  1.94014e+00
vcross_fall_v       =  1.93991e+00
tx_rise_ns          =   1.09198e-07
tx_fall_ns          =   2.09698e-07
tx_first_ns         =   1.09198e-07
tx_second_ns        =   2.09698e-07
tx_last_ns          =   2.09698e-07
slope_rise_dp_min_vns=  1.55269e-01 at=  1.13750e-07
slope_fall_dp_max_vns=  -1.66730e-01 at=  2.14710e-07
slope_fall_dm_max_vns=  -1.66835e-01 at=  1.14210e-07
slope_rise_dm_min_vns=  1.55268e-01 at=  2.14250e-07
over_dp_mv          =  1.51855e-02 at=  2.02450e-07
under_dp_mv         =  8.14793e-02 at=  1.02110e-07
over_dm_mv          =  1.52043e-02 at=  1.01970e-07
under_dm_mv         =  8.14796e-02 at=  2.02610e-07
tpd_rise_dp_ns      =  8.55961e-09 targ=  1.08810e-07 trig=  1.00250e-07
tpd_fall_dp_ns      =  9.30980e-09 targ=  2.10060e-07 trig=  2.00750e-07
tpd_fall_dm_ns      =  9.31110e-09 targ=  1.09561e-07 trig=  1.00250e-07
tpd_rise_dm_ns      =  8.55959e-09 targ=  2.09310e-07 trig=  2.00750e-07
oe_xb_dp_off_pre_na =  1.41942e-08 at=  6.89056e-08
oe_xb_dp_enable_at_ns=   1.03575e-07
oe_xb_dp_on_ma      =  4.54462e-02 from=  1.50000e-07 to=  1.99010e-07
oe_xb_dp_release_at_ns=   2.23156e-07
oe_xb_dp_off_post_na=  1.42090e-08 at=  2.50030e-07
oe_xb_dp_wrongpol_pk_ma=  2.68696e-03 at=  1.01330e-07
oe_xb_dm_off_pre_na =  1.41942e-08 at=  3.02056e-08
oe_xb_dm_enable_at_ns=   1.03317e-07
oe_xb_dm_on_ma      =  -4.86622e-02 from=  1.50000e-07 to=  1.99010e-07
oe_xb_dm_release_at_ns=   2.16578e-07
oe_xb_dm_off_post_na=  1.42343e-08 at=  2.99930e-07
oe_xb_dm_wrongpol_pk_ma=  7.79909e-04 at=  1.00910e-07
oe_xc_dp_off_pre_na =  1.41942e-08 at=  7.17656e-08
oe_xc_dp_enable_at_ns=   1.03317e-07
oe_xc_dp_on_ma      =  -4.86622e-02 from=  1.50000e-07 to=  1.99010e-07
oe_xc_dp_release_at_ns=   2.16578e-07
oe_xc_dp_off_post_na=  1.42343e-08 at=  2.99970e-07
oe_xc_dp_wrongpol_pk_ma=  7.79909e-04 at=  1.00910e-07
oe_xc_dm_off_pre_na =  1.41942e-08 at=  6.64456e-08
oe_xc_dm_enable_at_ns=   1.03575e-07
oe_xc_dm_on_ma      =  4.54462e-02 from=  1.50000e-07 to=  1.99010e-07
oe_xc_dm_release_at_ns=   2.23156e-07
oe_xc_dm_off_post_na=  1.42090e-08 at=  2.50030e-07
oe_xc_dm_wrongpol_pk_ma=  2.68696e-03 at=  1.01330e-07

ngspice-46 done
