
Note: No compatibility mode selected!


Circuit: * klt sim -- generated corner deck, do not edit

Doing analysis at TEMP = 100.000000 and TNOM = 27.000000

Using SPARSE 1.3 as Direct Linear Solver

Initial Transient Solution
--------------------------

Node                                   Voltage
----                                   -------
vdd                                        3.3
mid                                       1.65
ehalf_int1                                1.65
ctl                                          0
txdp                                         0
txdm                                       3.3
xa.enb                              1.5409e-08
xa.enx                              7.7045e-09
xa.en                                      3.3
xa.xrb.xsky130_fd_pr__res_xhigh_po_1p41.ra         1.23368
xa.vbn                                 1.21957
xa.vbp                                 1.67627
xa.pa_dp                               3.29999
xa.pax_dp                          2.41977e-06
xa.pon_dp                          2.20126e-09
xa.nbx_dp                              3.29999
xa.nb_dp                               3.29998
xa.nonb_dp                         2.20131e-09
xa.pg_dp                                   3.3
xa.xp_dp                           3.63648e-07
xa.ng_dp                                   3.3
xa.xn_dp                                   3.3
xa.ksp_dp                          1.85889e-08
xa.kspb_dp                             3.29999
xa.kpx_dp                          1.05086e-06
xa.ksn_dp                            0.0334524
xa.ksnb_dp                             3.29998
xa.knx_dp                                  3.3
xa.xcp_dp.a                        1.35248e-09
xa.xcp_dp.b1                       1.35248e-09
xa.outi_dp                         1.35248e-09
xa.xcn_dp.a                        1.35248e-09
xa.xcn_dp.b1                       1.35248e-09
dp                                 1.35248e-09
xa.pa_dm                            1.5409e-08
xa.pax_dm                          7.70452e-09
xa.pon_dm                                  3.3
xa.nbx_dm                             0.868378
xa.nb_dm                           1.85339e-08
xa.nonb_dm                                 3.3
xa.pg_dm                           1.35988e-09
xa.xp_dm                           7.97517e-10
xa.ng_dm                           7.71038e-10
xa.xn_dm                                   3.3
xa.ksp_dm                              3.24744
xa.kspb_dm                         7.89138e-09
xa.kpx_dm                          1.35987e-09
xa.ksn_dm                              3.29999
xa.ksnb_dm                         7.45389e-09
xa.knx_dm                                  3.3
xa.xcp_dm.a                                3.3
xa.xcp_dm.b1                               3.3
xa.outi_dm                                 3.3
xa.xcn_dm.a                                3.3
xa.xcn_dm.b1                               3.3
dm                                         3.3
dpn                                4.09842e-10
dmn                                          1
ovp                                       -3.3
ovm                                -2.7131e-07
unp                               -1.35248e-09
unm                                       -3.3
ddp                                          0
ddm                                          0
srp                                          1
sfp                                         -1
srm                                          1
sfm                                         -1
oet                                          0
oe                                           0
hi                                         3.3
xb.enb                                 3.29999
xb.enx                                 2.72099
xb.en                              3.93185e-09
xb.xrb.xsky130_fd_pr__res_xhigh_po_1p41.ra         1.23368
xb.vbn                                 1.21957
xb.vbp                                 1.67627
xb.pa_dp                               3.29999
xb.pax_dp                              2.72099
xb.pon_dp                          2.20125e-09
xb.nbx_dp                              3.28893
xb.nb_dp                           3.77086e-09
xb.nonb_dp                                 3.3
xb.pg_dp                                   3.3
xb.xp_dp                           3.63648e-07
xb.ng_dp                           7.71038e-10
xb.xn_dp                                   3.3
xb.ksp_dp                          1.85889e-08
xb.kspb_dp                             3.29999
xb.kpx_dp                          1.05086e-06
xb.ksn_dp                              3.29999
xb.ksnb_dp                         7.45389e-09
xb.knx_dp                                  3.3
xb.xcp_dp.a                               1.65
xb.xcp_dp.b1                              1.65
xb.outi_dp                                1.65
xb.xcn_dp.a                               1.65
xb.xcn_dp.b1                              1.65
xb_dp                                     1.65
xb.pa_dm                                   3.3
xb.pax_dm                             0.106821
xb.pon_dm                          2.20122e-09
xb.nbx_dm                                  3.3
xb.nb_dm                            7.6077e-09
xb.nonb_dm                                 3.3
xb.pg_dm                                   3.3
xb.xp_dm                           3.63648e-07
xb.ng_dm                           7.71037e-10
xb.xn_dm                                   3.3
xb.ksp_dm                          1.85889e-08
xb.kspb_dm                             3.29999
xb.kpx_dm                          1.05086e-06
xb.ksn_dm                              3.29999
xb.ksnb_dm                         7.45389e-09
xb.knx_dm                                  3.3
xb.xcp_dm.a                               1.65
xb.xcp_dm.b1                              1.65
xb.outi_dm                                1.65
xb.xcn_dm.a                               1.65
xb.xcn_dm.b1                              1.65
xb_dm                                     1.65
xc.enb                                 3.29999
xc.enx                                 2.72099
xc.en                              3.93185e-09
xc.xrb.xsky130_fd_pr__res_xhigh_po_1p41.ra         1.23368
xc.vbn                                 1.21957
xc.vbp                                 1.67627
xc.pa_dp                                   3.3
xc.pax_dp                             0.106821
xc.pon_dp                          2.20122e-09
xc.nbx_dp                                  3.3
xc.nb_dp                            7.6077e-09
xc.nonb_dp                                 3.3
xc.pg_dp                                   3.3
xc.xp_dp                           3.63648e-07
xc.ng_dp                           7.71038e-10
xc.xn_dp                                   3.3
xc.ksp_dp                          1.85889e-08
xc.kspb_dp                             3.29999
xc.kpx_dp                          1.05086e-06
xc.ksn_dp                              3.29999
xc.ksnb_dp                         7.45389e-09
xc.knx_dp                                  3.3
xc.xcp_dp.a                               1.65
xc.xcp_dp.b1                              1.65
xc.outi_dp                                1.65
xc.xcn_dp.a                               1.65
xc.xcn_dp.b1                              1.65
xc_dp                                     1.65
xc.pa_dm                               3.29999
xc.pax_dm                              2.72099
xc.pon_dm                          2.20125e-09
xc.nbx_dm                              3.28895
xc.nb_dm                           3.77092e-09
xc.nonb_dm                                 3.3
xc.pg_dm                                   3.3
xc.xp_dm                           3.63648e-07
xc.ng_dm                           7.71038e-10
xc.xn_dm                                   3.3
xc.ksp_dm                          1.85889e-08
xc.kspb_dm                             3.29999
xc.kpx_dm                          1.05086e-06
xc.ksn_dm                              3.29999
xc.ksnb_dm                         7.45389e-09
xc.knx_dm                                  3.3
xc.xcp_dm.a                               1.65
xc.xcp_dm.b1                              1.65
xc.outi_dm                                1.65
xc.xcn_dm.a                               1.65
xc.xcn_dm.b1                              1.65
xc_dm                                     1.65
abp                                1.32134e-08
abm                                1.32134e-08
acp                                1.32134e-08
acm                                1.32134e-08
wbp                                1.32134e-08
wbm                                          0
wcp                                          0
wcm                                1.32134e-08
bwcm#branch                                  0
vscm#branch                       -1.32134e-08
bwcp#branch                                  0
vscp#branch                       -1.32134e-08
bwbm#branch                                  0
vsbm#branch                       -1.32134e-08
bwbp#branch                                  0
vsbp#branch                       -1.32134e-08
bacm#branch                                  0
bacp#branch                                  0
babm#branch                                  0
babp#branch                                  0
bhi#branch                                   0
boe#branch                                   0
bsfm#branch                                  0
bsrm#branch                                  0
bsfp#branch                                  0
bsrp#branch                                  0
bddm#branch                                  0
bddp#branch                                  0
bunm#branch                                  0
bunp#branch                                  0
bovm#branch                                  0
bovp#branch                                  0
bdmn#branch                                  0
bdpn#branch                                  0
btxdm#branch                                 0
btxdp#branch                                 0
behalf#branch                                0
ehalf#branch                      -5.28538e-08
voet#branch                                  0
vctl#branch                                  0
vsup#branch                       -0.000441907


No. of Data Rows : 15020

  Measurements for Transient Analysis

trise_dp_ns         =  9.56434e-09 targ=  1.14520e-07 trig=  1.04956e-07
tfall_dp_ns         =  9.38266e-09 targ=  2.15649e-07 trig=  2.06266e-07
trise_dm_ns         =  9.56431e-09 targ=  2.15020e-07 trig=  2.05456e-07
tfall_dm_ns         =  9.38338e-09 targ=  1.15151e-07 trig=  1.05768e-07
trf_dp_ratio        =  1.01936e+00
trf_dm_ratio        =  1.01928e+00
trf_x1_ratio        =  1.01929e+00
trf_x2_ratio        =  1.01936e+00
vcross_rise_v       =  1.78112e+00
vcross_fall_v       =  1.78082e+00
tx_rise_ns          =   1.09785e-07
tx_fall_ns          =   2.10284e-07
tx_first_ns         =   1.09785e-07
tx_second_ns        =   2.10284e-07
tx_last_ns          =   2.10284e-07
slope_rise_dp_min_vns=  1.37793e-01 at=  1.14510e-07
slope_fall_dp_max_vns=  -1.46744e-01 at=  2.15630e-07
slope_fall_dm_max_vns=  -1.45789e-01 at=  1.15150e-07
slope_rise_dm_min_vns=  1.37791e-01 at=  2.15010e-07
over_dp_mv          =  1.53734e-02 at=  2.02690e-07
under_dp_mv         =  8.37005e-02 at=  1.02350e-07
over_dm_mv          =  1.53946e-02 at=  1.02190e-07
under_dm_mv         =  8.37012e-02 at=  2.02850e-07
tpd_rise_dp_ns      =  9.12029e-09 targ=  1.09370e-07 trig=  1.00250e-07
tpd_fall_dp_ns      =  9.93109e-09 targ=  2.10681e-07 trig=  2.00750e-07
tpd_fall_dm_ns      =  9.93306e-09 targ=  1.10183e-07 trig=  1.00250e-07
tpd_rise_dm_ns      =  9.12026e-09 targ=  2.09870e-07 trig=  2.00750e-07
oe_xb_dp_off_pre_na =  1.32147e-08 at=  8.46656e-08
oe_xb_dp_enable_at_ns=   1.04115e-07
oe_xb_dp_on_ma      =  4.04936e-02 from=  1.50000e-07 to=  1.99010e-07
oe_xb_dp_release_at_ns=   2.24577e-07
oe_xb_dp_off_post_na=  1.32197e-08 at=  2.99370e-07
oe_xb_dp_wrongpol_pk_ma=  2.35216e-03 at=  1.01410e-07
oe_xb_dm_off_pre_na =  1.32147e-08 at=  2.18856e-08
oe_xb_dm_enable_at_ns=   1.03916e-07
oe_xb_dm_on_ma      =  -4.37475e-02 from=  1.50000e-07 to=  1.99010e-07
oe_xb_dm_release_at_ns=   2.17372e-07
oe_xb_dm_off_post_na=  1.32175e-08 at=  2.50030e-07
oe_xb_dm_wrongpol_pk_ma=  6.59272e-04 at=  1.00970e-07
oe_xc_dp_off_pre_na =  1.32147e-08 at=  2.65856e-08
oe_xc_dp_enable_at_ns=   1.03916e-07
oe_xc_dp_on_ma      =  -4.37475e-02 from=  1.50000e-07 to=  1.99010e-07
oe_xc_dp_release_at_ns=   2.17372e-07
oe_xc_dp_off_post_na=  1.32175e-08 at=  2.50030e-07
oe_xc_dp_wrongpol_pk_ma=  6.59272e-04 at=  1.00970e-07
oe_xc_dm_off_pre_na =  1.32147e-08 at=  2.76656e-08
oe_xc_dm_enable_at_ns=   1.04115e-07
oe_xc_dm_on_ma      =  4.04936e-02 from=  1.50000e-07 to=  1.99010e-07
oe_xc_dm_release_at_ns=   2.24577e-07
oe_xc_dm_off_post_na=  1.32197e-08 at=  2.99610e-07
oe_xc_dm_wrongpol_pk_ma=  2.35216e-03 at=  1.01410e-07

ngspice-46 done
