
Note: No compatibility mode selected!


Circuit: * klt sim -- generated corner deck, do not edit

Doing analysis at TEMP = 27.000000 and TNOM = 27.000000

Using SPARSE 1.3 as Direct Linear Solver

Initial Transient Solution
--------------------------

Node                                   Voltage
----                                   -------
vdd                                        3.3
mid                                       1.65
ehalf_int1                                1.65
ctl                                          0
txdp                                         0
txdm                                       3.3
xa.enb                             1.16745e-08
xa.enx                             5.83723e-09
xa.en                                      3.3
xa.xrb.xsky130_fd_pr__res_xhigh_po_1p41.ra         1.20819
xa.vbn                                 1.19522
xa.vbp                                    1.65
xa.pa_dp                                   3.3
xa.pax_dp                          7.24494e-08
xa.pon_dp                          1.46521e-09
xa.nbx_dp                                  3.3
xa.nb_dp                                   3.3
xa.nonb_dp                         1.46521e-09
xa.pg_dp                                   3.3
xa.xp_dp                           5.50017e-09
xa.ng_dp                                   3.3
xa.xn_dp                                   3.3
xa.ksp_dp                          1.37546e-08
xa.kspb_dp                                 3.3
xa.kpx_dp                          2.34534e-08
xa.ksn_dp                             0.024179
xa.ksnb_dp                                 3.3
xa.knx_dp                                  3.3
xa.xcp_dp.a                         8.2729e-10
xa.xcp_dp.b1                        8.2729e-10
xa.outi_dp                          8.2729e-10
xa.xcn_dp.a                         8.2729e-10
xa.xcn_dp.b1                        8.2729e-10
dp                                  8.2729e-10
xa.pa_dm                           1.16745e-08
xa.pax_dm                          5.83723e-09
xa.pon_dm                                  3.3
xa.nbx_dm                              1.04666
xa.nb_dm                           1.32682e-08
xa.nonb_dm                                 3.3
xa.pg_dm                           8.97258e-10
xa.xp_dm                           5.50165e-10
xa.ng_dm                           5.37723e-10
xa.xn_dm                                   3.3
xa.ksp_dm                              3.26014
xa.kspb_dm                         5.65552e-09
xa.kpx_dm                          8.97258e-10
xa.ksn_dm                                  3.3
xa.ksnb_dm                         5.60846e-09
xa.knx_dm                                  3.3
xa.xcp_dm.a                                3.3
xa.xcp_dm.b1                               3.3
xa.outi_dm                                 3.3
xa.xcn_dm.a                                3.3
xa.xcn_dm.b1                               3.3
dm                                         3.3
dpn                                2.50694e-10
dmn                                          1
ovp                                       -3.3
ovm                               -3.80994e-09
unp                                -8.2729e-10
unm                                       -3.3
ddp                                          0
ddm                                          0
srp                                          1
sfp                                         -1
srm                                          1
sfm                                         -1
oet                                          0
oe                                           0
hi                                         3.3
xb.enb                                     3.3
xb.enx                                 2.72495
xb.en                              2.91864e-09
xb.xrb.xsky130_fd_pr__res_xhigh_po_1p41.ra         1.20819
xb.vbn                                 1.19522
xb.vbp                                    1.65
xb.pa_dp                                   3.3
xb.pax_dp                              2.72495
xb.pon_dp                          1.46521e-09
xb.nbx_dp                              3.30502
xb.nb_dp                           2.80427e-09
xb.nonb_dp                                 3.3
xb.pg_dp                                   3.3
xb.xp_dp                           5.50017e-09
xb.ng_dp                           5.37723e-10
xb.xn_dp                                   3.3
xb.ksp_dp                          1.37546e-08
xb.kspb_dp                                 3.3
xb.kpx_dp                          2.34534e-08
xb.ksn_dp                                  3.3
xb.ksnb_dp                         5.60846e-09
xb.knx_dp                                  3.3
xb.xcp_dp.a                               1.65
xb.xcp_dp.b1                              1.65
xb.outi_dp                                1.65
xb.xcn_dp.a                               1.65
xb.xcn_dp.b1                              1.65
xb_dp                                     1.65
xb.pa_dm                                   3.3
xb.pax_dm                            0.0943301
xb.pon_dm                          1.46521e-09
xb.nbx_dm                                  3.3
xb.nb_dm                            5.6085e-09
xb.nonb_dm                                 3.3
xb.pg_dm                                   3.3
xb.xp_dm                           5.50017e-09
xb.ng_dm                           5.37723e-10
xb.xn_dm                                   3.3
xb.ksp_dm                          1.37546e-08
xb.kspb_dm                                 3.3
xb.kpx_dm                          2.34534e-08
xb.ksn_dm                                  3.3
xb.ksnb_dm                         5.60846e-09
xb.knx_dm                                  3.3
xb.xcp_dm.a                               1.65
xb.xcp_dm.b1                              1.65
xb.outi_dm                                1.65
xb.xcn_dm.a                               1.65
xb.xcn_dm.b1                              1.65
xb_dm                                     1.65
xc.enb                                     3.3
xc.enx                                 2.72495
xc.en                              2.91864e-09
xc.xrb.xsky130_fd_pr__res_xhigh_po_1p41.ra         1.20819
xc.vbn                                 1.19522
xc.vbp                                    1.65
xc.pa_dp                                   3.3
xc.pax_dp                            0.0943301
xc.pon_dp                          1.46521e-09
xc.nbx_dp                                  3.3
xc.nb_dp                            5.6085e-09
xc.nonb_dp                                 3.3
xc.pg_dp                                   3.3
xc.xp_dp                           5.50017e-09
xc.ng_dp                           5.37723e-10
xc.xn_dp                                   3.3
xc.ksp_dp                          1.37546e-08
xc.kspb_dp                                 3.3
xc.kpx_dp                          2.34534e-08
xc.ksn_dp                                  3.3
xc.ksnb_dp                         5.60846e-09
xc.knx_dp                                  3.3
xc.xcp_dp.a                               1.65
xc.xcp_dp.b1                              1.65
xc.outi_dp                                1.65
xc.xcn_dp.a                               1.65
xc.xcn_dp.b1                              1.65
xc_dp                                     1.65
xc.pa_dm                                   3.3
xc.pax_dm                              2.72495
xc.pon_dm                          1.46521e-09
xc.nbx_dm                              3.30502
xc.nb_dm                           2.80427e-09
xc.nonb_dm                                 3.3
xc.pg_dm                                   3.3
xc.xp_dm                           5.50017e-09
xc.ng_dm                           5.37723e-10
xc.xn_dm                                   3.3
xc.ksp_dm                          1.37546e-08
xc.kspb_dm                                 3.3
xc.kpx_dm                          2.34534e-08
xc.ksn_dm                                  3.3
xc.ksnb_dm                         5.60846e-09
xc.knx_dm                                  3.3
xc.xcp_dm.a                               1.65
xc.xcp_dm.b1                              1.65
xc.outi_dm                                1.65
xc.xcn_dm.a                               1.65
xc.xcn_dm.b1                              1.65
xc_dm                                     1.65
abp                                 1.4877e-10
abm                                 1.4877e-10
acp                                 1.4877e-10
acm                                 1.4877e-10
wbp                                 1.4877e-10
wbm                                          0
wcp                                          0
wcm                                 1.4877e-10
bwcm#branch                                  0
vscm#branch                        -1.4877e-10
bwcp#branch                                  0
vscp#branch                        -1.4877e-10
bwbm#branch                                  0
vsbm#branch                        -1.4877e-10
bwbp#branch                                  0
vsbp#branch                        -1.4877e-10
bacm#branch                                  0
bacp#branch                                  0
babm#branch                                  0
babp#branch                                  0
bhi#branch                                   0
boe#branch                                   0
bsfm#branch                                  0
bsrm#branch                                  0
bsfp#branch                                  0
bsrp#branch                                  0
bddm#branch                                  0
bddp#branch                                  0
bunm#branch                                  0
bunp#branch                                  0
bovm#branch                                  0
bovp#branch                                  0
bdmn#branch                                  0
bdpn#branch                                  0
btxdm#branch                                 0
btxdp#branch                                 0
behalf#branch                                0
ehalf#branch                      -5.95079e-10
voet#branch                                  0
vctl#branch                                  0
vsup#branch                       -0.000405373


No. of Data Rows : 15020

  Measurements for Transient Analysis

trise_dp_ns         =  9.73007e-09 targ=  1.14699e-07 trig=  1.04969e-07
tfall_dp_ns         =  9.31503e-09 targ=  2.15224e-07 trig=  2.05909e-07
trise_dm_ns         =  9.73006e-09 targ=  2.15199e-07 trig=  2.05469e-07
tfall_dm_ns         =  9.31586e-09 targ=  1.14726e-07 trig=  1.05410e-07
trf_dp_ratio        =  1.04456e+00
trf_dm_ratio        =  1.04446e+00
trf_x1_ratio        =  1.04446e+00
trf_x2_ratio        =  1.04455e+00
vcross_rise_v       =  1.68245e+00
vcross_fall_v       =  1.68219e+00
tx_rise_ns          =   1.09648e-07
tx_fall_ns          =   2.10147e-07
tx_first_ns         =   1.09648e-07
tx_second_ns        =   2.10147e-07
tx_last_ns          =   2.10147e-07
slope_rise_dp_min_vns=  1.47183e-01 at=  1.14690e-07
slope_fall_dp_max_vns=  -1.58334e-01 at=  2.15210e-07
slope_fall_dm_max_vns=  -1.58457e-01 at=  1.14710e-07
slope_rise_dm_min_vns=  1.47182e-01 at=  2.15190e-07
over_dp_mv          =  1.61354e-02 at=  2.02730e-07
under_dp_mv         =  9.30452e-02 at=  1.02410e-07
over_dm_mv          =  1.61514e-02 at=  1.02230e-07
under_dm_mv         =  9.30458e-02 at=  2.02910e-07
tpd_rise_dp_ns      =  9.28954e-09 targ=  1.09540e-07 trig=  1.00250e-07
tpd_fall_dp_ns      =  9.49982e-09 targ=  2.10250e-07 trig=  2.00750e-07
tpd_fall_dm_ns      =  9.50155e-09 targ=  1.09752e-07 trig=  1.00250e-07
tpd_rise_dm_ns      =  9.28952e-09 targ=  2.10040e-07 trig=  2.00750e-07
oe_xb_dp_off_pre_na =  1.49693e-10 at=  9.74056e-08
oe_xb_dp_enable_at_ns=   1.04018e-07
oe_xb_dp_on_ma      =  4.48043e-02 from=  1.50000e-07 to=  1.99010e-07
oe_xb_dp_release_at_ns=   2.21672e-07
oe_xb_dp_off_post_na=  1.59848e-10 at=  2.95290e-07
oe_xb_dp_wrongpol_pk_ma=  2.45346e-03 at=  1.01290e-07
oe_xb_dm_off_pre_na =  1.49687e-10 at=  8.18656e-08
oe_xb_dm_enable_at_ns=   1.03672e-07
oe_xb_dm_on_ma      =  -4.89465e-02 from=  1.50000e-07 to=  1.99010e-07
oe_xb_dm_release_at_ns=   2.15254e-07
oe_xb_dm_off_post_na=  2.10101e-10 at=  2.50010e-07
oe_xb_dm_wrongpol_pk_ma=  6.98640e-04 at=  1.00870e-07
oe_xc_dp_off_pre_na =  1.49698e-10 at=  2.64856e-08
oe_xc_dp_enable_at_ns=   1.03672e-07
oe_xc_dp_on_ma      =  -4.89465e-02 from=  1.50000e-07 to=  1.99010e-07
oe_xc_dp_release_at_ns=   2.15254e-07
oe_xc_dp_off_post_na=  2.10087e-10 at=  2.50010e-07
oe_xc_dp_wrongpol_pk_ma=  6.98640e-04 at=  1.00870e-07
oe_xc_dm_off_pre_na =  1.49691e-10 at=  2.46656e-08
oe_xc_dm_enable_at_ns=   1.04018e-07
oe_xc_dm_on_ma      =  4.48043e-02 from=  1.50000e-07 to=  1.99010e-07
oe_xc_dm_release_at_ns=   2.21672e-07
oe_xc_dm_off_post_na=  1.59847e-10 at=  2.96090e-07
oe_xc_dm_wrongpol_pk_ma=  2.45346e-03 at=  1.01290e-07

ngspice-46 done
