
Note: No compatibility mode selected!


Circuit: * klt sim -- generated corner deck, do not edit

Doing analysis at TEMP = 27.000000 and TNOM = 27.000000

Using SPARSE 1.3 as Direct Linear Solver

Initial Transient Solution
--------------------------

Node                                   Voltage
----                                   -------
vdd                                          3
mid                                        1.5
ehalf_int1                                 1.5
ctl                                          0
txdp                                         0
txdm                                         3
xa.enb                             1.13349e-08
xa.enx                             5.66747e-09
xa.en                                        3
xa.xrb.xsky130_fd_pr__res_xhigh_po_1p41.ra          1.1741
xa.vbn                                 1.16291
xa.vbp                                 1.39443
xa.pa_dp                                     3
xa.pax_dp                           7.0181e-08
xa.pon_dp                          1.42172e-09
xa.nbx_dp                                    3
xa.nb_dp                                     3
xa.nonb_dp                         1.42172e-09
xa.pg_dp                                     3
xa.xp_dp                           5.38863e-09
xa.ng_dp                                     3
xa.xn_dp                                     3
xa.ksp_dp                           1.3512e-08
xa.kspb_dp                                   3
xa.kpx_dp                          2.26942e-08
xa.ksn_dp                            0.0221655
xa.ksnb_dp                                   3
xa.knx_dp                                    3
xa.xcp_dp.a                        8.10385e-10
xa.xcp_dp.b1                       8.10385e-10
xa.outi_dp                         8.10385e-10
xa.xcn_dp.a                        8.10385e-10
xa.xcn_dp.b1                       8.10385e-10
dp                                 8.10385e-10
xa.pa_dm                           1.13349e-08
xa.pax_dm                          5.66747e-09
xa.pon_dm                                    3
xa.nbx_dm                             0.998093
xa.nb_dm                           1.27402e-08
xa.nonb_dm                                   3
xa.pg_dm                           8.78544e-10
xa.xp_dm                           5.40471e-10
xa.ng_dm                           5.26733e-10
xa.xn_dm                                     3
xa.ksp_dm                              2.96177
xa.kspb_dm                         5.51055e-09
xa.kpx_dm                          8.78544e-10
xa.ksn_dm                                    3
xa.ksnb_dm                         5.45742e-09
xa.knx_dm                                    3
xa.xcp_dm.a                                  3
xa.xcp_dm.b1                                 3
xa.outi_dm                                   3
xa.xcn_dm.a                                  3
xa.xcn_dm.b1                                 3
dm                                           3
dpn                                2.70128e-10
dmn                                          1
ovp                                         -3
ovm                               -3.78557e-09
unp                               -8.10385e-10
unm                                         -3
ddp                                          0
ddm                                          0
srp                                          1
sfp                                         -1
srm                                          1
sfm                                         -1
oet                                          0
oe                                           0
hi                                           3
xb.enb                                       3
xb.enx                                 2.45776
xb.en                              2.83376e-09
xb.xrb.xsky130_fd_pr__res_xhigh_po_1p41.ra          1.1741
xb.vbn                                 1.16291
xb.vbp                                 1.39443
xb.pa_dp                                     3
xb.pax_dp                              2.45776
xb.pon_dp                          1.42172e-09
xb.nbx_dp                              3.00333
xb.nb_dp                           2.72874e-09
xb.nonb_dp                                   3
xb.pg_dp                                     3
xb.xp_dp                           5.38863e-09
xb.ng_dp                           5.26733e-10
xb.xn_dp                                     3
xb.ksp_dp                           1.3512e-08
xb.kspb_dp                                   3
xb.kpx_dp                          2.26942e-08
xb.ksn_dp                                    3
xb.ksnb_dp                         5.45742e-09
xb.knx_dp                                    3
xb.xcp_dp.a                                1.5
xb.xcp_dp.b1                               1.5
xb.outi_dp                                 1.5
xb.xcn_dp.a                                1.5
xb.xcn_dp.b1                               1.5
xb_dp                                      1.5
xb.pa_dm                                     3
xb.pax_dm                            0.0905838
xb.pon_dm                          1.42172e-09
xb.nbx_dm                                    3
xb.nb_dm                           5.45746e-09
xb.nonb_dm                                   3
xb.pg_dm                                     3
xb.xp_dm                           5.38863e-09
xb.ng_dm                           5.26733e-10
xb.xn_dm                                     3
xb.ksp_dm                           1.3512e-08
xb.kspb_dm                                   3
xb.kpx_dm                          2.26942e-08
xb.ksn_dm                                    3
xb.ksnb_dm                         5.45742e-09
xb.knx_dm                                    3
xb.xcp_dm.a                                1.5
xb.xcp_dm.b1                               1.5
xb.outi_dm                                 1.5
xb.xcn_dm.a                                1.5
xb.xcn_dm.b1                               1.5
xb_dm                                      1.5
xc.enb                                       3
xc.enx                                 2.45776
xc.en                              2.83376e-09
xc.xrb.xsky130_fd_pr__res_xhigh_po_1p41.ra          1.1741
xc.vbn                                 1.16291
xc.vbp                                 1.39443
xc.pa_dp                                     3
xc.pax_dp                            0.0905838
xc.pon_dp                          1.42172e-09
xc.nbx_dp                                    3
xc.nb_dp                           5.45746e-09
xc.nonb_dp                                   3
xc.pg_dp                                     3
xc.xp_dp                           5.38863e-09
xc.ng_dp                           5.26733e-10
xc.xn_dp                                     3
xc.ksp_dp                           1.3512e-08
xc.kspb_dp                                   3
xc.kpx_dp                          2.26942e-08
xc.ksn_dp                                    3
xc.ksnb_dp                         5.45742e-09
xc.knx_dp                                    3
xc.xcp_dp.a                                1.5
xc.xcp_dp.b1                               1.5
xc.outi_dp                                 1.5
xc.xcn_dp.a                                1.5
xc.xcn_dp.b1                               1.5
xc_dp                                      1.5
xc.pa_dm                                     3
xc.pax_dm                              2.45776
xc.pon_dm                          1.42172e-09
xc.nbx_dm                              3.00333
xc.nb_dm                           2.72874e-09
xc.nonb_dm                                   3
xc.pg_dm                                     3
xc.xp_dm                           5.38863e-09
xc.ng_dm                           5.26733e-10
xc.xn_dm                                     3
xc.ksp_dm                           1.3512e-08
xc.kspb_dm                                   3
xc.kpx_dm                          2.26942e-08
xc.ksn_dm                                    3
xc.ksnb_dm                         5.45742e-09
xc.knx_dm                                    3
xc.xcp_dm.a                                1.5
xc.xcp_dm.b1                               1.5
xc.outi_dm                                 1.5
xc.xcn_dm.a                                1.5
xc.xcn_dm.b1                               1.5
xc_dm                                      1.5
abp                                1.37332e-10
abm                                1.37332e-10
acp                                1.37332e-10
acm                                1.37332e-10
wbp                                1.37332e-10
wbm                                          0
wcp                                          0
wcm                                1.37332e-10
bwcm#branch                                  0
vscm#branch                       -1.37332e-10
bwcp#branch                                  0
vscp#branch                       -1.37332e-10
bwbm#branch                                  0
vsbm#branch                       -1.37332e-10
bwbp#branch                                  0
vsbp#branch                       -1.37332e-10
bacm#branch                                  0
bacp#branch                                  0
babm#branch                                  0
babp#branch                                  0
bhi#branch                                   0
boe#branch                                   0
bsfm#branch                                  0
bsrm#branch                                  0
bsfp#branch                                  0
bsrp#branch                                  0
bddm#branch                                  0
bddp#branch                                  0
bunm#branch                                  0
bunp#branch                                  0
bovm#branch                                  0
bovp#branch                                  0
bdmn#branch                                  0
bdpn#branch                                  0
btxdm#branch                                 0
btxdp#branch                                 0
behalf#branch                                0
ehalf#branch                      -5.49327e-10
voet#branch                                  0
vctl#branch                                  0
vsup#branch                       -0.000351578


No. of Data Rows : 15020

  Measurements for Transient Analysis

trise_dp_ns         =  1.02505e-08 targ=  1.15745e-07 trig=  1.05494e-07
tfall_dp_ns         =  1.01263e-08 targ=  2.16507e-07 trig=  2.06381e-07
trise_dm_ns         =  1.02505e-08 targ=  2.16245e-07 trig=  2.05994e-07
tfall_dm_ns         =  1.01274e-08 targ=  1.16010e-07 trig=  1.05883e-07
trf_dp_ratio        =  1.01227e+00
trf_dm_ratio        =  1.01216e+00
trf_x1_ratio        =  1.01216e+00
trf_x2_ratio        =  1.01227e+00
vcross_rise_v       =  1.53959e+00
vcross_fall_v       =  1.53927e+00
tx_rise_ns          =   1.10478e-07
tx_fall_ns          =   2.10976e-07
tx_first_ns         =   1.10478e-07
tx_second_ns        =   2.10976e-07
tx_last_ns          =   2.10976e-07
slope_rise_dp_min_vns=  1.28999e-01 at=  1.15730e-07
slope_fall_dp_max_vns=  -1.36799e-01 at=  2.16490e-07
slope_fall_dm_max_vns=  -1.36936e-01 at=  1.15990e-07
slope_rise_dm_min_vns=  1.29000e-01 at=  2.16230e-07
over_dp_mv          =  1.64703e-02 at=  2.03090e-07
under_dp_mv         =  9.46079e-02 at=  1.02730e-07
over_dm_mv          =  1.64897e-02 at=  1.02590e-07
under_dm_mv         =  9.46080e-02 at=  2.03230e-07
tpd_rise_dp_ns      =  1.00744e-08 targ=  1.10324e-07 trig=  1.00250e-07
tpd_fall_dp_ns      =  1.03781e-08 targ=  2.11128e-07 trig=  2.00750e-07
tpd_fall_dm_ns      =  1.03806e-08 targ=  1.10631e-07 trig=  1.00250e-07
tpd_rise_dm_ns      =  1.00744e-08 targ=  2.10824e-07 trig=  2.00750e-07
oe_xb_dp_off_pre_na =  1.36434e-10 at=  5.93656e-08
oe_xb_dp_enable_at_ns=   1.04766e-07
oe_xb_dp_on_ma      =  3.92635e-02 from=  1.50000e-07 to=  1.99010e-07
oe_xb_dp_release_at_ns=   2.23428e-07
oe_xb_dp_off_post_na=  1.55720e-10 at=  2.50090e-07
oe_xb_dp_wrongpol_pk_ma=  2.10427e-03 at=  1.01370e-07
oe_xb_dm_off_pre_na =  1.36462e-10 at=  4.49656e-08
oe_xb_dm_enable_at_ns=   1.04482e-07
oe_xb_dm_on_ma      =  -4.36086e-02 from=  1.50000e-07 to=  1.99010e-07
oe_xb_dm_release_at_ns=   2.16202e-07
oe_xb_dm_off_post_na=  1.61966e-10 at=  2.50030e-07
oe_xb_dm_wrongpol_pk_ma=  5.71748e-04 at=  1.00930e-07
oe_xc_dp_off_pre_na =  1.36453e-10 at=  2.25656e-08
oe_xc_dp_enable_at_ns=   1.04482e-07
oe_xc_dp_on_ma      =  -4.36086e-02 from=  1.50000e-07 to=  1.99010e-07
oe_xc_dp_release_at_ns=   2.16202e-07
oe_xc_dp_off_post_na=  1.61973e-10 at=  2.50030e-07
oe_xc_dp_wrongpol_pk_ma=  5.71748e-04 at=  1.00930e-07
oe_xc_dm_off_pre_na =  1.36452e-10 at=  6.84456e-08
oe_xc_dm_enable_at_ns=   1.04766e-07
oe_xc_dm_on_ma      =  3.92635e-02 from=  1.50000e-07 to=  1.99010e-07
oe_xc_dm_release_at_ns=   2.23428e-07
oe_xc_dm_off_post_na=  1.55682e-10 at=  2.50090e-07
oe_xc_dm_wrongpol_pk_ma=  2.10427e-03 at=  1.01370e-07

ngspice-46 done
