
Note: No compatibility mode selected!


Circuit: * klt sim -- generated corner deck, do not edit

Doing analysis at TEMP = 100.000000 and TNOM = 27.000000

Using SPARSE 1.3 as Direct Linear Solver

Initial Transient Solution
--------------------------

Node                                   Voltage
----                                   -------
vdd                                        3.6
mid                                        1.8
ehalf_int1                                 1.8
ctl                                          0
txdp                                         0
txdm                                       3.6
xa.enb                             2.27722e-08
xa.enx                             1.13861e-08
xa.en                                      3.6
xa.xrb.xsky130_fd_pr__res_xhigh_po_1p41.ra         1.39898
xa.vbn                                 1.38387
xa.vbp                                 1.97994
xa.pa_dp                                   3.6
xa.pax_dp                          6.08789e-08
xa.pon_dp                          3.37314e-09
xa.nbx_dp                                  3.6
xa.nb_dp                                   3.6
xa.nonb_dp                         3.37314e-09
xa.pg_dp                                   3.6
xa.xp_dp                            8.2367e-08
xa.ng_dp                                   3.6
xa.xn_dp                                   3.6
xa.ksp_dp                          2.43336e-08
xa.kspb_dp                                 3.6
xa.kpx_dp                          5.97306e-08
xa.ksn_dp                             0.043934
xa.ksnb_dp                                 3.6
xa.knx_dp                                  3.6
xa.xcp_dp.a                        2.65762e-09
xa.xcp_dp.b1                       2.65762e-09
xa.outi_dp                         2.65762e-09
xa.xcn_dp.a                        2.65762e-09
xa.xcn_dp.b1                       2.65762e-09
dp                                 2.65762e-09
xa.pa_dm                           2.27722e-08
xa.pax_dm                          1.13861e-08
xa.pon_dm                                  3.6
xa.nbx_dm                             0.874151
xa.nb_dm                           2.88227e-08
xa.nonb_dm                                 3.6
xa.pg_dm                           2.06045e-09
xa.xp_dm                           1.07383e-09
xa.ng_dm                             1.403e-09
xa.xn_dm                                   3.6
xa.ksp_dm                              3.54932
xa.kspb_dm                         1.38686e-08
xa.kpx_dm                          2.06045e-09
xa.ksn_dm                                  3.6
xa.ksnb_dm                         1.20517e-08
xa.knx_dm                                  3.6
xa.xcp_dm.a                                3.6
xa.xcp_dm.b1                               3.6
xa.outi_dm                                 3.6
xa.xcn_dm.a                                3.6
xa.xcn_dm.b1                               3.6
dm                                         3.6
dpn                                7.38229e-10
dmn                                          1
ovp                                       -3.6
ovm                               -7.82337e-08
unp                               -2.65762e-09
unm                                       -3.6
ddp                                          0
ddm                                          0
srp                                          1
sfp                                         -1
srm                                          1
sfm                                         -1
oet                                          0
oe                                           0
hi                                         3.6
xb.enb                                     3.6
xb.enx                                 2.86422
xb.en                               5.6789e-09
xb.xrb.xsky130_fd_pr__res_xhigh_po_1p41.ra         1.39898
xb.vbn                                 1.38387
xb.vbp                                 1.97994
xb.pa_dp                                   3.6
xb.pax_dp                              2.86422
xb.pon_dp                          3.37314e-09
xb.nbx_dp                              3.57911
xb.nb_dp                           5.81278e-09
xb.nonb_dp                                 3.6
xb.pg_dp                                   3.6
xb.xp_dp                            8.2367e-08
xb.ng_dp                             1.403e-09
xb.xn_dp                                   3.6
xb.ksp_dp                          2.43336e-08
xb.kspb_dp                                 3.6
xb.kpx_dp                          5.97306e-08
xb.ksn_dp                                  3.6
xb.ksnb_dp                         1.20517e-08
xb.knx_dp                                  3.6
xb.xcp_dp.a                                1.8
xb.xcp_dp.b1                               1.8
xb.outi_dp                                 1.8
xb.xcn_dp.a                                1.8
xb.xcn_dp.b1                               1.8
xb_dp                                      1.8
xb.pa_dm                                   3.6
xb.pax_dm                            0.0743297
xb.pon_dm                          3.37314e-09
xb.nbx_dm                                  3.6
xb.nb_dm                           1.20217e-08
xb.nonb_dm                                 3.6
xb.pg_dm                                   3.6
xb.xp_dm                            8.2367e-08
xb.ng_dm                             1.403e-09
xb.xn_dm                                   3.6
xb.ksp_dm                          2.43336e-08
xb.kspb_dm                                 3.6
xb.kpx_dm                          5.97306e-08
xb.ksn_dm                                  3.6
xb.ksnb_dm                         1.20517e-08
xb.knx_dm                                  3.6
xb.xcp_dm.a                                1.8
xb.xcp_dm.b1                               1.8
xb.outi_dm                                 1.8
xb.xcn_dm.a                                1.8
xb.xcn_dm.b1                               1.8
xb_dm                                      1.8
xc.enb                                     3.6
xc.enx                                 2.86422
xc.en                               5.6789e-09
xc.xrb.xsky130_fd_pr__res_xhigh_po_1p41.ra         1.39898
xc.vbn                                 1.38387
xc.vbp                                 1.97994
xc.pa_dp                                   3.6
xc.pax_dp                            0.0743303
xc.pon_dp                          3.37314e-09
xc.nbx_dp                                  3.6
xc.nb_dp                           1.20217e-08
xc.nonb_dp                                 3.6
xc.pg_dp                                   3.6
xc.xp_dp                            8.2367e-08
xc.ng_dp                             1.403e-09
xc.xn_dp                                   3.6
xc.ksp_dp                          2.43336e-08
xc.kspb_dp                                 3.6
xc.kpx_dp                          5.97306e-08
xc.ksn_dp                                  3.6
xc.ksnb_dp                         1.20517e-08
xc.knx_dp                                  3.6
xc.xcp_dp.a                                1.8
xc.xcp_dp.b1                               1.8
xc.outi_dp                                 1.8
xc.xcn_dp.a                                1.8
xc.xcn_dp.b1                               1.8
xc_dp                                      1.8
xc.pa_dm                                   3.6
xc.pax_dm                              2.86422
xc.pon_dm                          3.37314e-09
xc.nbx_dm                              3.57891
xc.nb_dm                           5.81137e-09
xc.nonb_dm                                 3.6
xc.pg_dm                                   3.6
xc.xp_dm                            8.2367e-08
xc.ng_dm                             1.403e-09
xc.xn_dm                                   3.6
xc.ksp_dm                          2.43336e-08
xc.kspb_dm                                 3.6
xc.kpx_dm                          5.97306e-08
xc.ksn_dm                                  3.6
xc.ksnb_dm                         1.20517e-08
xc.knx_dm                                  3.6
xc.xcp_dm.a                                1.8
xc.xcp_dm.b1                               1.8
xc.outi_dm                                 1.8
xc.xcn_dm.a                                1.8
xc.xcn_dm.b1                               1.8
xc_dm                                      1.8
abp                                4.39211e-09
abm                                4.39211e-09
acp                                4.39211e-09
acm                                4.39211e-09
wbp                                4.39211e-09
wbm                                          0
wcp                                          0
wcm                                4.39211e-09
bwcm#branch                                  0
vscm#branch                       -4.39211e-09
bwcp#branch                                  0
vscp#branch                       -4.39211e-09
bwbm#branch                                  0
vsbm#branch                       -4.39211e-09
bwbp#branch                                  0
vsbp#branch                       -4.39211e-09
bacm#branch                                  0
bacp#branch                                  0
babm#branch                                  0
babp#branch                                  0
bhi#branch                                   0
boe#branch                                   0
bsfm#branch                                  0
bsrm#branch                                  0
bsfp#branch                                  0
bsrp#branch                                  0
bddm#branch                                  0
bddp#branch                                  0
bunm#branch                                  0
bunp#branch                                  0
bovm#branch                                  0
bovp#branch                                  0
bdmn#branch                                  0
bdpn#branch                                  0
btxdm#branch                                 0
btxdp#branch                                 0
behalf#branch                                0
ehalf#branch                      -1.75684e-08
voet#branch                                  0
vctl#branch                                  0
vsup#branch                       -0.000471391


No. of Data Rows : 15020

  Measurements for Transient Analysis

trise_dp_ns         =  9.60069e-09 targ=  1.14579e-07 trig=  1.04978e-07
tfall_dp_ns         =  9.71957e-09 targ=  2.16178e-07 trig=  2.06459e-07
trise_dm_ns         =  9.60068e-09 targ=  2.15079e-07 trig=  2.05478e-07
tfall_dm_ns         =  9.72027e-09 targ=  1.15681e-07 trig=  1.05960e-07
trf_dp_ratio        =  9.87769e-01
trf_dm_ratio        =  9.87696e-01
trf_x1_ratio        =  9.87698e-01
trf_x2_ratio        =  9.87768e-01
vcross_rise_v       =  1.96969e+00
vcross_fall_v       =  1.96942e+00
tx_rise_ns          =   1.09929e-07
tx_fall_ns          =   2.10428e-07
tx_first_ns         =   1.09929e-07
tx_second_ns        =   2.10428e-07
tx_last_ns          =   2.10428e-07
slope_rise_dp_min_vns=  1.52283e-01 at=  1.14570e-07
slope_fall_dp_max_vns=  -1.48428e-01 at=  2.16170e-07
slope_fall_dm_max_vns=  -1.48531e-01 at=  1.15670e-07
slope_rise_dm_min_vns=  1.52282e-01 at=  2.15070e-07
over_dp_mv          =  1.99192e-02 at=  2.02970e-07
under_dp_mv         =  8.47812e-02 at=  1.02370e-07
over_dm_mv          =  1.99389e-02 at=  1.02470e-07
under_dm_mv         =  8.47811e-02 at=  2.02870e-07
tpd_rise_dp_ns      =  9.18125e-09 targ=  1.09431e-07 trig=  1.00250e-07
tpd_fall_dp_ns      =  1.01734e-08 targ=  2.10923e-07 trig=  2.00750e-07
tpd_fall_dm_ns      =  1.01751e-08 targ=  1.10425e-07 trig=  1.00250e-07
tpd_rise_dm_ns      =  9.18123e-09 targ=  2.09931e-07 trig=  2.00750e-07
oe_xb_dp_off_pre_na =  4.39268e-09 at=  2.17256e-08
oe_xb_dp_enable_at_ns=   1.04048e-07
oe_xb_dp_on_ma      =  4.56586e-02 from=  1.50000e-07 to=  1.99010e-07
oe_xb_dp_release_at_ns=   2.22891e-07
oe_xb_dp_off_post_na=  4.39854e-09 at=  2.87730e-07
oe_xb_dp_wrongpol_pk_ma=  2.32323e-03 at=  1.01550e-07
oe_xb_dm_off_pre_na =  4.39268e-09 at=  9.80456e-08
oe_xb_dm_enable_at_ns=   1.04145e-07
oe_xb_dm_on_ma      =  -4.18420e-02 from=  1.50000e-07 to=  1.99010e-07
oe_xb_dm_release_at_ns=   2.16274e-07
oe_xb_dm_off_post_na=  4.39771e-09 at=  2.86590e-07
oe_xb_dm_wrongpol_pk_ma=  7.38307e-04 at=  1.01050e-07
oe_xc_dp_off_pre_na =  4.39270e-09 at=  7.37656e-08
oe_xc_dp_enable_at_ns=   1.04145e-07
oe_xc_dp_on_ma      =  -4.18420e-02 from=  1.50000e-07 to=  1.99010e-07
oe_xc_dp_release_at_ns=   2.16274e-07
oe_xc_dp_off_post_na=  4.39770e-09 at=  2.84790e-07
oe_xc_dp_wrongpol_pk_ma=  7.38307e-04 at=  1.01050e-07
oe_xc_dm_off_pre_na =  4.39268e-09 at=  2.77856e-08
oe_xc_dm_enable_at_ns=   1.04048e-07
oe_xc_dm_on_ma      =  4.56586e-02 from=  1.50000e-07 to=  1.99010e-07
oe_xc_dm_release_at_ns=   2.22891e-07
oe_xc_dm_off_post_na=  4.39855e-09 at=  2.89210e-07
oe_xc_dm_wrongpol_pk_ma=  2.32323e-03 at=  1.01550e-07

ngspice-46 done
