
Note: No compatibility mode selected!


Circuit: * klt sim -- generated corner deck, do not edit

Doing analysis at TEMP = 100.000000 and TNOM = 27.000000

Using SPARSE 1.3 as Direct Linear Solver

Initial Transient Solution
--------------------------

Node                                   Voltage
----                                   -------
vdd                                        3.3
mid                                       1.65
ehalf_int1                                1.65
ctl                                          0
txdp                                         0
txdm                                       3.3
xa.enb                             2.22414e-08
xa.enx                             1.11207e-08
xa.en                                      3.3
xa.xrb.xsky130_fd_pr__res_xhigh_po_1p41.ra          1.3554
xa.vbn                                 1.34219
xa.vbp                                 1.72992
xa.pa_dp                                   3.3
xa.pax_dp                          6.02324e-08
xa.pon_dp                          3.30053e-09
xa.nbx_dp                                  3.3
xa.nb_dp                                   3.3
xa.nonb_dp                         3.30053e-09
xa.pg_dp                                   3.3
xa.xp_dp                           8.16379e-08
xa.ng_dp                                   3.3
xa.xn_dp                                   3.3
xa.ksp_dp                          2.39697e-08
xa.kspb_dp                                 3.3
xa.kpx_dp                          5.88871e-08
xa.ksn_dp                            0.0408491
xa.ksnb_dp                                 3.3
xa.knx_dp                                  3.3
xa.xcp_dp.a                        2.55721e-09
xa.xcp_dp.b1                       2.55721e-09
xa.outi_dp                         2.55721e-09
xa.xcn_dp.a                        2.55721e-09
xa.xcn_dp.b1                       2.55721e-09
dp                                 2.55721e-09
xa.pa_dm                           2.22414e-08
xa.pax_dm                          1.11207e-08
xa.pon_dm                                  3.3
xa.nbx_dm                             0.828321
xa.nb_dm                           2.81762e-08
xa.nonb_dm                                 3.3
xa.pg_dm                           2.01662e-09
xa.xp_dm                           1.05837e-09
xa.ng_dm                           1.34514e-09
xa.xn_dm                                   3.3
xa.ksp_dm                               3.2518
xa.kspb_dm                         1.33646e-08
xa.kpx_dm                          2.01662e-09
xa.ksn_dm                                  3.3
xa.ksnb_dm                         1.17744e-08
xa.knx_dm                                  3.3
xa.xcp_dm.a                                3.3
xa.xcp_dm.b1                               3.3
xa.outi_dm                                 3.3
xa.xcn_dm.a                                3.3
xa.xcn_dm.b1                               3.3
dm                                         3.3
dpn                                7.74913e-10
dmn                                          1
ovp                                       -3.3
ovm                               -7.80699e-08
unp                               -2.55721e-09
unm                                       -3.3
ddp                                          0
ddm                                          0
srp                                          1
sfp                                         -1
srm                                          1
sfm                                         -1
oet                                          0
oe                                           0
hi                                         3.3
xb.enb                                     3.3
xb.enx                                 2.60398
xb.en                               5.5706e-09
xb.xrb.xsky130_fd_pr__res_xhigh_po_1p41.ra          1.3554
xb.vbn                                 1.34219
xb.vbp                                 1.72992
xb.pa_dp                                   3.3
xb.pax_dp                              2.60398
xb.pon_dp                          3.30053e-09
xb.nbx_dp                              3.27998
xb.nb_dp                           5.71476e-09
xb.nonb_dp                                 3.3
xb.pg_dp                                   3.3
xb.xp_dp                           8.16379e-08
xb.ng_dp                           1.34514e-09
xb.xn_dp                                   3.3
xb.ksp_dp                          2.39697e-08
xb.kspb_dp                                 3.3
xb.kpx_dp                          5.88871e-08
xb.ksn_dp                                  3.3
xb.ksnb_dp                         1.17744e-08
xb.knx_dp                                  3.3
xb.xcp_dp.a                               1.65
xb.xcp_dp.b1                              1.65
xb.outi_dp                                1.65
xb.xcn_dp.a                               1.65
xb.xcn_dp.b1                              1.65
xb_dp                                     1.65
xb.pa_dm                                   3.3
xb.pax_dm                            0.0712338
xb.pon_dm                          3.30053e-09
xb.nbx_dm                                  3.3
xb.nb_dm                           1.17961e-08
xb.nonb_dm                                 3.3
xb.pg_dm                                   3.3
xb.xp_dm                           8.16379e-08
xb.ng_dm                           1.34514e-09
xb.xn_dm                                   3.3
xb.ksp_dm                          2.39697e-08
xb.kspb_dm                                 3.3
xb.kpx_dm                          5.88871e-08
xb.ksn_dm                                  3.3
xb.ksnb_dm                         1.17744e-08
xb.knx_dm                                  3.3
xb.xcp_dm.a                               1.65
xb.xcp_dm.b1                              1.65
xb.outi_dm                                1.65
xb.xcn_dm.a                               1.65
xb.xcn_dm.b1                              1.65
xb_dm                                     1.65
xc.enb                                     3.3
xc.enx                                 2.60398
xc.en                               5.5706e-09
xc.xrb.xsky130_fd_pr__res_xhigh_po_1p41.ra          1.3554
xc.vbn                                 1.34219
xc.vbp                                 1.72992
xc.pa_dp                                   3.3
xc.pax_dp                            0.0712339
xc.pon_dp                          3.30053e-09
xc.nbx_dp                                  3.3
xc.nb_dp                           1.17961e-08
xc.nonb_dp                                 3.3
xc.pg_dp                                   3.3
xc.xp_dp                           8.16379e-08
xc.ng_dp                           1.34514e-09
xc.xn_dp                                   3.3
xc.ksp_dp                          2.39697e-08
xc.kspb_dp                                 3.3
xc.kpx_dp                          5.88871e-08
xc.ksn_dp                                  3.3
xc.ksnb_dp                         1.17744e-08
xc.knx_dp                                  3.3
xc.xcp_dp.a                               1.65
xc.xcp_dp.b1                              1.65
xc.outi_dp                                1.65
xc.xcn_dp.a                               1.65
xc.xcn_dp.b1                              1.65
xc_dp                                     1.65
xc.pa_dm                                   3.3
xc.pax_dm                              2.60398
xc.pon_dm                          3.30053e-09
xc.nbx_dm                              3.27996
xc.nb_dm                           5.71457e-09
xc.nonb_dm                                 3.3
xc.pg_dm                                   3.3
xc.xp_dm                           8.16379e-08
xc.ng_dm                           1.34514e-09
xc.xn_dm                                   3.3
xc.ksp_dm                          2.39697e-08
xc.kspb_dm                                 3.3
xc.kpx_dm                          5.88871e-08
xc.ksn_dm                                  3.3
xc.ksnb_dm                         1.17744e-08
xc.knx_dm                                  3.3
xc.xcp_dm.a                               1.65
xc.xcp_dm.b1                              1.65
xc.outi_dm                                1.65
xc.xcn_dm.a                               1.65
xc.xcn_dm.b1                              1.65
xc_dm                                     1.65
abp                                4.13633e-09
abm                                4.13633e-09
acp                                4.13633e-09
acm                                4.13633e-09
wbp                                4.13633e-09
wbm                                          0
wcp                                          0
wcm                                4.13633e-09
bwcm#branch                                  0
vscm#branch                       -4.13633e-09
bwcp#branch                                  0
vscp#branch                       -4.13633e-09
bwbm#branch                                  0
vsbm#branch                       -4.13633e-09
bwbp#branch                                  0
vsbp#branch                       -4.13633e-09
bacm#branch                                  0
bacp#branch                                  0
babm#branch                                  0
babp#branch                                  0
bhi#branch                                   0
boe#branch                                   0
bsfm#branch                                  0
bsrm#branch                                  0
bsfp#branch                                  0
bsrp#branch                                  0
bddm#branch                                  0
bddp#branch                                  0
bunm#branch                                  0
bunp#branch                                  0
bovm#branch                                  0
bovp#branch                                  0
bdmn#branch                                  0
bdpn#branch                                  0
btxdm#branch                                 0
btxdp#branch                                 0
behalf#branch                                0
ehalf#branch                      -1.65453e-08
voet#branch                                  0
vctl#branch                                  0
vsup#branch                       -0.000414397


No. of Data Rows : 15020

  Measurements for Transient Analysis

trise_dp_ns         =  1.00445e-08 targ=  1.15478e-07 trig=  1.05434e-07
tfall_dp_ns         =  1.03897e-08 targ=  2.17288e-07 trig=  2.06898e-07
trise_dm_ns         =  1.00445e-08 targ=  2.15978e-07 trig=  2.05934e-07
tfall_dm_ns         =  1.03906e-08 targ=  1.16790e-07 trig=  1.06400e-07
trf_dp_ratio        =  9.66781e-01
trf_dm_ratio        =  9.66694e-01
trf_x1_ratio        =  9.66696e-01
trf_x2_ratio        =  9.66779e-01
vcross_rise_v       =  1.81038e+00
vcross_fall_v       =  1.81005e+00
tx_rise_ns          =   1.10645e-07
tx_fall_ns          =   2.11144e-07
tx_first_ns         =   1.10645e-07
tx_second_ns        =   2.11144e-07
tx_last_ns          =   2.11144e-07
slope_rise_dp_min_vns=  1.34999e-01 at=  1.15470e-07
slope_fall_dp_max_vns=  -1.31130e-01 at=  2.17270e-07
slope_fall_dm_max_vns=  -1.30372e-01 at=  1.16790e-07
slope_rise_dm_min_vns=  1.34999e-01 at=  2.15970e-07
over_dp_mv          =  2.00725e-02 at=  2.03290e-07
under_dp_mv         =  8.74519e-02 at=  1.02630e-07
over_dm_mv          =  2.00948e-02 at=  1.02790e-07
under_dm_mv         =  8.74523e-02 at=  2.03130e-07
tpd_rise_dp_ns      =  9.85555e-09 targ=  1.10106e-07 trig=  1.00250e-07
tpd_fall_dp_ns      =  1.09464e-08 targ=  2.11696e-07 trig=  2.00750e-07
tpd_fall_dm_ns      =  1.09487e-08 targ=  1.11199e-07 trig=  1.00250e-07
tpd_rise_dm_ns      =  9.85553e-09 targ=  2.10606e-07 trig=  2.00750e-07
oe_xb_dp_off_pre_na =  4.13741e-09 at=  4.42856e-08
oe_xb_dp_enable_at_ns=   1.04692e-07
oe_xb_dp_on_ma      =  4.07195e-02 from=  1.50000e-07 to=  1.99010e-07
oe_xb_dp_release_at_ns=   2.24267e-07
oe_xb_dp_off_post_na=  4.14185e-09 at=  2.53270e-07
oe_xb_dp_wrongpol_pk_ma=  2.01233e-03 at=  1.01650e-07
oe_xb_dm_off_pre_na =  4.13741e-09 at=  6.92056e-08
oe_xb_dm_enable_at_ns=   1.04921e-07
oe_xb_dm_on_ma      =  -3.75990e-02 from=  1.50000e-07 to=  1.99010e-07
oe_xb_dm_release_at_ns=   2.17038e-07
oe_xb_dm_off_post_na=  4.14160e-09 at=  2.99930e-07
oe_xb_dm_wrongpol_pk_ma=  6.25726e-04 at=  1.01130e-07
oe_xc_dp_off_pre_na =  4.13742e-09 at=  5.48456e-08
oe_xc_dp_enable_at_ns=   1.04921e-07
oe_xc_dp_on_ma      =  -3.75990e-02 from=  1.50000e-07 to=  1.99010e-07
oe_xc_dp_release_at_ns=   2.17038e-07
oe_xc_dp_off_post_na=  4.14161e-09 at=  2.98570e-07
oe_xc_dp_wrongpol_pk_ma=  6.25726e-04 at=  1.01130e-07
oe_xc_dm_off_pre_na =  4.13741e-09 at=  3.51856e-08
oe_xc_dm_enable_at_ns=   1.04692e-07
oe_xc_dm_on_ma      =  4.07195e-02 from=  1.50000e-07 to=  1.99010e-07
oe_xc_dm_release_at_ns=   2.24267e-07
oe_xc_dm_off_post_na=  4.14185e-09 at=  2.52350e-07
oe_xc_dm_wrongpol_pk_ma=  2.01233e-03 at=  1.01650e-07

ngspice-46 done
