
Note: No compatibility mode selected!


Circuit: * klt sim -- generated corner deck, do not edit

Doing analysis at TEMP = 27.000000 and TNOM = 27.000000

Using SPARSE 1.3 as Direct Linear Solver

Initial Transient Solution
--------------------------

Node                                   Voltage
----                                   -------
vdd                                        3.3
mid                                       1.65
ehalf_int1                                1.65
ctl                                          0
txdp                                         0
txdm                                       3.3
xa.enb                             1.55832e-08
xa.enx                              7.7916e-09
xa.en                                      3.3
xa.xrb.xsky130_fd_pr__res_xhigh_po_1p41.ra         1.32608
xa.vbn                                  1.3139
xa.vbp                                 1.69837
xa.pa_dp                                   3.3
xa.pax_dp                          7.28287e-10
xa.pon_dp                          1.87347e-09
xa.nbx_dp                                  3.3
xa.nb_dp                                   3.3
xa.nonb_dp                         1.87347e-09
xa.pg_dp                                   3.3
xa.xp_dp                           1.12885e-09
xa.ng_dp                                   3.3
xa.xn_dp                                   3.3
xa.ksp_dp                          1.52182e-08
xa.kspb_dp                                 3.3
xa.kpx_dp                          6.82084e-10
xa.ksn_dp                            0.0291523
xa.ksnb_dp                                 3.3
xa.knx_dp                                  3.3
xa.xcp_dp.a                        1.31743e-09
xa.xcp_dp.b1                       1.31743e-09
xa.outi_dp                         1.31743e-09
xa.xcn_dp.a                        1.31743e-09
xa.xcn_dp.b1                       1.31743e-09
dp                                 1.31743e-09
xa.pa_dm                           1.55832e-08
xa.pax_dm                           7.7916e-09
xa.pon_dm                                  3.3
xa.nbx_dm                              1.00688
xa.nb_dm                           1.95767e-08
xa.nonb_dm                                 3.3
xa.pg_dm                           1.10104e-09
xa.xp_dm                           6.08685e-10
xa.ng_dm                           8.56212e-10
xa.xn_dm                                   3.3
xa.ksp_dm                              3.26335
xa.kspb_dm                         8.27063e-09
xa.kpx_dm                          1.10104e-09
xa.ksn_dm                                  3.3
xa.ksnb_dm                         8.19412e-09
xa.knx_dm                                  3.3
xa.xcp_dm.a                                3.3
xa.xcp_dm.b1                               3.3
xa.outi_dm                                 3.3
xa.xcn_dm.a                                3.3
xa.xcn_dm.b1                               3.3
dm                                         3.3
dpn                                 3.9922e-10
dmn                                          1
ovp                                       -3.3
ovm                                -1.3545e-09
unp                               -1.31743e-09
unm                                       -3.3
ddp                                          0
ddm                                          0
srp                                          1
sfp                                         -1
srm                                          1
sfm                                         -1
oet                                          0
oe                                           0
hi                                         3.3
xb.enb                                     3.3
xb.enx                                 2.52305
xb.en                              3.89566e-09
xb.xrb.xsky130_fd_pr__res_xhigh_po_1p41.ra         1.32608
xb.vbn                                  1.3139
xb.vbp                                 1.69837
xb.pa_dp                                   3.3
xb.pax_dp                              2.52305
xb.pon_dp                          1.87347e-09
xb.nbx_dp                              3.30321
xb.nb_dp                           4.09695e-09
xb.nonb_dp                                 3.3
xb.pg_dp                                   3.3
xb.xp_dp                           1.12885e-09
xb.ng_dp                           8.56212e-10
xb.xn_dp                                   3.3
xb.ksp_dp                          1.52182e-08
xb.kspb_dp                                 3.3
xb.kpx_dp                          6.82084e-10
xb.ksn_dp                                  3.3
xb.ksnb_dp                         8.19412e-09
xb.knx_dp                                  3.3
xb.xcp_dp.a                               1.65
xb.xcp_dp.b1                              1.65
xb.outi_dp                                1.65
xb.xcn_dp.a                               1.65
xb.xcn_dp.b1                              1.65
xb_dp                                     1.65
xb.pa_dm                                   3.3
xb.pax_dm                            0.0488703
xb.pon_dm                          1.87347e-09
xb.nbx_dm                                  3.3
xb.nb_dm                           8.19382e-09
xb.nonb_dm                                 3.3
xb.pg_dm                                   3.3
xb.xp_dm                           1.12885e-09
xb.ng_dm                           8.56212e-10
xb.xn_dm                                   3.3
xb.ksp_dm                          1.52182e-08
xb.kspb_dm                                 3.3
xb.kpx_dm                          6.82084e-10
xb.ksn_dm                                  3.3
xb.ksnb_dm                         8.19412e-09
xb.knx_dm                                  3.3
xb.xcp_dm.a                               1.65
xb.xcp_dm.b1                              1.65
xb.outi_dm                                1.65
xb.xcn_dm.a                               1.65
xb.xcn_dm.b1                              1.65
xb_dm                                     1.65
xc.enb                                     3.3
xc.enx                                 2.52306
xc.en                              3.89566e-09
xc.xrb.xsky130_fd_pr__res_xhigh_po_1p41.ra         1.32608
xc.vbn                                  1.3139
xc.vbp                                 1.69837
xc.pa_dp                                   3.3
xc.pax_dp                            0.0488703
xc.pon_dp                          1.87347e-09
xc.nbx_dp                                  3.3
xc.nb_dp                           8.19382e-09
xc.nonb_dp                                 3.3
xc.pg_dp                                   3.3
xc.xp_dp                           1.12885e-09
xc.ng_dp                           8.56212e-10
xc.xn_dp                                   3.3
xc.ksp_dp                          1.52182e-08
xc.kspb_dp                                 3.3
xc.kpx_dp                          6.82084e-10
xc.ksn_dp                                  3.3
xc.ksnb_dp                         8.19412e-09
xc.knx_dp                                  3.3
xc.xcp_dp.a                               1.65
xc.xcp_dp.b1                              1.65
xc.outi_dp                                1.65
xc.xcn_dp.a                               1.65
xc.xcn_dp.b1                              1.65
xc_dp                                     1.65
xc.pa_dm                                   3.3
xc.pax_dm                              2.52305
xc.pon_dm                          1.87347e-09
xc.nbx_dm                              3.30321
xc.nb_dm                           4.09695e-09
xc.nonb_dm                                 3.3
xc.pg_dm                                   3.3
xc.xp_dm                           1.12885e-09
xc.ng_dm                           8.56212e-10
xc.xn_dm                                   3.3
xc.ksp_dm                          1.52182e-08
xc.kspb_dm                                 3.3
xc.kpx_dm                          6.82084e-10
xc.ksn_dm                                  3.3
xc.ksnb_dm                         8.19412e-09
xc.knx_dm                                  3.3
xc.xcp_dm.a                               1.65
xc.xcp_dm.b1                              1.65
xc.outi_dm                                1.65
xc.xcn_dm.a                               1.65
xc.xcn_dm.b1                              1.65
xc_dm                                     1.65
abp                                 1.5829e-11
abm                                 1.5829e-11
acp                                 1.5829e-11
acm                                 1.5829e-11
wbp                                 1.5829e-11
wbm                                          0
wcp                                          0
wcm                                 1.5829e-11
bwcm#branch                                  0
vscm#branch                        -1.5829e-11
bwcp#branch                                  0
vscp#branch                        -1.5829e-11
bwbm#branch                                  0
vsbm#branch                        -1.5829e-11
bwbp#branch                                  0
vsbp#branch                        -1.5829e-11
bacm#branch                                  0
bacp#branch                                  0
babm#branch                                  0
babp#branch                                  0
bhi#branch                                   0
boe#branch                                   0
bsfm#branch                                  0
bsrm#branch                                  0
bsfp#branch                                  0
bsrp#branch                                  0
bddm#branch                                  0
bddp#branch                                  0
bunm#branch                                  0
bunp#branch                                  0
bovm#branch                                  0
bovp#branch                                  0
bdmn#branch                                  0
bdpn#branch                                  0
btxdm#branch                                 0
btxdp#branch                                 0
behalf#branch                                0
ehalf#branch                      -6.33162e-11
voet#branch                                  0
vctl#branch                                  0
vsup#branch                       -0.000381263


No. of Data Rows : 15020

  Measurements for Transient Analysis

trise_dp_ns         =  1.01830e-08 targ=  1.15610e-07 trig=  1.05427e-07
tfall_dp_ns         =  1.03937e-08 targ=  2.16881e-07 trig=  2.06487e-07
trise_dm_ns         =  1.01830e-08 targ=  2.16110e-07 trig=  2.05927e-07
tfall_dm_ns         =  1.03946e-08 targ=  1.16383e-07 trig=  1.05989e-07
trf_dp_ratio        =  9.79733e-01
trf_dm_ratio        =  9.79647e-01
trf_x1_ratio        =  9.79649e-01
trf_x2_ratio        =  9.79731e-01
vcross_rise_v       =  1.73940e+00
vcross_fall_v       =  1.73912e+00
tx_rise_ns          =   1.10547e-07
tx_fall_ns          =   2.11046e-07
tx_first_ns         =   1.10547e-07
tx_second_ns        =   2.11046e-07
tx_last_ns          =   2.11046e-07
slope_rise_dp_min_vns=  1.44844e-01 at=  1.15590e-07
slope_fall_dp_max_vns=  -1.42540e-01 at=  2.16870e-07
slope_fall_dm_max_vns=  -1.42648e-01 at=  1.16370e-07
slope_rise_dm_min_vns=  1.44843e-01 at=  2.16090e-07
over_dp_mv          =  2.08436e-02 at=  2.03310e-07
under_dp_mv         =  9.82088e-02 at=  1.02670e-07
over_dm_mv          =  2.08601e-02 at=  1.02810e-07
under_dm_mv         =  9.82095e-02 at=  2.03170e-07
tpd_rise_dp_ns      =  9.98249e-09 targ=  1.10232e-07 trig=  1.00250e-07
tpd_fall_dp_ns      =  1.06144e-08 targ=  2.11364e-07 trig=  2.00750e-07
tpd_fall_dm_ns      =  1.06164e-08 targ=  1.10866e-07 trig=  1.00250e-07
tpd_rise_dm_ns      =  9.98247e-09 targ=  2.10732e-07 trig=  2.00750e-07
oe_xb_dp_off_pre_na =  1.50671e-11 at=  4.06056e-08
oe_xb_dp_enable_at_ns=   1.04550e-07
oe_xb_dp_on_ma      =  4.50458e-02 from=  1.50000e-07 to=  1.99010e-07
oe_xb_dp_release_at_ns=   2.21351e-07
oe_xb_dp_off_post_na=  2.13607e-11 at=  2.50010e-07
oe_xb_dp_wrongpol_pk_ma=  2.10644e-03 at=  1.01510e-07
oe_xb_dm_off_pre_na =  1.50690e-11 at=  3.43056e-08
oe_xb_dm_enable_at_ns=   1.04623e-07
oe_xb_dm_on_ma      =  -4.27341e-02 from=  1.50000e-07 to=  1.99010e-07
oe_xb_dm_release_at_ns=   2.14977e-07
oe_xb_dm_off_post_na=  2.04983e-11 at=  2.50050e-07
oe_xb_dm_wrongpol_pk_ma=  6.59251e-04 at=  1.01010e-07
oe_xc_dp_off_pre_na =  1.50604e-11 at=  5.67856e-08
oe_xc_dp_enable_at_ns=   1.04623e-07
oe_xc_dp_on_ma      =  -4.27341e-02 from=  1.50000e-07 to=  1.99010e-07
oe_xc_dp_release_at_ns=   2.14977e-07
oe_xc_dp_off_post_na=  2.04958e-11 at=  2.50010e-07
oe_xc_dp_wrongpol_pk_ma=  6.59251e-04 at=  1.01010e-07
oe_xc_dm_off_pre_na =  1.50533e-11 at=  7.90256e-08
oe_xc_dm_enable_at_ns=   1.04550e-07
oe_xc_dm_on_ma      =  4.50458e-02 from=  1.50000e-07 to=  1.99010e-07
oe_xc_dm_release_at_ns=   2.21351e-07
oe_xc_dm_off_post_na=  2.13433e-11 at=  2.50050e-07
oe_xc_dm_wrongpol_pk_ma=  2.10644e-03 at=  1.01510e-07

ngspice-46 done
