
Note: No compatibility mode selected!


Circuit: * klt sim -- generated corner deck, do not edit

Doing analysis at TEMP = 27.000000 and TNOM = 27.000000

Using SPARSE 1.3 as Direct Linear Solver

Initial Transient Solution
--------------------------

Node                                   Voltage
----                                   -------
vdd                                          3
mid                                        1.5
ehalf_int1                                 1.5
ctl                                          0
txdp                                         0
txdm                                         3
xa.enb                              1.5317e-08
xa.enx                             7.65852e-09
xa.en                                        3
xa.xrb.xsky130_fd_pr__res_xhigh_po_1p41.ra         1.28882
xa.vbn                                 1.27839
xa.vbp                                 1.44275
xa.pa_dp                                     3
xa.pax_dp                          7.20845e-10
xa.pon_dp                          1.83435e-09
xa.nbx_dp                                    3
xa.nb_dp                                     3
xa.nonb_dp                         1.83435e-09
xa.pg_dp                                     3
xa.xp_dp                           1.12178e-09
xa.ng_dp                                     3
xa.xn_dp                                     3
xa.ksp_dp                           1.4997e-08
xa.kspb_dp                                   3
xa.kpx_dp                          6.72571e-10
xa.ksn_dp                            0.0268031
xa.ksnb_dp                                   3
xa.knx_dp                                    3
xa.xcp_dp.a                        1.26562e-09
xa.xcp_dp.b1                       1.26562e-09
xa.outi_dp                         1.26562e-09
xa.xcn_dp.a                        1.26562e-09
xa.xcn_dp.b1                       1.26562e-09
dp                                 1.26562e-09
xa.pa_dm                            1.5317e-08
xa.pax_dm                          7.65852e-09
xa.pon_dm                                    3
xa.nbx_dm                             0.959542
xa.nb_dm                           1.90759e-08
xa.nonb_dm                                   3
xa.pg_dm                           1.07701e-09
xa.xp_dm                           5.99853e-10
xa.ng_dm                           8.22544e-10
xa.xn_dm                                     3
xa.ksp_dm                              2.96515
xa.kspb_dm                         8.17098e-09
xa.kpx_dm                          1.07701e-09
xa.ksn_dm                                    3
xa.ksnb_dm                         8.08334e-09
xa.knx_dm                                    3
xa.xcp_dm.a                                  3
xa.xcp_dm.b1                                 3
xa.outi_dm                                   3
xa.xcn_dm.a                                  3
xa.xcn_dm.b1                                 3
dm                                           3
dpn                                4.21874e-10
dmn                                          1
ovp                                         -3
ovm                               -1.36596e-09
unp                               -1.26562e-09
unm                                         -3
ddp                                          0
ddm                                          0
srp                                          1
sfp                                         -1
srm                                          1
sfm                                         -1
oet                                          0
oe                                           0
hi                                           3
xb.enb                                       3
xb.enx                                 2.26474
xb.en                              3.82914e-09
xb.xrb.xsky130_fd_pr__res_xhigh_po_1p41.ra         1.28882
xb.vbn                                 1.27839
xb.vbp                                 1.44275
xb.pa_dp                                     3
xb.pax_dp                              2.26475
xb.pon_dp                          1.83435e-09
xb.nbx_dp                              3.00397
xb.nb_dp                           4.04159e-09
xb.nonb_dp                                   3
xb.pg_dp                                     3
xb.xp_dp                           1.12178e-09
xb.ng_dp                           8.22544e-10
xb.xn_dp                                     3
xb.ksp_dp                           1.4997e-08
xb.kspb_dp                                   3
xb.kpx_dp                          6.72571e-10
xb.ksn_dp                                    3
xb.ksnb_dp                         8.08334e-09
xb.knx_dp                                    3
xb.xcp_dp.a                                1.5
xb.xcp_dp.b1                               1.5
xb.outi_dp                                 1.5
xb.xcn_dp.a                                1.5
xb.xcn_dp.b1                               1.5
xb_dp                                      1.5
xb.pa_dm                                     3
xb.pax_dm                            0.0467263
xb.pon_dm                          1.83435e-09
xb.nbx_dm                                    3
xb.nb_dm                           8.08307e-09
xb.nonb_dm                                   3
xb.pg_dm                                     3
xb.xp_dm                           1.12178e-09
xb.ng_dm                           8.22544e-10
xb.xn_dm                                     3
xb.ksp_dm                           1.4997e-08
xb.kspb_dm                                   3
xb.kpx_dm                          6.72571e-10
xb.ksn_dm                                    3
xb.ksnb_dm                         8.08334e-09
xb.knx_dm                                    3
xb.xcp_dm.a                                1.5
xb.xcp_dm.b1                               1.5
xb.outi_dm                                 1.5
xb.xcn_dm.a                                1.5
xb.xcn_dm.b1                               1.5
xb_dm                                      1.5
xc.enb                                       3
xc.enx                                 2.26474
xc.en                              3.82914e-09
xc.xrb.xsky130_fd_pr__res_xhigh_po_1p41.ra         1.28882
xc.vbn                                 1.27839
xc.vbp                                 1.44275
xc.pa_dp                                     3
xc.pax_dp                            0.0467263
xc.pon_dp                          1.83435e-09
xc.nbx_dp                                    3
xc.nb_dp                           8.08307e-09
xc.nonb_dp                                   3
xc.pg_dp                                     3
xc.xp_dp                           1.12178e-09
xc.ng_dp                           8.22544e-10
xc.xn_dp                                     3
xc.ksp_dp                           1.4997e-08
xc.kspb_dp                                   3
xc.kpx_dp                          6.72571e-10
xc.ksn_dp                                    3
xc.ksnb_dp                         8.08334e-09
xc.knx_dp                                    3
xc.xcp_dp.a                                1.5
xc.xcp_dp.b1                               1.5
xc.outi_dp                                 1.5
xc.xcn_dp.a                                1.5
xc.xcn_dp.b1                               1.5
xc_dp                                      1.5
xc.pa_dm                                     3
xc.pax_dm                              2.26475
xc.pon_dm                          1.83435e-09
xc.nbx_dm                              3.00397
xc.nb_dm                           4.04159e-09
xc.nonb_dm                                   3
xc.pg_dm                                     3
xc.xp_dm                           1.12178e-09
xc.ng_dm                           8.22544e-10
xc.xn_dm                                     3
xc.ksp_dm                           1.4997e-08
xc.kspb_dm                                   3
xc.kpx_dm                          6.72571e-10
xc.ksn_dm                                    3
xc.ksnb_dm                         8.08334e-09
xc.knx_dm                                    3
xc.xcp_dm.a                                1.5
xc.xcp_dm.b1                               1.5
xc.outi_dm                                 1.5
xc.xcn_dm.a                                1.5
xc.xcn_dm.b1                               1.5
xc_dm                                      1.5
abp                                1.55015e-11
abm                                1.55015e-11
acp                                1.55015e-11
acm                                1.55015e-11
wbp                                1.55015e-11
wbm                                          0
wcp                                          0
wcm                                1.55015e-11
bwcm#branch                                  0
vscm#branch                       -1.55015e-11
bwcp#branch                                  0
vscp#branch                       -1.55015e-11
bwbm#branch                                  0
vsbm#branch                       -1.55015e-11
bwbp#branch                                  0
vsbp#branch                       -1.55015e-11
bacm#branch                                  0
bacp#branch                                  0
babm#branch                                  0
babp#branch                                  0
bhi#branch                                   0
boe#branch                                   0
bsfm#branch                                  0
bsrm#branch                                  0
bsfp#branch                                  0
bsrp#branch                                  0
bddm#branch                                  0
bddp#branch                                  0
bunm#branch                                  0
bunp#branch                                  0
bovm#branch                                  0
bovp#branch                                  0
bdmn#branch                                  0
bdpn#branch                                  0
btxdm#branch                                 0
btxdp#branch                                 0
behalf#branch                                0
ehalf#branch                      -6.20059e-11
voet#branch                                  0
vctl#branch                                  0
vsup#branch                       -0.000328495


No. of Data Rows : 15020

  Measurements for Transient Analysis

trise_dp_ns         =  1.08000e-08 targ=  1.16863e-07 trig=  1.06063e-07
tfall_dp_ns         =  1.13391e-08 targ=  2.18434e-07 trig=  2.07095e-07
trise_dm_ns         =  1.08000e-08 targ=  2.17363e-07 trig=  2.06563e-07
tfall_dm_ns         =  1.13401e-08 targ=  1.17937e-07 trig=  1.06597e-07
trf_dp_ratio        =  9.52452e-01
trf_dm_ratio        =  9.52371e-01
trf_x1_ratio        =  9.52372e-01
trf_x2_ratio        =  9.52451e-01
vcross_rise_v       =  1.59455e+00
vcross_fall_v       =  1.59424e+00
tx_rise_ns          =   1.11568e-07
tx_fall_ns          =   2.12067e-07
tx_first_ns         =   1.11568e-07
tx_second_ns        =   2.12067e-07
tx_last_ns          =   2.12067e-07
slope_rise_dp_min_vns=  1.25908e-01 at=  1.16850e-07
slope_fall_dp_max_vns=  -1.22741e-01 at=  2.18430e-07
slope_fall_dm_max_vns=  -1.22854e-01 at=  1.17930e-07
slope_rise_dm_min_vns=  1.25908e-01 at=  2.17350e-07
over_dp_mv          =  2.13856e-02 at=  2.03790e-07
under_dp_mv         =  9.93033e-02 at=  1.03070e-07
over_dm_mv          =  2.14052e-02 at=  1.03290e-07
under_dm_mv         =  9.93036e-02 at=  2.03570e-07
tpd_rise_dp_ns      =  1.09295e-08 targ=  1.11180e-07 trig=  1.00250e-07
tpd_fall_dp_ns      =  1.17232e-08 targ=  2.12473e-07 trig=  2.00750e-07
tpd_fall_dm_ns      =  1.17259e-08 targ=  1.11976e-07 trig=  1.00250e-07
tpd_rise_dm_ns      =  1.09295e-08 targ=  2.11679e-07 trig=  2.00750e-07
oe_xb_dp_off_pre_na =  1.50026e-11 at=  4.43456e-08
oe_xb_dp_enable_at_ns=   1.05449e-07
oe_xb_dp_on_ma      =  3.95342e-02 from=  1.50000e-07 to=  1.99010e-07
oe_xb_dp_release_at_ns=   2.23038e-07
oe_xb_dp_off_post_na=  1.83764e-11 at=  3.00000e-07
oe_xb_dp_wrongpol_pk_ma=  1.78054e-03 at=  1.01610e-07
oe_xb_dm_off_pre_na =  1.50027e-11 at=  8.86656e-08
oe_xb_dm_enable_at_ns=   1.05669e-07
oe_xb_dm_on_ma      =  -3.79272e-02 from=  1.50000e-07 to=  1.99010e-07
oe_xb_dm_release_at_ns=   2.15874e-07
oe_xb_dm_off_post_na=  2.12536e-11 at=  2.99985e-07
oe_xb_dm_wrongpol_pk_ma=  5.41566e-04 at=  1.01090e-07
oe_xc_dp_off_pre_na =  1.50048e-11 at=  7.28256e-08
oe_xc_dp_enable_at_ns=   1.05669e-07
oe_xc_dp_on_ma      =  -3.79272e-02 from=  1.50000e-07 to=  1.99010e-07
oe_xc_dp_release_at_ns=   2.15874e-07
oe_xc_dp_off_post_na=  2.12497e-11 at=  2.99985e-07
oe_xc_dp_wrongpol_pk_ma=  5.41566e-04 at=  1.01090e-07
oe_xc_dm_off_pre_na =  1.50021e-11 at=  5.26656e-08
oe_xc_dm_enable_at_ns=   1.05449e-07
oe_xc_dm_on_ma      =  3.95342e-02 from=  1.50000e-07 to=  1.99010e-07
oe_xc_dm_release_at_ns=   2.23038e-07
oe_xc_dm_off_post_na=  1.83492e-11 at=  3.00000e-07
oe_xc_dm_wrongpol_pk_ma=  1.78054e-03 at=  1.01610e-07

ngspice-46 done
