
Note: No compatibility mode selected!


Circuit: * klt sim -- generated corner deck, do not edit

Doing analysis at TEMP = -40.000000 and TNOM = 27.000000

Using SPARSE 1.3 as Direct Linear Solver

Initial Transient Solution
--------------------------

Node                                   Voltage
----                                   -------
vdd                                          3
mid                                        1.5
ehalf_int1                                 1.5
ctl                                          0
txdp                                         0
txdm                                         3
xa.enb                              1.0282e-08
xa.enx                             5.14101e-09
xa.en                                        3
xa.xrb.xsky130_fd_pr__res_xhigh_po_1p41.ra         1.22551
xa.vbn                                 1.21575
xa.vbp                                  1.4798
xa.pa_dp                                     3
xa.pax_dp                          1.36785e-11
xa.pon_dp                          1.26404e-09
xa.nbx_dp                                    3
xa.nb_dp                                     3
xa.nonb_dp                         1.26404e-09
xa.pg_dp                                     3
xa.xp_dp                           3.77943e-12
xa.ng_dp                                     3
xa.xn_dp                                     3
xa.ksp_dp                          1.25274e-08
xa.kspb_dp                                   3
xa.kpx_dp                           6.2145e-12
xa.ksn_dp                            0.0173206
xa.ksnb_dp                                   3
xa.knx_dp                                    3
xa.xcp_dp.a                         7.8012e-10
xa.xcp_dp.b1                        7.8012e-10
xa.outi_dp                          7.8012e-10
xa.xcn_dp.a                         7.8012e-10
xa.xcn_dp.b1                        7.8012e-10
dp                                  7.8012e-10
xa.pa_dm                            1.0282e-08
xa.pax_dm                          5.14101e-09
xa.pon_dm                                    3
xa.nbx_dm                              1.03983
xa.nb_dm                           1.18429e-08
xa.nonb_dm                                   3
xa.pg_dm                           8.15081e-10
xa.xp_dm                           5.01092e-10
xa.ng_dm                           5.07078e-10
xa.xn_dm                                     3
xa.ksp_dm                              2.97758
xa.kspb_dm                         5.16607e-09
xa.kpx_dm                          8.15081e-10
xa.ksn_dm                                    3
xa.ksnb_dm                         5.13489e-09
xa.knx_dm                                    3
xa.xcp_dm.a                                  3
xa.xcp_dm.b1                                 3
xa.outi_dm                                   3
xa.xcn_dm.a                                  3
xa.xcn_dm.b1                                 3
dm                                           3
dpn                                 2.6004e-10
dmn                                          1
ovp                                         -3
ovm                               -2.69723e-10
unp                                -7.8012e-10
unm                                         -3
ddp                                          0
ddm                                          0
srp                                          1
sfp                                         -1
srm                                          1
sfm                                         -1
oet                                          0
oe                                           0
hi                                           3
xb.enb                                       3
xb.enx                                 2.21774
xb.en                              2.57051e-09
xb.xrb.xsky130_fd_pr__res_xhigh_po_1p41.ra         1.22551
xb.vbn                                 1.21575
xb.vbp                                  1.4798
xb.pa_dp                                     3
xb.pax_dp                              2.21775
xb.pon_dp                          1.26404e-09
xb.nbx_dp                              2.99975
xb.nb_dp                           2.56744e-09
xb.nonb_dp                                   3
xb.pg_dp                                     3
xb.xp_dp                           3.77943e-12
xb.ng_dp                           5.07078e-10
xb.xn_dp                                     3
xb.ksp_dp                          1.25274e-08
xb.kspb_dp                                   3
xb.kpx_dp                           6.2145e-12
xb.ksn_dp                                    3
xb.ksnb_dp                         5.13489e-09
xb.knx_dp                                    3
xb.xcp_dp.a                                1.5
xb.xcp_dp.b1                               1.5
xb.outi_dp                                 1.5
xb.xcn_dp.a                                1.5
xb.xcn_dp.b1                               1.5
xb_dp                                      1.5
xb.pa_dm                                     3
xb.pax_dm                           0.00633796
xb.pon_dm                          1.26404e-09
xb.nbx_dm                                    3
xb.nb_dm                           5.13489e-09
xb.nonb_dm                                   3
xb.pg_dm                                     3
xb.xp_dm                           3.77943e-12
xb.ng_dm                           5.07078e-10
xb.xn_dm                                     3
xb.ksp_dm                          1.25274e-08
xb.kspb_dm                                   3
xb.kpx_dm                           6.2145e-12
xb.ksn_dm                                    3
xb.ksnb_dm                         5.13489e-09
xb.knx_dm                                    3
xb.xcp_dm.a                                1.5
xb.xcp_dm.b1                               1.5
xb.outi_dm                                 1.5
xb.xcn_dm.a                                1.5
xb.xcn_dm.b1                               1.5
xb_dm                                      1.5
xc.enb                                       3
xc.enx                                 2.21774
xc.en                              2.57051e-09
xc.xrb.xsky130_fd_pr__res_xhigh_po_1p41.ra         1.22551
xc.vbn                                 1.21575
xc.vbp                                  1.4798
xc.pa_dp                                     3
xc.pax_dp                           0.00633796
xc.pon_dp                          1.26404e-09
xc.nbx_dp                                    3
xc.nb_dp                           5.13489e-09
xc.nonb_dp                                   3
xc.pg_dp                                     3
xc.xp_dp                           3.77943e-12
xc.ng_dp                           5.07078e-10
xc.xn_dp                                     3
xc.ksp_dp                          1.25274e-08
xc.kspb_dp                                   3
xc.kpx_dp                           6.2145e-12
xc.ksn_dp                                    3
xc.ksnb_dp                         5.13489e-09
xc.knx_dp                                    3
xc.xcp_dp.a                                1.5
xc.xcp_dp.b1                               1.5
xc.outi_dp                                 1.5
xc.xcn_dp.a                                1.5
xc.xcn_dp.b1                               1.5
xc_dp                                      1.5
xc.pa_dm                                     3
xc.pax_dm                              2.21774
xc.pon_dm                          1.26404e-09
xc.nbx_dm                              2.99975
xc.nb_dm                           2.56744e-09
xc.nonb_dm                                   3
xc.pg_dm                                     3
xc.xp_dm                           3.77943e-12
xc.ng_dm                           5.07078e-10
xc.xn_dm                                     3
xc.ksp_dm                          1.25274e-08
xc.kspb_dm                                   3
xc.kpx_dm                           6.2145e-12
xc.ksn_dm                                    3
xc.ksnb_dm                         5.13489e-09
xc.knx_dm                                    3
xc.xcp_dm.a                                1.5
xc.xcp_dm.b1                               1.5
xc.outi_dm                                 1.5
xc.xcn_dm.a                                1.5
xc.xcn_dm.b1                               1.5
xc_dm                                      1.5
abp                                3.96624e-11
abm                                3.96624e-11
acp                                3.96624e-11
acm                                3.96624e-11
wbp                                          0
wbm                                3.96624e-11
wcp                                3.96624e-11
wcm                                          0
bwcm#branch                                  0
vscm#branch                        3.96624e-11
bwcp#branch                                  0
vscp#branch                        3.96624e-11
bwbm#branch                                  0
vsbm#branch                        3.96624e-11
bwbp#branch                                  0
vsbp#branch                        3.96624e-11
bacm#branch                                  0
bacp#branch                                  0
babm#branch                                  0
babp#branch                                  0
bhi#branch                                   0
boe#branch                                   0
bsfm#branch                                  0
bsrm#branch                                  0
bsfp#branch                                  0
bsrp#branch                                  0
bddm#branch                                  0
bddp#branch                                  0
bunm#branch                                  0
bunp#branch                                  0
bovm#branch                                  0
bovp#branch                                  0
bdmn#branch                                  0
bdpn#branch                                  0
btxdm#branch                                 0
btxdp#branch                                 0
behalf#branch                                0
ehalf#branch                       1.58649e-10
voet#branch                                  0
vctl#branch                                  0
vsup#branch                       -0.000307674


No. of Data Rows : 15020

  Measurements for Transient Analysis

trise_dp_ns         =  1.06544e-08 targ=  1.16024e-07 trig=  1.05369e-07
tfall_dp_ns         =  1.08782e-08 targ=  2.16901e-07 trig=  2.06023e-07
trise_dm_ns         =  1.06544e-08 targ=  2.16524e-07 trig=  2.05869e-07
tfall_dm_ns         =  1.08787e-08 targ=  1.16403e-07 trig=  1.05524e-07
trf_dp_ratio        =  9.79423e-01
trf_dm_ratio        =  9.79382e-01
trf_x1_ratio        =  9.79382e-01
trf_x2_ratio        =  9.79423e-01
vcross_rise_v       =  1.53012e+00
vcross_fall_v       =  1.52995e+00
tx_rise_ns          =   1.10585e-07
tx_fall_ns          =   2.11085e-07
tx_first_ns         =   1.10585e-07
tx_second_ns        =   2.11085e-07
tx_last_ns          =   2.11085e-07
slope_rise_dp_min_vns=  1.39735e-01 at=  1.16010e-07
slope_fall_dp_max_vns=  -1.40265e-01 at=  2.16890e-07
slope_fall_dm_max_vns=  -1.40339e-01 at=  1.16390e-07
slope_rise_dm_min_vns=  1.39734e-01 at=  2.16510e-07
over_dp_mv          =  1.97179e-02 at=  2.03270e-07
under_dp_mv         =  9.69965e-02 at=  1.02690e-07
over_dm_mv          =  1.97313e-02 at=  1.02770e-07
under_dm_mv         =  9.69970e-02 at=  2.03190e-07
tpd_rise_dp_ns      =  1.02098e-08 targ=  1.10460e-07 trig=  1.00250e-07
tpd_fall_dp_ns      =  1.04614e-08 targ=  2.11211e-07 trig=  2.00750e-07
tpd_fall_dm_ns      =  1.04628e-08 targ=  1.10713e-07 trig=  1.00250e-07
tpd_rise_dm_ns      =  1.02098e-08 targ=  2.10960e-07 trig=  2.00750e-07
oe_xb_dp_off_pre_na =  4.02345e-11 at=  6.85656e-08
oe_xb_dp_enable_at_ns=   1.04519e-07
oe_xb_dp_on_ma      =  4.57831e-02 from=  1.50000e-07 to=  1.99010e-07
oe_xb_dp_release_at_ns=   2.17489e-07
oe_xb_dp_off_post_na=  9.91600e-11 at=  2.50010e-07
oe_xb_dp_wrongpol_pk_ma=  2.04653e-03 at=  1.01250e-07
oe_xb_dm_off_pre_na =  4.02373e-11 at=  7.95656e-08
oe_xb_dm_enable_at_ns=   1.04436e-07
oe_xb_dm_on_ma      =  -4.58376e-02 from=  1.50000e-07 to=  1.99010e-07
oe_xb_dm_release_at_ns=   2.12234e-07
oe_xb_dm_off_post_na=  7.79153e-11 at=  2.50430e-07
oe_xb_dm_wrongpol_pk_ma=  6.50540e-04 at=  1.00830e-07
oe_xc_dp_off_pre_na =  4.02382e-11 at=  6.79856e-08
oe_xc_dp_enable_at_ns=   1.04436e-07
oe_xc_dp_on_ma      =  -4.58376e-02 from=  1.50000e-07 to=  1.99010e-07
oe_xc_dp_release_at_ns=   2.12234e-07
oe_xc_dp_off_post_na=  7.79152e-11 at=  2.50430e-07
oe_xc_dp_wrongpol_pk_ma=  6.50540e-04 at=  1.00830e-07
oe_xc_dm_off_pre_na =  4.02379e-11 at=  8.31656e-08
oe_xc_dm_enable_at_ns=   1.04519e-07
oe_xc_dm_on_ma      =  4.57831e-02 from=  1.50000e-07 to=  1.99010e-07
oe_xc_dm_release_at_ns=   2.17489e-07
oe_xc_dm_off_post_na=  9.91776e-11 at=  2.50010e-07
oe_xc_dm_wrongpol_pk_ma=  2.04653e-03 at=  1.01250e-07

ngspice-46 done
