
Note: No compatibility mode selected!


Circuit: * klt sim -- generated corner deck, do not edit

Doing analysis at TEMP = -40.000000 and TNOM = 27.000000

Using SPARSE 1.3 as Direct Linear Solver

Initial Transient Solution
--------------------------

Node                                   Voltage
----                                   -------
vdd                                        3.6
mid                                        1.8
ehalf_int1                                 1.8
ctl                                          0
txdp                                         0
txdm                                       3.6
xa.enb                              1.0937e-08
xa.enx                             5.46852e-09
xa.en                                      3.6
xa.xrb.xsky130_fd_pr__res_xhigh_po_1p41.ra         1.28112
xa.vbn                                 1.26807
xa.vbp                                 2.01215
xa.pa_dp                                   3.6
xa.pax_dp                          1.46459e-11
xa.pon_dp                          1.35273e-09
xa.nbx_dp                                  3.6
xa.nb_dp                                   3.6
xa.nonb_dp                         1.35273e-09
xa.pg_dp                                   3.6
xa.xp_dp                           3.90188e-12
xa.ng_dp                                   3.6
xa.xn_dp                                   3.6
xa.ksp_dp                          1.28874e-08
xa.kspb_dp                                 3.6
xa.kpx_dp                          6.68274e-12
xa.ksn_dp                            0.0207455
xa.ksnb_dp                                 3.6
xa.knx_dp                                  3.6
xa.xcp_dp.a                        8.37758e-10
xa.xcp_dp.b1                       8.37758e-10
xa.outi_dp                         8.37758e-10
xa.xcn_dp.a                        8.37758e-10
xa.xcn_dp.b1                       8.37758e-10
dp                                 8.37758e-10
xa.pa_dm                            1.0937e-08
xa.pax_dm                          5.46852e-09
xa.pon_dm                                  3.6
xa.nbx_dm                              1.12471
xa.nb_dm                           1.28311e-08
xa.nonb_dm                                 3.6
xa.pg_dm                           8.52077e-10
xa.xp_dm                           5.15122e-10
xa.ng_dm                           5.44502e-10
xa.xn_dm                                   3.6
xa.ksp_dm                              3.57508
xa.kspb_dm                         5.42689e-09
xa.kpx_dm                          8.52077e-10
xa.ksn_dm                                  3.6
xa.ksnb_dm                         5.40253e-09
xa.knx_dm                                  3.6
xa.xcp_dm.a                                3.6
xa.xcp_dm.b1                               3.6
xa.outi_dm                                 3.6
xa.xcn_dm.a                                3.6
xa.xcn_dm.b1                               3.6
dm                                         3.6
dpn                                2.32711e-10
dmn                                          1
ovp                                       -3.6
ovm                               -2.77716e-10
unp                               -8.37758e-10
unm                                       -3.6
ddp                                          0
ddm                                          0
srp                                          1
sfp                                         -1
srm                                          1
sfm                                         -1
oet                                          0
oe                                           0
hi                                         3.6
xb.enb                                     3.6
xb.enx                                 2.74605
xb.en                              2.73432e-09
xb.xrb.xsky130_fd_pr__res_xhigh_po_1p41.ra         1.28112
xb.vbn                                 1.26807
xb.vbp                                 2.01215
xb.pa_dp                                   3.6
xb.pax_dp                              2.74606
xb.pon_dp                          1.35273e-09
xb.nbx_dp                              3.59971
xb.nb_dp                           2.70133e-09
xb.nonb_dp                                 3.6
xb.pg_dp                                   3.6
xb.xp_dp                           3.90188e-12
xb.ng_dp                           5.44503e-10
xb.xn_dp                                   3.6
xb.ksp_dp                          1.28874e-08
xb.kspb_dp                                 3.6
xb.kpx_dp                          6.68274e-12
xb.ksn_dp                                  3.6
xb.ksnb_dp                         5.40253e-09
xb.knx_dp                                  3.6
xb.xcp_dp.a                                1.8
xb.xcp_dp.b1                               1.8
xb.outi_dp                                 1.8
xb.xcn_dp.a                                1.8
xb.xcn_dp.b1                               1.8
xb_dp                                      1.8
xb.pa_dm                                   3.6
xb.pax_dm                           0.00740769
xb.pon_dm                          1.35273e-09
xb.nbx_dm                                  3.6
xb.nb_dm                           5.40265e-09
xb.nonb_dm                                 3.6
xb.pg_dm                                   3.6
xb.xp_dm                           3.90188e-12
xb.ng_dm                           5.44503e-10
xb.xn_dm                                   3.6
xb.ksp_dm                          1.28874e-08
xb.kspb_dm                                 3.6
xb.kpx_dm                          6.68274e-12
xb.ksn_dm                                  3.6
xb.ksnb_dm                         5.40253e-09
xb.knx_dm                                  3.6
xb.xcp_dm.a                                1.8
xb.xcp_dm.b1                               1.8
xb.outi_dm                                 1.8
xb.xcn_dm.a                                1.8
xb.xcn_dm.b1                               1.8
xb_dm                                      1.8
xc.enb                                     3.6
xc.enx                                 2.74606
xc.en                              2.73432e-09
xc.xrb.xsky130_fd_pr__res_xhigh_po_1p41.ra         1.28112
xc.vbn                                 1.26807
xc.vbp                                 2.01215
xc.pa_dp                                   3.6
xc.pax_dp                           0.00740769
xc.pon_dp                          1.35273e-09
xc.nbx_dp                                  3.6
xc.nb_dp                           5.40265e-09
xc.nonb_dp                                 3.6
xc.pg_dp                                   3.6
xc.xp_dp                           3.90188e-12
xc.ng_dp                           5.44502e-10
xc.xn_dp                                   3.6
xc.ksp_dp                          1.28874e-08
xc.kspb_dp                                 3.6
xc.kpx_dp                          6.68274e-12
xc.ksn_dp                                  3.6
xc.ksnb_dp                         5.40253e-09
xc.knx_dp                                  3.6
xc.xcp_dp.a                                1.8
xc.xcp_dp.b1                               1.8
xc.outi_dp                                 1.8
xc.xcn_dp.a                                1.8
xc.xcn_dp.b1                               1.8
xc_dp                                      1.8
xc.pa_dm                                   3.6
xc.pax_dm                              2.74606
xc.pon_dm                          1.35273e-09
xc.nbx_dm                              3.59971
xc.nb_dm                           2.70133e-09
xc.nonb_dm                                 3.6
xc.pg_dm                                   3.6
xc.xp_dm                           3.90188e-12
xc.ng_dm                           5.44502e-10
xc.xn_dm                                   3.6
xc.ksp_dm                          1.28874e-08
xc.kspb_dm                                 3.6
xc.kpx_dm                          6.68273e-12
xc.ksn_dm                                  3.6
xc.ksnb_dm                         5.40253e-09
xc.knx_dm                                  3.6
xc.xcp_dm.a                                1.8
xc.xcp_dm.b1                               1.8
xc.outi_dm                                 1.8
xc.xcn_dm.a                                1.8
xc.xcn_dm.b1                               1.8
xc_dm                                      1.8
abp                                4.76048e-11
abm                                4.76048e-11
acp                                4.76048e-11
acm                                4.76048e-11
wbp                                          0
wbm                                4.76048e-11
wcp                                4.76048e-11
wcm                                          0
bwcm#branch                                  0
vscm#branch                        4.76048e-11
bwcp#branch                                  0
vscp#branch                        4.76048e-11
bwbm#branch                                  0
vsbm#branch                        4.76048e-11
bwbp#branch                                  0
vsbp#branch                        4.76048e-11
bacm#branch                                  0
bacp#branch                                  0
babm#branch                                  0
babp#branch                                  0
bhi#branch                                   0
boe#branch                                   0
bsfm#branch                                  0
bsrm#branch                                  0
bsfp#branch                                  0
bsrp#branch                                  0
bddm#branch                                  0
bddp#branch                                  0
bunm#branch                                  0
bunp#branch                                  0
bovm#branch                                  0
bovp#branch                                  0
bdmn#branch                                  0
bdpn#branch                                  0
btxdm#branch                                 0
btxdp#branch                                 0
behalf#branch                                0
ehalf#branch                       1.90419e-10
voet#branch                                  0
vctl#branch                                  0
vsup#branch                       -0.000406745


No. of Data Rows : 15020

  Measurements for Transient Analysis

trise_dp_ns         =  9.57178e-09 targ=  1.13966e-07 trig=  1.04394e-07
tfall_dp_ns         =  9.31501e-09 targ=  2.14481e-07 trig=  2.05166e-07
trise_dm_ns         =  9.57178e-09 targ=  2.14466e-07 trig=  2.04894e-07
tfall_dm_ns         =  9.31533e-09 targ=  1.13982e-07 trig=  1.04666e-07
trf_dp_ratio        =  1.02757e+00
trf_dm_ratio        =  1.02753e+00
trf_x1_ratio        =  1.02753e+00
trf_x2_ratio        =  1.02757e+00
vcross_rise_v       =  1.81825e+00
vcross_fall_v       =  1.81815e+00
tx_rise_ns          =   1.08995e-07
tx_fall_ns          =   2.09494e-07
tx_first_ns         =   1.08995e-07
tx_second_ns        =   2.09494e-07
tx_last_ns          =   2.09494e-07
slope_rise_dp_min_vns=  1.81033e-01 at=  1.13950e-07
slope_fall_dp_max_vns=  -1.85311e-01 at=  2.14470e-07
slope_fall_dm_max_vns=  -1.85364e-01 at=  1.13970e-07
slope_rise_dm_min_vns=  1.81033e-01 at=  2.14450e-07
over_dp_mv          =  1.77535e-02 at=  2.02570e-07
under_dp_mv         =  9.33457e-02 at=  1.02090e-07
over_dm_mv          =  1.77606e-02 at=  1.02070e-07
under_dm_mv         =  9.33457e-02 at=  2.02590e-07
tpd_rise_dp_ns      =  8.68810e-09 targ=  1.08938e-07 trig=  1.00250e-07
tpd_fall_dp_ns      =  8.79906e-09 targ=  2.09549e-07 trig=  2.00750e-07
tpd_fall_dm_ns      =  8.79968e-09 targ=  1.09050e-07 trig=  1.00250e-07
tpd_rise_dm_ns      =  8.68810e-09 targ=  2.09438e-07 trig=  2.00750e-07
oe_xb_dp_off_pre_na =  4.78091e-11 at=  9.70256e-08
oe_xb_dp_enable_at_ns=   1.03238e-07
oe_xb_dp_on_ma      =  5.75775e-02 from=  1.50000e-07 to=  1.99010e-07
oe_xb_dp_release_at_ns=   2.15361e-07
oe_xb_dp_off_post_na=  1.04740e-10 at=  3.00000e-07
oe_xb_dp_wrongpol_pk_ma=  2.77772e-03 at=  1.01130e-07
oe_xb_dm_off_pre_na =  4.78070e-11 at=  8.60856e-08
oe_xb_dm_enable_at_ns=   1.03033e-07
oe_xb_dm_on_ma      =  -5.68281e-02 from=  1.50000e-07 to=  1.99010e-07
oe_xb_dm_release_at_ns=   2.11071e-07
oe_xb_dm_off_post_na=  1.34998e-10 at=  2.54870e-07
oe_xb_dm_wrongpol_pk_ma=  9.25223e-04 at=  1.00750e-07
oe_xc_dp_off_pre_na =  4.78053e-11 at=  9.70856e-08
oe_xc_dp_enable_at_ns=   1.03033e-07
oe_xc_dp_on_ma      =  -5.68281e-02 from=  1.50000e-07 to=  1.99010e-07
oe_xc_dp_release_at_ns=   2.11071e-07
oe_xc_dp_off_post_na=  1.35009e-10 at=  2.54470e-07
oe_xc_dp_wrongpol_pk_ma=  9.25223e-04 at=  1.00750e-07
oe_xc_dm_off_pre_na =  4.78138e-11 at=  3.04256e-08
oe_xc_dm_enable_at_ns=   1.03238e-07
oe_xc_dm_on_ma      =  5.75775e-02 from=  1.50000e-07 to=  1.99010e-07
oe_xc_dm_release_at_ns=   2.15361e-07
oe_xc_dm_off_post_na=  1.04743e-10 at=  3.00000e-07
oe_xc_dm_wrongpol_pk_ma=  2.77772e-03 at=  1.01130e-07

ngspice-46 done
