
Note: No compatibility mode selected!


Circuit: * klt sim -- generated corner deck, do not edit

Doing analysis at TEMP = -40.000000 and TNOM = 27.000000

Using SPARSE 1.3 as Direct Linear Solver

Initial Transient Solution
--------------------------

Node                                   Voltage
----                                   -------
vdd                                        3.3
mid                                       1.65
ehalf_int1                                1.65
ctl                                          0
txdp                                         0
txdm                                       3.3
xa.enb                             1.05805e-08
xa.enx                             5.29027e-09
xa.en                                      3.3
xa.xrb.xsky130_fd_pr__res_xhigh_po_1p41.ra         1.25398
xa.vbn                                 1.24258
xa.vbp                                 1.74512
xa.pa_dp                                   3.3
xa.pax_dp                          1.41106e-11
xa.pon_dp                          1.30363e-09
xa.nbx_dp                                  3.3
xa.nb_dp                                   3.3
xa.nonb_dp                         1.30363e-09
xa.pg_dp                                   3.3
xa.xp_dp                           3.83256e-12
xa.ng_dp                                   3.3
xa.xn_dp                                   3.3
xa.ksp_dp                           1.2682e-08
xa.kspb_dp                                 3.3
xa.kpx_dp                          6.42538e-12
xa.ksn_dp                            0.0190216
xa.ksnb_dp                                 3.3
xa.knx_dp                                  3.3
xa.xcp_dp.a                        8.06348e-10
xa.xcp_dp.b1                       8.06348e-10
xa.outi_dp                         8.06348e-10
xa.xcn_dp.a                        8.06348e-10
xa.xcn_dp.b1                       8.06348e-10
dp                                 8.06348e-10
xa.pa_dm                           1.05805e-08
xa.pax_dm                          5.29027e-09
xa.pon_dm                                  3.3
xa.nbx_dm                              1.08337
xa.nb_dm                           1.23137e-08
xa.nonb_dm                                 3.3
xa.pg_dm                           8.31672e-10
xa.xp_dm                           5.07239e-10
xa.ng_dm                           5.24128e-10
xa.xn_dm                                   3.3
xa.ksp_dm                              3.27636
xa.kspb_dm                         5.28144e-09
xa.kpx_dm                          8.31672e-10
xa.ksn_dm                                  3.3
xa.ksnb_dm                         5.25419e-09
xa.knx_dm                                  3.3
xa.xcp_dm.a                                3.3
xa.xcp_dm.b1                               3.3
xa.outi_dm                                 3.3
xa.xcn_dm.a                                3.3
xa.xcn_dm.b1                               3.3
dm                                         3.3
dpn                                2.44348e-10
dmn                                          1
ovp                                       -3.3
ovm                               -2.76839e-10
unp                               -8.06348e-10
unm                                       -3.3
ddp                                          0
ddm                                          0
srp                                          1
sfp                                         -1
srm                                          1
sfm                                         -1
oet                                          0
oe                                           0
hi                                         3.3
xb.enb                                     3.3
xb.enx                                  2.4808
xb.en                              2.64514e-09
xb.xrb.xsky130_fd_pr__res_xhigh_po_1p41.ra         1.25398
xb.vbn                                 1.24258
xb.vbp                                 1.74512
xb.pa_dp                                   3.3
xb.pax_dp                              2.48083
xb.pon_dp                          1.30363e-09
xb.nbx_dp                              3.29973
xb.nb_dp                           2.62709e-09
xb.nonb_dp                                 3.3
xb.pg_dp                                   3.3
xb.xp_dp                           3.83256e-12
xb.ng_dp                           5.24128e-10
xb.xn_dp                                   3.3
xb.ksp_dp                           1.2682e-08
xb.kspb_dp                                 3.3
xb.kpx_dp                          6.42538e-12
xb.ksn_dp                                  3.3
xb.ksnb_dp                         5.25419e-09
xb.knx_dp                                  3.3
xb.xcp_dp.a                               1.65
xb.xcp_dp.b1                              1.65
xb.outi_dp                                1.65
xb.xcn_dp.a                               1.65
xb.xcn_dp.b1                              1.65
xb_dp                                     1.65
xb.pa_dm                                   3.3
xb.pax_dm                           0.00687366
xb.pon_dm                          1.30363e-09
xb.nbx_dm                                  3.3
xb.nb_dm                           5.25419e-09
xb.nonb_dm                                 3.3
xb.pg_dm                                   3.3
xb.xp_dm                           3.83256e-12
xb.ng_dm                           5.24128e-10
xb.xn_dm                                   3.3
xb.ksp_dm                           1.2682e-08
xb.kspb_dm                                 3.3
xb.kpx_dm                          6.42536e-12
xb.ksn_dm                                  3.3
xb.ksnb_dm                         5.25419e-09
xb.knx_dm                                  3.3
xb.xcp_dm.a                               1.65
xb.xcp_dm.b1                              1.65
xb.outi_dm                                1.65
xb.xcn_dm.a                               1.65
xb.xcn_dm.b1                              1.65
xb_dm                                     1.65
xc.enb                                     3.3
xc.enx                                  2.4808
xc.en                              2.64514e-09
xc.xrb.xsky130_fd_pr__res_xhigh_po_1p41.ra         1.25398
xc.vbn                                 1.24258
xc.vbp                                 1.74512
xc.pa_dp                                   3.3
xc.pax_dp                           0.00687366
xc.pon_dp                          1.30363e-09
xc.nbx_dp                                  3.3
xc.nb_dp                           5.25419e-09
xc.nonb_dp                                 3.3
xc.pg_dp                                   3.3
xc.xp_dp                           3.83256e-12
xc.ng_dp                           5.24128e-10
xc.xn_dp                                   3.3
xc.ksp_dp                           1.2682e-08
xc.kspb_dp                                 3.3
xc.kpx_dp                          6.42536e-12
xc.ksn_dp                                  3.3
xc.ksnb_dp                         5.25419e-09
xc.knx_dp                                  3.3
xc.xcp_dp.a                               1.65
xc.xcp_dp.b1                              1.65
xc.outi_dp                                1.65
xc.xcn_dp.a                               1.65
xc.xcn_dp.b1                              1.65
xc_dp                                     1.65
xc.pa_dm                                   3.3
xc.pax_dm                              2.48082
xc.pon_dm                          1.30363e-09
xc.nbx_dm                              3.29973
xc.nb_dm                           2.62709e-09
xc.nonb_dm                                 3.3
xc.pg_dm                                   3.3
xc.xp_dm                           3.83256e-12
xc.ng_dm                           5.24128e-10
xc.xn_dm                                   3.3
xc.ksp_dm                           1.2682e-08
xc.kspb_dm                                 3.3
xc.kpx_dm                          6.42549e-12
xc.ksn_dm                                  3.3
xc.ksnb_dm                         5.25419e-09
xc.knx_dm                                  3.3
xc.xcp_dm.a                               1.65
xc.xcp_dm.b1                              1.65
xc.outi_dm                                1.65
xc.xcn_dm.a                               1.65
xc.xcn_dm.b1                              1.65
xc_dm                                     1.65
abp                                4.36335e-11
abm                                4.36335e-11
acp                                4.36335e-11
acm                                4.36335e-11
wbp                                          0
wbm                                4.36335e-11
wcp                                4.36335e-11
wcm                                          0
bwcm#branch                                  0
vscm#branch                        4.36335e-11
bwcp#branch                                  0
vscp#branch                        4.36335e-11
bwbm#branch                                  0
vsbm#branch                        4.36335e-11
bwbp#branch                                  0
vsbp#branch                        4.36335e-11
bacm#branch                                  0
bacp#branch                                  0
babm#branch                                  0
babp#branch                                  0
bhi#branch                                   0
boe#branch                                   0
bsfm#branch                                  0
bsrm#branch                                  0
bsfp#branch                                  0
bsrp#branch                                  0
bddm#branch                                  0
bddp#branch                                  0
bunm#branch                                  0
bunp#branch                                  0
bovm#branch                                  0
bovp#branch                                  0
bdmn#branch                                  0
bdpn#branch                                  0
btxdm#branch                                 0
btxdp#branch                                 0
behalf#branch                                0
ehalf#branch                       1.74534e-10
voet#branch                                  0
vctl#branch                                  0
vsup#branch                       -0.000356963


No. of Data Rows : 19991

  Measurements for Transient Analysis

trise_dp_ns         =  1.00451e-08 targ=  1.14858e-07 trig=  1.04813e-07
tfall_dp_ns         =  9.99893e-09 targ=  2.15515e-07 trig=  2.05516e-07
trise_dm_ns         =  1.00451e-08 targ=  2.15358e-07 trig=  2.05313e-07
tfall_dm_ns         =  9.99934e-09 targ=  1.15016e-07 trig=  1.05016e-07
trf_dp_ratio        =  1.00462e+00
trf_dm_ratio        =  1.00458e+00
trf_x1_ratio        =  1.00457e+00
trf_x2_ratio        =  1.00462e+00
vcross_rise_v       =  1.67233e+00
vcross_fall_v       =  1.67220e+00
tx_rise_ns          =   1.09676e-07
tx_fall_ns          =   2.10175e-07
tx_first_ns         =   1.09676e-07
tx_second_ns        =   2.10175e-07
tx_last_ns          =   2.10175e-07
slope_rise_dp_min_vns=  1.59923e-01 at=  1.14850e-07
slope_fall_dp_max_vns=  -1.62369e-01 at=  2.15510e-07
slope_fall_dm_max_vns=  -1.62434e-01 at=  1.15010e-07
slope_rise_dm_min_vns=  1.59923e-01 at=  2.15350e-07
over_dp_mv          =  1.85670e-02 at=  2.02850e-07
under_dp_mv         =  9.53440e-02 at=  1.02330e-07
over_dm_mv          =  1.85760e-02 at=  1.02350e-07
under_dm_mv         =  9.53441e-02 at=  2.02830e-07
tpd_rise_dp_ns      =  9.34609e-09 targ=  1.09596e-07 trig=  1.00250e-07
tpd_fall_dp_ns      =  9.50349e-09 targ=  2.10253e-07 trig=  2.00750e-07
tpd_fall_dm_ns      =  9.50446e-09 targ=  1.09754e-07 trig=  1.00250e-07
tpd_rise_dm_ns      =  9.34609e-09 targ=  2.10096e-07 trig=  2.00750e-07
oe_xb_dp_off_pre_na =  4.45823e-11 at=  8.83981e-08
oe_xb_dp_enable_at_ns=   1.03774e-07
oe_xb_dp_on_ma      =  5.17332e-02 from=  1.50000e-07 to=  1.99010e-07
oe_xb_dp_release_at_ns=   2.16271e-07
oe_xb_dp_off_post_na=  6.18654e-11 at=  2.77290e-07
oe_xb_dp_wrongpol_pk_ma=  2.40927e-03 at=  1.01190e-07
oe_xb_dm_off_pre_na =  4.45868e-11 at=  9.45781e-08
oe_xb_dm_enable_at_ns=   1.03617e-07
oe_xb_dm_on_ma      =  -5.13702e-02 from=  1.50000e-07 to=  1.99010e-07
oe_xb_dm_release_at_ns=   2.11574e-07
oe_xb_dm_off_post_na=  8.58591e-11 at=  2.57310e-07
oe_xb_dm_wrongpol_pk_ma=  7.87104e-04 at=  1.00790e-07
oe_xc_dp_off_pre_na =  4.45794e-11 at=  8.99781e-08
oe_xc_dp_enable_at_ns=   1.03617e-07
oe_xc_dp_on_ma      =  -5.13702e-02 from=  1.50000e-07 to=  1.99010e-07
oe_xc_dp_release_at_ns=   2.11574e-07
oe_xc_dp_off_post_na=  8.58752e-11 at=  2.57070e-07
oe_xc_dp_wrongpol_pk_ma=  7.87104e-04 at=  1.00790e-07
oe_xc_dm_off_pre_na =  4.45817e-11 at=  8.87581e-08
oe_xc_dm_enable_at_ns=   1.03774e-07
oe_xc_dm_on_ma      =  5.17332e-02 from=  1.50000e-07 to=  1.99010e-07
oe_xc_dm_release_at_ns=   2.16271e-07
oe_xc_dm_off_post_na=  6.18782e-11 at=  2.77450e-07
oe_xc_dm_wrongpol_pk_ma=  2.40927e-03 at=  1.01190e-07

ngspice-46 done
