
Note: No compatibility mode selected!


Circuit: * klt sim -- generated corner deck, do not edit

Doing analysis at TEMP = 100.000000 and TNOM = 27.000000

Using SPARSE 1.3 as Direct Linear Solver

Initial Transient Solution
--------------------------

Node                                   Voltage
----                                   -------
vdd                                        3.6
mid                                        1.8
ehalf_int1                                 1.8
ctl                                          0
txdp                                         0
txdm                                       3.6
xa.enb                             3.41959e-08
xa.enx                             1.70979e-08
xa.en                                      3.6
xa.xrb.xsky130_fd_pr__res_xhigh_po_1p41.ra         1.34344
xa.vbn                                 1.32792
xa.vbp                                 2.06198
xa.pa_dp                                   3.6
xa.pax_dp                          2.81788e-07
xa.pon_dp                          6.22324e-09
xa.nbx_dp                                  3.6
xa.nb_dp                                   3.6
xa.nonb_dp                         6.22328e-09
xa.pg_dp                                   3.6
xa.xp_dp                           1.39935e-07
xa.ng_dp                                   3.6
xa.xn_dp                                   3.6
xa.ksp_dp                          5.03632e-08
xa.kspb_dp                                 3.6
xa.kpx_dp                          1.89622e-07
xa.ksn_dp                            0.0401414
xa.ksnb_dp                                 3.6
xa.knx_dp                                  3.6
xa.xcp_dp.a                         5.5088e-09
xa.xcp_dp.b1                        5.5088e-09
xa.outi_dp                          5.5088e-09
xa.xcn_dp.a                         5.5088e-09
xa.xcn_dp.b1                        5.5088e-09
dp                                  5.5088e-09
xa.pa_dm                            3.4196e-08
xa.pax_dm                           1.7098e-08
xa.pon_dm                                  3.6
xa.nbx_dm                             0.781314
xa.nb_dm                           2.69054e-08
xa.nonb_dm                                 3.6
xa.pg_dm                           4.93646e-09
xa.xp_dm                            2.7421e-09
xa.ng_dm                           1.92406e-09
xa.xn_dm                                   3.6
xa.ksp_dm                              3.55498
xa.kspb_dm                         2.74213e-08
xa.kpx_dm                          4.93645e-09
xa.ksn_dm                                  3.6
xa.ksnb_dm                         1.72359e-08
xa.knx_dm                                  3.6
xa.xcp_dm.a                                3.6
xa.xcp_dm.b1                               3.6
xa.outi_dm                                 3.6
xa.xcn_dm.a                                3.6
xa.xcn_dm.b1                               3.6
dm                                         3.6
dpn                                1.53022e-09
dmn                                          1
ovp                                       -3.6
ovm                               -1.03747e-07
unp                                -5.5088e-09
unm                                       -3.6
ddp                                          0
ddm                                          0
srp                                          1
sfp                                         -1
srm                                          1
sfm                                         -1
oet                                          0
oe                                           0
hi                                         3.6
xb.enb                                     3.6
xb.enx                                  2.9196
xb.en                              6.76716e-09
xb.xrb.xsky130_fd_pr__res_xhigh_po_1p41.ra         1.34344
xb.vbn                                 1.32792
xb.vbp                                 2.06198
xb.pa_dp                                   3.6
xb.pax_dp                               2.9196
xb.pon_dp                          6.22323e-09
xb.nbx_dp                              3.55584
xb.nb_dp                           5.23396e-09
xb.nonb_dp                                 3.6
xb.pg_dp                                   3.6
xb.xp_dp                           1.39935e-07
xb.ng_dp                           1.92406e-09
xb.xn_dp                                   3.6
xb.ksp_dp                          5.03632e-08
xb.kspb_dp                                 3.6
xb.kpx_dp                          1.89622e-07
xb.ksn_dp                                  3.6
xb.ksnb_dp                         1.72359e-08
xb.knx_dp                                  3.6
xb.xcp_dp.a                                1.8
xb.xcp_dp.b1                               1.8
xb.outi_dp                                 1.8
xb.xcn_dp.a                                1.8
xb.xcn_dp.b1                               1.8
xb_dp                                      1.8
xb.pa_dm                                   3.6
xb.pax_dm                            0.0926986
xb.pon_dm                          6.22319e-09
xb.nbx_dm                                  3.6
xb.nb_dm                           1.36433e-08
xb.nonb_dm                                 3.6
xb.pg_dm                                   3.6
xb.xp_dm                           1.39935e-07
xb.ng_dm                           1.92406e-09
xb.xn_dm                                   3.6
xb.ksp_dm                          5.03632e-08
xb.kspb_dm                                 3.6
xb.kpx_dm                          1.89622e-07
xb.ksn_dm                                  3.6
xb.ksnb_dm                         1.72359e-08
xb.knx_dm                                  3.6
xb.xcp_dm.a                                1.8
xb.xcp_dm.b1                               1.8
xb.outi_dm                                 1.8
xb.xcn_dm.a                                1.8
xb.xcn_dm.b1                               1.8
xb_dm                                      1.8
xc.enb                                     3.6
xc.enx                                  2.9196
xc.en                              6.76716e-09
xc.xrb.xsky130_fd_pr__res_xhigh_po_1p41.ra         1.34344
xc.vbn                                 1.32792
xc.vbp                                 2.06198
xc.pa_dp                                   3.6
xc.pax_dp                            0.0926986
xc.pon_dp                          6.22319e-09
xc.nbx_dp                                  3.6
xc.nb_dp                           1.36433e-08
xc.nonb_dp                                 3.6
xc.pg_dp                                   3.6
xc.xp_dp                           1.39935e-07
xc.ng_dp                           1.92406e-09
xc.xn_dp                                   3.6
xc.ksp_dp                          5.03632e-08
xc.kspb_dp                                 3.6
xc.kpx_dp                          1.89622e-07
xc.ksn_dp                                  3.6
xc.ksnb_dp                         1.72359e-08
xc.knx_dp                                  3.6
xc.xcp_dp.a                                1.8
xc.xcp_dp.b1                               1.8
xc.outi_dp                                 1.8
xc.xcn_dp.a                                1.8
xc.xcn_dp.b1                               1.8
xc_dp                                      1.8
xc.pa_dm                                   3.6
xc.pax_dm                               2.9196
xc.pon_dm                          6.22323e-09
xc.nbx_dm                              3.55537
xc.nb_dm                           5.22522e-09
xc.nonb_dm                                 3.6
xc.pg_dm                                   3.6
xc.xp_dm                           1.39935e-07
xc.ng_dm                           1.92406e-09
xc.xn_dm                                   3.6
xc.ksp_dm                          5.03632e-08
xc.kspb_dm                                 3.6
xc.kpx_dm                          1.89622e-07
xc.ksn_dm                                  3.6
xc.ksnb_dm                         1.72359e-08
xc.knx_dm                                  3.6
xc.xcp_dm.a                                1.8
xc.xcp_dm.b1                               1.8
xc.outi_dm                                 1.8
xc.xcn_dm.a                                1.8
xc.xcn_dm.b1                               1.8
xc_dm                                      1.8
abp                                6.28362e-09
abm                                6.28362e-09
acp                                6.28362e-09
acm                                6.28362e-09
wbp                                6.28362e-09
wbm                                          0
wcp                                          0
wcm                                6.28362e-09
bwcm#branch                                  0
vscm#branch                       -6.28362e-09
bwcp#branch                                  0
vscp#branch                       -6.28362e-09
bwbm#branch                                  0
vsbm#branch                       -6.28362e-09
bwbp#branch                                  0
vsbp#branch                       -6.28362e-09
bacm#branch                                  0
bacp#branch                                  0
babm#branch                                  0
babp#branch                                  0
bhi#branch                                   0
boe#branch                                   0
bsfm#branch                                  0
bsrm#branch                                  0
bsfp#branch                                  0
bsrp#branch                                  0
bddm#branch                                  0
bddp#branch                                  0
bunm#branch                                  0
bunp#branch                                  0
bovm#branch                                  0
bovp#branch                                  0
bdmn#branch                                  0
bdpn#branch                                  0
btxdm#branch                                 0
btxdp#branch                                 0
behalf#branch                                0
ehalf#branch                      -2.51345e-08
voet#branch                                  0
vctl#branch                                  0
vsup#branch                        -0.00048534


No. of Data Rows : 15020

  Measurements for Transient Analysis

trise_dp_ns         =  9.10756e-09 targ=  1.13530e-07 trig=  1.04423e-07
tfall_dp_ns         =  9.00739e-09 targ=  2.14876e-07 trig=  2.05869e-07
trise_dm_ns         =  9.10755e-09 targ=  2.14030e-07 trig=  2.04923e-07
tfall_dm_ns         =  9.00787e-09 targ=  1.14378e-07 trig=  1.05370e-07
trf_dp_ratio        =  1.01112e+00
trf_dm_ratio        =  1.01107e+00
trf_x1_ratio        =  1.01107e+00
trf_x2_ratio        =  1.01112e+00
vcross_rise_v       =  1.95707e+00
vcross_fall_v       =  1.95689e+00
tx_rise_ns          =   1.09075e-07
tx_fall_ns          =   2.09574e-07
tx_first_ns         =   1.09075e-07
tx_second_ns        =   2.09574e-07
tx_last_ns          =   2.09574e-07
slope_rise_dp_min_vns=  1.58940e-01 at=  1.13530e-07
slope_fall_dp_max_vns=  -1.59604e-01 at=  2.14870e-07
slope_fall_dm_max_vns=  -1.59678e-01 at=  1.14370e-07
slope_rise_dm_min_vns=  1.58940e-01 at=  2.14030e-07
over_dp_mv          =  1.75177e-02 at=  2.02570e-07
under_dp_mv         =  7.45233e-02 at=  1.02030e-07
over_dm_mv          =  1.75308e-02 at=  1.02070e-07
under_dm_mv         =  7.45227e-02 at=  2.02530e-07
tpd_rise_dp_ns      =  8.38822e-09 targ=  1.08638e-07 trig=  1.00250e-07
tpd_fall_dp_ns      =  9.24955e-09 targ=  2.10000e-07 trig=  2.00750e-07
tpd_fall_dm_ns      =  9.25061e-09 targ=  1.09501e-07 trig=  1.00250e-07
tpd_rise_dm_ns      =  8.38821e-09 targ=  2.09138e-07 trig=  2.00750e-07
oe_xb_dp_off_pre_na =  6.28326e-09 at=  8.47456e-08
oe_xb_dp_enable_at_ns=   1.03442e-07
oe_xb_dp_on_ma      =  4.75740e-02 from=  1.50000e-07 to=  1.99010e-07
oe_xb_dp_release_at_ns=   2.20213e-07
oe_xb_dp_off_post_na=  6.30416e-09 at=  2.50030e-07
oe_xb_dp_wrongpol_pk_ma=  2.52569e-03 at=  1.01330e-07
oe_xb_dm_off_pre_na =  6.28326e-09 at=  7.22056e-08
oe_xb_dm_enable_at_ns=   1.03474e-07
oe_xb_dm_on_ma      =  -4.55910e-02 from=  1.50000e-07 to=  1.99010e-07
oe_xb_dm_release_at_ns=   2.14572e-07
oe_xb_dm_off_post_na=  6.30246e-09 at=  2.50010e-07
oe_xb_dm_wrongpol_pk_ma=  8.32598e-04 at=  1.00910e-07
oe_xc_dp_off_pre_na =  6.28326e-09 at=  3.82456e-08
oe_xc_dp_enable_at_ns=   1.03474e-07
oe_xc_dp_on_ma      =  -4.55910e-02 from=  1.50000e-07 to=  1.99010e-07
oe_xc_dp_release_at_ns=   2.14572e-07
oe_xc_dp_off_post_na=  6.30245e-09 at=  2.50050e-07
oe_xc_dp_wrongpol_pk_ma=  8.32598e-04 at=  1.00910e-07
oe_xc_dm_off_pre_na =  6.28326e-09 at=  9.64056e-08
oe_xc_dm_enable_at_ns=   1.03442e-07
oe_xc_dm_on_ma      =  4.75740e-02 from=  1.50000e-07 to=  1.99010e-07
oe_xc_dm_release_at_ns=   2.20213e-07
oe_xc_dm_off_post_na=  6.30411e-09 at=  2.50030e-07
oe_xc_dm_wrongpol_pk_ma=  2.52569e-03 at=  1.01330e-07

ngspice-46 done
