
Note: No compatibility mode selected!


Circuit: * klt sim -- generated corner deck, do not edit

Doing analysis at TEMP = 27.000000 and TNOM = 27.000000

Using SPARSE 1.3 as Direct Linear Solver

Initial Transient Solution
--------------------------

Node                                   Voltage
----                                   -------
vdd                                          3
mid                                        1.5
ehalf_int1                                 1.5
ctl                                          0
txdp                                         0
txdm                                         3
xa.enb                             1.32206e-08
xa.enx                             6.61032e-09
xa.en                                        3
xa.xrb.xsky130_fd_pr__res_xhigh_po_1p41.ra         1.23886
xa.vbn                                  1.2281
xa.vbp                                 1.51696
xa.pa_dp                                     3
xa.pax_dp                          4.77461e-09
xa.pon_dp                          1.62493e-09
xa.nbx_dp                                    3
xa.nb_dp                                     3
xa.nonb_dp                         1.62493e-09
xa.pg_dp                                     3
xa.xp_dp                           1.92798e-09
xa.ng_dp                                     3
xa.xn_dp                                     3
xa.ksp_dp                          1.43325e-08
xa.kspb_dp                                   3
xa.kpx_dp                          2.73204e-09
xa.ksn_dp                            0.0246004
xa.ksnb_dp                                   3
xa.knx_dp                                    3
xa.xcp_dp.a                         1.0031e-09
xa.xcp_dp.b1                        1.0031e-09
xa.outi_dp                          1.0031e-09
xa.xcn_dp.a                         1.0031e-09
xa.xcn_dp.b1                        1.0031e-09
dp                                  1.0031e-09
xa.pa_dm                           1.32206e-08
xa.pax_dm                          6.61032e-09
xa.pon_dm                                    3
xa.nbx_dm                              0.86883
xa.nb_dm                           1.60431e-08
xa.nonb_dm                                   3
xa.pg_dm                           9.75825e-10
xa.xp_dm                           5.73783e-10
xa.ng_dm                           6.50149e-10
xa.xn_dm                                     3
xa.ksp_dm                              2.96911
xa.kspb_dm                         6.71105e-09
xa.kpx_dm                          9.75825e-10
xa.ksn_dm                                    3
xa.ksnb_dm                         6.63876e-09
xa.knx_dm                                    3
xa.xcp_dm.a                                  3
xa.xcp_dm.b1                                 3
xa.outi_dm                                   3
xa.xcn_dm.a                                  3
xa.xcn_dm.b1                                 3
dm                                           3
dpn                                3.34368e-10
dmn                                          1
ovp                                         -3
ovm                               -1.59797e-09
unp                                -1.0031e-09
unm                                         -3
ddp                                          0
ddm                                          0
srp                                          1
sfp                                         -1
srm                                          1
sfm                                         -1
oet                                          0
oe                                           0
hi                                           3
xb.enb                                       3
xb.enx                                 2.36695
xb.en                              3.30052e-09
xb.xrb.xsky130_fd_pr__res_xhigh_po_1p41.ra         1.23886
xb.vbn                                  1.2281
xb.vbp                                 1.51696
xb.pa_dp                                     3
xb.pax_dp                              2.36695
xb.pon_dp                          1.62493e-09
xb.nbx_dp                               2.9997
xb.nb_dp                           3.31469e-09
xb.nonb_dp                                   3
xb.pg_dp                                     3
xb.xp_dp                           1.92798e-09
xb.ng_dp                           6.50149e-10
xb.xn_dp                                     3
xb.ksp_dp                          1.43325e-08
xb.kspb_dp                                   3
xb.kpx_dp                          2.73204e-09
xb.ksn_dp                                    3
xb.ksnb_dp                         6.63876e-09
xb.knx_dp                                    3
xb.xcp_dp.a                                1.5
xb.xcp_dp.b1                               1.5
xb.outi_dp                                 1.5
xb.xcn_dp.a                                1.5
xb.xcn_dp.b1                               1.5
xb_dp                                      1.5
xb.pa_dm                                     3
xb.pax_dm                             0.071537
xb.pon_dm                          1.62493e-09
xb.nbx_dm                                    3
xb.nb_dm                           6.62944e-09
xb.nonb_dm                                   3
xb.pg_dm                                     3
xb.xp_dm                           1.92798e-09
xb.ng_dm                           6.50149e-10
xb.xn_dm                                     3
xb.ksp_dm                          1.43325e-08
xb.kspb_dm                                   3
xb.kpx_dm                          2.73204e-09
xb.ksn_dm                                    3
xb.ksnb_dm                         6.63876e-09
xb.knx_dm                                    3
xb.xcp_dm.a                                1.5
xb.xcp_dm.b1                               1.5
xb.outi_dm                                 1.5
xb.xcn_dm.a                                1.5
xb.xcn_dm.b1                               1.5
xb_dm                                      1.5
xc.enb                                       3
xc.enx                                 2.36695
xc.en                              3.30052e-09
xc.xrb.xsky130_fd_pr__res_xhigh_po_1p41.ra         1.23886
xc.vbn                                  1.2281
xc.vbp                                 1.51696
xc.pa_dp                                     3
xc.pax_dp                            0.0715314
xc.pon_dp                          1.62493e-09
xc.nbx_dp                                    3
xc.nb_dp                           6.62944e-09
xc.nonb_dp                                   3
xc.pg_dp                                     3
xc.xp_dp                           1.92798e-09
xc.ng_dp                           6.50149e-10
xc.xn_dp                                     3
xc.ksp_dp                          1.43325e-08
xc.kspb_dp                                   3
xc.kpx_dp                          2.73204e-09
xc.ksn_dp                                    3
xc.ksnb_dp                         6.63876e-09
xc.knx_dp                                    3
xc.xcp_dp.a                                1.5
xc.xcp_dp.b1                               1.5
xc.outi_dp                                 1.5
xc.xcn_dp.a                                1.5
xc.xcn_dp.b1                               1.5
xc_dp                                      1.5
xc.pa_dm                                     3
xc.pax_dm                              2.36694
xc.pon_dm                          1.62493e-09
xc.nbx_dm                              3.00121
xc.nb_dm                           3.31484e-09
xc.nonb_dm                                   3
xc.pg_dm                                     3
xc.xp_dm                           1.92798e-09
xc.ng_dm                           6.50149e-10
xc.xn_dm                                     3
xc.ksp_dm                          1.43325e-08
xc.kspb_dm                                   3
xc.kpx_dm                          2.73204e-09
xc.ksn_dm                                    3
xc.ksnb_dm                         6.63876e-09
xc.knx_dm                                    3
xc.xcp_dm.a                                1.5
xc.xcp_dm.b1                               1.5
xc.outi_dm                                 1.5
xc.xcn_dm.a                                1.5
xc.xcn_dm.b1                               1.5
xc_dm                                      1.5
abp                                3.97304e-11
abm                                3.97304e-11
acp                                3.97305e-11
acm                                3.97304e-11
wbp                                3.97304e-11
wbm                                          0
wcp                                          0
wcm                                3.97304e-11
bwcm#branch                                  0
vscm#branch                       -3.97304e-11
bwcp#branch                                  0
vscp#branch                       -3.97305e-11
bwbm#branch                                  0
vsbm#branch                       -3.97304e-11
bwbp#branch                                  0
vsbp#branch                       -3.97304e-11
bacm#branch                                  0
bacp#branch                                  0
babm#branch                                  0
babp#branch                                  0
bhi#branch                                   0
boe#branch                                   0
bsfm#branch                                  0
bsrm#branch                                  0
bsfp#branch                                  0
bsrp#branch                                  0
bddm#branch                                  0
bddp#branch                                  0
bunm#branch                                  0
bunp#branch                                  0
bovm#branch                                  0
bovp#branch                                  0
bdmn#branch                                  0
bdpn#branch                                  0
btxdm#branch                                 0
btxdp#branch                                 0
behalf#branch                                0
ehalf#branch                      -1.58922e-10
voet#branch                                  0
vctl#branch                                  0
vsup#branch                       -0.000339547


No. of Data Rows : 15024

  Measurements for Transient Analysis

trise_dp_ns         =  1.02037e-08 targ=  1.15535e-07 trig=  1.05331e-07
tfall_dp_ns         =  1.04675e-08 targ=  2.16773e-07 trig=  2.06306e-07
trise_dm_ns         =  1.02037e-08 targ=  2.16034e-07 trig=  2.05831e-07
tfall_dm_ns         =  1.04684e-08 targ=  1.16275e-07 trig=  1.05807e-07
trf_dp_ratio        =  9.74805e-01
trf_dm_ratio        =  9.74716e-01
trf_x1_ratio        =  9.74719e-01
trf_x2_ratio        =  9.74802e-01
vcross_rise_v       =  1.57639e+00
vcross_fall_v       =  1.57613e+00
tx_rise_ns          =   1.10448e-07
tx_fall_ns          =   2.10947e-07
tx_first_ns         =   1.10448e-07
tx_second_ns        =   2.10947e-07
tx_last_ns          =   2.10947e-07
slope_rise_dp_min_vns=  1.31934e-01 at=  1.15530e-07
slope_fall_dp_max_vns=  -1.31711e-01 at=  2.16770e-07
slope_fall_dm_max_vns=  -1.31814e-01 at=  1.16270e-07
slope_rise_dm_min_vns=  1.31932e-01 at=  2.16030e-07
over_dp_mv          =  1.90392e-02 at=  2.03230e-07
under_dp_mv         =  8.95949e-02 at=  1.02610e-07
over_dm_mv          =  1.90553e-02 at=  1.02730e-07
under_dm_mv         =  8.95959e-02 at=  2.03110e-07
tpd_rise_dp_ns      =  9.90162e-09 targ=  1.10152e-07 trig=  1.00250e-07
tpd_fall_dp_ns      =  1.05000e-08 targ=  2.11250e-07 trig=  2.00750e-07
tpd_fall_dm_ns      =  1.05020e-08 targ=  1.10752e-07 trig=  1.00250e-07
tpd_rise_dm_ns      =  9.90158e-09 targ=  2.10652e-07 trig=  2.00750e-07
oe_xb_dp_off_pre_na =  3.98731e-11 at=  5.74056e-08
oe_xb_dp_enable_at_ns=   1.04603e-07
oe_xb_dp_on_ma      =  4.14813e-02 from=  1.50000e-07 to=  1.99010e-07
oe_xb_dp_release_at_ns=   2.20112e-07
oe_xb_dp_off_post_na=  5.94051e-11 at=  2.50030e-07
oe_xb_dp_wrongpol_pk_ma=  1.96046e-03 at=  1.01390e-07
oe_xb_dm_off_pre_na =  3.98743e-11 at=  5.54656e-08
oe_xb_dm_enable_at_ns=   1.04691e-07
oe_xb_dm_on_ma      =  -4.10333e-02 from=  1.50000e-07 to=  1.99010e-07
oe_xb_dm_release_at_ns=   2.14122e-07
oe_xb_dm_off_post_na=  6.12426e-11 at=  2.50030e-07
oe_xb_dm_wrongpol_pk_ma=  6.21178e-04 at=  1.00930e-07
oe_xc_dp_off_pre_na =  3.98735e-11 at=  8.74056e-08
oe_xc_dp_enable_at_ns=   1.04691e-07
oe_xc_dp_on_ma      =  -4.10333e-02 from=  1.50000e-07 to=  1.99010e-07
oe_xc_dp_release_at_ns=   2.14122e-07
oe_xc_dp_off_post_na=  6.12742e-11 at=  2.50030e-07
oe_xc_dp_wrongpol_pk_ma=  6.21178e-04 at=  1.00930e-07
oe_xc_dm_off_pre_na =  3.98632e-11 at=  8.29856e-08
oe_xc_dm_enable_at_ns=   1.04603e-07
oe_xc_dm_on_ma      =  4.14813e-02 from=  1.50000e-07 to=  1.99010e-07
oe_xc_dm_release_at_ns=   2.20112e-07
oe_xc_dm_off_post_na=  5.93751e-11 at=  2.50030e-07
oe_xc_dm_wrongpol_pk_ma=  1.96046e-03 at=  1.01390e-07

ngspice-46 done
