
Note: No compatibility mode selected!


Circuit: * klt sim -- generated corner deck, do not edit

Doing analysis at TEMP = 27.000000 and TNOM = 27.000000

Using SPARSE 1.3 as Direct Linear Solver

Initial Transient Solution
--------------------------

Node                                   Voltage
----                                   -------
vdd                                        3.3
mid                                       1.65
ehalf_int1                                1.65
ctl                                          0
txdp                                         0
txdm                                       3.3
xa.enb                              1.3527e-08
xa.enx                             6.76351e-09
xa.en                                      3.3
xa.xrb.xsky130_fd_pr__res_xhigh_po_1p41.ra         1.27455
xa.vbn                                 1.26202
xa.vbp                                 1.77491
xa.pa_dp                                   3.3
xa.pax_dp                          4.86841e-09
xa.pon_dp                          1.66658e-09
xa.nbx_dp                                  3.3
xa.nb_dp                                   3.3
xa.nonb_dp                         1.66658e-09
xa.pg_dp                                   3.3
xa.xp_dp                           1.95081e-09
xa.ng_dp                                   3.3
xa.xn_dp                                   3.3
xa.ksp_dp                          1.45654e-08
xa.kspb_dp                                 3.3
xa.kpx_dp                          2.79246e-09
xa.ksn_dp                            0.0267732
xa.ksnb_dp                                 3.3
xa.knx_dp                                  3.3
xa.xcp_dp.a                        1.03164e-09
xa.xcp_dp.b1                       1.03164e-09
xa.outi_dp                         1.03164e-09
xa.xcn_dp.a                        1.03164e-09
xa.xcn_dp.b1                       1.03164e-09
dp                                 1.03164e-09
xa.pa_dm                            1.3527e-08
xa.pax_dm                          6.76351e-09
xa.pon_dm                                  3.3
xa.nbx_dm                             0.913196
xa.nb_dm                            1.6536e-08
xa.nonb_dm                                 3.3
xa.pg_dm                           9.96305e-10
xa.xp_dm                           5.83127e-10
xa.ng_dm                           6.68578e-10
xa.xn_dm                                   3.3
xa.ksp_dm                              3.26744
xa.kspb_dm                         6.84091e-09
xa.kpx_dm                          9.96305e-10
xa.ksn_dm                                  3.3
xa.ksnb_dm                         6.77302e-09
xa.knx_dm                                  3.3
xa.xcp_dm.a                                3.3
xa.xcp_dm.b1                               3.3
xa.outi_dm                                 3.3
xa.xcn_dm.a                                3.3
xa.xcn_dm.b1                               3.3
dm                                         3.3
dpn                                3.12619e-10
dmn                                          1
ovp                                       -3.3
ovm                               -1.60333e-09
unp                               -1.03164e-09
unm                                       -3.3
ddp                                          0
ddm                                          0
srp                                          1
sfp                                         -1
srm                                          1
sfm                                         -1
oet                                          0
oe                                           0
hi                                         3.3
xb.enb                                     3.3
xb.enx                                  2.6291
xb.en                              3.37663e-09
xb.xrb.xsky130_fd_pr__res_xhigh_po_1p41.ra         1.27455
xb.vbn                                 1.26202
xb.vbp                                 1.77491
xb.pa_dp                                   3.3
xb.pax_dp                              2.62909
xb.pon_dp                          1.66658e-09
xb.nbx_dp                              3.29872
xb.nb_dp                           3.38125e-09
xb.nonb_dp                                 3.3
xb.pg_dp                                   3.3
xb.xp_dp                           1.95081e-09
xb.ng_dp                           6.68578e-10
xb.xn_dp                                   3.3
xb.ksp_dp                          1.45654e-08
xb.kspb_dp                                 3.3
xb.kpx_dp                          2.79246e-09
xb.ksn_dp                                  3.3
xb.ksnb_dp                         6.77302e-09
xb.knx_dp                                  3.3
xb.xcp_dp.a                               1.65
xb.xcp_dp.b1                              1.65
xb.outi_dp                                1.65
xb.xcn_dp.a                               1.65
xb.xcn_dp.b1                              1.65
xb_dp                                     1.65
xb.pa_dm                                   3.3
xb.pax_dm                            0.0745296
xb.pon_dm                          1.66658e-09
xb.nbx_dm                                  3.3
xb.nb_dm                           6.76276e-09
xb.nonb_dm                                 3.3
xb.pg_dm                                   3.3
xb.xp_dm                           1.95081e-09
xb.ng_dm                           6.68578e-10
xb.xn_dm                                   3.3
xb.ksp_dm                          1.45654e-08
xb.kspb_dm                                 3.3
xb.kpx_dm                          2.79246e-09
xb.ksn_dm                                  3.3
xb.ksnb_dm                         6.77302e-09
xb.knx_dm                                  3.3
xb.xcp_dm.a                               1.65
xb.xcp_dm.b1                              1.65
xb.outi_dm                                1.65
xb.xcn_dm.a                               1.65
xb.xcn_dm.b1                              1.65
xb_dm                                     1.65
xc.enb                                     3.3
xc.enx                                  2.6291
xc.en                              3.37663e-09
xc.xrb.xsky130_fd_pr__res_xhigh_po_1p41.ra         1.27455
xc.vbn                                 1.26202
xc.vbp                                 1.77491
xc.pa_dp                                   3.3
xc.pax_dp                            0.0745252
xc.pon_dp                          1.66658e-09
xc.nbx_dp                                  3.3
xc.nb_dp                           6.76276e-09
xc.nonb_dp                                 3.3
xc.pg_dp                                   3.3
xc.xp_dp                           1.95081e-09
xc.ng_dp                           6.68578e-10
xc.xn_dp                                   3.3
xc.ksp_dp                          1.45654e-08
xc.kspb_dp                                 3.3
xc.kpx_dp                          2.79246e-09
xc.ksn_dp                                  3.3
xc.ksnb_dp                         6.77302e-09
xc.knx_dp                                  3.3
xc.xcp_dp.a                               1.65
xc.xcp_dp.b1                              1.65
xc.outi_dp                                1.65
xc.xcn_dp.a                               1.65
xc.xcn_dp.b1                              1.65
xc_dp                                     1.65
xc.pa_dm                                   3.3
xc.pax_dm                              2.62909
xc.pon_dm                          1.66658e-09
xc.nbx_dm                              3.30096
xc.nb_dm                           3.38148e-09
xc.nonb_dm                                 3.3
xc.pg_dm                                   3.3
xc.xp_dm                           1.95081e-09
xc.ng_dm                           6.68578e-10
xc.xn_dm                                   3.3
xc.ksp_dm                          1.45654e-08
xc.kspb_dm                                 3.3
xc.kpx_dm                          2.79246e-09
xc.ksn_dm                                  3.3
xc.ksnb_dm                         6.77302e-09
xc.knx_dm                                  3.3
xc.xcp_dm.a                               1.65
xc.xcp_dm.b1                              1.65
xc.outi_dm                                1.65
xc.xcn_dm.a                               1.65
xc.xcn_dm.b1                              1.65
xc_dm                                     1.65
abp                                 4.2552e-11
abm                                 4.2552e-11
acp                                 4.2552e-11
acm                                 4.2552e-11
wbp                                 4.2552e-11
wbm                                          0
wcp                                          0
wcm                                 4.2552e-11
bwcm#branch                                  0
vscm#branch                        -4.2552e-11
bwcp#branch                                  0
vscp#branch                        -4.2552e-11
bwbm#branch                                  0
vsbm#branch                        -4.2552e-11
bwbp#branch                                  0
vsbp#branch                        -4.2552e-11
bacm#branch                                  0
bacp#branch                                  0
babm#branch                                  0
babp#branch                                  0
bhi#branch                                   0
boe#branch                                   0
bsfm#branch                                  0
bsrm#branch                                  0
bsfp#branch                                  0
bsrp#branch                                  0
bddm#branch                                  0
bddp#branch                                  0
bunm#branch                                  0
bunp#branch                                  0
bovm#branch                                  0
bovp#branch                                  0
bdmn#branch                                  0
bdpn#branch                                  0
btxdm#branch                                 0
btxdp#branch                                 0
behalf#branch                                0
ehalf#branch                      -1.70208e-10
voet#branch                                  0
vctl#branch                                  0
vsup#branch                       -0.000392822


No. of Data Rows : 15020

  Measurements for Transient Analysis

trise_dp_ns         =  9.66180e-09 targ=  1.14471e-07 trig=  1.04809e-07
tfall_dp_ns         =  9.65525e-09 targ=  2.15496e-07 trig=  2.05841e-07
trise_dm_ns         =  9.66180e-09 targ=  2.14971e-07 trig=  2.05309e-07
tfall_dm_ns         =  9.65587e-09 targ=  1.14997e-07 trig=  1.05342e-07
trf_dp_ratio        =  1.00068e+00
trf_dm_ratio        =  1.00061e+00
trf_x1_ratio        =  1.00061e+00
trf_x2_ratio        =  1.00068e+00
vcross_rise_v       =  1.72554e+00
vcross_fall_v       =  1.72535e+00
tx_rise_ns          =   1.09610e-07
tx_fall_ns          =   2.10110e-07
tx_first_ns         =   1.09610e-07
tx_second_ns        =   2.10110e-07
tx_last_ns          =   2.10110e-07
slope_rise_dp_min_vns=  1.50689e-01 at=  1.14470e-07
slope_fall_dp_max_vns=  -1.52380e-01 at=  2.15490e-07
slope_fall_dm_max_vns=  -1.52460e-01 at=  1.14990e-07
slope_rise_dm_min_vns=  1.50689e-01 at=  2.14970e-07
over_dp_mv          =  1.84884e-02 at=  2.02850e-07
under_dp_mv         =  8.79821e-02 at=  1.02290e-07
over_dm_mv          =  1.85006e-02 at=  1.02350e-07
under_dm_mv         =  8.79821e-02 at=  2.02790e-07
tpd_rise_dp_ns      =  9.10854e-09 targ=  1.09359e-07 trig=  1.00250e-07
tpd_fall_dp_ns      =  9.60999e-09 targ=  2.10360e-07 trig=  2.00750e-07
tpd_fall_dm_ns      =  9.61127e-09 targ=  1.09861e-07 trig=  1.00250e-07
tpd_rise_dm_ns      =  9.10853e-09 targ=  2.09859e-07 trig=  2.00750e-07
oe_xb_dp_off_pre_na =  4.34086e-11 at=  6.23256e-08
oe_xb_dp_enable_at_ns=   1.03871e-07
oe_xb_dp_on_ma      =  4.69684e-02 from=  1.50000e-07 to=  1.99010e-07
oe_xb_dp_release_at_ns=   2.18770e-07
oe_xb_dp_off_post_na=  6.01942e-11 at=  2.50170e-07
oe_xb_dp_wrongpol_pk_ma=  2.30402e-03 at=  1.01310e-07
oe_xb_dm_off_pre_na =  4.34064e-11 at=  9.44256e-08
oe_xb_dm_enable_at_ns=   1.03859e-07
oe_xb_dm_on_ma      =  -4.61814e-02 from=  1.50000e-07 to=  1.99010e-07
oe_xb_dm_release_at_ns=   2.13385e-07
oe_xb_dm_off_post_na=  5.30344e-11 at=  2.50030e-07
oe_xb_dm_wrongpol_pk_ma=  7.46890e-04 at=  1.00870e-07
oe_xc_dp_off_pre_na =  4.34081e-11 at=  6.64656e-08
oe_xc_dp_enable_at_ns=   1.03859e-07
oe_xc_dp_on_ma      =  -4.61814e-02 from=  1.50000e-07 to=  1.99010e-07
oe_xc_dp_release_at_ns=   2.13385e-07
oe_xc_dp_off_post_na=  5.30287e-11 at=  2.50030e-07
oe_xc_dp_wrongpol_pk_ma=  7.46890e-04 at=  1.00870e-07
oe_xc_dm_off_pre_na =  4.34164e-11 at=  3.90256e-08
oe_xc_dm_enable_at_ns=   1.03871e-07
oe_xc_dm_on_ma      =  4.69684e-02 from=  1.50000e-07 to=  1.99010e-07
oe_xc_dm_release_at_ns=   2.18770e-07
oe_xc_dm_off_post_na=  6.01956e-11 at=  2.50050e-07
oe_xc_dm_wrongpol_pk_ma=  2.30402e-03 at=  1.01310e-07

ngspice-46 done
