
Note: No compatibility mode selected!


Circuit: * klt sim -- generated corner deck, do not edit

Doing analysis at TEMP = 27.000000 and TNOM = 27.000000

Using SPARSE 1.3 as Direct Linear Solver

Initial Transient Solution
--------------------------

Node                                   Voltage
----                                   -------
vdd                                        3.6
mid                                        1.8
ehalf_int1                                 1.8
ctl                                          0
txdp                                         0
txdm                                       3.6
xa.enb                             1.39053e-08
xa.enx                             6.95264e-09
xa.en                                      3.6
xa.xrb.xsky130_fd_pr__res_xhigh_po_1p41.ra         1.30861
xa.vbn                                  1.2943
xa.vbp                                 2.03475
xa.pa_dp                                   3.6
xa.pax_dp                          4.99777e-09
xa.pon_dp                          1.72007e-09
xa.nbx_dp                                  3.6
xa.nb_dp                                   3.6
xa.nonb_dp                         1.72007e-09
xa.pg_dp                                   3.6
xa.xp_dp                            1.9814e-09
xa.ng_dp                                   3.6
xa.xn_dp                                   3.6
xa.ksp_dp                          1.48482e-08
xa.kspb_dp                                 3.6
xa.kpx_dp                          2.87303e-09
xa.ksn_dp                            0.0289674
xa.ksnb_dp                                 3.6
xa.knx_dp                                  3.6
xa.xcp_dp.a                        1.06668e-09
xa.xcp_dp.b1                       1.06668e-09
xa.outi_dp                         1.06668e-09
xa.xcn_dp.a                        1.06668e-09
xa.xcn_dp.b1                       1.06668e-09
dp                                 1.06668e-09
xa.pa_dm                           1.39053e-08
xa.pax_dm                          6.95264e-09
xa.pon_dm                                  3.6
xa.nbx_dm                             0.955445
xa.nb_dm                           1.71015e-08
xa.nonb_dm                                 3.6
xa.pg_dm                           1.02103e-09
xa.xp_dm                           5.94134e-10
xa.ng_dm                           6.91143e-10
xa.xn_dm                                   3.6
xa.ksp_dm                              3.56572
xa.kspb_dm                         7.00931e-09
xa.kpx_dm                          1.02103e-09
xa.ksn_dm                                  3.6
xa.ksnb_dm                         6.94315e-09
xa.knx_dm                                  3.6
xa.xcp_dm.a                                3.6
xa.xcp_dm.b1                               3.6
xa.outi_dm                                 3.6
xa.xcn_dm.a                                3.6
xa.xcn_dm.b1                               3.6
dm                                         3.6
dpn                                2.96299e-10
dmn                                          1
ovp                                       -3.6
ovm                               -1.62681e-09
unp                               -1.06668e-09
unm                                       -3.6
ddp                                          0
ddm                                          0
srp                                          1
sfp                                         -1
srm                                          1
sfm                                         -1
oet                                          0
oe                                           0
hi                                         3.6
xb.enb                                     3.6
xb.enx                                 2.89331
xb.en                              3.47054e-09
xb.xrb.xsky130_fd_pr__res_xhigh_po_1p41.ra         1.30861
xb.vbn                                  1.2943
xb.vbp                                 2.03475
xb.pa_dp                                   3.6
xb.pax_dp                              2.89332
xb.pon_dp                          1.72007e-09
xb.nbx_dp                              3.60231
xb.nb_dp                           3.46606e-09
xb.nonb_dp                                 3.6
xb.pg_dp                                   3.6
xb.xp_dp                            1.9814e-09
xb.ng_dp                           6.91143e-10
xb.xn_dp                                   3.6
xb.ksp_dp                          1.48482e-08
xb.kspb_dp                                 3.6
xb.kpx_dp                          2.87303e-09
xb.ksn_dp                                  3.6
xb.ksnb_dp                         6.94315e-09
xb.knx_dp                                  3.6
xb.xcp_dp.a                                1.8
xb.xcp_dp.b1                               1.8
xb.outi_dp                                 1.8
xb.xcn_dp.a                                1.8
xb.xcn_dp.b1                               1.8
xb_dp                                      1.8
xb.pa_dm                                   3.6
xb.pax_dm                            0.0773593
xb.pon_dm                          1.72007e-09
xb.nbx_dm                                  3.6
xb.nb_dm                            6.9316e-09
xb.nonb_dm                                 3.6
xb.pg_dm                                   3.6
xb.xp_dm                            1.9814e-09
xb.ng_dm                           6.91143e-10
xb.xn_dm                                   3.6
xb.ksp_dm                          1.48482e-08
xb.kspb_dm                                 3.6
xb.kpx_dm                          2.87303e-09
xb.ksn_dm                                  3.6
xb.ksnb_dm                         6.94315e-09
xb.knx_dm                                  3.6
xb.xcp_dm.a                                1.8
xb.xcp_dm.b1                               1.8
xb.outi_dm                                 1.8
xb.xcn_dm.a                                1.8
xb.xcn_dm.b1                               1.8
xb_dm                                      1.8
xc.enb                                     3.6
xc.enx                                 2.89332
xc.en                              3.47054e-09
xc.xrb.xsky130_fd_pr__res_xhigh_po_1p41.ra         1.30861
xc.vbn                                  1.2943
xc.vbp                                 2.03475
xc.pa_dp                                   3.6
xc.pax_dp                            0.0773571
xc.pon_dp                          1.72007e-09
xc.nbx_dp                                  3.6
xc.nb_dp                            6.9316e-09
xc.nonb_dp                                 3.6
xc.pg_dp                                   3.6
xc.xp_dp                            1.9814e-09
xc.ng_dp                           6.91143e-10
xc.xn_dp                                   3.6
xc.ksp_dp                          1.48482e-08
xc.kspb_dp                                 3.6
xc.kpx_dp                          2.87303e-09
xc.ksn_dp                                  3.6
xc.ksnb_dp                         6.94315e-09
xc.knx_dp                                  3.6
xc.xcp_dp.a                                1.8
xc.xcp_dp.b1                               1.8
xc.outi_dp                                 1.8
xc.xcn_dp.a                                1.8
xc.xcn_dp.b1                               1.8
xc_dp                                      1.8
xc.pa_dm                                   3.6
xc.pax_dm                              2.89333
xc.pon_dm                          1.72007e-09
xc.nbx_dm                              3.59965
xc.nb_dm                           3.46576e-09
xc.nonb_dm                                 3.6
xc.pg_dm                                   3.6
xc.xp_dm                            1.9814e-09
xc.ng_dm                           6.91143e-10
xc.xn_dm                                   3.6
xc.ksp_dm                          1.48482e-08
xc.kspb_dm                                 3.6
xc.kpx_dm                          2.87303e-09
xc.ksn_dm                                  3.6
xc.ksnb_dm                         6.94315e-09
xc.knx_dm                                  3.6
xc.xcp_dm.a                                1.8
xc.xcp_dm.b1                               1.8
xc.outi_dm                                 1.8
xc.xcn_dm.a                                1.8
xc.xcn_dm.b1                               1.8
xc_dm                                      1.8
abp                                4.47347e-11
abm                                4.47347e-11
acp                                4.47347e-11
acm                                4.47347e-11
wbp                                4.47347e-11
wbm                                          0
wcp                                          0
wcm                                4.47347e-11
bwcm#branch                                  0
vscm#branch                       -4.47347e-11
bwcp#branch                                  0
vscp#branch                       -4.47347e-11
bwbm#branch                                  0
vsbm#branch                       -4.47347e-11
bwbp#branch                                  0
vsbp#branch                       -4.47347e-11
bacm#branch                                  0
bacp#branch                                  0
babm#branch                                  0
babp#branch                                  0
bhi#branch                                   0
boe#branch                                   0
bsfm#branch                                  0
bsrm#branch                                  0
bsfp#branch                                  0
bsrp#branch                                  0
bddm#branch                                  0
bddp#branch                                  0
bunm#branch                                  0
bunp#branch                                  0
bovm#branch                                  0
bovp#branch                                  0
bdmn#branch                                  0
bdpn#branch                                  0
btxdm#branch                                 0
btxdp#branch                                 0
behalf#branch                                0
ehalf#branch                      -1.78939e-10
voet#branch                                  0
vctl#branch                                  0
vsup#branch                       -0.000446683


No. of Data Rows : 15020

  Measurements for Transient Analysis

trise_dp_ns         =  9.23724e-09 targ=  1.13648e-07 trig=  1.04411e-07
tfall_dp_ns         =  9.02922e-09 targ=  2.14533e-07 trig=  2.05504e-07
trise_dm_ns         =  9.23725e-09 targ=  2.14148e-07 trig=  2.04911e-07
tfall_dm_ns         =  9.02965e-09 targ=  1.14034e-07 trig=  1.05004e-07
trf_dp_ratio        =  1.02304e+00
trf_dm_ratio        =  1.02299e+00
trf_x1_ratio        =  1.02299e+00
trf_x2_ratio        =  1.02304e+00
vcross_rise_v       =  1.87818e+00
vcross_fall_v       =  1.87804e+00
tx_rise_ns          =   1.08976e-07
tx_fall_ns          =   2.09475e-07
tx_first_ns         =   1.08976e-07
tx_second_ns        =   2.09475e-07
tx_last_ns          =   2.09475e-07
slope_rise_dp_min_vns=  1.70884e-01 at=  1.13630e-07
slope_fall_dp_max_vns=  -1.72790e-01 at=  2.14530e-07
slope_fall_dm_max_vns=  -1.72854e-01 at=  1.14030e-07
slope_rise_dm_min_vns=  1.70885e-01 at=  2.14130e-07
over_dp_mv          =  1.80252e-02 at=  2.02590e-07
under_dp_mv         =  8.57455e-02 at=  1.02050e-07
over_dm_mv          =  1.80357e-02 at=  1.02090e-07
under_dm_mv         =  8.57452e-02 at=  2.02550e-07
tpd_rise_dp_ns      =  8.49824e-09 targ=  1.08748e-07 trig=  1.00250e-07
tpd_fall_dp_ns      =  8.94693e-09 targ=  2.09697e-07 trig=  2.00750e-07
tpd_fall_dm_ns      =  8.94776e-09 targ=  1.09198e-07 trig=  1.00250e-07
tpd_rise_dm_ns      =  8.49825e-09 targ=  2.09248e-07 trig=  2.00750e-07
oe_xb_dp_off_pre_na =  4.33221e-11 at=  2.94456e-08
oe_xb_dp_enable_at_ns=   1.03338e-07
oe_xb_dp_on_ma      =  5.23838e-02 from=  1.50000e-07 to=  1.99010e-07
oe_xb_dp_release_at_ns=   2.17745e-07
oe_xb_dp_off_post_na=  1.52491e-10 at=  2.50010e-07
oe_xb_dp_wrongpol_pk_ma=  2.65354e-03 at=  1.01230e-07
oe_xb_dm_off_pre_na =  4.33169e-11 at=  2.89256e-08
oe_xb_dm_enable_at_ns=   1.03257e-07
oe_xb_dm_on_ma      =  -5.12650e-02 from=  1.50000e-07 to=  1.99010e-07
oe_xb_dm_release_at_ns=   2.12804e-07
oe_xb_dm_off_post_na=  7.31477e-11 at=  2.50010e-07
oe_xb_dm_wrongpol_pk_ma=  8.76291e-04 at=  1.00810e-07
oe_xc_dp_off_pre_na =  4.33191e-11 at=  9.40856e-08
oe_xc_dp_enable_at_ns=   1.03257e-07
oe_xc_dp_on_ma      =  -5.12650e-02 from=  1.50000e-07 to=  1.99010e-07
oe_xc_dp_release_at_ns=   2.12804e-07
oe_xc_dp_off_post_na=  7.31688e-11 at=  2.50010e-07
oe_xc_dp_wrongpol_pk_ma=  8.76290e-04 at=  1.00810e-07
oe_xc_dm_off_pre_na =  4.33111e-11 at=  2.41456e-08
oe_xc_dm_enable_at_ns=   1.03338e-07
oe_xc_dm_on_ma      =  5.23838e-02 from=  1.50000e-07 to=  1.99010e-07
oe_xc_dm_release_at_ns=   2.17745e-07
oe_xc_dm_off_post_na=  1.52486e-10 at=  2.50010e-07
oe_xc_dm_wrongpol_pk_ma=  2.65354e-03 at=  1.01230e-07

ngspice-46 done
