
Note: No compatibility mode selected!


Circuit: * klt sim -- generated corner deck, do not edit

Doing analysis at TEMP = 100.000000 and TNOM = 27.000000

Using SPARSE 1.3 as Direct Linear Solver

No. of Data Rows : 801

  Measurements for DC Analysis

vth_cm0p80_v        =   -2.45541e-02
rxd_pos_min_cm0p80_v=  3.00000e+00 at=  3.80000e-01
rxd_neg_max_cm0p80_v=  1.73398e-08 at=  -2.01000e-01
rxd_p200_cm0p80_v   =  3.00000e+00
rxd_m200_cm0p80_v   =  1.73398e-08
isup_ua_cm0p80      =  3.72807e-05
vth_cm1p65_v        =   -2.64260e-02
rxd_pos_min_cm1p65_v=  3.00000e+00 at=  2.29000e-01
rxd_neg_max_cm1p65_v=  2.03426e-08 at=  -2.01000e-01
rxd_p200_cm1p65_v   =  3.00000e+00
rxd_m200_cm1p65_v   =  2.03573e-08
isup_ua_cm1p65      =  5.15741e-05
vth_cm2p50_v        =   -3.57305e-02
rxd_pos_min_cm2p50_v=  3.00000e+00 at=  3.50000e-01
rxd_neg_max_cm2p50_v=  2.72421e-07 at=  -2.01000e-01
rxd_p200_cm2p50_v   =  3.00000e+00
rxd_m200_cm2p50_v   =  2.73842e-07
isup_ua_cm2p50      =  6.26340e-05

ngspice-46 done
