
Note: No compatibility mode selected!


Circuit: * klt sim -- generated corner deck, do not edit

Doing analysis at TEMP = -40.000000 and TNOM = 27.000000

Using SPARSE 1.3 as Direct Linear Solver

No. of Data Rows : 801

  Measurements for DC Analysis

vth_cm0p80_v        =   -1.67276e-02
rxd_pos_min_cm0p80_v=  3.00000e+00 at=  2.49000e-01
rxd_neg_max_cm0p80_v=  9.10359e-10 at=  -2.05000e-01
rxd_p200_cm0p80_v   =  3.00000e+00
rxd_m200_cm0p80_v   =  9.10359e-10
isup_ua_cm0p80      =  1.98449e-05
vth_cm1p65_v        =   -1.74683e-02
rxd_pos_min_cm1p65_v=  3.00000e+00 at=  2.27000e-01
rxd_neg_max_cm1p65_v=  9.10377e-10 at=  -2.01000e-01
rxd_p200_cm1p65_v   =  3.00000e+00
rxd_m200_cm1p65_v   =  9.10378e-10
isup_ua_cm1p65      =  3.55701e-05
vth_cm2p50_v        =   -2.53481e-02
rxd_pos_min_cm2p50_v=  3.00000e+00 at=  3.92000e-01
rxd_neg_max_cm2p50_v=  9.32524e-10 at=  -2.01000e-01
rxd_p200_cm2p50_v   =  3.00000e+00
rxd_m200_cm2p50_v   =  9.32572e-10
isup_ua_cm2p50      =  4.68830e-05

ngspice-46 done
