
Note: No compatibility mode selected!


Circuit: * klt sim -- generated corner deck, do not edit

Doing analysis at TEMP = -40.000000 and TNOM = 27.000000

Using SPARSE 1.3 as Direct Linear Solver

No. of Data Rows : 801

  Measurements for DC Analysis

vth_cm0p80_v        =   -1.95182e-02
rxd_pos_min_cm0p80_v=  3.60000e+00 at=  2.56000e-01
rxd_neg_max_cm0p80_v=  9.83428e-10 at=  -2.22000e-01
rxd_p200_cm0p80_v   =  3.60000e+00
rxd_m200_cm0p80_v   =  9.83428e-10
isup_ua_cm0p80      =  2.65999e-05
vth_cm1p65_v        =   -1.94940e-02
rxd_pos_min_cm1p65_v=  3.60000e+00 at=  2.24000e-01
rxd_neg_max_cm1p65_v=  9.83441e-10 at=  -2.01000e-01
rxd_p200_cm1p65_v   =  3.60000e+00
rxd_m200_cm1p65_v   =  9.83441e-10
isup_ua_cm1p65      =  4.76723e-05
vth_cm2p50_v        =   -2.43694e-02
rxd_pos_min_cm2p50_v=  3.60000e+00 at=  2.89000e-01
rxd_neg_max_cm2p50_v=  9.90817e-10 at=  -2.01000e-01
rxd_p200_cm2p50_v   =  3.60000e+00
rxd_m200_cm2p50_v   =  9.90829e-10
isup_ua_cm2p50      =  6.17712e-05

ngspice-46 done
