
Note: No compatibility mode selected!


Circuit: * klt sim -- generated corner deck, do not edit

Doing analysis at TEMP = 100.000000 and TNOM = 27.000000

Using SPARSE 1.3 as Direct Linear Solver

No. of Data Rows : 801

  Measurements for DC Analysis

vth_cm0p80_v        =   -2.81311e-02
rxd_pos_min_cm0p80_v=  3.60000e+00 at=  2.32000e-01
rxd_neg_max_cm0p80_v=  1.84572e-08 at=  -2.01000e-01
rxd_p200_cm0p80_v   =  3.60000e+00
rxd_m200_cm0p80_v   =  1.84573e-08
isup_ua_cm0p80      =  4.94075e-05
vth_cm1p65_v        =   -2.93753e-02
rxd_pos_min_cm1p65_v=  3.60000e+00 at=  2.63000e-01
rxd_neg_max_cm1p65_v=  2.15652e-08 at=  -2.01000e-01
rxd_p200_cm1p65_v   =  3.60000e+00
rxd_m200_cm1p65_v   =  2.15820e-08
isup_ua_cm1p65      =  6.79535e-05
vth_cm2p50_v        =   -3.49849e-02
rxd_pos_min_cm2p50_v=  3.60000e+00 at=  2.88000e-01
rxd_neg_max_cm2p50_v=  9.59994e-08 at=  -2.01000e-01
rxd_p200_cm2p50_v   =  3.60000e+00
rxd_m200_cm2p50_v   =  9.62303e-08
isup_ua_cm2p50      =  8.15150e-05

ngspice-46 done
