
Note: No compatibility mode selected!


Circuit: * klt sim -- generated corner deck, do not edit

Doing analysis at TEMP = -40.000000 and TNOM = 27.000000

Using SPARSE 1.3 as Direct Linear Solver

No. of Data Rows : 801

  Measurements for DC Analysis

vth_cm0p80_v        =   -1.65873e-02
rxd_pos_min_cm0p80_v=  3.00000e+00 at=  2.03000e-01
rxd_neg_max_cm0p80_v=  9.10359e-10 at=  -2.02000e-01
rxd_p200_cm0p80_v   =  3.00000e+00
rxd_m200_cm0p80_v   =  9.10359e-10
isup_ua_cm0p80      =  2.05677e-05
vth_cm1p65_v        =   -1.74418e-02
rxd_pos_min_cm1p65_v=  3.00000e+00 at=  2.01000e-01
rxd_neg_max_cm1p65_v=  9.10377e-10 at=  -2.01000e-01
rxd_p200_cm1p65_v   =  3.00000e+00
rxd_m200_cm1p65_v   =  9.10377e-10
isup_ua_cm1p65      =  3.69765e-05
vth_cm2p50_v        =   -2.50338e-02
rxd_pos_min_cm2p50_v=  3.00000e+00 at=  3.07000e-01
rxd_neg_max_cm2p50_v=  9.32409e-10 at=  -2.01000e-01
rxd_p200_cm2p50_v   =  3.00000e+00
rxd_m200_cm2p50_v   =  9.32456e-10
isup_ua_cm2p50      =  4.85998e-05

ngspice-46 done
