
Note: No compatibility mode selected!


Circuit: * klt sim -- generated corner deck, do not edit

Doing analysis at TEMP = -40.000000 and TNOM = 27.000000

Using SPARSE 1.3 as Direct Linear Solver

No. of Data Rows : 801

  Measurements for DC Analysis

vth_cm0p80_v        =   -1.95041e-02
rxd_pos_min_cm0p80_v=  3.60000e+00 at=  3.59000e-01
rxd_neg_max_cm0p80_v=  9.83428e-10 at=  -2.11000e-01
rxd_p200_cm0p80_v   =  3.60000e+00
rxd_m200_cm0p80_v   =  9.83428e-10
isup_ua_cm0p80      =  2.75447e-05
vth_cm1p65_v        =   -1.94761e-02
rxd_pos_min_cm1p65_v=  3.60000e+00 at=  3.28000e-01
rxd_neg_max_cm1p65_v=  9.83440e-10 at=  -2.01000e-01
rxd_p200_cm1p65_v   =  3.60000e+00
rxd_m200_cm1p65_v   =  9.83440e-10
isup_ua_cm1p65      =  4.95391e-05
vth_cm2p50_v        =   -2.42465e-02
rxd_pos_min_cm2p50_v=  3.60000e+00 at=  3.25000e-01
rxd_neg_max_cm2p50_v=  9.90794e-10 at=  -2.01000e-01
rxd_p200_cm2p50_v   =  3.60000e+00
rxd_m200_cm2p50_v   =  9.90805e-10
isup_ua_cm2p50      =  6.40005e-05

ngspice-46 done
