
Note: No compatibility mode selected!


Circuit: * klt sim -- generated corner deck, do not edit

Doing analysis at TEMP = 100.000000 and TNOM = 27.000000

Using SPARSE 1.3 as Direct Linear Solver

No. of Data Rows : 801

  Measurements for DC Analysis

vth_cm0p80_v        =   -2.64520e-02
rxd_pos_min_cm0p80_v=  3.30000e+00 at=  2.75000e-01
rxd_neg_max_cm0p80_v=  1.78090e-08 at=  -2.01000e-01
rxd_p200_cm0p80_v   =  3.30000e+00
rxd_m200_cm0p80_v   =  1.78090e-08
isup_ua_cm0p80      =  4.36043e-05
vth_cm1p65_v        =   -2.77311e-02
rxd_pos_min_cm1p65_v=  3.30000e+00 at=  3.20000e-01
rxd_neg_max_cm1p65_v=  2.07966e-08 at=  -2.01000e-01
rxd_p200_cm1p65_v   =  3.30000e+00
rxd_m200_cm1p65_v   =  2.08119e-08
isup_ua_cm1p65      =  6.01354e-05
vth_cm2p50_v        =   -3.45367e-02
rxd_pos_min_cm2p50_v=  3.30000e+00 at=  3.16000e-01
rxd_neg_max_cm2p50_v=  1.32006e-07 at=  -2.01000e-01
rxd_p200_cm2p50_v   =  3.30000e+00
rxd_m200_cm2p50_v   =  1.32416e-07
isup_ua_cm2p50      =  7.25334e-05

ngspice-46 done
