
Note: No compatibility mode selected!


Circuit: * klt sim -- generated corner deck, do not edit

Doing analysis at TEMP = 27.000000 and TNOM = 27.000000

Using SPARSE 1.3 as Direct Linear Solver

No. of Data Rows : 801

  Measurements for DC Analysis

vth_cm0p80_v        =   -2.05001e-02
rxd_pos_min_cm0p80_v=  3.00000e+00 at=  3.18000e-01
rxd_neg_max_cm0p80_v=  1.20130e-09 at=  -2.01000e-01
rxd_p200_cm0p80_v   =  3.00000e+00
rxd_m200_cm0p80_v   =  1.20130e-09
isup_ua_cm0p80      =  2.93421e-05
vth_cm1p65_v        =   -2.15613e-02
rxd_pos_min_cm1p65_v=  3.00000e+00 at=  3.09000e-01
rxd_neg_max_cm1p65_v=  1.20405e-09 at=  -2.01000e-01
rxd_p200_cm1p65_v   =  3.00000e+00
rxd_m200_cm1p65_v   =  1.20407e-09
isup_ua_cm1p65      =  4.44734e-05
vth_cm2p50_v        =   -3.04592e-02
rxd_pos_min_cm2p50_v=  3.00000e+00 at=  2.88000e-01
rxd_neg_max_cm2p50_v=  2.04864e-09 at=  -2.01000e-01
rxd_p200_cm2p50_v   =  3.00000e+00
rxd_m200_cm2p50_v   =  2.05343e-09
isup_ua_cm2p50      =  5.58686e-05

ngspice-46 done
