
Note: No compatibility mode selected!


Circuit: * klt sim -- generated corner deck, do not edit

Doing analysis at TEMP = -40.000000 and TNOM = 27.000000

Using SPARSE 1.3 as Direct Linear Solver

No. of Data Rows : 801

  Measurements for DC Analysis

vth_cm0p80_v        =   -1.84620e-02
rxd_pos_min_cm0p80_v=  3.30000e+00 at=  3.80000e-01
rxd_neg_max_cm0p80_v=  9.43007e-10 at=  -2.14000e-01
rxd_p200_cm0p80_v   =  3.30000e+00
rxd_m200_cm0p80_v   =  9.43006e-10
isup_ua_cm0p80      =  2.39685e-05
vth_cm1p65_v        =   -1.84826e-02
rxd_pos_min_cm1p65_v=  3.30000e+00 at=  2.38000e-01
rxd_neg_max_cm1p65_v=  9.43022e-10 at=  -2.01000e-01
rxd_p200_cm1p65_v   =  3.30000e+00
rxd_m200_cm1p65_v   =  9.43023e-10
isup_ua_cm1p65      =  4.31115e-05
vth_cm2p50_v        =   -2.42602e-02
rxd_pos_min_cm2p50_v=  3.30000e+00 at=  3.03000e-01
rxd_neg_max_cm2p50_v=  9.55554e-10 at=  -2.01000e-01
rxd_p200_cm2p50_v   =  3.30000e+00
rxd_m200_cm2p50_v   =  9.55575e-10
isup_ua_cm2p50      =  5.61706e-05

ngspice-46 done
