
Note: No compatibility mode selected!


Circuit: * klt sim -- generated corner deck, do not edit

Doing analysis at TEMP = -40.000000 and TNOM = 27.000000

Using SPARSE 1.3 as Direct Linear Solver

No. of Data Rows : 801

  Measurements for DC Analysis

vth_cm0p80_v        =   -2.35048e-02
rxd_pos_min_cm0p80_v=  3.30000e+00 at=  3.01000e-01
rxd_neg_max_cm0p80_v=  1.17166e-09 at=  -2.03000e-01
rxd_p200_cm0p80_v   =  3.30000e+00
rxd_m200_cm0p80_v   =  1.17166e-09
isup_ua_cm0p80      =  1.09924e-05
vth_cm1p65_v        =   -1.60324e-02
rxd_pos_min_cm1p65_v=  3.30000e+00 at=  3.22000e-01
rxd_neg_max_cm1p65_v=  1.17166e-09 at=  -2.03000e-01
rxd_p200_cm1p65_v   =  3.30000e+00
rxd_m200_cm1p65_v   =  1.17166e-09
isup_ua_cm1p65      =  3.46676e-05
vth_cm2p50_v        =   -1.75690e-02
rxd_pos_min_cm2p50_v=  3.30000e+00 at=  3.93000e-01
rxd_neg_max_cm2p50_v=  1.17348e-09 at=  -2.01000e-01
rxd_p200_cm2p50_v   =  3.30000e+00
rxd_m200_cm2p50_v   =  1.17348e-09
isup_ua_cm2p50      =  4.32316e-05

ngspice-46 done
