
Note: No compatibility mode selected!


Circuit: * klt sim -- generated corner deck, do not edit

Doing analysis at TEMP = 100.000000 and TNOM = 27.000000

Using SPARSE 1.3 as Direct Linear Solver

No. of Data Rows : 801

  Measurements for DC Analysis

vth_cm0p80_v        =   -2.88535e-02
rxd_pos_min_cm0p80_v=  3.60000e+00 at=  3.92000e-01
rxd_neg_max_cm0p80_v=  4.81348e-08 at=  -2.01000e-01
rxd_p200_cm0p80_v   =  3.60000e+00
rxd_m200_cm0p80_v   =  4.81348e-08
isup_ua_cm0p80      =  3.19073e-05
vth_cm1p65_v        =   -2.54368e-02
rxd_pos_min_cm1p65_v=  3.60000e+00 at=  3.60000e-01
rxd_neg_max_cm1p65_v=  4.81949e-08 at=  -2.01000e-01
rxd_p200_cm1p65_v   =  3.60000e+00
rxd_m200_cm1p65_v   =  4.81955e-08
isup_ua_cm1p65      =  5.55439e-05
vth_cm2p50_v        =   -2.73634e-02
rxd_pos_min_cm2p50_v=  3.60000e+00 at=  3.26000e-01
rxd_neg_max_cm2p50_v=  7.42016e-08 at=  -2.01000e-01
rxd_p200_cm2p50_v   =  3.60000e+00
rxd_m200_cm2p50_v   =  7.42785e-08
isup_ua_cm2p50      =  6.47940e-05

ngspice-46 done
