
Note: No compatibility mode selected!


Circuit: * klt sim -- generated corner deck, do not edit

Doing analysis at TEMP = 100.000000 and TNOM = 27.000000

Using SPARSE 1.3 as Direct Linear Solver

No. of Data Rows : 801

  Measurements for DC Analysis

vth_cm0p80_v        =   -2.67112e-02
rxd_pos_min_cm0p80_v=  3.30000e+00 at=  2.25000e-01
rxd_neg_max_cm0p80_v=  4.65675e-08 at=  -2.01000e-01
rxd_p200_cm0p80_v   =  3.30000e+00
rxd_m200_cm0p80_v   =  4.65675e-08
isup_ua_cm0p80      =  2.82810e-05
vth_cm1p65_v        =   -2.34865e-02
rxd_pos_min_cm1p65_v=  3.30000e+00 at=  3.25000e-01
rxd_neg_max_cm1p65_v=  4.66197e-08 at=  -2.01000e-01
rxd_p200_cm1p65_v   =  3.30000e+00
rxd_m200_cm1p65_v   =  4.66202e-08
isup_ua_cm1p65      =  4.85823e-05
vth_cm2p50_v        =   -2.55414e-02
rxd_pos_min_cm2p50_v=  3.30000e+00 at=  3.42000e-01
rxd_neg_max_cm2p50_v=  7.53966e-08 at=  -2.01000e-01
rxd_p200_cm2p50_v   =  3.30000e+00
rxd_m200_cm2p50_v   =  7.54818e-08
isup_ua_cm2p50      =  5.69050e-05

ngspice-46 done
