
Note: No compatibility mode selected!


Circuit: * klt sim -- generated corner deck, do not edit

Doing analysis at TEMP = 27.000000 and TNOM = 27.000000

Using SPARSE 1.3 as Direct Linear Solver

No. of Data Rows : 801

  Measurements for DC Analysis

vth_cm0p80_v        =   -2.65331e-02
rxd_pos_min_cm0p80_v=  3.60000e+00 at=  3.96000e-01
rxd_neg_max_cm0p80_v=  1.74340e-09 at=  -2.05000e-01
rxd_p200_cm0p80_v   =  3.60000e+00
rxd_m200_cm0p80_v   =  1.74340e-09
isup_ua_cm0p80      =  2.02252e-05
vth_cm1p65_v        =   -2.14780e-02
rxd_pos_min_cm1p65_v=  3.60000e+00 at=  2.46000e-01
rxd_neg_max_cm1p65_v=  1.74341e-09 at=  -2.01000e-01
rxd_p200_cm1p65_v   =  3.60000e+00
rxd_m200_cm1p65_v   =  1.74341e-09
isup_ua_cm1p65      =  4.77427e-05
vth_cm2p50_v        =   -2.33790e-02
rxd_pos_min_cm2p50_v=  3.60000e+00 at=  2.98000e-01
rxd_neg_max_cm2p50_v=  1.82053e-09 at=  -2.01000e-01
rxd_p200_cm2p50_v   =  3.60000e+00
rxd_m200_cm2p50_v   =  1.82079e-09
isup_ua_cm2p50      =  5.71413e-05

ngspice-46 done
