
Note: No compatibility mode selected!


Circuit: * klt sim -- generated corner deck, do not edit

Doing analysis at TEMP = 27.000000 and TNOM = 27.000000

Using SPARSE 1.3 as Direct Linear Solver

No. of Data Rows : 801

  Measurements for DC Analysis

vth_cm0p80_v        =   -2.45401e-02
rxd_pos_min_cm0p80_v=  3.30000e+00 at=  2.36000e-01
rxd_neg_max_cm0p80_v=  1.68496e-09 at=  -3.11000e-01
rxd_p200_cm0p80_v   =  3.30000e+00
rxd_m200_cm0p80_v   =  1.68496e-09
isup_ua_cm0p80      =  1.83559e-05
vth_cm1p65_v        =   -1.95066e-02
rxd_pos_min_cm1p65_v=  3.30000e+00 at=  3.80000e-01
rxd_neg_max_cm1p65_v=  1.68497e-09 at=  -2.01000e-01
rxd_p200_cm1p65_v   =  3.30000e+00
rxd_m200_cm1p65_v   =  1.68497e-09
isup_ua_cm1p65      =  4.30433e-05
vth_cm2p50_v        =   -2.15024e-02
rxd_pos_min_cm2p50_v=  3.30000e+00 at=  3.79000e-01
rxd_neg_max_cm2p50_v=  1.76830e-09 at=  -2.01000e-01
rxd_p200_cm2p50_v   =  3.30000e+00
rxd_m200_cm2p50_v   =  1.76859e-09
isup_ua_cm2p50      =  5.17020e-05

ngspice-46 done
