
Note: No compatibility mode selected!


Circuit: * klt sim -- generated corner deck, do not edit

Doing analysis at TEMP = 100.000000 and TNOM = 27.000000

Using SPARSE 1.3 as Direct Linear Solver

No. of Data Rows : 801

  Measurements for DC Analysis

vth_cm0p80_v        =   -2.87001e-02
rxd_pos_min_cm0p80_v=  3.60000e+00 at=  2.02000e-01
rxd_neg_max_cm0p80_v=  4.81348e-08 at=  -2.01000e-01
rxd_p200_cm0p80_v   =  3.60000e+00
rxd_m200_cm0p80_v   =  4.81348e-08
isup_ua_cm0p80      =  3.28356e-05
vth_cm1p65_v        =   -2.53220e-02
rxd_pos_min_cm1p65_v=  3.60000e+00 at=  3.27000e-01
rxd_neg_max_cm1p65_v=  4.81934e-08 at=  -2.01000e-01
rxd_p200_cm1p65_v   =  3.60000e+00
rxd_m200_cm1p65_v   =  4.81941e-08
isup_ua_cm1p65      =  5.77003e-05
vth_cm2p50_v        =   -2.71467e-02
rxd_pos_min_cm2p50_v=  3.60000e+00 at=  2.75000e-01
rxd_neg_max_cm2p50_v=  7.40182e-08 at=  -2.01000e-01
rxd_p200_cm2p50_v   =  3.60000e+00
rxd_m200_cm2p50_v   =  7.40949e-08
isup_ua_cm2p50      =  6.72182e-05

ngspice-46 done
