
Note: No compatibility mode selected!


Circuit: * klt sim -- generated corner deck, do not edit

Doing analysis at TEMP = 27.000000 and TNOM = 27.000000

Using SPARSE 1.3 as Direct Linear Solver

No. of Data Rows : 801

  Measurements for DC Analysis

vth_cm0p80_v        =   -2.25007e-02
rxd_pos_min_cm0p80_v=  3.00000e+00 at=  3.96000e-01
rxd_neg_max_cm0p80_v=  1.64653e-09 at=  -2.23000e-01
rxd_p200_cm0p80_v   =  3.00000e+00
rxd_m200_cm0p80_v   =  1.64653e-09
isup_ua_cm0p80      =  1.59547e-05
vth_cm1p65_v        =   -1.75120e-02
rxd_pos_min_cm1p65_v=  3.00000e+00 at=  2.62000e-01
rxd_neg_max_cm1p65_v=  1.64654e-09 at=  -2.01000e-01
rxd_p200_cm1p65_v   =  3.00000e+00
rxd_m200_cm1p65_v   =  1.64654e-09
isup_ua_cm1p65      =  3.67361e-05
vth_cm2p50_v        =   -1.98388e-02
rxd_pos_min_cm2p50_v=  3.00000e+00 at=  2.58000e-01
rxd_neg_max_cm2p50_v=  1.74483e-09 at=  -2.01000e-01
rxd_p200_cm2p50_v   =  3.00000e+00
rxd_m200_cm2p50_v   =  1.74519e-09
isup_ua_cm2p50      =  4.43829e-05

ngspice-46 done
