
Note: No compatibility mode selected!


Circuit: * klt sim -- generated corner deck, do not edit

Doing analysis at TEMP = 27.000000 and TNOM = 27.000000

Using SPARSE 1.3 as Direct Linear Solver

No. of Data Rows : 801

  Measurements for DC Analysis

vth_cm0p80_v        =   -2.65219e-02
rxd_pos_min_cm0p80_v=  3.60000e+00 at=  3.88000e-01
rxd_neg_max_cm0p80_v=  1.74340e-09 at=  -2.03000e-01
rxd_p200_cm0p80_v   =  3.60000e+00
rxd_m200_cm0p80_v   =  1.74340e-09
isup_ua_cm0p80      =  2.08384e-05
vth_cm1p65_v        =   -2.14378e-02
rxd_pos_min_cm1p65_v=  3.60000e+00 at=  2.74000e-01
rxd_neg_max_cm1p65_v=  1.74341e-09 at=  -2.02000e-01
rxd_p200_cm1p65_v   =  3.60000e+00
rxd_m200_cm1p65_v   =  1.74341e-09
isup_ua_cm1p65      =  4.96317e-05
vth_cm2p50_v        =   -2.31973e-02
rxd_pos_min_cm2p50_v=  3.60000e+00 at=  3.66000e-01
rxd_neg_max_cm2p50_v=  1.81990e-09 at=  -2.01000e-01
rxd_p200_cm2p50_v   =  3.60000e+00
rxd_m200_cm2p50_v   =  1.82016e-09
isup_ua_cm2p50      =  5.92981e-05

ngspice-46 done
