
Note: No compatibility mode selected!


Circuit: * klt sim -- generated corner deck, do not edit

Doing analysis at TEMP = 100.000000 and TNOM = 27.000000

Using SPARSE 1.3 as Direct Linear Solver

No. of Data Rows : 801

  Measurements for DC Analysis

vth_cm0p80_v        =   -2.66064e-02
rxd_pos_min_cm0p80_v=  3.30000e+00 at=  3.30000e-01
rxd_neg_max_cm0p80_v=  4.65675e-08 at=  -2.01000e-01
rxd_p200_cm0p80_v   =  3.30000e+00
rxd_m200_cm0p80_v   =  4.65675e-08
isup_ua_cm0p80      =  2.91128e-05
vth_cm1p65_v        =   -2.34189e-02
rxd_pos_min_cm1p65_v=  3.30000e+00 at=  3.04000e-01
rxd_neg_max_cm1p65_v=  4.66184e-08 at=  -2.01000e-01
rxd_p200_cm1p65_v   =  3.30000e+00
rxd_m200_cm1p65_v   =  4.66189e-08
isup_ua_cm1p65      =  5.04737e-05
vth_cm2p50_v        =   -2.54669e-02
rxd_pos_min_cm2p50_v=  3.30000e+00 at=  2.08000e-01
rxd_neg_max_cm2p50_v=  7.51650e-08 at=  -2.01000e-01
rxd_p200_cm2p50_v   =  3.30000e+00
rxd_m200_cm2p50_v   =  7.52499e-08
isup_ua_cm2p50      =  5.90390e-05

ngspice-46 done
