
Note: No compatibility mode selected!


Circuit: * klt sim -- generated corner deck, do not edit

Doing analysis at TEMP = 100.000000 and TNOM = 27.000000

Using SPARSE 1.3 as Direct Linear Solver

No. of Data Rows : 801

  Measurements for DC Analysis

vth_cm0p80_v        =   -2.44974e-02
rxd_pos_min_cm0p80_v=  3.00000e+00 at=  2.09000e-01
rxd_neg_max_cm0p80_v=  4.55676e-08 at=  -2.01000e-01
rxd_p200_cm0p80_v   =  3.00000e+00
rxd_m200_cm0p80_v   =  4.55676e-08
isup_ua_cm0p80      =  2.54892e-05
vth_cm1p65_v        =   -2.14143e-02
rxd_pos_min_cm1p65_v=  3.00000e+00 at=  3.47000e-01
rxd_neg_max_cm1p65_v=  4.56139e-08 at=  -2.01000e-01
rxd_p200_cm1p65_v   =  3.00000e+00
rxd_m200_cm1p65_v   =  4.56143e-08
isup_ua_cm1p65      =  4.35013e-05
vth_cm2p50_v        =   -2.36996e-02
rxd_pos_min_cm2p50_v=  3.00000e+00 at=  3.62000e-01
rxd_neg_max_cm2p50_v=  8.00290e-08 at=  -2.01000e-01
rxd_p200_cm2p50_v   =  3.00000e+00
rxd_m200_cm2p50_v   =  8.01365e-08
isup_ua_cm2p50      =  5.11107e-05

ngspice-46 done
