
Note: No compatibility mode selected!


Circuit: * klt sim -- generated corner deck, do not edit

Doing analysis at TEMP = -40.000000 and TNOM = 27.000000

Using SPARSE 1.3 as Direct Linear Solver

No. of Data Rows : 801

  Measurements for DC Analysis

vth_cm0p80_v        =   -2.15100e-02
rxd_pos_min_cm0p80_v=  3.00000e+00 at=  2.34000e-01
rxd_neg_max_cm0p80_v=  1.14183e-09 at=  -3.83000e-01
rxd_p200_cm0p80_v   =  3.00000e+00
rxd_m200_cm0p80_v   =  1.14183e-09
isup_ua_cm0p80      =  9.88360e-06
vth_cm1p65_v        =   -1.43872e-02
rxd_pos_min_cm1p65_v=  3.00000e+00 at=  2.95000e-01
rxd_neg_max_cm1p65_v=  1.14183e-09 at=  -2.37000e-01
rxd_p200_cm1p65_v   =  3.00000e+00
rxd_m200_cm1p65_v   =  1.14183e-09
isup_ua_cm1p65      =  3.04385e-05
vth_cm2p50_v        =   -1.64395e-02
rxd_pos_min_cm2p50_v=  3.00000e+00 at=  3.18000e-01
rxd_neg_max_cm2p50_v=  1.14439e-09 at=  -2.01000e-01
rxd_p200_cm2p50_v   =  3.00000e+00
rxd_m200_cm2p50_v   =  1.14441e-09
isup_ua_cm2p50      =  3.81595e-05

ngspice-46 done
