
Note: No compatibility mode selected!


Circuit: * klt sim -- generated corner deck, do not edit

Doing analysis at TEMP = 100.000000 and TNOM = 27.000000

Using SPARSE 1.3 as Direct Linear Solver

No. of Data Rows : 801

  Measurements for DC Analysis

vth_cm0p80_v        =   -2.49694e-02
rxd_pos_min_cm0p80_v=  3.30000e+00 at=  3.82000e-01
rxd_neg_max_cm0p80_v=  5.05084e-09 at=  -2.01000e-01
rxd_p200_cm0p80_v   =  3.30000e+00
rxd_m200_cm0p80_v   =  5.05084e-09
isup_ua_cm0p80      =  3.66192e-05
vth_cm1p65_v        =   -2.51119e-02
rxd_pos_min_cm1p65_v=  3.30000e+00 at=  2.07000e-01
rxd_neg_max_cm1p65_v=  5.17204e-09 at=  -2.01000e-01
rxd_p200_cm1p65_v   =  3.30000e+00
rxd_m200_cm1p65_v   =  5.17296e-09
isup_ua_cm1p65      =  5.25210e-05
vth_cm2p50_v        =   -2.99491e-02
rxd_pos_min_cm2p50_v=  3.30000e+00 at=  3.35000e-01
rxd_neg_max_cm2p50_v=  1.64478e-08 at=  -2.01000e-01
rxd_p200_cm2p50_v   =  3.30000e+00
rxd_m200_cm2p50_v   =  1.64853e-08
isup_ua_cm2p50      =  6.25163e-05

ngspice-46 done
