
Note: No compatibility mode selected!


Circuit: * klt sim -- generated corner deck, do not edit

Doing analysis at TEMP = 100.000000 and TNOM = 27.000000

Using SPARSE 1.3 as Direct Linear Solver

No. of Data Rows : 801

  Measurements for DC Analysis

vth_cm0p80_v        =   -2.67771e-02
rxd_pos_min_cm0p80_v=  3.60000e+00 at=  2.59000e-01
rxd_neg_max_cm0p80_v=  5.19133e-09 at=  -2.01000e-01
rxd_p200_cm0p80_v   =  3.60000e+00
rxd_m200_cm0p80_v   =  5.19133e-09
isup_ua_cm0p80      =  4.13812e-05
vth_cm1p65_v        =   -2.66412e-02
rxd_pos_min_cm1p65_v=  3.60000e+00 at=  2.27000e-01
rxd_neg_max_cm1p65_v=  5.32312e-09 at=  -2.01000e-01
rxd_p200_cm1p65_v   =  3.60000e+00
rxd_m200_cm1p65_v   =  5.32420e-09
isup_ua_cm1p65      =  5.95061e-05
vth_cm2p50_v        =   -3.10676e-02
rxd_pos_min_cm2p50_v=  3.60000e+00 at=  3.21000e-01
rxd_neg_max_cm2p50_v=  1.37389e-08 at=  -2.01000e-01
rxd_p200_cm2p50_v   =  3.60000e+00
rxd_m200_cm2p50_v   =  1.37636e-08
isup_ua_cm2p50      =  7.04845e-05

ngspice-46 done
