
Note: No compatibility mode selected!


Circuit: * klt sim -- generated corner deck, do not edit

Doing analysis at TEMP = 27.000000 and TNOM = 27.000000

Using SPARSE 1.3 as Direct Linear Solver

No. of Data Rows : 801

  Measurements for DC Analysis

vth_cm0p80_v        =   -2.34511e-02
rxd_pos_min_cm0p80_v=  3.60000e+00 at=  3.67000e-01
rxd_neg_max_cm0p80_v=  1.36851e-09 at=  -2.17000e-01
rxd_p200_cm0p80_v   =  3.60000e+00
rxd_m200_cm0p80_v   =  1.36851e-09
isup_ua_cm0p80      =  3.02015e-05
vth_cm1p65_v        =   -2.24880e-02
rxd_pos_min_cm1p65_v=  3.60000e+00 at=  3.81000e-01
rxd_neg_max_cm1p65_v=  1.36857e-09 at=  -2.01000e-01
rxd_p200_cm1p65_v   =  3.60000e+00
rxd_m200_cm1p65_v   =  1.36857e-09
isup_ua_cm1p65      =  5.09323e-05
vth_cm2p50_v        =   -2.64657e-02
rxd_pos_min_cm2p50_v=  3.60000e+00 at=  2.58000e-01
rxd_neg_max_cm2p50_v=  1.39484e-09 at=  -2.01000e-01
rxd_p200_cm2p50_v   =  3.60000e+00
rxd_m200_cm2p50_v   =  1.39490e-09
isup_ua_cm2p50      =  6.21225e-05

ngspice-46 done
