
Note: No compatibility mode selected!


Circuit: * klt sim -- generated corner deck, do not edit

Doing analysis at TEMP = 100.000000 and TNOM = 27.000000

Using SPARSE 1.3 as Direct Linear Solver

No. of Data Rows : 801

  Measurements for DC Analysis

vth_cm0p80_v        =   -2.66040e-02
rxd_pos_min_cm0p80_v=  3.60000e+00 at=  2.66000e-01
rxd_neg_max_cm0p80_v=  5.19133e-09 at=  -2.01000e-01
rxd_p200_cm0p80_v   =  3.60000e+00
rxd_m200_cm0p80_v   =  5.19133e-09
isup_ua_cm0p80      =  4.28113e-05
vth_cm1p65_v        =   -2.65232e-02
rxd_pos_min_cm1p65_v=  3.60000e+00 at=  2.27000e-01
rxd_neg_max_cm1p65_v=  5.32071e-09 at=  -2.01000e-01
rxd_p200_cm1p65_v   =  3.60000e+00
rxd_m200_cm1p65_v   =  5.32178e-09
isup_ua_cm1p65      =  6.17965e-05
vth_cm2p50_v        =   -3.07006e-02
rxd_pos_min_cm2p50_v=  3.60000e+00 at=  2.19000e-01
rxd_neg_max_cm2p50_v=  1.36781e-08 at=  -2.01000e-01
rxd_p200_cm2p50_v   =  3.60000e+00
rxd_m200_cm2p50_v   =  1.37027e-08
isup_ua_cm2p50      =  7.30700e-05

ngspice-46 done
