
Note: No compatibility mode selected!


Circuit: * klt sim -- generated corner deck, do not edit

Doing analysis at TEMP = 100.000000 and TNOM = 27.000000

Using SPARSE 1.3 as Direct Linear Solver

No. of Data Rows : 801

  Measurements for DC Analysis

vth_cm0p80_v        =   -2.25454e-02
rxd_pos_min_cm0p80_v=  3.00000e+00 at=  2.41000e-01
rxd_neg_max_cm0p80_v=  4.95791e-09 at=  -2.01000e-01
rxd_p200_cm0p80_v   =  3.00000e+00
rxd_m200_cm0p80_v   =  4.95791e-09
isup_ua_cm0p80      =  3.31081e-05
vth_cm1p65_v        =   -2.26913e-02
rxd_pos_min_cm1p65_v=  3.00000e+00 at=  3.05000e-01
rxd_neg_max_cm1p65_v=  5.07151e-09 at=  -2.01000e-01
rxd_p200_cm1p65_v   =  3.00000e+00
rxd_m200_cm1p65_v   =  5.07233e-09
isup_ua_cm1p65      =  4.74969e-05
vth_cm2p50_v        =   -2.94415e-02
rxd_pos_min_cm2p50_v=  3.00000e+00 at=  3.33000e-01
rxd_neg_max_cm2p50_v=  2.44170e-08 at=  -2.01000e-01
rxd_p200_cm2p50_v   =  3.00000e+00
rxd_m200_cm2p50_v   =  2.45032e-08
isup_ua_cm2p50      =  5.67356e-05

ngspice-46 done
