
Note: No compatibility mode selected!


Circuit: * klt sim -- generated corner deck, do not edit

Doing analysis at TEMP = 27.000000 and TNOM = 27.000000

Using SPARSE 1.3 as Direct Linear Solver

No. of Data Rows : 801

  Measurements for DC Analysis

vth_cm0p80_v        =   -2.34251e-02
rxd_pos_min_cm0p80_v=  3.60000e+00 at=  3.21000e-01
rxd_neg_max_cm0p80_v=  1.36851e-09 at=  -3.73000e-01
rxd_p200_cm0p80_v   =  3.60000e+00
rxd_m200_cm0p80_v   =  1.36851e-09
isup_ua_cm0p80      =  3.11874e-05
vth_cm1p65_v        =   -2.24555e-02
rxd_pos_min_cm1p65_v=  3.60000e+00 at=  3.45000e-01
rxd_neg_max_cm1p65_v=  1.36857e-09 at=  -2.01000e-01
rxd_p200_cm1p65_v   =  3.60000e+00
rxd_m200_cm1p65_v   =  1.36857e-09
isup_ua_cm1p65      =  5.29311e-05
vth_cm2p50_v        =   -2.64106e-02
rxd_pos_min_cm2p50_v=  3.60000e+00 at=  2.37000e-01
rxd_neg_max_cm2p50_v=  1.39468e-09 at=  -2.01000e-01
rxd_p200_cm2p50_v   =  3.60000e+00
rxd_m200_cm2p50_v   =  1.39475e-09
isup_ua_cm2p50      =  6.44214e-05

ngspice-46 done
