
Note: No compatibility mode selected!


Circuit: * klt sim -- generated corner deck, do not edit

Doing analysis at TEMP = -40.000000 and TNOM = 27.000000

Using SPARSE 1.3 as Direct Linear Solver

No. of Data Rows : 801

  Measurements for DC Analysis

vth_cm0p80_v        =   -1.54916e-02
rxd_pos_min_cm0p80_v=  3.00000e+00 at=  2.23000e-01
rxd_neg_max_cm0p80_v=  8.97924e-10 at=  -2.05000e-01
rxd_p200_cm0p80_v   =  3.00000e+00
rxd_m200_cm0p80_v   =  8.97924e-10
isup_ua_cm0p80      =  2.08447e-05
vth_cm1p65_v        =   -1.74165e-02
rxd_pos_min_cm1p65_v=  3.00000e+00 at=  2.14000e-01
rxd_neg_max_cm1p65_v=  8.98022e-10 at=  -2.01000e-01
rxd_p200_cm1p65_v   =  3.00000e+00
rxd_m200_cm1p65_v   =  8.98023e-10
isup_ua_cm1p65      =  3.55846e-05
vth_cm2p50_v        =   -6.24978e-02
rxd_pos_min_cm2p50_v=  3.00000e+00 at=  2.65000e-01
rxd_neg_max_cm2p50_v=  9.93047e-10 at=  -2.01000e-01
rxd_p200_cm2p50_v   =  3.00000e+00
rxd_m200_cm2p50_v   =  9.94084e-10
isup_ua_cm2p50      =  4.72653e-05

ngspice-46 done
