
Note: No compatibility mode selected!


Circuit: * klt sim -- generated corner deck, do not edit

Doing analysis at TEMP = 100.000000 and TNOM = 27.000000

Using SPARSE 1.3 as Direct Linear Solver

No. of Data Rows : 801

  Measurements for DC Analysis

vth_cm0p80_v        =   -2.72900e-02
rxd_pos_min_cm0p80_v=  3.60000e+00 at=  3.63000e-01
rxd_neg_max_cm0p80_v=  1.81403e-09 at=  -2.01000e-01
rxd_p200_cm0p80_v   =  3.60000e+00
rxd_m200_cm0p80_v   =  1.81403e-09
isup_ua_cm0p80      =  4.77820e-05
vth_cm1p65_v        =   -2.95897e-02
rxd_pos_min_cm1p65_v=  3.60000e+00 at=  3.13000e-01
rxd_neg_max_cm1p65_v=  1.89602e-09 at=  -2.01000e-01
rxd_p200_cm1p65_v   =  3.60000e+00
rxd_m200_cm1p65_v   =  1.89638e-09
isup_ua_cm1p65      =  6.53176e-05
vth_cm2p50_v        =   -3.83415e-02
rxd_pos_min_cm2p50_v=  3.60000e+00 at=  2.93000e-01
rxd_neg_max_cm2p50_v=  5.80786e-09 at=  -2.01000e-01
rxd_p200_cm2p50_v   =  3.60000e+00
rxd_m200_cm2p50_v   =  5.82661e-09
isup_ua_cm2p50      =  7.89296e-05

ngspice-46 done
