
Note: No compatibility mode selected!


Circuit: * klt sim -- generated corner deck, do not edit

Doing analysis at TEMP = 27.000000 and TNOM = 27.000000

Using SPARSE 1.3 as Direct Linear Solver

No. of Data Rows : 801

  Measurements for DC Analysis

vth_cm0p80_v        =   -2.13956e-02
rxd_pos_min_cm0p80_v=  3.30000e+00 at=  2.50000e-01
rxd_neg_max_cm0p80_v=  1.17048e-09 at=  -2.03000e-01
rxd_p200_cm0p80_v   =  3.30000e+00
rxd_m200_cm0p80_v   =  1.17047e-09
isup_ua_cm0p80      =  3.31972e-05
vth_cm1p65_v        =   -2.34740e-02
rxd_pos_min_cm1p65_v=  3.30000e+00 at=  2.72000e-01
rxd_neg_max_cm1p65_v=  1.17193e-09 at=  -2.01000e-01
rxd_p200_cm1p65_v   =  3.30000e+00
rxd_m200_cm1p65_v   =  1.17194e-09
isup_ua_cm1p65      =  4.93563e-05
vth_cm2p50_v        =   -3.40939e-02
rxd_pos_min_cm2p50_v=  3.30000e+00 at=  3.34000e-01
rxd_neg_max_cm2p50_v=  1.22718e-09 at=  -2.01000e-01
rxd_p200_cm2p50_v   =  3.30000e+00
rxd_m200_cm2p50_v   =  1.22735e-09
isup_ua_cm2p50      =  6.21210e-05

ngspice-46 done
