
Note: No compatibility mode selected!


Circuit: * klt sim -- generated corner deck, do not edit

Doing analysis at TEMP = 27.000000 and TNOM = 27.000000

Using SPARSE 1.3 as Direct Linear Solver

No. of Data Rows : 801

  Measurements for DC Analysis

vth_cm0p80_v        =   -1.94054e-02
rxd_pos_min_cm0p80_v=  3.00000e+00 at=  2.82000e-01
rxd_neg_max_cm0p80_v=  1.13565e-09 at=  -2.06000e-01
rxd_p200_cm0p80_v   =  3.00000e+00
rxd_m200_cm0p80_v   =  1.13565e-09
isup_ua_cm0p80      =  2.99452e-05
vth_cm1p65_v        =   -2.15283e-02
rxd_pos_min_cm1p65_v=  3.00000e+00 at=  2.51000e-01
rxd_neg_max_cm1p65_v=  1.13738e-09 at=  -2.01000e-01
rxd_p200_cm1p65_v   =  3.00000e+00
rxd_m200_cm1p65_v   =  1.13740e-09
isup_ua_cm1p65      =  4.47330e-05
vth_cm2p50_v        =   -7.18820e-02
rxd_pos_min_cm2p50_v=  3.00000e+00 at=  2.12000e-01
rxd_neg_max_cm2p50_v=  1.37870e-08 at=  -2.01000e-01
rxd_p200_cm2p50_v   =  3.00000e+00
rxd_m200_cm2p50_v   =  1.49739e-08
isup_ua_cm2p50      =  5.65516e-05

ngspice-46 done
