
Note: No compatibility mode selected!


Circuit: * klt sim -- generated corner deck, do not edit

Doing analysis at TEMP = -40.000000 and TNOM = 27.000000

Using SPARSE 1.3 as Direct Linear Solver

No. of Data Rows : 801

  Measurements for DC Analysis

vth_cm0p80_v        =   -1.84640e-02
rxd_pos_min_cm0p80_v=  3.60000e+00 at=  3.56000e-01
rxd_neg_max_cm0p80_v=  9.68882e-10 at=  -2.01000e-01
rxd_p200_cm0p80_v   =  3.60000e+00
rxd_m200_cm0p80_v   =  9.68882e-10
isup_ua_cm0p80      =  2.87395e-05
vth_cm1p65_v        =   -1.94818e-02
rxd_pos_min_cm1p65_v=  3.60000e+00 at=  3.05000e-01
rxd_neg_max_cm1p65_v=  9.68956e-10 at=  -2.01000e-01
rxd_p200_cm1p65_v   =  3.60000e+00
rxd_m200_cm1p65_v   =  9.68957e-10
isup_ua_cm1p65      =  4.87090e-05
vth_cm2p50_v        =   -2.64669e-02
rxd_pos_min_cm2p50_v=  3.60000e+00 at=  2.62000e-01
rxd_neg_max_cm2p50_v=  9.83310e-10 at=  -2.01000e-01
rxd_p200_cm2p50_v   =  3.60000e+00
rxd_m200_cm2p50_v   =  9.83332e-10
isup_ua_cm2p50      =  6.34750e-05

ngspice-46 done
