
Note: No compatibility mode selected!


Circuit: * klt sim -- generated corner deck, do not edit

Doing analysis at TEMP = 27.000000 and TNOM = 27.000000

Using SPARSE 1.3 as Direct Linear Solver

No. of Data Rows : 801

  Measurements for DC Analysis

vth_cm0p80_v        =   -2.25185e-02
rxd_pos_min_cm0p80_v=  3.60000e+00 at=  2.15000e-01
rxd_neg_max_cm0p80_v=  1.21066e-09 at=  -2.04000e-01
rxd_p200_cm0p80_v   =  3.60000e+00
rxd_m200_cm0p80_v   =  1.21066e-09
isup_ua_cm0p80      =  3.91754e-05
vth_cm1p65_v        =   -2.45187e-02
rxd_pos_min_cm1p65_v=  3.60000e+00 at=  2.21000e-01
rxd_neg_max_cm1p65_v=  1.21189e-09 at=  -2.01000e-01
rxd_p200_cm1p65_v   =  3.60000e+00
rxd_m200_cm1p65_v   =  1.21190e-09
isup_ua_cm1p65      =  5.79485e-05
vth_cm2p50_v        =   -3.24870e-02
rxd_pos_min_cm2p50_v=  3.60000e+00 at=  2.64000e-01
rxd_neg_max_cm2p50_v=  1.24172e-09 at=  -2.01000e-01
rxd_p200_cm2p50_v   =  3.60000e+00
rxd_m200_cm2p50_v   =  1.24178e-09
isup_ua_cm2p50      =  7.22645e-05

ngspice-46 done
