
Note: No compatibility mode selected!


Circuit: * klt sim -- generated corner deck, do not edit

Doing analysis at TEMP = 100.000000 and TNOM = 27.000000

Using SPARSE 1.3 as Direct Linear Solver

No. of Data Rows : 801

  Measurements for DC Analysis

vth_cm0p80_v        =   -2.70444e-02
rxd_pos_min_cm0p80_v=  3.60000e+00 at=  2.72000e-01
rxd_neg_max_cm0p80_v=  1.81402e-09 at=  -2.01000e-01
rxd_p200_cm0p80_v   =  3.60000e+00
rxd_m200_cm0p80_v   =  1.81402e-09
isup_ua_cm0p80      =  4.96091e-05
vth_cm1p65_v        =   -2.94914e-02
rxd_pos_min_cm1p65_v=  3.60000e+00 at=  3.72000e-01
rxd_neg_max_cm1p65_v=  1.89522e-09 at=  -2.01000e-01
rxd_p200_cm1p65_v   =  3.60000e+00
rxd_m200_cm1p65_v   =  1.89557e-09
isup_ua_cm1p65      =  6.77774e-05
vth_cm2p50_v        =   -3.81291e-02
rxd_pos_min_cm2p50_v=  3.60000e+00 at=  3.77000e-01
rxd_neg_max_cm2p50_v=  5.76176e-09 at=  -2.01000e-01
rxd_p200_cm2p50_v   =  3.60000e+00
rxd_m200_cm2p50_v   =  5.78030e-09
isup_ua_cm2p50      =  8.17280e-05

ngspice-46 done
