
Note: No compatibility mode selected!


Circuit: * klt sim -- generated corner deck, do not edit

Doing analysis at TEMP = 27.000000 and TNOM = 27.000000

Using SPARSE 1.3 as Direct Linear Solver

No. of Data Rows : 801

  Measurements for DC Analysis

vth_cm0p80_v        =   -2.12742e-02
rxd_pos_min_cm0p80_v=  3.30000e+00 at=  3.32000e-01
rxd_neg_max_cm0p80_v=  1.17048e-09 at=  -2.01000e-01
rxd_p200_cm0p80_v   =  3.30000e+00
rxd_m200_cm0p80_v   =  1.17047e-09
isup_ua_cm0p80      =  3.44888e-05
vth_cm1p65_v        =   -2.34366e-02
rxd_pos_min_cm1p65_v=  3.30000e+00 at=  3.53000e-01
rxd_neg_max_cm1p65_v=  1.17191e-09 at=  -2.01000e-01
rxd_p200_cm1p65_v   =  3.30000e+00
rxd_m200_cm1p65_v   =  1.17192e-09
isup_ua_cm1p65      =  5.12577e-05
vth_cm2p50_v        =   -3.36990e-02
rxd_pos_min_cm2p50_v=  3.30000e+00 at=  3.55000e-01
rxd_neg_max_cm2p50_v=  1.22673e-09 at=  -2.01000e-01
rxd_p200_cm2p50_v   =  3.30000e+00
rxd_m200_cm2p50_v   =  1.22690e-09
isup_ua_cm2p50      =  6.43529e-05

ngspice-46 done
