
Note: No compatibility mode selected!


Circuit: * klt sim -- generated corner deck, do not edit

Doing analysis at TEMP = 100.000000 and TNOM = 27.000000

Using SPARSE 1.3 as Direct Linear Solver

No. of Data Rows : 801

  Measurements for DC Analysis

vth_cm0p80_v        =   -2.33506e-02
rxd_pos_min_cm0p80_v=  3.00000e+00 at=  3.32000e-01
rxd_neg_max_cm0p80_v=  1.73831e-09 at=  -2.01000e-01
rxd_p200_cm0p80_v   =  3.00000e+00
rxd_m200_cm0p80_v   =  1.73831e-09
isup_ua_cm0p80      =  3.84997e-05
vth_cm1p65_v        =   -2.63545e-02
rxd_pos_min_cm1p65_v=  3.00000e+00 at=  2.62000e-01
rxd_neg_max_cm1p65_v=  1.82897e-09 at=  -2.01000e-01
rxd_p200_cm1p65_v   =  3.00000e+00
rxd_m200_cm1p65_v   =  1.82935e-09
isup_ua_cm1p65      =  5.30667e-05
vth_cm2p50_v        =   -7.53964e-02
rxd_pos_min_cm2p50_v=  3.00000e+00 at=  3.73000e-01
rxd_neg_max_cm2p50_v=  3.45499e-06 at=  -2.01000e-01
rxd_p200_cm2p50_v   =  3.00000e+00
rxd_m200_cm2p50_v   =  3.70285e-06
isup_ua_cm2p50      =  6.47183e-05

ngspice-46 done
