
Note: No compatibility mode selected!


Circuit: * klt sim -- generated corner deck, do not edit

Doing analysis at TEMP = -40.000000 and TNOM = 27.000000

Using SPARSE 1.3 as Direct Linear Solver

No. of Data Rows : 801

  Measurements for DC Analysis

vth_cm0p80_v        =   -1.71489e-02
rxd_pos_min_cm0p80_v=  3.30000e+00 at=  2.45000e-01
rxd_neg_max_cm0p80_v=  9.31180e-10 at=  -2.17000e-01
rxd_p200_cm0p80_v   =  3.30000e+00
rxd_m200_cm0p80_v   =  9.31180e-10
isup_ua_cm0p80      =  2.51266e-05
vth_cm1p65_v        =   -1.84788e-02
rxd_pos_min_cm1p65_v=  3.30000e+00 at=  2.54000e-01
rxd_neg_max_cm1p65_v=  9.31263e-10 at=  -2.01000e-01
rxd_p200_cm1p65_v   =  3.30000e+00
rxd_m200_cm1p65_v   =  9.31264e-10
isup_ua_cm1p65      =  4.27561e-05
vth_cm2p50_v        =   -2.75336e-02
rxd_pos_min_cm2p50_v=  3.30000e+00 at=  3.33000e-01
rxd_neg_max_cm2p50_v=  9.55632e-10 at=  -2.01000e-01
rxd_p200_cm2p50_v   =  3.30000e+00
rxd_m200_cm2p50_v   =  9.55680e-10
isup_ua_cm2p50      =  5.61706e-05

ngspice-46 done
