
Note: No compatibility mode selected!


Circuit: * klt sim -- generated corner deck, do not edit

Doing analysis at TEMP = 27.000000 and TNOM = 27.000000

Using SPARSE 1.3 as Direct Linear Solver

No. of Data Rows : 801

  Measurements for DC Analysis

vth_cm0p80_v        =   -2.35841e-02
rxd_pos_min_cm0p80_v=  3.60000e+00 at=  3.42000e-01
rxd_neg_max_cm0p80_v=  1.52507e-09 at=  -2.02000e-01
rxd_p200_cm0p80_v   =  3.60000e+00
rxd_m200_cm0p80_v   =  1.52507e-09
isup_ua_cm0p80      =  2.23956e-05
vth_cm1p65_v        =   -2.04547e-02
rxd_pos_min_cm1p65_v=  3.60000e+00 at=  2.09000e-01
rxd_neg_max_cm1p65_v=  1.52507e-09 at=  -2.02000e-01
rxd_p200_cm1p65_v   =  3.60000e+00
rxd_m200_cm1p65_v   =  1.52507e-09
isup_ua_cm1p65      =  4.76345e-05
vth_cm2p50_v        =   -2.33179e-02
rxd_pos_min_cm2p50_v=  3.60000e+00 at=  3.49000e-01
rxd_neg_max_cm2p50_v=  1.53365e-09 at=  -2.01000e-01
rxd_p200_cm2p50_v   =  3.60000e+00
rxd_m200_cm2p50_v   =  1.53367e-09
isup_ua_cm2p50      =  5.71739e-05

ngspice-46 done
