
Note: No compatibility mode selected!


Circuit: * klt sim -- generated corner deck, do not edit

Doing analysis at TEMP = 100.000000 and TNOM = 27.000000

Using SPARSE 1.3 as Direct Linear Solver

No. of Data Rows : 801

  Measurements for DC Analysis

vth_cm0p80_v        =   -2.14775e-02
rxd_pos_min_cm0p80_v=  3.00000e+00 at=  3.80000e-01
rxd_neg_max_cm0p80_v=  2.60808e-09 at=  -4.00000e-01
rxd_p200_cm0p80_v   =  3.00000e+00
rxd_m200_cm0p80_v   =  2.60806e-09
isup_ua_cm0p80      =  2.62389e-05
vth_cm1p65_v        =   -1.95600e-02
rxd_pos_min_cm1p65_v=  3.00000e+00 at=  2.05000e-01
rxd_neg_max_cm1p65_v=  2.61040e-09 at=  -2.01000e-01
rxd_p200_cm1p65_v   =  3.00000e+00
rxd_m200_cm1p65_v   =  2.61042e-09
isup_ua_cm1p65      =  4.18139e-05
vth_cm2p50_v        =   -2.43557e-02
rxd_pos_min_cm2p50_v=  3.00000e+00 at=  2.49000e-01
rxd_neg_max_cm2p50_v=  4.05123e-09 at=  -2.01000e-01
rxd_p200_cm2p50_v   =  3.00000e+00
rxd_m200_cm2p50_v   =  4.05681e-09
isup_ua_cm2p50      =  4.93667e-05

ngspice-46 done
