
Note: No compatibility mode selected!


Circuit: * klt sim -- generated corner deck, do not edit

Doing analysis at TEMP = -40.000000 and TNOM = 27.000000

Using SPARSE 1.3 as Direct Linear Solver

No. of Data Rows : 801

  Measurements for DC Analysis

vth_cm0p80_v        =   -2.24428e-02
rxd_pos_min_cm0p80_v=  3.60000e+00 at=  2.46000e-01
rxd_neg_max_cm0p80_v=  1.19266e-09 at=  -2.10000e-01
rxd_p200_cm0p80_v   =  3.60000e+00
rxd_m200_cm0p80_v   =  1.19266e-09
isup_ua_cm0p80      =  1.32671e-05
vth_cm1p65_v        =   -1.64980e-02
rxd_pos_min_cm1p65_v=  3.60000e+00 at=  3.96000e-01
rxd_neg_max_cm1p65_v=  1.19266e-09 at=  -2.01000e-01
rxd_p200_cm1p65_v   =  3.60000e+00
rxd_m200_cm1p65_v   =  1.19266e-09
isup_ua_cm1p65      =  3.91255e-05
vth_cm2p50_v        =   -1.91425e-02
rxd_pos_min_cm2p50_v=  3.60000e+00 at=  3.27000e-01
rxd_neg_max_cm2p50_v=  1.19564e-09 at=  -2.01000e-01
rxd_p200_cm2p50_v   =  3.60000e+00
rxd_m200_cm2p50_v   =  1.19565e-09
isup_ua_cm2p50      =  4.86834e-05

ngspice-46 done
