
Note: No compatibility mode selected!


Circuit: * klt sim -- generated corner deck, do not edit

Doing analysis at TEMP = -40.000000 and TNOM = 27.000000

Using SPARSE 1.3 as Direct Linear Solver

No. of Data Rows : 801

  Measurements for DC Analysis

vth_cm0p80_v        =   -2.04800e-02
rxd_pos_min_cm0p80_v=  3.30000e+00 at=  2.40000e-01
rxd_neg_max_cm0p80_v=  1.15377e-09 at=  -2.23000e-01
rxd_p200_cm0p80_v   =  3.30000e+00
rxd_m200_cm0p80_v   =  1.15377e-09
isup_ua_cm0p80      =  1.21148e-05
vth_cm1p65_v        =   -1.45379e-02
rxd_pos_min_cm1p65_v=  3.30000e+00 at=  3.82000e-01
rxd_neg_max_cm1p65_v=  1.15377e-09 at=  -2.01000e-01
rxd_p200_cm1p65_v   =  3.30000e+00
rxd_m200_cm1p65_v   =  1.15377e-09
isup_ua_cm1p65      =  3.52823e-05
vth_cm2p50_v        =   -1.75071e-02
rxd_pos_min_cm2p50_v=  3.30000e+00 at=  2.54000e-01
rxd_neg_max_cm2p50_v=  1.15798e-09 at=  -2.01000e-01
rxd_p200_cm2p50_v   =  3.30000e+00
rxd_m200_cm2p50_v   =  1.15799e-09
isup_ua_cm2p50      =  4.41070e-05

ngspice-46 done
