
Note: No compatibility mode selected!


Circuit: * klt sim -- generated corner deck, do not edit

Doing analysis at TEMP = 100.000000 and TNOM = 27.000000

Using SPARSE 1.3 as Direct Linear Solver

No. of Data Rows : 801

  Measurements for DC Analysis

vth_cm0p80_v        =   -2.36307e-02
rxd_pos_min_cm0p80_v=  3.30000e+00 at=  2.12000e-01
rxd_neg_max_cm0p80_v=  2.64055e-09 at=  -2.01000e-01
rxd_p200_cm0p80_v   =  3.30000e+00
rxd_m200_cm0p80_v   =  2.64055e-09
isup_ua_cm0p80      =  3.08340e-05
vth_cm1p65_v        =   -2.17059e-02
rxd_pos_min_cm1p65_v=  3.30000e+00 at=  2.15000e-01
rxd_neg_max_cm1p65_v=  2.64292e-09 at=  -2.01000e-01
rxd_p200_cm1p65_v   =  3.30000e+00
rxd_m200_cm1p65_v   =  2.64294e-09
isup_ua_cm1p65      =  5.00867e-05
vth_cm2p50_v        =   -2.54236e-02
rxd_pos_min_cm2p50_v=  3.30000e+00 at=  3.31000e-01
rxd_neg_max_cm2p50_v=  3.61795e-09 at=  -2.01000e-01
rxd_p200_cm2p50_v   =  3.30000e+00
rxd_m200_cm2p50_v   =  3.62112e-09
isup_ua_cm2p50      =  5.87715e-05

ngspice-46 done
