
Note: No compatibility mode selected!


Circuit: * klt sim -- generated corner deck, do not edit

Doing analysis at TEMP = 100.000000 and TNOM = 27.000000

Using SPARSE 1.3 as Direct Linear Solver

No. of Data Rows : 801

  Measurements for DC Analysis

vth_cm0p80_v        =   -2.66741e-02
rxd_pos_min_cm0p80_v=  3.60000e+00 at=  3.03000e-01
rxd_neg_max_cm0p80_v=  5.19133e-09 at=  -2.01000e-01
rxd_p200_cm0p80_v   =  3.60000e+00
rxd_m200_cm0p80_v   =  5.19133e-09
isup_ua_cm0p80      =  4.20841e-05
vth_cm1p65_v        =   -2.65691e-02
rxd_pos_min_cm1p65_v=  3.60000e+00 at=  3.73000e-01
rxd_neg_max_cm1p65_v=  5.32192e-09 at=  -2.01000e-01
rxd_p200_cm1p65_v   =  3.60000e+00
rxd_m200_cm1p65_v   =  5.32299e-09
isup_ua_cm1p65      =  6.06285e-05
vth_cm2p50_v        =   -3.08559e-02
rxd_pos_min_cm2p50_v=  3.60000e+00 at=  3.53000e-01
rxd_neg_max_cm2p50_v=  1.37087e-08 at=  -2.01000e-01
rxd_p200_cm2p50_v   =  3.60000e+00
rxd_m200_cm2p50_v   =  1.37334e-08
isup_ua_cm2p50      =  7.17520e-05

ngspice-46 done
