
Note: No compatibility mode selected!


Circuit: * klt sim -- generated corner deck, do not edit

Doing analysis at TEMP = 27.000000 and TNOM = 27.000000

Using SPARSE 1.3 as Direct Linear Solver

No. of Data Rows : 801

  Measurements for DC Analysis

vth_cm0p80_v        =   -2.15005e-02
rxd_pos_min_cm0p80_v=  3.30000e+00 at=  2.46000e-01
rxd_neg_max_cm0p80_v=  1.32574e-09 at=  -2.01000e-01
rxd_p200_cm0p80_v   =  3.30000e+00
rxd_m200_cm0p80_v   =  1.32574e-09
isup_ua_cm0p80      =  2.70209e-05
vth_cm1p65_v        =   -2.06693e-02
rxd_pos_min_cm1p65_v=  3.30000e+00 at=  3.50000e-01
rxd_neg_max_cm1p65_v=  1.32580e-09 at=  -2.01000e-01
rxd_p200_cm1p65_v   =  3.30000e+00
rxd_m200_cm1p65_v   =  1.32580e-09
isup_ua_cm1p65      =  4.54781e-05
vth_cm2p50_v        =   -2.54657e-02
rxd_pos_min_cm2p50_v=  3.30000e+00 at=  2.09000e-01
rxd_neg_max_cm2p50_v=  1.36224e-09 at=  -2.01000e-01
rxd_p200_cm2p50_v   =  3.30000e+00
rxd_m200_cm2p50_v   =  1.36234e-09
isup_ua_cm2p50      =  5.57536e-05

ngspice-46 done
