
Note: No compatibility mode selected!


Circuit: * klt sim -- generated corner deck, do not edit

Doing analysis at TEMP = -40.000000 and TNOM = 27.000000

Using SPARSE 1.3 as Direct Linear Solver

No. of Data Rows : 2

  Measurements for DC Analysis

vdp_c00_v           =  3.21702e+00
vdp_c01_v           =  3.22681e+00
vdp_c02_v           =  3.23666e+00
vdp_c03_v           =  3.24658e+00
vdp_c04_v           =  3.25650e+00
vdp_c05_v           =  3.26655e+00
vdp_c06_v           =  3.27665e+00
vdp_c07_v           =  3.28683e+00
vdp_c08_v           =  3.29679e+00
vdp_c09_v           =  3.30710e+00
vdp_c10_v           =  3.31747e+00
vdp_c11_v           =  3.32793e+00
vdp_c12_v           =  3.33838e+00
vdp_c13_v           =  3.34897e+00
vdp_c14_v           =  3.35962e+00
vdp_c15_v           =  3.37036e+00
voff_d1_v           =  2.16787e-06
voff_d0_v           =  2.19135e-06
ioff_d1_na          =  1.44525e-10
ioff_d0_na          =  1.46090e-10
ioff_dz_na          =  1.44525e-10
ioff_dh_na          =  6.15385e-12
isup_d1_na          =  1.67288e-10
isup_d0_na          =  1.70479e-10
isup_dz_na          =  1.66882e-10
isup_dh_na          =  2.33718e-11

ngspice-46 done
