
Note: No compatibility mode selected!


Circuit: * klt sim -- generated corner deck, do not edit

Doing analysis at TEMP = 100.000000 and TNOM = 27.000000

Using SPARSE 1.3 as Direct Linear Solver

No. of Data Rows : 2

  Measurements for DC Analysis

vdp_c00_v           =  2.64318e+00
vdp_c01_v           =  2.65173e+00
vdp_c02_v           =  2.66032e+00
vdp_c03_v           =  2.66899e+00
vdp_c04_v           =  2.67761e+00
vdp_c05_v           =  2.68641e+00
vdp_c06_v           =  2.69524e+00
vdp_c07_v           =  2.70416e+00
vdp_c08_v           =  2.71268e+00
vdp_c09_v           =  2.72173e+00
vdp_c10_v           =  2.73082e+00
vdp_c11_v           =  2.74000e+00
vdp_c12_v           =  2.74914e+00
vdp_c13_v           =  2.75846e+00
vdp_c14_v           =  2.76782e+00
vdp_c15_v           =  2.77727e+00
voff_d1_v           =  4.38895e-05
voff_d0_v           =  4.38896e-05
ioff_d1_na          =  2.92597e-09
ioff_d0_na          =  2.92597e-09
ioff_dz_na          =  2.92601e-09
ioff_dh_na          =  -3.38763e-12
isup_d1_na          =  3.96448e-09
isup_d0_na          =  7.89304e-09
isup_dz_na          =  3.96289e-09
isup_dh_na          =  1.04149e-09

ngspice-46 done
