
Note: No compatibility mode selected!


Circuit: * klt sim -- generated corner deck, do not edit

Doing analysis at TEMP = 100.000000 and TNOM = 27.000000

Using SPARSE 1.3 as Direct Linear Solver

No. of Data Rows : 2

  Measurements for DC Analysis

vdp_c00_v           =  3.17201e+00
vdp_c01_v           =  3.18248e+00
vdp_c02_v           =  3.19301e+00
vdp_c03_v           =  3.20363e+00
vdp_c04_v           =  3.21423e+00
vdp_c05_v           =  3.22500e+00
vdp_c06_v           =  3.23584e+00
vdp_c07_v           =  3.24677e+00
vdp_c08_v           =  3.25733e+00
vdp_c09_v           =  3.26842e+00
vdp_c10_v           =  3.27956e+00
vdp_c11_v           =  3.29082e+00
vdp_c12_v           =  3.30204e+00
vdp_c13_v           =  3.31346e+00
vdp_c14_v           =  3.32494e+00
vdp_c15_v           =  3.33652e+00
voff_d1_v           =  5.44413e-05
voff_d0_v           =  5.44647e-05
ioff_d1_na          =  3.62942e-09
ioff_d0_na          =  3.63098e-09
ioff_dz_na          =  3.62949e-09
ioff_dh_na          =  -4.43343e-12
isup_d1_na          =  4.87606e-09
isup_d0_na          =  9.57575e-09
isup_dz_na          =  4.87531e-09
isup_dh_na          =  1.24724e-09

ngspice-46 done
