
Note: No compatibility mode selected!


Circuit: * klt sim -- generated corner deck, do not edit

Doing analysis at TEMP = 27.000000 and TNOM = 27.000000

Using SPARSE 1.3 as Direct Linear Solver

No. of Data Rows : 2

  Measurements for DC Analysis

vdp_c00_v           =  2.93033e+00
vdp_c01_v           =  2.93949e+00
vdp_c02_v           =  2.94869e+00
vdp_c03_v           =  2.95798e+00
vdp_c04_v           =  2.96724e+00
vdp_c05_v           =  2.97666e+00
vdp_c06_v           =  2.98611e+00
vdp_c07_v           =  2.99566e+00
vdp_c08_v           =  3.00488e+00
vdp_c09_v           =  3.01455e+00
vdp_c10_v           =  3.02427e+00
vdp_c11_v           =  3.03408e+00
vdp_c12_v           =  3.04386e+00
vdp_c13_v           =  3.05381e+00
vdp_c14_v           =  3.06380e+00
vdp_c15_v           =  3.07389e+00
voff_d1_v           =  2.13565e-06
voff_d0_v           =  2.13763e-06
ioff_d1_na          =  1.42376e-10
ioff_d0_na          =  1.42509e-10
ioff_dz_na          =  1.42377e-10
ioff_dh_na          =  3.51978e-12
isup_d1_na          =  1.94252e-10
isup_d0_na          =  3.32648e-10
isup_dz_na          =  1.95460e-10
isup_dh_na          =  5.26302e-11

ngspice-46 done
