
Note: No compatibility mode selected!


Circuit: * klt sim -- generated corner deck, do not edit

Doing analysis at TEMP = -40.000000 and TNOM = 27.000000

Using SPARSE 1.3 as Direct Linear Solver

No. of Data Rows : 2

  Measurements for DC Analysis

vdp_c00_v           =  2.94889e+00
vdp_c01_v           =  2.95781e+00
vdp_c02_v           =  2.96678e+00
vdp_c03_v           =  2.97581e+00
vdp_c04_v           =  2.98484e+00
vdp_c05_v           =  2.99400e+00
vdp_c06_v           =  3.00320e+00
vdp_c07_v           =  3.01248e+00
vdp_c08_v           =  3.02152e+00
vdp_c09_v           =  3.03091e+00
vdp_c10_v           =  3.04036e+00
vdp_c11_v           =  3.04988e+00
vdp_c12_v           =  3.05940e+00
vdp_c13_v           =  3.06905e+00
vdp_c14_v           =  3.07875e+00
vdp_c15_v           =  3.08853e+00
voff_d1_v           =  1.98116e-06
voff_d0_v           =  1.98414e-06
ioff_d1_na          =  1.32077e-10
ioff_d0_na          =  1.32276e-10
ioff_dz_na          =  1.32077e-10
ioff_dh_na          =  7.19625e-12
isup_d1_na          =  1.49710e-10
isup_d0_na          =  1.49115e-10
isup_dz_na          =  1.49984e-10
isup_dh_na          =  1.96052e-11

ngspice-46 done
