
Note: No compatibility mode selected!


Circuit: * klt sim -- generated corner deck, do not edit

Doing analysis at TEMP = 100.000000 and TNOM = 27.000000

Using SPARSE 1.3 as Direct Linear Solver

No. of Data Rows : 2

  Measurements for DC Analysis

vdp_c00_v           =  2.90761e+00
vdp_c01_v           =  2.91713e+00
vdp_c02_v           =  2.92671e+00
vdp_c03_v           =  2.93637e+00
vdp_c04_v           =  2.94601e+00
vdp_c05_v           =  2.95581e+00
vdp_c06_v           =  2.96566e+00
vdp_c07_v           =  2.97560e+00
vdp_c08_v           =  2.98517e+00
vdp_c09_v           =  2.99526e+00
vdp_c10_v           =  3.00540e+00
vdp_c11_v           =  3.01563e+00
vdp_c12_v           =  3.02583e+00
vdp_c13_v           =  3.03622e+00
vdp_c14_v           =  3.04666e+00
vdp_c15_v           =  3.05720e+00
voff_d1_v           =  1.04550e-04
voff_d0_v           =  1.04553e-04
ioff_d1_na          =  6.97000e-09
ioff_d0_na          =  6.97020e-09
ioff_dz_na          =  6.97028e-09
ioff_dh_na          =  -5.17219e-12
isup_d1_na          =  7.08054e-09
isup_d0_na          =  7.08370e-09
isup_dz_na          =  7.08431e-09
isup_dh_na          =  1.16012e-10

ngspice-46 done
