
Note: No compatibility mode selected!


Circuit: * klt sim -- generated corner deck, do not edit

Doing analysis at TEMP = -40.000000 and TNOM = 27.000000

Using SPARSE 1.3 as Direct Linear Solver

No. of Data Rows : 2

  Measurements for DC Analysis

vdp_c00_v           =  3.21680e+00
vdp_c01_v           =  3.22634e+00
vdp_c02_v           =  3.23592e+00
vdp_c03_v           =  3.24558e+00
vdp_c04_v           =  3.25521e+00
vdp_c05_v           =  3.26500e+00
vdp_c06_v           =  3.27483e+00
vdp_c07_v           =  3.28474e+00
vdp_c08_v           =  3.29429e+00
vdp_c09_v           =  3.30434e+00
vdp_c10_v           =  3.31443e+00
vdp_c11_v           =  3.32461e+00
vdp_c12_v           =  3.33475e+00
vdp_c13_v           =  3.34507e+00
vdp_c14_v           =  3.35543e+00
vdp_c15_v           =  3.36589e+00
voff_d1_v           =  2.16098e-06
voff_d0_v           =  2.16391e-06
ioff_d1_na          =  1.44065e-10
ioff_d0_na          =  1.44261e-10
ioff_dz_na          =  1.44065e-10
ioff_dh_na          =  7.32398e-12
isup_d1_na          =  1.67288e-10
isup_d0_na          =  1.70159e-10
isup_dz_na          =  1.66882e-10
isup_dh_na          =  2.33718e-11

ngspice-46 done
