
Note: No compatibility mode selected!


Circuit: * klt sim -- generated corner deck, do not edit

Doing analysis at TEMP = -40.000000 and TNOM = 27.000000

Using SPARSE 1.3 as Direct Linear Solver

No. of Data Rows : 2

  Measurements for DC Analysis

vdp_c00_v           =  3.21681e+00
vdp_c01_v           =  3.22637e+00
vdp_c02_v           =  3.23597e+00
vdp_c03_v           =  3.24564e+00
vdp_c04_v           =  3.25529e+00
vdp_c05_v           =  3.26509e+00
vdp_c06_v           =  3.27494e+00
vdp_c07_v           =  3.28488e+00
vdp_c08_v           =  3.29446e+00
vdp_c09_v           =  3.30452e+00
vdp_c10_v           =  3.31463e+00
vdp_c11_v           =  3.32483e+00
vdp_c12_v           =  3.33499e+00
vdp_c13_v           =  3.34532e+00
vdp_c14_v           =  3.35570e+00
vdp_c15_v           =  3.36617e+00
voff_d1_v           =  2.16141e-06
voff_d0_v           =  2.16564e-06
ioff_d1_na          =  1.44094e-10
ioff_d0_na          =  1.44376e-10
ioff_dz_na          =  1.44094e-10
ioff_dh_na          =  7.81348e-12
isup_d1_na          =  1.67288e-10
isup_d0_na          =  1.66542e-10
isup_dz_na          =  1.66882e-10
isup_dh_na          =  2.15528e-11

ngspice-46 done
