
Note: No compatibility mode selected!


Circuit: * klt sim -- generated corner deck, do not edit

Doing analysis at TEMP = 27.000000 and TNOM = 27.000000

Using SPARSE 1.3 as Direct Linear Solver

No. of Data Rows : 2

  Measurements for DC Analysis

vdp_c00_v           =  2.66358e+00
vdp_c01_v           =  2.67151e+00
vdp_c02_v           =  2.67947e+00
vdp_c03_v           =  2.68752e+00
vdp_c04_v           =  2.69549e+00
vdp_c05_v           =  2.70364e+00
vdp_c06_v           =  2.71182e+00
vdp_c07_v           =  2.72008e+00
vdp_c08_v           =  2.72783e+00
vdp_c09_v           =  2.73621e+00
vdp_c10_v           =  2.74462e+00
vdp_c11_v           =  2.75311e+00
vdp_c12_v           =  2.76153e+00
vdp_c13_v           =  2.77014e+00
vdp_c14_v           =  2.77878e+00
vdp_c15_v           =  2.78752e+00
voff_d1_v           =  1.80126e-06
voff_d0_v           =  1.80127e-06
ioff_d1_na          =  1.20084e-10
ioff_d0_na          =  1.20084e-10
ioff_dz_na          =  1.20084e-10
ioff_dh_na          =  1.18093e-12
isup_d1_na          =  1.37782e-10
isup_d0_na          =  1.41421e-10
isup_dz_na          =  1.39492e-10
isup_dh_na          =  1.76575e-11

ngspice-46 done
