
Note: No compatibility mode selected!


Circuit: * klt sim -- generated corner deck, do not edit

Doing analysis at TEMP = 27.000000 and TNOM = 27.000000

Using SPARSE 1.3 as Direct Linear Solver

No. of Data Rows : 2

  Measurements for DC Analysis

vdp_c00_v           =  3.19653e+00
vdp_c01_v           =  3.20631e+00
vdp_c02_v           =  3.21614e+00
vdp_c03_v           =  3.22606e+00
vdp_c04_v           =  3.23592e+00
vdp_c05_v           =  3.24597e+00
vdp_c06_v           =  3.25607e+00
vdp_c07_v           =  3.26626e+00
vdp_c08_v           =  3.27600e+00
vdp_c09_v           =  3.28633e+00
vdp_c10_v           =  3.29670e+00
vdp_c11_v           =  3.30717e+00
vdp_c12_v           =  3.31759e+00
vdp_c13_v           =  3.32821e+00
vdp_c14_v           =  3.33887e+00
vdp_c15_v           =  3.34964e+00
voff_d1_v           =  2.16289e-06
voff_d0_v           =  2.16712e-06
ioff_d1_na          =  1.44193e-10
ioff_d0_na          =  1.44475e-10
ioff_dz_na          =  1.44193e-10
ioff_dh_na          =  3.88968e-13
isup_d1_na          =  1.61700e-10
isup_d0_na          =  1.65451e-10
isup_dz_na          =  1.62297e-10
isup_dh_na          =  2.15528e-11

ngspice-46 done
