
Note: No compatibility mode selected!


Circuit: * klt sim -- generated corner deck, do not edit

Doing analysis at TEMP = -40.000000 and TNOM = 27.000000

Using SPARSE 1.3 as Direct Linear Solver

No. of Data Rows : 74

  Measurements for DC Analysis

tt_dp_d00_e00_v     =  1.80000e+00
tt_dm_d00_e00_v     =  1.80000e+00
tt_dp_d00_e01_v     =  1.80000e+00
tt_dm_d00_e01_v     =  1.80000e+00
tt_dp_d00_e10_v     =  1.80000e+00
tt_dm_d00_e10_v     =  1.80000e+00
tt_dp_d00_e11_v     =  5.97589e-03
tt_dm_d00_e11_v     =  5.97589e-03
tt_dp_d01_e00_v     =  1.80000e+00
tt_dm_d01_e00_v     =  1.80000e+00
tt_dp_d01_e01_v     =  1.80000e+00
tt_dm_d01_e01_v     =  1.80000e+00
tt_dp_d01_e10_v     =  1.80000e+00
tt_dm_d01_e10_v     =  1.80000e+00
tt_dp_d01_e11_v     =  5.97589e-03
tt_dm_d01_e11_v     =  3.59395e+00
tt_dp_d10_e00_v     =  1.80000e+00
tt_dm_d10_e00_v     =  1.80000e+00
tt_dp_d10_e01_v     =  1.80000e+00
tt_dm_d10_e01_v     =  1.80000e+00
tt_dp_d10_e10_v     =  1.80000e+00
tt_dm_d10_e10_v     =  1.80000e+00
tt_dp_d10_e11_v     =  3.59395e+00
tt_dm_d10_e11_v     =  5.97589e-03
tt_dp_d11_e00_v     =  1.80000e+00
tt_dm_d11_e00_v     =  1.80000e+00
tt_dp_d11_e01_v     =  1.80000e+00
tt_dm_d11_e01_v     =  1.80000e+00
tt_dp_d11_e10_v     =  1.80000e+00
tt_dm_d11_e10_v     =  1.80000e+00
tt_dp_d11_e11_v     =  3.59395e+00
tt_dm_d11_e11_v     =  3.59395e+00
voh_dp_v            =  3.59193e+00
voh15_dp_v          =  3.60000e+00
vol_dp_v            =  7.82703e-02
rout_high_dp_ohm    =  3.38003e+01
rout_low_dp_ohm     =  3.34244e+01
voh_dm_v            =  3.59193e+00
voh15_dm_v          =  3.60000e+00
vol_dm_v            =  7.82703e-02
rout_high_dm_ohm    =  3.38003e+01
rout_low_dm_ohm     =  3.34244e+01
leak_dp_0v_na       =  1.44421e-10
leak_dp_1p5v_na     =  6.48967e-11
leak_dp_3p0v_na     =  -1.40973e-11
leak_dp_3p6v_na     =  -4.47997e-11
leak_dp_max_na      =  1.44421e-10 at=  0.00000e+00
leak_dp_min_na      =  -4.47997e-11 at=  3.60000e+00
leak_dm_0v_na       =  1.44421e-10
leak_dm_1p5v_na     =  6.48967e-11
leak_dm_3p0v_na     =  -1.40973e-11
leak_dm_3p6v_na     =  -4.47997e-11
leak_dm_max_na      =  1.44421e-10 at=  0.00000e+00
leak_dm_min_na      =  -4.47997e-11 at=  3.60000e+00
leak_dm_mid_na      =  4.93693e-11
leak_dp_mid_na      =  4.93693e-11
isup_static_ua      =  2.08503e-04

ngspice-46 done
