
Note: No compatibility mode selected!


Circuit: * klt sim -- generated corner deck, do not edit

Doing analysis at TEMP = -40.000000 and TNOM = 27.000000

Using SPARSE 1.3 as Direct Linear Solver

No. of Data Rows : 74

  Measurements for DC Analysis

tt_dp_d00_e00_v     =  1.80000e+00
tt_dm_d00_e00_v     =  1.80000e+00
tt_dp_d00_e01_v     =  1.80000e+00
tt_dm_d00_e01_v     =  1.80000e+00
tt_dp_d00_e10_v     =  1.80000e+00
tt_dm_d00_e10_v     =  1.80000e+00
tt_dp_d00_e11_v     =  6.29033e-03
tt_dm_d00_e11_v     =  6.29033e-03
tt_dp_d01_e00_v     =  1.80000e+00
tt_dm_d01_e00_v     =  1.80000e+00
tt_dp_d01_e01_v     =  1.80000e+00
tt_dm_d01_e01_v     =  1.80000e+00
tt_dp_d01_e10_v     =  1.80000e+00
tt_dm_d01_e10_v     =  1.80000e+00
tt_dp_d01_e11_v     =  6.29033e-03
tt_dm_d01_e11_v     =  3.59417e+00
tt_dp_d10_e00_v     =  1.80000e+00
tt_dm_d10_e00_v     =  1.80000e+00
tt_dp_d10_e01_v     =  1.80000e+00
tt_dm_d10_e01_v     =  1.80000e+00
tt_dp_d10_e10_v     =  1.80000e+00
tt_dm_d10_e10_v     =  1.80000e+00
tt_dp_d10_e11_v     =  3.59417e+00
tt_dm_d10_e11_v     =  6.29033e-03
tt_dp_d11_e00_v     =  1.80000e+00
tt_dm_d11_e00_v     =  1.80000e+00
tt_dp_d11_e01_v     =  1.80000e+00
tt_dm_d11_e01_v     =  1.80000e+00
tt_dp_d11_e10_v     =  1.80000e+00
tt_dm_d11_e10_v     =  1.80000e+00
tt_dp_d11_e11_v     =  3.59417e+00
tt_dm_d11_e11_v     =  3.59417e+00
voh_dp_v            =  3.59222e+00
voh15_dp_v          =  3.60000e+00
vol_dp_v            =  8.23648e-02
rout_high_dp_ohm    =  3.25678e+01
rout_low_dp_ohm     =  3.52806e+01
voh_dm_v            =  3.59222e+00
voh15_dm_v          =  3.60000e+00
vol_dm_v            =  8.23648e-02
rout_high_dm_ohm    =  3.25678e+01
rout_low_dm_ohm     =  3.52806e+01
leak_dp_0v_na       =  1.44616e-10
leak_dp_1p5v_na     =  6.31697e-11
leak_dp_3p0v_na     =  -1.76333e-11
leak_dp_3p6v_na     =  -4.95922e-11
leak_dp_max_na      =  1.44616e-10 at=  0.00000e+00
leak_dp_min_na      =  -4.95922e-11 at=  3.60000e+00
leak_dm_0v_na       =  1.44616e-10
leak_dm_1p5v_na     =  6.31697e-11
leak_dm_3p0v_na     =  -1.76333e-11
leak_dm_3p6v_na     =  -4.95922e-11
leak_dm_max_na      =  1.44616e-10 at=  0.00000e+00
leak_dm_min_na      =  -4.95922e-11 at=  3.60000e+00
leak_dm_mid_na      =  4.70076e-11
leak_dp_mid_na      =  4.68945e-11
isup_static_ua      =  1.97466e-04

ngspice-46 done
