
Note: No compatibility mode selected!


Circuit: * klt sim -- generated corner deck, do not edit

Doing analysis at TEMP = -40.000000 and TNOM = 27.000000

Using SPARSE 1.3 as Direct Linear Solver

No. of Data Rows : 801

  Measurements for DC Analysis

vth_cm0p80_v        =   -1.66368e-02
rxd_pos_min_cm0p80_v=  3.00000e+00 at=  2.75000e-01
rxd_neg_max_cm0p80_v=  9.10359e-10 at=  -2.03000e-01
rxd_p200_cm0p80_v   =  3.00000e+00
rxd_m200_cm0p80_v   =  9.10359e-10
isup_ua_cm0p80      =  2.01998e-05
vth_cm1p65_v        =   -1.74567e-02
rxd_pos_min_cm1p65_v=  3.00000e+00 at=  2.83000e-01
rxd_neg_max_cm1p65_v=  9.10377e-10 at=  -2.01000e-01
rxd_p200_cm1p65_v   =  3.00000e+00
rxd_m200_cm1p65_v   =  9.10377e-10
isup_ua_cm1p65      =  3.62591e-05
vth_cm2p50_v        =   -2.52382e-02
rxd_pos_min_cm2p50_v=  3.00000e+00 at=  2.63000e-01
rxd_neg_max_cm2p50_v=  9.32467e-10 at=  -2.01000e-01
rxd_p200_cm2p50_v   =  3.00000e+00
rxd_m200_cm2p50_v   =  9.32515e-10
isup_ua_cm2p50      =  4.77247e-05

ngspice-46 done
