
Note: No compatibility mode selected!


Circuit: * klt sim -- generated corner deck, do not edit

Doing analysis at TEMP = -40.000000 and TNOM = 27.000000

Using SPARSE 1.3 as Direct Linear Solver

No. of Data Rows : 801

  Measurements for DC Analysis

vth_cm0p80_v        =   -1.84693e-02
rxd_pos_min_cm0p80_v=  3.30000e+00 at=  3.84000e-01
rxd_neg_max_cm0p80_v=  9.43007e-10 at=  -2.07000e-01
rxd_p200_cm0p80_v   =  3.30000e+00
rxd_m200_cm0p80_v   =  9.43006e-10
isup_ua_cm0p80      =  2.35448e-05
vth_cm1p65_v        =   -1.84917e-02
rxd_pos_min_cm1p65_v=  3.30000e+00 at=  2.35000e-01
rxd_neg_max_cm1p65_v=  9.43023e-10 at=  -2.01000e-01
rxd_p200_cm1p65_v   =  3.30000e+00
rxd_m200_cm1p65_v   =  9.43023e-10
isup_ua_cm1p65      =  4.22783e-05
vth_cm2p50_v        =   -2.43454e-02
rxd_pos_min_cm2p50_v=  3.30000e+00 at=  2.64000e-01
rxd_neg_max_cm2p50_v=  9.55578e-10 at=  -2.01000e-01
rxd_p200_cm2p50_v   =  3.30000e+00
rxd_m200_cm2p50_v   =  9.55599e-10
isup_ua_cm2p50      =  5.51659e-05

ngspice-46 done
