
Note: No compatibility mode selected!


Circuit: * klt sim -- generated corner deck, do not edit

Doing analysis at TEMP = 100.000000 and TNOM = 27.000000

Using SPARSE 1.3 as Direct Linear Solver

No. of Data Rows : 801

  Measurements for DC Analysis

vth_cm0p80_v        =   -2.64783e-02
rxd_pos_min_cm0p80_v=  3.30000e+00 at=  3.37000e-01
rxd_neg_max_cm0p80_v=  1.78090e-08 at=  -2.01000e-01
rxd_p200_cm0p80_v   =  3.30000e+00
rxd_m200_cm0p80_v   =  1.78090e-08
isup_ua_cm0p80      =  4.27946e-05
vth_cm1p65_v        =   -2.78914e-02
rxd_pos_min_cm1p65_v=  3.30000e+00 at=  3.93000e-01
rxd_neg_max_cm1p65_v=  2.08145e-08 at=  -2.01000e-01
rxd_p200_cm1p65_v   =  3.30000e+00
rxd_m200_cm1p65_v   =  2.08298e-08
isup_ua_cm1p65      =  5.90186e-05
vth_cm2p50_v        =   -3.46217e-02
rxd_pos_min_cm2p50_v=  3.30000e+00 at=  3.14000e-01
rxd_neg_max_cm2p50_v=  1.32543e-07 at=  -2.01000e-01
rxd_p200_cm2p50_v   =  3.30000e+00
rxd_m200_cm2p50_v   =  1.32955e-07
isup_ua_cm2p50      =  7.12593e-05

ngspice-46 done
