
Note: No compatibility mode selected!


Circuit: * klt sim -- generated corner deck, do not edit

Doing analysis at TEMP = -40.000000 and TNOM = 27.000000

Using SPARSE 1.3 as Direct Linear Solver

No. of Data Rows : 801

  Measurements for DC Analysis

vth_cm0p80_v        =   -2.15104e-02
rxd_pos_min_cm0p80_v=  3.00000e+00 at=  3.64000e-01
rxd_neg_max_cm0p80_v=  1.14183e-09 at=  -3.05000e-01
rxd_p200_cm0p80_v   =  3.00000e+00
rxd_m200_cm0p80_v   =  1.14183e-09
isup_ua_cm0p80      =  9.69915e-06
vth_cm1p65_v        =   -1.44330e-02
rxd_pos_min_cm1p65_v=  3.00000e+00 at=  3.84000e-01
rxd_neg_max_cm1p65_v=  1.14183e-09 at=  -2.07000e-01
rxd_p200_cm1p65_v   =  3.00000e+00
rxd_m200_cm1p65_v   =  1.14183e-09
isup_ua_cm1p65      =  2.98291e-05
vth_cm2p50_v        =   -1.64601e-02
rxd_pos_min_cm2p50_v=  3.00000e+00 at=  3.61000e-01
rxd_neg_max_cm2p50_v=  1.14441e-09 at=  -2.01000e-01
rxd_p200_cm2p50_v   =  3.00000e+00
rxd_m200_cm2p50_v   =  1.14442e-09
isup_ua_cm2p50      =  3.74380e-05

ngspice-46 done
