
Note: No compatibility mode selected!


Circuit: * klt sim -- generated corner deck, do not edit

Doing analysis at TEMP = 100.000000 and TNOM = 27.000000

Using SPARSE 1.3 as Direct Linear Solver

No. of Data Rows : 801

  Measurements for DC Analysis

vth_cm0p80_v        =   -2.66509e-02
rxd_pos_min_cm0p80_v=  3.30000e+00 at=  2.89000e-01
rxd_neg_max_cm0p80_v=  4.65675e-08 at=  -2.01000e-01
rxd_p200_cm0p80_v   =  3.30000e+00
rxd_m200_cm0p80_v   =  4.65675e-08
isup_ua_cm0p80      =  2.86900e-05
vth_cm1p65_v        =   -2.34572e-02
rxd_pos_min_cm1p65_v=  3.30000e+00 at=  3.67000e-01
rxd_neg_max_cm1p65_v=  4.66190e-08 at=  -2.01000e-01
rxd_p200_cm1p65_v   =  3.30000e+00
rxd_m200_cm1p65_v   =  4.66196e-08
isup_ua_cm1p65      =  4.95092e-05
vth_cm2p50_v        =   -2.55022e-02
rxd_pos_min_cm2p50_v=  3.30000e+00 at=  3.77000e-01
rxd_neg_max_cm2p50_v=  7.52817e-08 at=  -2.01000e-01
rxd_p200_cm2p50_v   =  3.30000e+00
rxd_m200_cm2p50_v   =  7.53667e-08
isup_ua_cm2p50      =  5.79510e-05

ngspice-46 done
