
Note: No compatibility mode selected!


Circuit: * klt sim -- generated corner deck, do not edit

Doing analysis at TEMP = -40.000000 and TNOM = 27.000000

Using SPARSE 1.3 as Direct Linear Solver
Note: Starting dynamic gmin stepping
Note: Dynamic gmin stepping completed

No. of Data Rows : 801

  Measurements for DC Analysis

vth_cm0p80_v        =   -1.54862e-02
rxd_pos_min_cm0p80_v=  3.00000e+00 at=  3.49000e-01
rxd_neg_max_cm0p80_v=  8.97924e-10 at=  -2.04000e-01
rxd_p200_cm0p80_v   =  3.00000e+00
rxd_m200_cm0p80_v   =  8.97924e-10
isup_ua_cm0p80      =  2.12400e-05
vth_cm1p65_v        =   -1.73605e-02
rxd_pos_min_cm1p65_v=  3.00000e+00 at=  3.01000e-01
rxd_neg_max_cm1p65_v=  8.98021e-10 at=  -2.01000e-01
rxd_p200_cm1p65_v   =  3.00000e+00
rxd_m200_cm1p65_v   =  8.98022e-10
isup_ua_cm1p65      =  3.62742e-05
vth_cm2p50_v        =   -6.20442e-02
rxd_pos_min_cm2p50_v=  3.00000e+00 at=  3.49000e-01
rxd_neg_max_cm2p50_v=  9.91813e-10 at=  -2.01000e-01
rxd_p200_cm2p50_v   =  3.00000e+00
rxd_m200_cm2p50_v   =  9.92821e-10
isup_ua_cm2p50      =  4.81138e-05

ngspice-46 done
