
Note: No compatibility mode selected!


Circuit: * klt sim -- generated corner deck, do not edit

Doing analysis at TEMP = -40.000000 and TNOM = 27.000000

Using SPARSE 1.3 as Direct Linear Solver

No. of Data Rows : 801

  Measurements for DC Analysis

vth_cm0p80_v        =   -1.84530e-02
rxd_pos_min_cm0p80_v=  3.00000e+00 at=  3.89000e-01
rxd_neg_max_cm0p80_v=  1.12296e-09 at=  -3.72000e-01
rxd_p200_cm0p80_v   =  3.00000e+00
rxd_m200_cm0p80_v   =  1.12296e-09
isup_ua_cm0p80      =  1.03193e-05
vth_cm1p65_v        =   -1.25316e-02
rxd_pos_min_cm1p65_v=  3.00000e+00 at=  3.04000e-01
rxd_neg_max_cm1p65_v=  1.12296e-09 at=  -2.04000e-01
rxd_p200_cm1p65_v   =  3.00000e+00
rxd_m200_cm1p65_v   =  1.12296e-09
isup_ua_cm1p65      =  2.94474e-05
vth_cm2p50_v        =   -1.64568e-02
rxd_pos_min_cm2p50_v=  3.00000e+00 at=  2.09000e-01
rxd_neg_max_cm2p50_v=  1.12958e-09 at=  -2.01000e-01
rxd_p200_cm2p50_v   =  3.00000e+00
rxd_m200_cm2p50_v   =  1.12960e-09
isup_ua_cm2p50      =  3.71345e-05

ngspice-46 done
