
Note: No compatibility mode selected!


Circuit: * klt sim -- generated corner deck, do not edit

Doing analysis at TEMP = 100.000000 and TNOM = 27.000000

Using SPARSE 1.3 as Direct Linear Solver

No. of Data Rows : 801

  Measurements for DC Analysis

vth_cm0p80_v        =   -2.14655e-02
rxd_pos_min_cm0p80_v=  3.00000e+00 at=  2.20000e-01
rxd_neg_max_cm0p80_v=  2.60807e-09 at=  -4.00000e-01
rxd_p200_cm0p80_v   =  3.00000e+00
rxd_m200_cm0p80_v   =  2.60806e-09
isup_ua_cm0p80      =  2.66413e-05
vth_cm1p65_v        =   -1.95262e-02
rxd_pos_min_cm1p65_v=  3.00000e+00 at=  2.87000e-01
rxd_neg_max_cm1p65_v=  2.61037e-09 at=  -2.01000e-01
rxd_p200_cm1p65_v   =  3.00000e+00
rxd_m200_cm1p65_v   =  2.61039e-09
isup_ua_cm1p65      =  4.26148e-05
vth_cm2p50_v        =   -2.42041e-02
rxd_pos_min_cm2p50_v=  3.00000e+00 at=  2.27000e-01
rxd_neg_max_cm2p50_v=  4.04236e-09 at=  -2.01000e-01
rxd_p200_cm2p50_v   =  3.00000e+00
rxd_m200_cm2p50_v   =  4.04791e-09
isup_ua_cm2p50      =  5.02755e-05

ngspice-46 done
