
Note: No compatibility mode selected!


Circuit: * klt sim -- generated corner deck, do not edit

Doing analysis at TEMP = 27.000000 and TNOM = 27.000000

Using SPARSE 1.3 as Direct Linear Solver

No. of Data Rows : 801

  Measurements for DC Analysis

vth_cm0p80_v        =   -1.94654e-02
rxd_pos_min_cm0p80_v=  3.00000e+00 at=  3.38000e-01
rxd_neg_max_cm0p80_v=  1.45038e-09 at=  -2.04000e-01
rxd_p200_cm0p80_v   =  3.00000e+00
rxd_m200_cm0p80_v   =  1.45038e-09
isup_ua_cm0p80      =  1.72389e-05
vth_cm1p65_v        =   -1.64358e-02
rxd_pos_min_cm1p65_v=  3.00000e+00 at=  3.27000e-01
rxd_neg_max_cm1p65_v=  1.45038e-09 at=  -2.02000e-01
rxd_p200_cm1p65_v   =  3.00000e+00
rxd_m200_cm1p65_v   =  1.45038e-09
isup_ua_cm1p65      =  3.58002e-05
vth_cm2p50_v        =   -2.03756e-02
rxd_pos_min_cm2p50_v=  3.00000e+00 at=  3.72000e-01
rxd_neg_max_cm2p50_v=  1.46908e-09 at=  -2.01000e-01
rxd_p200_cm2p50_v   =  3.00000e+00
rxd_m200_cm2p50_v   =  1.46914e-09
isup_ua_cm2p50      =  4.34640e-05

ngspice-46 done
