
Note: No compatibility mode selected!


Circuit: * klt sim -- generated corner deck, do not edit

Doing analysis at TEMP = 100.000000 and TNOM = 27.000000

Using SPARSE 1.3 as Direct Linear Solver

No. of Data Rows : 801

  Measurements for DC Analysis

vth_cm0p80_v        =   -2.47912e-02
rxd_pos_min_cm0p80_v=  3.30000e+00 at=  3.27000e-01
rxd_neg_max_cm0p80_v=  5.05084e-09 at=  -2.01000e-01
rxd_p200_cm0p80_v   =  3.30000e+00
rxd_m200_cm0p80_v   =  5.05084e-09
isup_ua_cm0p80      =  3.72495e-05
vth_cm1p65_v        =   -2.48673e-02
rxd_pos_min_cm1p65_v=  3.30000e+00 at=  3.88000e-01
rxd_neg_max_cm1p65_v=  5.17086e-09 at=  -2.01000e-01
rxd_p200_cm1p65_v   =  3.30000e+00
rxd_m200_cm1p65_v   =  5.17178e-09
isup_ua_cm1p65      =  5.35136e-05
vth_cm2p50_v        =   -2.97460e-02
rxd_pos_min_cm2p50_v=  3.30000e+00 at=  3.43000e-01
rxd_neg_max_cm2p50_v=  1.63962e-08 at=  -2.01000e-01
rxd_p200_cm2p50_v   =  3.30000e+00
rxd_m200_cm2p50_v   =  1.64336e-08
isup_ua_cm2p50      =  6.36425e-05

ngspice-46 done
