
Note: No compatibility mode selected!


Circuit: * klt sim -- generated corner deck, do not edit

Doing analysis at TEMP = 100.000000 and TNOM = 27.000000

Using SPARSE 1.3 as Direct Linear Solver

No. of Data Rows : 2

  Measurements for DC Analysis

vdp_c00_v           =  2.90760e+00
vdp_c01_v           =  2.91711e+00
vdp_c02_v           =  2.92667e+00
vdp_c03_v           =  2.93632e+00
vdp_c04_v           =  2.94593e+00
vdp_c05_v           =  2.95572e+00
vdp_c06_v           =  2.96555e+00
vdp_c07_v           =  2.97548e+00
vdp_c08_v           =  2.98502e+00
vdp_c09_v           =  2.99509e+00
vdp_c10_v           =  3.00522e+00
vdp_c11_v           =  3.01544e+00
vdp_c12_v           =  3.02562e+00
vdp_c13_v           =  3.03599e+00
vdp_c14_v           =  3.04641e+00
vdp_c15_v           =  3.05693e+00
voff_d1_v           =  4.89248e-05
voff_d0_v           =  4.89268e-05
ioff_d1_na          =  3.26165e-09
ioff_d0_na          =  3.26179e-09
ioff_dz_na          =  3.26171e-09
ioff_dh_na          =  -3.10407e-12
isup_d1_na          =  4.39935e-09
isup_d0_na          =  8.70598e-09
isup_dz_na          =  4.40182e-09
isup_dh_na          =  1.14164e-09

ngspice-46 done
