
Note: No compatibility mode selected!


Circuit: * klt sim -- generated corner deck, do not edit

Doing analysis at TEMP = 27.000000 and TNOM = 27.000000

Using SPARSE 1.3 as Direct Linear Solver

No. of Data Rows : 2

  Measurements for DC Analysis

vdp_c00_v           =  3.19679e+00
vdp_c01_v           =  3.20687e+00
vdp_c02_v           =  3.21700e+00
vdp_c03_v           =  3.22722e+00
vdp_c04_v           =  3.23742e+00
vdp_c05_v           =  3.24778e+00
vdp_c06_v           =  3.25819e+00
vdp_c07_v           =  3.26868e+00
vdp_c08_v           =  3.27889e+00
vdp_c09_v           =  3.28953e+00
vdp_c10_v           =  3.30022e+00
vdp_c11_v           =  3.31101e+00
vdp_c12_v           =  3.32179e+00
vdp_c13_v           =  3.33273e+00
vdp_c14_v           =  3.34373e+00
vdp_c15_v           =  3.35482e+00
voff_d1_v           =  2.34456e-06
voff_d0_v           =  2.36804e-06
ioff_d1_na          =  1.56304e-10
ioff_d0_na          =  1.57869e-10
ioff_dz_na          =  1.56304e-10
ioff_dh_na          =  1.40856e-12
isup_d1_na          =  2.16541e-10
isup_d0_na          =  3.69315e-10
isup_dz_na          =  2.16867e-10
isup_dh_na          =  5.64225e-11

ngspice-46 done
