
Note: No compatibility mode selected!


Circuit: * klt sim -- generated corner deck, do not edit

Doing analysis at TEMP = 27.000000 and TNOM = 27.000000

Using SPARSE 1.3 as Direct Linear Solver

No. of Data Rows : 2

  Measurements for DC Analysis

vdp_c00_v           =  2.87175e+00
vdp_c01_v           =  2.88233e+00
vdp_c02_v           =  2.89298e+00
vdp_c03_v           =  2.90373e+00
vdp_c04_v           =  2.91446e+00
vdp_c05_v           =  2.92538e+00
vdp_c06_v           =  2.93637e+00
vdp_c07_v           =  2.94747e+00
vdp_c08_v           =  2.95819e+00
vdp_c09_v           =  2.96947e+00
vdp_c10_v           =  2.98081e+00
vdp_c11_v           =  2.99227e+00
vdp_c12_v           =  3.00371e+00
vdp_c13_v           =  3.01536e+00
vdp_c14_v           =  3.02708e+00
vdp_c15_v           =  3.03893e+00
voff_d1_v           =  2.13565e-06
voff_d0_v           =  2.13763e-06
ioff_d1_na          =  1.42376e-10
ioff_d0_na          =  1.42509e-10
ioff_dz_na          =  1.42377e-10
ioff_dh_na          =  2.05258e-12
isup_d1_na          =  1.94252e-10
isup_d0_na          =  3.32648e-10
isup_dz_na          =  1.95460e-10
isup_dh_na          =  5.26302e-11

ngspice-46 done
