
Note: No compatibility mode selected!


Circuit: * klt sim -- generated corner deck, do not edit

Doing analysis at TEMP = 27.000000 and TNOM = 27.000000

Using SPARSE 1.3 as Direct Linear Solver

No. of Data Rows : 2

  Measurements for DC Analysis

vdp_c00_v           =  2.62659e+00
vdp_c01_v           =  2.63574e+00
vdp_c02_v           =  2.64494e+00
vdp_c03_v           =  2.65422e+00
vdp_c04_v           =  2.66347e+00
vdp_c05_v           =  2.67290e+00
vdp_c06_v           =  2.68238e+00
vdp_c07_v           =  2.69195e+00
vdp_c08_v           =  2.70113e+00
vdp_c09_v           =  2.71085e+00
vdp_c10_v           =  2.72062e+00
vdp_c11_v           =  2.73050e+00
vdp_c12_v           =  2.74033e+00
vdp_c13_v           =  2.75036e+00
vdp_c14_v           =  2.76044e+00
vdp_c15_v           =  2.77063e+00
voff_d1_v           =  1.93563e-06
voff_d0_v           =  1.93572e-06
ioff_d1_na          =  1.29042e-10
ioff_d0_na          =  1.29048e-10
ioff_dz_na          =  1.29042e-10
ioff_dh_na          =  -1.71952e-13
isup_d1_na          =  1.81058e-10
isup_d0_na          =  3.07330e-10
isup_dz_na          =  1.81329e-10
isup_dh_na          =  4.88378e-11

ngspice-46 done
