
Note: No compatibility mode selected!


Circuit: * klt sim -- generated corner deck, do not edit

Doing analysis at TEMP = 27.000000 and TNOM = 27.000000

Using SPARSE 1.3 as Direct Linear Solver

No. of Data Rows : 2

  Measurements for DC Analysis

vdp_c00_v           =  3.13289e+00
vdp_c01_v           =  3.14452e+00
vdp_c02_v           =  3.15622e+00
vdp_c03_v           =  3.16804e+00
vdp_c04_v           =  3.17985e+00
vdp_c05_v           =  3.19185e+00
vdp_c06_v           =  3.20393e+00
vdp_c07_v           =  3.21613e+00
vdp_c08_v           =  3.22798e+00
vdp_c09_v           =  3.24037e+00
vdp_c10_v           =  3.25284e+00
vdp_c11_v           =  3.26544e+00
vdp_c12_v           =  3.27803e+00
vdp_c13_v           =  3.29083e+00
vdp_c14_v           =  3.30372e+00
vdp_c15_v           =  3.31674e+00
voff_d1_v           =  2.34456e-06
voff_d0_v           =  2.36804e-06
ioff_d1_na          =  1.56304e-10
ioff_d0_na          =  1.57869e-10
ioff_dz_na          =  1.56304e-10
ioff_dh_na          =  -9.79396e-13
isup_d1_na          =  2.16541e-10
isup_d0_na          =  3.69315e-10
isup_dz_na          =  2.16867e-10
isup_dh_na          =  5.64225e-11

ngspice-46 done
