
Note: No compatibility mode selected!


Circuit: * klt sim -- generated corner deck, do not edit

Doing analysis at TEMP = 100.000000 and TNOM = 27.000000

Using SPARSE 1.3 as Direct Linear Solver

No. of Data Rows : 2

  Measurements for DC Analysis

vdp_c00_v           =  3.10481e+00
vdp_c01_v           =  3.11688e+00
vdp_c02_v           =  3.12904e+00
vdp_c03_v           =  3.14131e+00
vdp_c04_v           =  3.15357e+00
vdp_c05_v           =  3.16606e+00
vdp_c06_v           =  3.17862e+00
vdp_c07_v           =  3.19132e+00
vdp_c08_v           =  3.20358e+00
vdp_c09_v           =  3.21649e+00
vdp_c10_v           =  3.22949e+00
vdp_c11_v           =  3.24262e+00
vdp_c12_v           =  3.25573e+00
vdp_c13_v           =  3.26909e+00
vdp_c14_v           =  3.28255e+00
vdp_c15_v           =  3.29614e+00
voff_d1_v           =  5.44412e-05
voff_d0_v           =  5.44647e-05
ioff_d1_na          =  3.62942e-09
ioff_d0_na          =  3.63098e-09
ioff_dz_na          =  3.62949e-09
ioff_dh_na          =  -3.50199e-12
isup_d1_na          =  4.87606e-09
isup_d0_na          =  9.57575e-09
isup_dz_na          =  4.87531e-09
isup_dh_na          =  1.24724e-09

ngspice-46 done
