
Note: No compatibility mode selected!


Circuit: * klt sim -- generated corner deck, do not edit

Doing analysis at TEMP = 100.000000 and TNOM = 27.000000

Using SPARSE 1.3 as Direct Linear Solver

No. of Data Rows : 2

  Measurements for DC Analysis

vdp_c00_v           =  3.12497e+00
vdp_c01_v           =  3.13657e+00
vdp_c02_v           =  3.14824e+00
vdp_c03_v           =  3.16003e+00
vdp_c04_v           =  3.17180e+00
vdp_c05_v           =  3.18377e+00
vdp_c06_v           =  3.19582e+00
vdp_c07_v           =  3.20799e+00
vdp_c08_v           =  3.21975e+00
vdp_c09_v           =  3.23212e+00
vdp_c10_v           =  3.24457e+00
vdp_c11_v           =  3.25714e+00
vdp_c12_v           =  3.26969e+00
vdp_c13_v           =  3.28247e+00
vdp_c14_v           =  3.29533e+00
vdp_c15_v           =  3.30832e+00
voff_d1_v           =  5.44413e-05
voff_d0_v           =  5.44647e-05
ioff_d1_na          =  3.62942e-09
ioff_d0_na          =  3.63098e-09
ioff_dz_na          =  3.62949e-09
ioff_dh_na          =  -3.88499e-12
isup_d1_na          =  4.87606e-09
isup_d0_na          =  9.57575e-09
isup_dz_na          =  4.87531e-09
isup_dh_na          =  1.24724e-09

ngspice-46 done
