
Note: No compatibility mode selected!


Circuit: * klt sim -- generated corner deck, do not edit

Doing analysis at TEMP = 100.000000 and TNOM = 27.000000

Using SPARSE 1.3 as Direct Linear Solver

No. of Data Rows : 2

  Measurements for DC Analysis

vdp_c00_v           =  2.86448e+00
vdp_c01_v           =  2.87502e+00
vdp_c02_v           =  2.88563e+00
vdp_c03_v           =  2.89635e+00
vdp_c04_v           =  2.90703e+00
vdp_c05_v           =  2.91792e+00
vdp_c06_v           =  2.92887e+00
vdp_c07_v           =  2.93993e+00
vdp_c08_v           =  2.95056e+00
vdp_c09_v           =  2.96180e+00
vdp_c10_v           =  2.97311e+00
vdp_c11_v           =  2.98454e+00
vdp_c12_v           =  2.99593e+00
vdp_c13_v           =  3.00755e+00
vdp_c14_v           =  3.01923e+00
vdp_c15_v           =  3.03104e+00
voff_d1_v           =  4.89248e-05
voff_d0_v           =  4.89268e-05
ioff_d1_na          =  3.26165e-09
ioff_d0_na          =  3.26179e-09
ioff_dz_na          =  3.26171e-09
ioff_dh_na          =  -6.28577e-12
isup_d1_na          =  4.39935e-09
isup_d0_na          =  8.70780e-09
isup_dz_na          =  4.40000e-09
isup_dh_na          =  1.14164e-09

ngspice-46 done
