
Note: No compatibility mode selected!


Circuit: * klt sim -- generated corner deck, do not edit

Doing analysis at TEMP = -40.000000 and TNOM = 27.000000

Using SPARSE 1.3 as Direct Linear Solver

No. of Data Rows : 2

  Measurements for DC Analysis

vdp_c00_v           =  2.89281e+00
vdp_c01_v           =  2.90310e+00
vdp_c02_v           =  2.91345e+00
vdp_c03_v           =  2.92390e+00
vdp_c04_v           =  2.93435e+00
vdp_c05_v           =  2.94495e+00
vdp_c06_v           =  2.95562e+00
vdp_c07_v           =  2.96639e+00
vdp_c08_v           =  2.97687e+00
vdp_c09_v           =  2.98781e+00
vdp_c10_v           =  2.99881e+00
vdp_c11_v           =  3.00992e+00
vdp_c12_v           =  3.02102e+00
vdp_c13_v           =  3.03230e+00
vdp_c14_v           =  3.04366e+00
vdp_c15_v           =  3.05512e+00
voff_d1_v           =  1.98070e-06
voff_d0_v           =  1.98268e-06
ioff_d1_na          =  1.32046e-10
ioff_d0_na          =  1.32179e-10
ioff_dz_na          =  1.32047e-10
ioff_dh_na          =  6.07219e-12
isup_d1_na          =  1.51529e-10
isup_d0_na          =  1.53543e-10
isup_dz_na          =  1.50701e-10
isup_dh_na          =  1.96052e-11

ngspice-46 done
