
Note: No compatibility mode selected!


Circuit: * klt sim -- generated corner deck, do not edit

Doing analysis at TEMP = 27.000000 and TNOM = 27.000000

Using SPARSE 1.3 as Direct Linear Solver

No. of Data Rows : 2

  Measurements for DC Analysis

vdp_c00_v           =  3.24852e+00
vdp_c01_v           =  3.25730e+00
vdp_c02_v           =  3.26611e+00
vdp_c03_v           =  3.27499e+00
vdp_c04_v           =  3.28386e+00
vdp_c05_v           =  3.29284e+00
vdp_c06_v           =  3.30187e+00
vdp_c07_v           =  3.31096e+00
vdp_c08_v           =  3.31979e+00
vdp_c09_v           =  3.32899e+00
vdp_c10_v           =  3.33823e+00
vdp_c11_v           =  3.34754e+00
vdp_c12_v           =  3.35683e+00
vdp_c13_v           =  3.36625e+00
vdp_c14_v           =  3.37571e+00
vdp_c15_v           =  3.38524e+00
voff_d1_v           =  2.34456e-06
voff_d0_v           =  2.36804e-06
ioff_d1_na          =  1.56304e-10
ioff_d0_na          =  1.57869e-10
ioff_dz_na          =  1.56304e-10
ioff_dh_na          =  8.61988e-13
isup_d1_na          =  2.16541e-10
isup_d0_na          =  3.69315e-10
isup_dz_na          =  2.16867e-10
isup_dh_na          =  5.64225e-11

ngspice-46 done
