
Note: No compatibility mode selected!


Circuit: * klt sim -- generated corner deck, do not edit

Doing analysis at TEMP = 100.000000 and TNOM = 27.000000

Using SPARSE 1.3 as Direct Linear Solver

No. of Data Rows : 2

  Measurements for DC Analysis

vdp_c00_v           =  2.94262e+00
vdp_c01_v           =  2.95127e+00
vdp_c02_v           =  2.95995e+00
vdp_c03_v           =  2.96872e+00
vdp_c04_v           =  2.97744e+00
vdp_c05_v           =  2.98632e+00
vdp_c06_v           =  2.99523e+00
vdp_c07_v           =  3.00422e+00
vdp_c08_v           =  3.01287e+00
vdp_c09_v           =  3.02198e+00
vdp_c10_v           =  3.03113e+00
vdp_c11_v           =  3.04035e+00
vdp_c12_v           =  3.04955e+00
vdp_c13_v           =  3.05890e+00
vdp_c14_v           =  3.06829e+00
vdp_c15_v           =  3.07776e+00
voff_d1_v           =  4.89248e-05
voff_d0_v           =  4.89268e-05
ioff_d1_na          =  3.26166e-09
ioff_d0_na          =  3.26179e-09
ioff_dz_na          =  3.26171e-09
ioff_dh_na          =  -7.15442e-12
isup_d1_na          =  4.39935e-09
isup_d0_na          =  8.70598e-09
isup_dz_na          =  4.40182e-09
isup_dh_na          =  1.14164e-09

ngspice-46 done
