
Note: No compatibility mode selected!


Circuit: * klt sim -- generated corner deck, do not edit

Doing analysis at TEMP = -40.000000 and TNOM = 27.000000

Using SPARSE 1.3 as Direct Linear Solver

No. of Data Rows : 2

  Measurements for DC Analysis

vdp_c00_v           =  2.72192e+00
vdp_c01_v           =  2.72889e+00
vdp_c02_v           =  2.73590e+00
vdp_c03_v           =  2.74295e+00
vdp_c04_v           =  2.74998e+00
vdp_c05_v           =  2.75711e+00
vdp_c06_v           =  2.76428e+00
vdp_c07_v           =  2.77149e+00
vdp_c08_v           =  2.77847e+00
vdp_c09_v           =  2.78576e+00
vdp_c10_v           =  2.79309e+00
vdp_c11_v           =  2.80047e+00
vdp_c12_v           =  2.80782e+00
vdp_c13_v           =  2.81529e+00
vdp_c14_v           =  2.82278e+00
vdp_c15_v           =  2.83034e+00
voff_d1_v           =  1.80006e-06
voff_d0_v           =  1.80016e-06
ioff_d1_na          =  1.20004e-10
ioff_d0_na          =  1.20010e-10
ioff_dz_na          =  1.20004e-10
ioff_dh_na          =  5.43241e-12
isup_d1_na          =  1.39407e-10
isup_d0_na          =  1.40550e-10
isup_dz_na          =  1.39978e-10
isup_dh_na          =  1.94764e-11

ngspice-46 done
