
Note: No compatibility mode selected!


Circuit: * klt sim -- generated corner deck, do not edit

Doing analysis at TEMP = 100.000000 and TNOM = 27.000000

Using SPARSE 1.3 as Direct Linear Solver

No. of Data Rows : 2

  Measurements for DC Analysis

vdp_c00_v           =  2.67501e+00
vdp_c01_v           =  2.68278e+00
vdp_c02_v           =  2.69058e+00
vdp_c03_v           =  2.69844e+00
vdp_c04_v           =  2.70627e+00
vdp_c05_v           =  2.71424e+00
vdp_c06_v           =  2.72224e+00
vdp_c07_v           =  2.73031e+00
vdp_c08_v           =  2.73802e+00
vdp_c09_v           =  2.74619e+00
vdp_c10_v           =  2.75440e+00
vdp_c11_v           =  2.76269e+00
vdp_c12_v           =  2.77093e+00
vdp_c13_v           =  2.77932e+00
vdp_c14_v           =  2.78775e+00
vdp_c15_v           =  2.79626e+00
voff_d1_v           =  4.38895e-05
voff_d0_v           =  4.38896e-05
ioff_d1_na          =  2.92597e-09
ioff_d0_na          =  2.92597e-09
ioff_dz_na          =  2.92601e-09
ioff_dh_na          =  -6.79908e-12
isup_d1_na          =  3.96448e-09
isup_d0_na          =  7.89304e-09
isup_dz_na          =  3.96107e-09
isup_dh_na          =  1.04149e-09

ngspice-46 done
