
Note: No compatibility mode selected!


Circuit: * klt sim -- generated corner deck, do not edit

Doing analysis at TEMP = 100.000000 and TNOM = 27.000000

Using SPARSE 1.3 as Direct Linear Solver

No. of Data Rows : 2

  Measurements for DC Analysis

vdp_c00_v           =  2.68860e+00
vdp_c01_v           =  2.69603e+00
vdp_c02_v           =  2.70349e+00
vdp_c03_v           =  2.71101e+00
vdp_c04_v           =  2.71848e+00
vdp_c05_v           =  2.72609e+00
vdp_c06_v           =  2.73373e+00
vdp_c07_v           =  2.74144e+00
vdp_c08_v           =  2.74880e+00
vdp_c09_v           =  2.75660e+00
vdp_c10_v           =  2.76443e+00
vdp_c11_v           =  2.77233e+00
vdp_c12_v           =  2.78019e+00
vdp_c13_v           =  2.78819e+00
vdp_c14_v           =  2.79622e+00
vdp_c15_v           =  2.80432e+00
voff_d1_v           =  4.38895e-05
voff_d0_v           =  4.38896e-05
ioff_d1_na          =  2.92597e-09
ioff_d0_na          =  2.92597e-09
ioff_dz_na          =  2.92601e-09
ioff_dh_na          =  6.00713e-13
isup_d1_na          =  3.96448e-09
isup_d0_na          =  7.89191e-09
isup_dz_na          =  3.96107e-09
isup_dh_na          =  1.04175e-09

ngspice-46 done
