
Note: No compatibility mode selected!


Circuit: * klt sim -- generated corner deck, do not edit

Doing analysis at TEMP = -40.000000 and TNOM = 27.000000

Using SPARSE 1.3 as Direct Linear Solver

No. of Data Rows : 2

  Measurements for DC Analysis

vdp_c00_v           =  3.26644e+00
vdp_c01_v           =  3.27498e+00
vdp_c02_v           =  3.28355e+00
vdp_c03_v           =  3.29218e+00
vdp_c04_v           =  3.30080e+00
vdp_c05_v           =  3.30953e+00
vdp_c06_v           =  3.31829e+00
vdp_c07_v           =  3.32711e+00
vdp_c08_v           =  3.33574e+00
vdp_c09_v           =  3.34467e+00
vdp_c10_v           =  3.35363e+00
vdp_c11_v           =  3.36266e+00
vdp_c12_v           =  3.37168e+00
vdp_c13_v           =  3.38081e+00
vdp_c14_v           =  3.38998e+00
vdp_c15_v           =  3.39922e+00
voff_d1_v           =  2.16787e-06
voff_d0_v           =  2.19135e-06
ioff_d1_na          =  1.44525e-10
ioff_d0_na          =  1.46090e-10
ioff_dz_na          =  1.44525e-10
ioff_dh_na          =  7.80620e-12
isup_d1_na          =  1.67288e-10
isup_d0_na          =  1.70479e-10
isup_dz_na          =  1.66882e-10
isup_dh_na          =  2.33718e-11

ngspice-46 done
