
Note: No compatibility mode selected!


Circuit: * klt sim -- generated corner deck, do not edit

Doing analysis at TEMP = 100.000000 and TNOM = 27.000000

Using SPARSE 1.3 as Direct Linear Solver

No. of Data Rows : 2

  Measurements for DC Analysis

vdp_c00_v           =  3.22653e+00
vdp_c01_v           =  3.23565e+00
vdp_c02_v           =  3.24481e+00
vdp_c03_v           =  3.25404e+00
vdp_c04_v           =  3.26325e+00
vdp_c05_v           =  3.27260e+00
vdp_c06_v           =  3.28199e+00
vdp_c07_v           =  3.29145e+00
vdp_c08_v           =  3.30060e+00
vdp_c09_v           =  3.31019e+00
vdp_c10_v           =  3.31981e+00
vdp_c11_v           =  3.32952e+00
vdp_c12_v           =  3.33919e+00
vdp_c13_v           =  3.34902e+00
vdp_c14_v           =  3.35889e+00
vdp_c15_v           =  3.36884e+00
voff_d1_v           =  5.44413e-05
voff_d0_v           =  5.44648e-05
ioff_d1_na          =  3.62942e-09
ioff_d0_na          =  3.63098e-09
ioff_dz_na          =  3.62949e-09
ioff_dh_na          =  -9.36674e-13
isup_d1_na          =  4.87606e-09
isup_d0_na          =  9.57423e-09
isup_dz_na          =  4.87531e-09
isup_dh_na          =  1.24755e-09

ngspice-46 done
