
Note: No compatibility mode selected!


Circuit: * klt sim -- generated corner deck, do not edit

Doing analysis at TEMP = 100.000000 and TNOM = 27.000000

Using SPARSE 1.3 as Direct Linear Solver

No. of Data Rows : 2

  Measurements for DC Analysis

vdp_c00_v           =  2.95757e+00
vdp_c01_v           =  2.96584e+00
vdp_c02_v           =  2.97415e+00
vdp_c03_v           =  2.98253e+00
vdp_c04_v           =  2.99088e+00
vdp_c05_v           =  2.99936e+00
vdp_c06_v           =  3.00787e+00
vdp_c07_v           =  3.01646e+00
vdp_c08_v           =  3.02472e+00
vdp_c09_v           =  3.03341e+00
vdp_c10_v           =  3.04214e+00
vdp_c11_v           =  3.05095e+00
vdp_c12_v           =  3.05971e+00
vdp_c13_v           =  3.06863e+00
vdp_c14_v           =  3.07758e+00
vdp_c15_v           =  3.08661e+00
voff_d1_v           =  4.89248e-05
voff_d0_v           =  4.89268e-05
ioff_d1_na          =  3.26166e-09
ioff_d0_na          =  3.26179e-09
ioff_dz_na          =  3.26171e-09
ioff_dh_na          =  1.20215e-12
isup_d1_na          =  4.39935e-09
isup_d0_na          =  8.70559e-09
isup_dz_na          =  4.40182e-09
isup_dh_na          =  1.14192e-09

ngspice-46 done
