
Note: No compatibility mode selected!


Circuit: * klt sim -- generated corner deck, do not edit

Doing analysis at TEMP = 27.000000 and TNOM = 27.000000

Using SPARSE 1.3 as Direct Linear Solver

No. of Data Rows : 2

  Measurements for DC Analysis

vdp_c00_v           =  3.13290e+00
vdp_c01_v           =  3.14454e+00
vdp_c02_v           =  3.15626e+00
vdp_c03_v           =  3.16808e+00
vdp_c04_v           =  3.17991e+00
vdp_c05_v           =  3.19193e+00
vdp_c06_v           =  3.20402e+00
vdp_c07_v           =  3.21623e+00
vdp_c08_v           =  3.22811e+00
vdp_c09_v           =  3.24051e+00
vdp_c10_v           =  3.25300e+00
vdp_c11_v           =  3.26561e+00
vdp_c12_v           =  3.27821e+00
vdp_c13_v           =  3.29103e+00
vdp_c14_v           =  3.30393e+00
vdp_c15_v           =  3.31696e+00
voff_d1_v           =  2.68790e-06
voff_d0_v           =  2.72183e-06
ioff_d1_na          =  1.79193e-10
ioff_d0_na          =  1.81456e-10
ioff_dz_na          =  1.79193e-10
ioff_dh_na          =  -1.71621e-12
isup_d1_na          =  2.00170e-10
isup_d0_na          =  2.02964e-10
isup_dz_na          =  1.99899e-10
isup_dh_na          =  1.97340e-11

ngspice-46 done
