
Note: No compatibility mode selected!


Circuit: * klt sim -- generated corner deck, do not edit

Doing analysis at TEMP = 100.000000 and TNOM = 27.000000

Using SPARSE 1.3 as Direct Linear Solver

No. of Data Rows : 2

  Measurements for DC Analysis

vdp_c00_v           =  3.10482e+00
vdp_c01_v           =  3.11691e+00
vdp_c02_v           =  3.12908e+00
vdp_c03_v           =  3.14137e+00
vdp_c04_v           =  3.15365e+00
vdp_c05_v           =  3.16615e+00
vdp_c06_v           =  3.17872e+00
vdp_c07_v           =  3.19143e+00
vdp_c08_v           =  3.20373e+00
vdp_c09_v           =  3.21666e+00
vdp_c10_v           =  3.22967e+00
vdp_c11_v           =  3.24281e+00
vdp_c12_v           =  3.25595e+00
vdp_c13_v           =  3.26933e+00
vdp_c14_v           =  3.28279e+00
vdp_c15_v           =  3.29640e+00
voff_d1_v           =  1.16827e-04
voff_d0_v           =  1.16861e-04
ioff_d1_na          =  7.78846e-09
ioff_d0_na          =  7.79072e-09
ioff_dz_na          =  7.78879e-09
ioff_dh_na          =  -5.49546e-12
isup_d1_na          =  7.91923e-09
isup_d0_na          =  7.91637e-09
isup_dz_na          =  7.91517e-09
isup_dh_na          =  1.27054e-10

ngspice-46 done
