
Note: No compatibility mode selected!


Circuit: * klt sim -- generated corner deck, do not edit

Doing analysis at TEMP = -40.000000 and TNOM = 27.000000

Using SPARSE 1.3 as Direct Linear Solver

No. of Data Rows : 2

  Measurements for DC Analysis

vdp_c00_v           =  3.15586e+00
vdp_c01_v           =  3.16717e+00
vdp_c02_v           =  3.17855e+00
vdp_c03_v           =  3.19003e+00
vdp_c04_v           =  3.20152e+00
vdp_c05_v           =  3.21318e+00
vdp_c06_v           =  3.22491e+00
vdp_c07_v           =  3.23675e+00
vdp_c08_v           =  3.24833e+00
vdp_c09_v           =  3.26035e+00
vdp_c10_v           =  3.27245e+00
vdp_c11_v           =  3.28465e+00
vdp_c12_v           =  3.29687e+00
vdp_c13_v           =  3.30927e+00
vdp_c14_v           =  3.32175e+00
vdp_c15_v           =  3.33434e+00
voff_d1_v           =  2.17151e-06
voff_d0_v           =  2.20544e-06
ioff_d1_na          =  1.44767e-10
ioff_d0_na          =  1.47029e-10
ioff_dz_na          =  1.44767e-10
ioff_dh_na          =  4.20581e-12
isup_d1_na          =  1.65469e-10
isup_d0_na          =  1.67769e-10
isup_dz_na          =  1.65934e-10
isup_dh_na          =  2.15528e-11

ngspice-46 done
