
Note: No compatibility mode selected!


Circuit: * klt sim -- generated corner deck, do not edit

Doing analysis at TEMP = 100.000000 and TNOM = 27.000000

Using SPARSE 1.3 as Direct Linear Solver

No. of Data Rows : 2

  Measurements for DC Analysis

vdp_c00_v           =  3.12498e+00
vdp_c01_v           =  3.13659e+00
vdp_c02_v           =  3.14828e+00
vdp_c03_v           =  3.16008e+00
vdp_c04_v           =  3.17187e+00
vdp_c05_v           =  3.18386e+00
vdp_c06_v           =  3.19593e+00
vdp_c07_v           =  3.20811e+00
vdp_c08_v           =  3.21990e+00
vdp_c09_v           =  3.23228e+00
vdp_c10_v           =  3.24474e+00
vdp_c11_v           =  3.25733e+00
vdp_c12_v           =  3.26990e+00
vdp_c13_v           =  3.28270e+00
vdp_c14_v           =  3.29557e+00
vdp_c15_v           =  3.30858e+00
voff_d1_v           =  1.16827e-04
voff_d0_v           =  1.16861e-04
ioff_d1_na          =  7.78846e-09
ioff_d0_na          =  7.79072e-09
ioff_dz_na          =  7.78879e-09
ioff_dh_na          =  -5.11305e-12
isup_d1_na          =  7.91923e-09
isup_d0_na          =  7.91637e-09
isup_dz_na          =  7.91517e-09
isup_dh_na          =  1.27054e-10

ngspice-46 done
