
Note: No compatibility mode selected!


Circuit: * klt sim -- generated corner deck, do not edit

Doing analysis at TEMP = -40.000000 and TNOM = 27.000000

Using SPARSE 1.3 as Direct Linear Solver

No. of Data Rows : 2

  Measurements for DC Analysis

vdp_c00_v           =  2.62977e+00
vdp_c01_v           =  2.63906e+00
vdp_c02_v           =  2.64840e+00
vdp_c03_v           =  2.65783e+00
vdp_c04_v           =  2.66725e+00
vdp_c05_v           =  2.67682e+00
vdp_c06_v           =  2.68645e+00
vdp_c07_v           =  2.69617e+00
vdp_c08_v           =  2.70558e+00
vdp_c09_v           =  2.71545e+00
vdp_c10_v           =  2.72538e+00
vdp_c11_v           =  2.73541e+00
vdp_c12_v           =  2.74542e+00
vdp_c13_v           =  2.75560e+00
vdp_c14_v           =  2.76584e+00
vdp_c15_v           =  2.77619e+00
voff_d1_v           =  1.80019e-06
voff_d0_v           =  1.80034e-06
ioff_d1_na          =  1.20013e-10
ioff_d0_na          =  1.20022e-10
ioff_dz_na          =  1.20013e-10
ioff_dh_na          =  4.70781e-12
isup_d1_na          =  1.37588e-10
isup_d0_na          =  1.37863e-10
isup_dz_na          =  1.37672e-10
isup_dh_na          =  1.94764e-11

ngspice-46 done
