
Note: No compatibility mode selected!


Circuit: * klt sim -- generated corner deck, do not edit

Doing analysis at TEMP = -40.000000 and TNOM = 27.000000

Using SPARSE 1.3 as Direct Linear Solver

No. of Data Rows : 2

  Measurements for DC Analysis

vdp_c00_v           =  2.89282e+00
vdp_c01_v           =  2.90312e+00
vdp_c02_v           =  2.91349e+00
vdp_c03_v           =  2.92394e+00
vdp_c04_v           =  2.93440e+00
vdp_c05_v           =  2.94502e+00
vdp_c06_v           =  2.95570e+00
vdp_c07_v           =  2.96648e+00
vdp_c08_v           =  2.97699e+00
vdp_c09_v           =  2.98794e+00
vdp_c10_v           =  2.99895e+00
vdp_c11_v           =  3.01007e+00
vdp_c12_v           =  3.02119e+00
vdp_c13_v           =  3.03248e+00
vdp_c14_v           =  3.04385e+00
vdp_c15_v           =  3.05532e+00
voff_d1_v           =  1.98116e-06
voff_d0_v           =  1.98414e-06
ioff_d1_na          =  1.32077e-10
ioff_d0_na          =  1.32276e-10
ioff_dz_na          =  1.32077e-10
ioff_dh_na          =  2.62834e-12
isup_d1_na          =  1.49710e-10
isup_d0_na          =  1.49115e-10
isup_dz_na          =  1.49984e-10
isup_dh_na          =  1.96052e-11

ngspice-46 done
