
Note: No compatibility mode selected!


Circuit: * klt sim -- generated corner deck, do not edit

Doing analysis at TEMP = 100.000000 and TNOM = 27.000000

Using SPARSE 1.3 as Direct Linear Solver

No. of Data Rows : 2

  Measurements for DC Analysis

vdp_c00_v           =  2.60399e+00
vdp_c01_v           =  2.61350e+00
vdp_c02_v           =  2.62305e+00
vdp_c03_v           =  2.63271e+00
vdp_c04_v           =  2.64233e+00
vdp_c05_v           =  2.65213e+00
vdp_c06_v           =  2.66200e+00
vdp_c07_v           =  2.67197e+00
vdp_c08_v           =  2.68149e+00
vdp_c09_v           =  2.69162e+00
vdp_c10_v           =  2.70181e+00
vdp_c11_v           =  2.71210e+00
vdp_c12_v           =  2.72236e+00
vdp_c13_v           =  2.73282e+00
vdp_c14_v           =  2.74335e+00
vdp_c15_v           =  2.75399e+00
voff_d1_v           =  9.33816e-05
voff_d0_v           =  9.33818e-05
ioff_d1_na          =  6.22544e-09
ioff_d0_na          =  6.22545e-09
ioff_dz_na          =  6.22566e-09
ioff_dh_na          =  -1.82017e-12
isup_d1_na          =  6.32734e-09
isup_d0_na          =  6.33144e-09
isup_dz_na          =  6.32621e-09
isup_dh_na          =  1.03150e-10

ngspice-46 done
