
Note: No compatibility mode selected!


Circuit: * klt sim -- generated corner deck, do not edit

Doing analysis at TEMP = -40.000000 and TNOM = 27.000000

Using SPARSE 1.3 as Direct Linear Solver

No. of Data Rows : 2

  Measurements for DC Analysis

vdp_c00_v           =  2.64509e+00
vdp_c01_v           =  2.65400e+00
vdp_c02_v           =  2.66297e+00
vdp_c03_v           =  2.67202e+00
vdp_c04_v           =  2.68105e+00
vdp_c05_v           =  2.69023e+00
vdp_c06_v           =  2.69945e+00
vdp_c07_v           =  2.70877e+00
vdp_c08_v           =  2.71778e+00
vdp_c09_v           =  2.72724e+00
vdp_c10_v           =  2.73674e+00
vdp_c11_v           =  2.74633e+00
vdp_c12_v           =  2.75591e+00
vdp_c13_v           =  2.76564e+00
vdp_c14_v           =  2.77544e+00
vdp_c15_v           =  2.78532e+00
voff_d1_v           =  1.80019e-06
voff_d0_v           =  1.80034e-06
ioff_d1_na          =  1.20013e-10
ioff_d0_na          =  1.20022e-10
ioff_dz_na          =  1.20013e-10
ioff_dh_na          =  5.76468e-12
isup_d1_na          =  1.37588e-10
isup_d0_na          =  1.37863e-10
isup_dz_na          =  1.37672e-10
isup_dh_na          =  1.94764e-11

ngspice-46 done
