
Note: No compatibility mode selected!


Circuit: * klt sim -- generated corner deck, do not edit

Doing analysis at TEMP = 100.000000 and TNOM = 27.000000

Using SPARSE 1.3 as Direct Linear Solver

No. of Data Rows : 2

  Measurements for DC Analysis

vdp_c00_v           =  2.84601e+00
vdp_c01_v           =  2.85700e+00
vdp_c02_v           =  2.86807e+00
vdp_c03_v           =  2.87925e+00
vdp_c04_v           =  2.89040e+00
vdp_c05_v           =  2.90177e+00
vdp_c06_v           =  2.91321e+00
vdp_c07_v           =  2.92476e+00
vdp_c08_v           =  2.93589e+00
vdp_c09_v           =  2.94764e+00
vdp_c10_v           =  2.95947e+00
vdp_c11_v           =  2.97143e+00
vdp_c12_v           =  2.98336e+00
vdp_c13_v           =  2.99552e+00
vdp_c14_v           =  3.00776e+00
vdp_c15_v           =  3.02014e+00
voff_d1_v           =  1.04550e-04
voff_d0_v           =  1.04553e-04
ioff_d1_na          =  6.97000e-09
ioff_d0_na          =  6.97020e-09
ioff_dz_na          =  6.97027e-09
ioff_dh_na          =  -7.11225e-12
isup_d1_na          =  7.08236e-09
isup_d0_na          =  7.08552e-09
isup_dz_na          =  7.08431e-09
isup_dh_na          =  1.16012e-10

ngspice-46 done
