
Note: No compatibility mode selected!


Circuit: * klt sim -- generated corner deck, do not edit

Doing analysis at TEMP = 100.000000 and TNOM = 27.000000

Using SPARSE 1.3 as Direct Linear Solver

No. of Data Rows : 2

  Measurements for DC Analysis

vdp_c00_v           =  2.58720e+00
vdp_c01_v           =  2.59709e+00
vdp_c02_v           =  2.60705e+00
vdp_c03_v           =  2.61711e+00
vdp_c04_v           =  2.62714e+00
vdp_c05_v           =  2.63737e+00
vdp_c06_v           =  2.64766e+00
vdp_c07_v           =  2.65806e+00
vdp_c08_v           =  2.66800e+00
vdp_c09_v           =  2.67858e+00
vdp_c10_v           =  2.68923e+00
vdp_c11_v           =  2.69999e+00
vdp_c12_v           =  2.71071e+00
vdp_c13_v           =  2.72166e+00
vdp_c14_v           =  2.73267e+00
vdp_c15_v           =  2.74381e+00
voff_d1_v           =  9.33816e-05
voff_d0_v           =  9.33817e-05
ioff_d1_na          =  6.22544e-09
ioff_d0_na          =  6.22545e-09
ioff_dz_na          =  6.22566e-09
ioff_dh_na          =  -5.46921e-12
isup_d1_na          =  6.32734e-09
isup_d0_na          =  6.33144e-09
isup_dz_na          =  6.32621e-09
isup_dh_na          =  1.03150e-10

ngspice-46 done
