
Note: No compatibility mode selected!


Circuit: * klt sim -- generated corner deck, do not edit

Doing analysis at TEMP = 27.000000 and TNOM = 27.000000

Using SPARSE 1.3 as Direct Linear Solver

No. of Data Rows : 2

  Measurements for DC Analysis

vdp_c00_v           =  3.24853e+00
vdp_c01_v           =  3.25732e+00
vdp_c02_v           =  3.26615e+00
vdp_c03_v           =  3.27504e+00
vdp_c04_v           =  3.28392e+00
vdp_c05_v           =  3.29291e+00
vdp_c06_v           =  3.30195e+00
vdp_c07_v           =  3.31105e+00
vdp_c08_v           =  3.31991e+00
vdp_c09_v           =  3.32912e+00
vdp_c10_v           =  3.33837e+00
vdp_c11_v           =  3.34769e+00
vdp_c12_v           =  3.35699e+00
vdp_c13_v           =  3.36642e+00
vdp_c14_v           =  3.37590e+00
vdp_c15_v           =  3.38544e+00
voff_d1_v           =  2.68790e-06
voff_d0_v           =  2.72183e-06
ioff_d1_na          =  1.79193e-10
ioff_d0_na          =  1.81456e-10
ioff_dz_na          =  1.79193e-10
ioff_dh_na          =  3.93328e-12
isup_d1_na          =  2.00170e-10
isup_d0_na          =  2.02964e-10
isup_dz_na          =  1.99899e-10
isup_dh_na          =  1.97340e-11

ngspice-46 done
