
Note: No compatibility mode selected!


Circuit: * klt sim -- generated corner deck, do not edit

Doing analysis at TEMP = 100.000000 and TNOM = 27.000000

Using SPARSE 1.3 as Direct Linear Solver

No. of Data Rows : 2

  Measurements for DC Analysis

vdp_c00_v           =  2.94263e+00
vdp_c01_v           =  2.95129e+00
vdp_c02_v           =  2.96000e+00
vdp_c03_v           =  2.96877e+00
vdp_c04_v           =  2.97752e+00
vdp_c05_v           =  2.98641e+00
vdp_c06_v           =  2.99534e+00
vdp_c07_v           =  3.00434e+00
vdp_c08_v           =  3.01302e+00
vdp_c09_v           =  3.02214e+00
vdp_c10_v           =  3.03130e+00
vdp_c11_v           =  3.04054e+00
vdp_c12_v           =  3.04975e+00
vdp_c13_v           =  3.05912e+00
vdp_c14_v           =  3.06853e+00
vdp_c15_v           =  3.07802e+00
voff_d1_v           =  1.04550e-04
voff_d0_v           =  1.04553e-04
ioff_d1_na          =  6.97001e-09
ioff_d0_na          =  6.97021e-09
ioff_dz_na          =  6.97028e-09
ioff_dh_na          =  -4.80451e-12
isup_d1_na          =  7.08054e-09
isup_d0_na          =  7.08370e-09
isup_dz_na          =  7.08431e-09
isup_dh_na          =  1.16012e-10

ngspice-46 done
