
Note: No compatibility mode selected!


Circuit: * klt sim -- generated corner deck, do not edit

Doing analysis at TEMP = 27.000000 and TNOM = 27.000000

Using SPARSE 1.3 as Direct Linear Solver

No. of Data Rows : 2

  Measurements for DC Analysis

vdp_c00_v           =  2.69408e+00
vdp_c01_v           =  2.70158e+00
vdp_c02_v           =  2.70911e+00
vdp_c03_v           =  2.71670e+00
vdp_c04_v           =  2.72426e+00
vdp_c05_v           =  2.73194e+00
vdp_c06_v           =  2.73966e+00
vdp_c07_v           =  2.74743e+00
vdp_c08_v           =  2.75492e+00
vdp_c09_v           =  2.76279e+00
vdp_c10_v           =  2.77070e+00
vdp_c11_v           =  2.77867e+00
vdp_c12_v           =  2.78661e+00
vdp_c13_v           =  2.79469e+00
vdp_c14_v           =  2.80279e+00
vdp_c15_v           =  2.81097e+00
voff_d1_v           =  2.19433e-06
voff_d0_v           =  2.19448e-06
ioff_d1_na          =  1.46289e-10
ioff_d0_na          =  1.46298e-10
ioff_dz_na          =  1.46289e-10
ioff_dh_na          =  -1.60549e-15
isup_d1_na          =  1.64687e-10
isup_d0_na          =  1.66399e-10
isup_dz_na          =  1.65067e-10
isup_dh_na          =  1.76577e-11

ngspice-46 done
