
Note: No compatibility mode selected!


Circuit: * klt sim -- generated corner deck, do not edit

Doing analysis at TEMP = 100.000000 and TNOM = 27.000000

Using SPARSE 1.3 as Direct Linear Solver

No. of Data Rows : 2

  Measurements for DC Analysis

vdp_c00_v           =  2.68862e+00
vdp_c01_v           =  2.69606e+00
vdp_c02_v           =  2.70353e+00
vdp_c03_v           =  2.71107e+00
vdp_c04_v           =  2.71856e+00
vdp_c05_v           =  2.72619e+00
vdp_c06_v           =  2.73384e+00
vdp_c07_v           =  2.74156e+00
vdp_c08_v           =  2.74896e+00
vdp_c09_v           =  2.75677e+00
vdp_c10_v           =  2.76462e+00
vdp_c11_v           =  2.77254e+00
vdp_c12_v           =  2.78041e+00
vdp_c13_v           =  2.78842e+00
vdp_c14_v           =  2.79647e+00
vdp_c15_v           =  2.80459e+00
voff_d1_v           =  9.33817e-05
voff_d0_v           =  9.33819e-05
ioff_d1_na          =  6.22545e-09
ioff_d0_na          =  6.22546e-09
ioff_dz_na          =  6.22567e-09
ioff_dh_na          =  8.26454e-13
isup_d1_na          =  6.32552e-09
isup_d0_na          =  6.32962e-09
isup_dz_na          =  6.32440e-09
isup_dh_na          =  1.03150e-10

ngspice-46 done
