
Note: No compatibility mode selected!


Circuit: * klt sim -- generated corner deck, do not edit

Doing analysis at TEMP = 27.000000 and TNOM = 27.000000

Using SPARSE 1.3 as Direct Linear Solver

No. of Data Rows : 2

  Measurements for DC Analysis

vdp_c00_v           =  2.97775e+00
vdp_c01_v           =  2.98573e+00
vdp_c02_v           =  2.99375e+00
vdp_c03_v           =  3.00183e+00
vdp_c04_v           =  3.00988e+00
vdp_c05_v           =  3.01805e+00
vdp_c06_v           =  3.02625e+00
vdp_c07_v           =  3.03452e+00
vdp_c08_v           =  3.04253e+00
vdp_c09_v           =  3.05089e+00
vdp_c10_v           =  3.05929e+00
vdp_c11_v           =  3.06776e+00
vdp_c12_v           =  3.07620e+00
vdp_c13_v           =  3.08476e+00
vdp_c14_v           =  3.09336e+00
vdp_c15_v           =  3.10203e+00
voff_d1_v           =  2.43285e-06
voff_d0_v           =  2.43583e-06
ioff_d1_na          =  1.62190e-10
ioff_d0_na          =  1.62388e-10
ioff_dz_na          =  1.62190e-10
ioff_dh_na          =  3.55981e-12
isup_d1_na          =  1.81519e-10
isup_d0_na          =  1.82706e-10
isup_dz_na          =  1.81574e-10
isup_dh_na          =  1.77863e-11

ngspice-46 done
