
Note: No compatibility mode selected!


Circuit: * klt sim -- generated corner deck, do not edit

Doing analysis at TEMP = -40.000000 and TNOM = 27.000000

Using SPARSE 1.3 as Direct Linear Solver

No. of Data Rows : 2

  Measurements for DC Analysis

vdp_c00_v           =  3.25168e+00
vdp_c01_v           =  3.26061e+00
vdp_c02_v           =  3.26957e+00
vdp_c03_v           =  3.27860e+00
vdp_c04_v           =  3.28762e+00
vdp_c05_v           =  3.29676e+00
vdp_c06_v           =  3.30594e+00
vdp_c07_v           =  3.31518e+00
vdp_c08_v           =  3.32422e+00
vdp_c09_v           =  3.33358e+00
vdp_c10_v           =  3.34297e+00
vdp_c11_v           =  3.35244e+00
vdp_c12_v           =  3.36190e+00
vdp_c13_v           =  3.37148e+00
vdp_c14_v           =  3.38110e+00
vdp_c15_v           =  3.39079e+00
voff_d1_v           =  2.17151e-06
voff_d0_v           =  2.20544e-06
ioff_d1_na          =  1.44767e-10
ioff_d0_na          =  1.47029e-10
ioff_dz_na          =  1.44767e-10
ioff_dh_na          =  -1.51893e-12
isup_d1_na          =  1.65469e-10
isup_d0_na          =  1.67769e-10
isup_dz_na          =  1.65934e-10
isup_dh_na          =  2.15528e-11

ngspice-46 done
