
Note: No compatibility mode selected!


Circuit: * klt sim -- generated corner deck, do not edit

Doing analysis at TEMP = 100.000000 and TNOM = 27.000000

Using SPARSE 1.3 as Direct Linear Solver

No. of Data Rows : 2

  Measurements for DC Analysis

vdp_c00_v           =  2.67503e+00
vdp_c01_v           =  2.68281e+00
vdp_c02_v           =  2.69062e+00
vdp_c03_v           =  2.69850e+00
vdp_c04_v           =  2.70635e+00
vdp_c05_v           =  2.71433e+00
vdp_c06_v           =  2.72235e+00
vdp_c07_v           =  2.73043e+00
vdp_c08_v           =  2.73818e+00
vdp_c09_v           =  2.74637e+00
vdp_c10_v           =  2.75459e+00
vdp_c11_v           =  2.76289e+00
vdp_c12_v           =  2.77115e+00
vdp_c13_v           =  2.77956e+00
vdp_c14_v           =  2.78801e+00
vdp_c15_v           =  2.79653e+00
voff_d1_v           =  9.33817e-05
voff_d0_v           =  9.33819e-05
ioff_d1_na          =  6.22545e-09
ioff_d0_na          =  6.22546e-09
ioff_dz_na          =  6.22567e-09
ioff_dh_na          =  -2.33376e-12
isup_d1_na          =  6.32552e-09
isup_d0_na          =  6.32962e-09
isup_dz_na          =  6.32440e-09
isup_dh_na          =  1.03150e-10

ngspice-46 done
