
Note: No compatibility mode selected!


Circuit: * klt sim -- generated corner deck, do not edit

Doing analysis at TEMP = -40.000000 and TNOM = 27.000000

Using SPARSE 1.3 as Direct Linear Solver

No. of Data Rows : 2

  Measurements for DC Analysis

vdp_c00_v           =  3.26645e+00
vdp_c01_v           =  3.27500e+00
vdp_c02_v           =  3.28358e+00
vdp_c03_v           =  3.29221e+00
vdp_c04_v           =  3.30085e+00
vdp_c05_v           =  3.30958e+00
vdp_c06_v           =  3.31836e+00
vdp_c07_v           =  3.32719e+00
vdp_c08_v           =  3.33584e+00
vdp_c09_v           =  3.34477e+00
vdp_c10_v           =  3.35375e+00
vdp_c11_v           =  3.36278e+00
vdp_c12_v           =  3.37181e+00
vdp_c13_v           =  3.38095e+00
vdp_c14_v           =  3.39014e+00
vdp_c15_v           =  3.39938e+00
voff_d1_v           =  2.17151e-06
voff_d0_v           =  2.20544e-06
ioff_d1_na          =  1.44767e-10
ioff_d0_na          =  1.47029e-10
ioff_dz_na          =  1.44767e-10
ioff_dh_na          =  8.81754e-12
isup_d1_na          =  1.65469e-10
isup_d0_na          =  1.67769e-10
isup_dz_na          =  1.65934e-10
isup_dh_na          =  2.15528e-11

ngspice-46 done
