
Note: No compatibility mode selected!


Circuit: * klt sim -- generated corner deck, do not edit

Doing analysis at TEMP = 100.000000 and TNOM = 27.000000

Using SPARSE 1.3 as Direct Linear Solver

No. of Data Rows : 2

  Measurements for DC Analysis

vdp_c00_v           =  3.12483e+00
vdp_c01_v           =  3.13627e+00
vdp_c02_v           =  3.14778e+00
vdp_c03_v           =  3.15941e+00
vdp_c04_v           =  3.17100e+00
vdp_c05_v           =  3.18281e+00
vdp_c06_v           =  3.19469e+00
vdp_c07_v           =  3.20669e+00
vdp_c08_v           =  3.21820e+00
vdp_c09_v           =  3.23039e+00
vdp_c10_v           =  3.24266e+00
vdp_c11_v           =  3.25506e+00
vdp_c12_v           =  3.26741e+00
vdp_c13_v           =  3.28002e+00
vdp_c14_v           =  3.29269e+00
vdp_c15_v           =  3.30551e+00
voff_d1_v           =  1.16218e-05
voff_d0_v           =  1.16318e-05
ioff_d1_na          =  7.74789e-10
ioff_d0_na          =  7.75452e-10
ioff_dz_na          =  7.74791e-10
ioff_dh_na          =  -6.71146e-12
isup_d1_na          =  1.03400e-09
isup_d0_na          =  1.95886e-09
isup_dz_na          =  1.03436e-09
isup_dh_na          =  2.59841e-10

ngspice-46 done
