
Note: No compatibility mode selected!


Circuit: * klt sim -- generated corner deck, do not edit

Doing analysis at TEMP = 27.000000 and TNOM = 27.000000

Using SPARSE 1.3 as Direct Linear Solver

No. of Data Rows : 2

  Measurements for DC Analysis

vdp_c00_v           =  3.15196e+00
vdp_c01_v           =  3.16300e+00
vdp_c02_v           =  3.17410e+00
vdp_c03_v           =  3.18531e+00
vdp_c04_v           =  3.19649e+00
vdp_c05_v           =  3.20786e+00
vdp_c06_v           =  3.21930e+00
vdp_c07_v           =  3.23085e+00
vdp_c08_v           =  3.24200e+00
vdp_c09_v           =  3.25372e+00
vdp_c10_v           =  3.26552e+00
vdp_c11_v           =  3.27743e+00
vdp_c12_v           =  3.28931e+00
vdp_c13_v           =  3.30141e+00
vdp_c14_v           =  3.31358e+00
vdp_c15_v           =  3.32587e+00
voff_d1_v           =  2.17932e-06
voff_d0_v           =  2.18928e-06
ioff_d1_na          =  1.45288e-10
ioff_d0_na          =  1.45952e-10
ioff_dz_na          =  1.45288e-10
ioff_dh_na          =  -2.04171e-12
isup_d1_na          =  1.71066e-10
isup_d0_na          =  1.91941e-10
isup_dz_na          =  1.71392e-10
isup_dh_na          =  2.33717e-11

ngspice-46 done
