
Note: No compatibility mode selected!


Circuit: * klt sim -- generated corner deck, do not edit

Doing analysis at TEMP = 27.000000 and TNOM = 27.000000

Using SPARSE 1.3 as Direct Linear Solver

No. of Data Rows : 2

  Measurements for DC Analysis

vdp_c00_v           =  2.62647e+00
vdp_c01_v           =  2.63548e+00
vdp_c02_v           =  2.64454e+00
vdp_c03_v           =  2.65368e+00
vdp_c04_v           =  2.66278e+00
vdp_c05_v           =  2.67206e+00
vdp_c06_v           =  2.68139e+00
vdp_c07_v           =  2.69082e+00
vdp_c08_v           =  2.69977e+00
vdp_c09_v           =  2.70934e+00
vdp_c10_v           =  2.71896e+00
vdp_c11_v           =  2.72869e+00
vdp_c12_v           =  2.73835e+00
vdp_c13_v           =  2.74823e+00
vdp_c14_v           =  2.75815e+00
vdp_c15_v           =  2.76818e+00
voff_d1_v           =  1.81252e-06
voff_d0_v           =  1.81256e-06
ioff_d1_na          =  1.20835e-10
ioff_d0_na          =  1.20837e-10
ioff_dz_na          =  1.20835e-10
ioff_dh_na          =  -2.77136e-12
isup_d1_na          =  1.42859e-10
isup_d0_na          =  1.60750e-10
isup_dz_na          =  1.44949e-10
isup_dh_na          =  2.12955e-11

ngspice-46 done
