
Note: No compatibility mode selected!


Circuit: * klt sim -- generated corner deck, do not edit

Doing analysis at TEMP = -40.000000 and TNOM = 27.000000

Using SPARSE 1.3 as Direct Linear Solver

No. of Data Rows : 2

  Measurements for DC Analysis

vdp_c00_v           =  3.15576e+00
vdp_c01_v           =  3.16696e+00
vdp_c02_v           =  3.17821e+00
vdp_c03_v           =  3.18958e+00
vdp_c04_v           =  3.20093e+00
vdp_c05_v           =  3.21246e+00
vdp_c06_v           =  3.22407e+00
vdp_c07_v           =  3.23578e+00
vdp_c08_v           =  3.24716e+00
vdp_c09_v           =  3.25906e+00
vdp_c10_v           =  3.27102e+00
vdp_c11_v           =  3.28310e+00
vdp_c12_v           =  3.29517e+00
vdp_c13_v           =  3.30744e+00
vdp_c14_v           =  3.31978e+00
vdp_c15_v           =  3.33225e+00
voff_d1_v           =  2.16332e-06
voff_d0_v           =  2.17328e-06
ioff_d1_na          =  1.44221e-10
ioff_d0_na          =  1.44885e-10
ioff_dz_na          =  1.44221e-10
ioff_dh_na          =  5.74028e-12
isup_d1_na          =  1.67288e-10
isup_d0_na          =  1.68450e-10
isup_dz_na          =  1.66882e-10
isup_dh_na          =  2.15528e-11

ngspice-46 done
