
Note: No compatibility mode selected!


Circuit: * klt sim -- generated corner deck, do not edit

Doing analysis at TEMP = 100.000000 and TNOM = 27.000000

Using SPARSE 1.3 as Direct Linear Solver

No. of Data Rows : 2

  Measurements for DC Analysis

vdp_c00_v           =  2.58705e+00
vdp_c01_v           =  2.59677e+00
vdp_c02_v           =  2.60654e+00
vdp_c03_v           =  2.61642e+00
vdp_c04_v           =  2.62624e+00
vdp_c05_v           =  2.63629e+00
vdp_c06_v           =  2.64639e+00
vdp_c07_v           =  2.65661e+00
vdp_c08_v           =  2.66624e+00
vdp_c09_v           =  2.67663e+00
vdp_c10_v           =  2.68708e+00
vdp_c11_v           =  2.69764e+00
vdp_c12_v           =  2.70814e+00
vdp_c13_v           =  2.71889e+00
vdp_c14_v           =  2.72970e+00
vdp_c15_v           =  2.74064e+00
voff_d1_v           =  9.74151e-06
voff_d0_v           =  9.74154e-06
ioff_d1_na          =  6.49434e-10
ioff_d0_na          =  6.49436e-10
ioff_dz_na          =  6.49436e-10
ioff_dh_na          =  -6.58066e-12
isup_d1_na          =  8.64239e-10
isup_d0_na          =  1.64573e-09
isup_dz_na          =  8.64922e-10
isup_dh_na          =  2.19565e-10

ngspice-46 done
