
Note: No compatibility mode selected!


Circuit: * klt sim -- generated corner deck, do not edit

Doing analysis at TEMP = 100.000000 and TNOM = 27.000000

Using SPARSE 1.3 as Direct Linear Solver

No. of Data Rows : 2

  Measurements for DC Analysis

vdp_c00_v           =  2.84586e+00
vdp_c01_v           =  2.85668e+00
vdp_c02_v           =  2.86757e+00
vdp_c03_v           =  2.87857e+00
vdp_c04_v           =  2.88952e+00
vdp_c05_v           =  2.90071e+00
vdp_c06_v           =  2.91196e+00
vdp_c07_v           =  2.92333e+00
vdp_c08_v           =  2.93415e+00
vdp_c09_v           =  2.94572e+00
vdp_c10_v           =  2.95736e+00
vdp_c11_v           =  2.96912e+00
vdp_c12_v           =  2.98083e+00
vdp_c13_v           =  2.99280e+00
vdp_c14_v           =  3.00485e+00
vdp_c15_v           =  3.01702e+00
voff_d1_v           =  1.06470e-05
voff_d0_v           =  1.06478e-05
ioff_d1_na          =  7.09799e-10
ioff_d0_na          =  7.09850e-10
ioff_dz_na          =  7.09802e-10
ioff_dh_na          =  -6.94700e-12
isup_d1_na          =  9.47301e-10
isup_d0_na          =  1.79769e-09
isup_dz_na          =  9.46912e-10
isup_dh_na          =  2.39703e-10

ngspice-46 done
