
Note: No compatibility mode selected!


Circuit: * klt sim -- generated corner deck, do not edit

Doing analysis at TEMP = 27.000000 and TNOM = 27.000000

Using SPARSE 1.3 as Direct Linear Solver

No. of Data Rows : 2

  Measurements for DC Analysis

vdp_c00_v           =  3.13278e+00
vdp_c01_v           =  3.14427e+00
vdp_c02_v           =  3.15584e+00
vdp_c03_v           =  3.16752e+00
vdp_c04_v           =  3.17917e+00
vdp_c05_v           =  3.19104e+00
vdp_c06_v           =  3.20297e+00
vdp_c07_v           =  3.21503e+00
vdp_c08_v           =  3.22666e+00
vdp_c09_v           =  3.23891e+00
vdp_c10_v           =  3.25123e+00
vdp_c11_v           =  3.26368e+00
vdp_c12_v           =  3.27610e+00
vdp_c13_v           =  3.28875e+00
vdp_c14_v           =  3.30149e+00
vdp_c15_v           =  3.31435e+00
voff_d1_v           =  2.17932e-06
voff_d0_v           =  2.18928e-06
ioff_d1_na          =  1.45288e-10
ioff_d0_na          =  1.45952e-10
ioff_dz_na          =  1.45288e-10
ioff_dh_na          =  1.52230e-12
isup_d1_na          =  1.71066e-10
isup_d0_na          =  1.91941e-10
isup_dz_na          =  1.71392e-10
isup_dh_na          =  2.33717e-11

ngspice-46 done
