
Note: No compatibility mode selected!


Circuit: * klt sim -- generated corner deck, do not edit

Doing analysis at TEMP = -40.000000 and TNOM = 27.000000

Using SPARSE 1.3 as Direct Linear Solver

No. of Data Rows : 2

  Measurements for DC Analysis

vdp_c00_v           =  3.26635e+00
vdp_c01_v           =  3.27478e+00
vdp_c02_v           =  3.28324e+00
vdp_c03_v           =  3.29177e+00
vdp_c04_v           =  3.30027e+00
vdp_c05_v           =  3.30889e+00
vdp_c06_v           =  3.31754e+00
vdp_c07_v           =  3.32626e+00
vdp_c08_v           =  3.33473e+00
vdp_c09_v           =  3.34355e+00
vdp_c10_v           =  3.35240e+00
vdp_c11_v           =  3.36132e+00
vdp_c12_v           =  3.37021e+00
vdp_c13_v           =  3.37923e+00
vdp_c14_v           =  3.38828e+00
vdp_c15_v           =  3.39741e+00
voff_d1_v           =  2.16332e-06
voff_d0_v           =  2.17328e-06
ioff_d1_na          =  1.44221e-10
ioff_d0_na          =  1.44885e-10
ioff_dz_na          =  1.44221e-10
ioff_dh_na          =  5.58930e-12
isup_d1_na          =  1.67288e-10
isup_d0_na          =  1.68450e-10
isup_dz_na          =  1.66882e-10
isup_dh_na          =  2.15528e-11

ngspice-46 done
