
Note: No compatibility mode selected!


Circuit: * klt sim -- generated corner deck, do not edit

Doing analysis at TEMP = -40.000000 and TNOM = 27.000000

Using SPARSE 1.3 as Direct Linear Solver

No. of Data Rows : 2

  Measurements for DC Analysis

vdp_c00_v           =  2.99409e+00
vdp_c01_v           =  3.00174e+00
vdp_c02_v           =  3.00942e+00
vdp_c03_v           =  3.01716e+00
vdp_c04_v           =  3.02487e+00
vdp_c05_v           =  3.03269e+00
vdp_c06_v           =  3.04054e+00
vdp_c07_v           =  3.04846e+00
vdp_c08_v           =  3.05611e+00
vdp_c09_v           =  3.06411e+00
vdp_c10_v           =  3.07214e+00
vdp_c11_v           =  3.08024e+00
vdp_c12_v           =  3.08830e+00
vdp_c13_v           =  3.09649e+00
vdp_c14_v           =  3.10471e+00
vdp_c15_v           =  3.11299e+00
voff_d1_v           =  1.98026e-06
voff_d0_v           =  1.98102e-06
ioff_d1_na          =  1.32017e-10
ioff_d0_na          =  1.32068e-10
ioff_dz_na          =  1.32017e-10
ioff_dh_na          =  5.30631e-12
isup_d1_na          =  1.51529e-10
isup_d0_na          =  1.53524e-10
isup_dz_na          =  1.50701e-10
isup_dh_na          =  1.96052e-11

ngspice-46 done
