
Note: No compatibility mode selected!


Circuit: * klt sim -- generated corner deck, do not edit

Doing analysis at TEMP = 27.000000 and TNOM = 27.000000

Using SPARSE 1.3 as Direct Linear Solver

No. of Data Rows : 2

  Measurements for DC Analysis

vdp_c00_v           =  2.97762e+00
vdp_c01_v           =  2.98546e+00
vdp_c02_v           =  2.99333e+00
vdp_c03_v           =  3.00126e+00
vdp_c04_v           =  3.00916e+00
vdp_c05_v           =  3.01718e+00
vdp_c06_v           =  3.02523e+00
vdp_c07_v           =  3.03335e+00
vdp_c08_v           =  3.04115e+00
vdp_c09_v           =  3.04936e+00
vdp_c10_v           =  3.05761e+00
vdp_c11_v           =  3.06592e+00
vdp_c12_v           =  3.07419e+00
vdp_c13_v           =  3.08261e+00
vdp_c14_v           =  3.09105e+00
vdp_c15_v           =  3.09957e+00
voff_d1_v           =  1.99442e-06
voff_d0_v           =  1.99519e-06
ioff_d1_na          =  1.32961e-10
ioff_d0_na          =  1.33012e-10
ioff_dz_na          =  1.32961e-10
ioff_dh_na          =  2.52729e-12
isup_d1_na          =  1.57872e-10
isup_d0_na          =  1.76289e-10
isup_dz_na          =  1.57261e-10
isup_dh_na          =  2.32433e-11

ngspice-46 done
