
Note: No compatibility mode selected!


Circuit: * klt sim -- generated corner deck, do not edit

Doing analysis at TEMP = -40.000000 and TNOM = 27.000000

Using SPARSE 1.3 as Direct Linear Solver

No. of Data Rows : 2

  Measurements for DC Analysis

vdp_c00_v           =  2.70951e+00
vdp_c01_v           =  2.71669e+00
vdp_c02_v           =  2.72390e+00
vdp_c03_v           =  2.73117e+00
vdp_c04_v           =  2.73840e+00
vdp_c05_v           =  2.74575e+00
vdp_c06_v           =  2.75313e+00
vdp_c07_v           =  2.76057e+00
vdp_c08_v           =  2.76770e+00
vdp_c09_v           =  2.77522e+00
vdp_c10_v           =  2.78278e+00
vdp_c11_v           =  2.79040e+00
vdp_c12_v           =  2.79798e+00
vdp_c13_v           =  2.80569e+00
vdp_c14_v           =  2.81343e+00
vdp_c15_v           =  2.82123e+00
voff_d1_v           =  1.80001e-06
voff_d0_v           =  1.80004e-06
ioff_d1_na          =  1.20001e-10
ioff_d0_na          =  1.20003e-10
ioff_dz_na          =  1.20001e-10
ioff_dh_na          =  1.33287e-12
isup_d1_na          =  1.39407e-10
isup_d0_na          =  1.38730e-10
isup_dz_na          =  1.39978e-10
isup_dh_na          =  1.94764e-11

ngspice-46 done
