
Note: No compatibility mode selected!


Circuit: * klt sim -- generated corner deck, do not edit

Doing analysis at TEMP = -40.000000 and TNOM = 27.000000

Using SPARSE 1.3 as Direct Linear Solver

No. of Data Rows : 2

  Measurements for DC Analysis

vdp_c00_v           =  2.68050e+00
vdp_c01_v           =  2.68824e+00
vdp_c02_v           =  2.69602e+00
vdp_c03_v           =  2.70387e+00
vdp_c04_v           =  2.71166e+00
vdp_c05_v           =  2.71961e+00
vdp_c06_v           =  2.72759e+00
vdp_c07_v           =  2.73565e+00
vdp_c08_v           =  2.74325e+00
vdp_c09_v           =  2.75142e+00
vdp_c10_v           =  2.75962e+00
vdp_c11_v           =  2.76789e+00
vdp_c12_v           =  2.77610e+00
vdp_c13_v           =  2.78449e+00
vdp_c14_v           =  2.79290e+00
vdp_c15_v           =  2.80140e+00
voff_d1_v           =  1.80000e-06
voff_d0_v           =  1.80001e-06
ioff_d1_na          =  1.20000e-10
ioff_d0_na          =  1.20001e-10
ioff_dz_na          =  1.20000e-10
ioff_dh_na          =  5.95706e-12
isup_d1_na          =  1.41226e-10
isup_d0_na          =  1.42368e-10
isup_dz_na          =  1.41797e-10
isup_dh_na          =  1.94764e-11

ngspice-46 done
