
Note: No compatibility mode selected!


Circuit: * klt sim -- generated corner deck, do not edit

Doing analysis at TEMP = 27.000000 and TNOM = 27.000000

Using SPARSE 1.3 as Direct Linear Solver

No. of Data Rows : 2

  Measurements for DC Analysis

vdp_c00_v           =  2.93004e+00
vdp_c01_v           =  2.93888e+00
vdp_c02_v           =  2.94776e+00
vdp_c03_v           =  2.95672e+00
vdp_c04_v           =  2.96562e+00
vdp_c05_v           =  2.97470e+00
vdp_c06_v           =  2.98382e+00
vdp_c07_v           =  2.99303e+00
vdp_c08_v           =  3.00175e+00
vdp_c09_v           =  3.01108e+00
vdp_c10_v           =  3.02045e+00
vdp_c11_v           =  3.02992e+00
vdp_c12_v           =  3.03931e+00
vdp_c13_v           =  3.04891e+00
vdp_c14_v           =  3.05855e+00
vdp_c15_v           =  3.06828e+00
voff_d1_v           =  1.98069e-06
voff_d0_v           =  1.98089e-06
ioff_d1_na          =  1.32046e-10
ioff_d0_na          =  1.32059e-10
ioff_dz_na          =  1.32046e-10
ioff_dh_na          =  -2.66555e-12
isup_d1_na          =  2.30632e-10
isup_d0_na          =  5.59982e-10
isup_dz_na          =  2.31677e-10
isup_dh_na          =  1.01460e-10

ngspice-46 done
