
Note: No compatibility mode selected!


Circuit: * klt sim -- generated corner deck, do not edit

Doing analysis at TEMP = 27.000000 and TNOM = 27.000000

Using SPARSE 1.3 as Direct Linear Solver

No. of Data Rows : 2

  Measurements for DC Analysis

vdp_c00_v           =  3.15180e+00
vdp_c01_v           =  3.16265e+00
vdp_c02_v           =  3.17356e+00
vdp_c03_v           =  3.18458e+00
vdp_c04_v           =  3.19554e+00
vdp_c05_v           =  3.20673e+00
vdp_c06_v           =  3.21797e+00
vdp_c07_v           =  3.22932e+00
vdp_c08_v           =  3.24015e+00
vdp_c09_v           =  3.25168e+00
vdp_c10_v           =  3.26327e+00
vdp_c11_v           =  3.27498e+00
vdp_c12_v           =  3.28663e+00
vdp_c13_v           =  3.29853e+00
vdp_c14_v           =  3.31048e+00
vdp_c15_v           =  3.32256e+00
voff_d1_v           =  2.16163e-06
voff_d0_v           =  2.16456e-06
ioff_d1_na          =  1.44109e-10
ioff_d0_na          =  1.44304e-10
ioff_dz_na          =  1.44109e-10
ioff_dh_na          =  4.99912e-13
isup_d1_na          =  2.54740e-10
isup_d0_na          =  6.16241e-10
isup_dz_na          =  2.54061e-10
isup_dh_na          =  1.12502e-10

ngspice-46 done
