
Note: No compatibility mode selected!


Circuit: * klt sim -- generated corner deck, do not edit

Doing analysis at TEMP = -40.000000 and TNOM = 27.000000

Using SPARSE 1.3 as Direct Linear Solver

No. of Data Rows : 2

  Measurements for DC Analysis

vdp_c00_v           =  2.89259e+00
vdp_c01_v           =  2.90262e+00
vdp_c02_v           =  2.91269e+00
vdp_c03_v           =  2.92287e+00
vdp_c04_v           =  2.93299e+00
vdp_c05_v           =  2.94332e+00
vdp_c06_v           =  2.95371e+00
vdp_c07_v           =  2.96420e+00
vdp_c08_v           =  2.97420e+00
vdp_c09_v           =  2.98486e+00
vdp_c10_v           =  2.99557e+00
vdp_c11_v           =  3.00639e+00
vdp_c12_v           =  3.01715e+00
vdp_c13_v           =  3.02815e+00
vdp_c14_v           =  3.03920e+00
vdp_c15_v           =  3.05036e+00
voff_d1_v           =  1.98006e-06
voff_d0_v           =  1.98026e-06
ioff_d1_na          =  1.32004e-10
ioff_d0_na          =  1.32017e-10
ioff_dz_na          =  1.32004e-10
ioff_dh_na          =  2.93917e-12
isup_d1_na          =  1.51529e-10
isup_d0_na          =  1.57153e-10
isup_dz_na          =  1.50701e-10
isup_dh_na          =  1.96052e-11

ngspice-46 done
