
Note: No compatibility mode selected!


Circuit: * klt sim -- generated corner deck, do not edit

Doing analysis at TEMP = 27.000000 and TNOM = 27.000000

Using SPARSE 1.3 as Direct Linear Solver

No. of Data Rows : 2

  Measurements for DC Analysis

vdp_c00_v           =  3.24823e+00
vdp_c01_v           =  3.25670e+00
vdp_c02_v           =  3.26520e+00
vdp_c03_v           =  3.27377e+00
vdp_c04_v           =  3.28229e+00
vdp_c05_v           =  3.29096e+00
vdp_c06_v           =  3.29966e+00
vdp_c07_v           =  3.30843e+00
vdp_c08_v           =  3.31681e+00
vdp_c09_v           =  3.32568e+00
vdp_c10_v           =  3.33459e+00
vdp_c11_v           =  3.34357e+00
vdp_c12_v           =  3.35250e+00
vdp_c13_v           =  3.36158e+00
vdp_c14_v           =  3.37070e+00
vdp_c15_v           =  3.37990e+00
voff_d1_v           =  2.16163e-06
voff_d0_v           =  2.16456e-06
ioff_d1_na          =  1.44109e-10
ioff_d0_na          =  1.44304e-10
ioff_dz_na          =  1.44109e-10
ioff_dh_na          =  2.49288e-12
isup_d1_na          =  2.54740e-10
isup_d0_na          =  6.16241e-10
isup_dz_na          =  2.54061e-10
isup_dh_na          =  1.12502e-10

ngspice-46 done
