
Note: No compatibility mode selected!


Circuit: * klt sim -- generated corner deck, do not edit

Doing analysis at TEMP = 100.000000 and TNOM = 27.000000

Using SPARSE 1.3 as Direct Linear Solver

No. of Data Rows : 2

  Measurements for DC Analysis

vdp_c00_v           =  3.20987e+00
vdp_c01_v           =  3.21903e+00
vdp_c02_v           =  3.22823e+00
vdp_c03_v           =  3.23752e+00
vdp_c04_v           =  3.24673e+00
vdp_c05_v           =  3.25614e+00
vdp_c06_v           =  3.26557e+00
vdp_c07_v           =  3.27510e+00
vdp_c08_v           =  3.28413e+00
vdp_c09_v           =  3.29378e+00
vdp_c10_v           =  3.30346e+00
vdp_c11_v           =  3.31324e+00
vdp_c12_v           =  3.32294e+00
vdp_c13_v           =  3.33284e+00
vdp_c14_v           =  3.34278e+00
vdp_c15_v           =  3.35282e+00
voff_d1_v           =  4.09049e-06
voff_d0_v           =  4.09342e-06
ioff_d1_na          =  2.72699e-10
ioff_d0_na          =  2.72895e-10
ioff_dz_na          =  2.72699e-10
ioff_dh_na          =  -1.40961e-12
isup_d1_na          =  2.66892e-09
isup_d0_na          =  1.21738e-08
isup_dz_na          =  2.66921e-09
isup_dh_na          =  2.39533e-09

ngspice-46 done
