
Note: No compatibility mode selected!


Circuit: * klt sim -- generated corner deck, do not edit

Doing analysis at TEMP = 100.000000 and TNOM = 27.000000

Using SPARSE 1.3 as Direct Linear Solver

No. of Data Rows : 2

  Measurements for DC Analysis

vdp_c00_v           =  2.94226e+00
vdp_c01_v           =  2.95055e+00
vdp_c02_v           =  2.95886e+00
vdp_c03_v           =  2.96726e+00
vdp_c04_v           =  2.97557e+00
vdp_c05_v           =  2.98407e+00
vdp_c06_v           =  2.99260e+00
vdp_c07_v           =  3.00121e+00
vdp_c08_v           =  3.00931e+00
vdp_c09_v           =  3.01803e+00
vdp_c10_v           =  3.02678e+00
vdp_c11_v           =  3.03562e+00
vdp_c12_v           =  3.04437e+00
vdp_c13_v           =  3.05333e+00
vdp_c14_v           =  3.06231e+00
vdp_c15_v           =  3.07138e+00
voff_d1_v           =  3.87708e-06
voff_d0_v           =  3.87728e-06
ioff_d1_na          =  2.58472e-10
ioff_d0_na          =  2.58485e-10
ioff_dz_na          =  2.58472e-10
ioff_dh_na          =  1.69646e-13
isup_d1_na          =  2.45200e-09
isup_d0_na          =  1.11421e-08
isup_dz_na          =  2.45135e-09
isup_dh_na          =  2.19148e-09

ngspice-46 done
