
Note: No compatibility mode selected!


Circuit: * klt sim -- generated corner deck, do not edit

Doing analysis at TEMP = 27.000000 and TNOM = 27.000000

Using SPARSE 1.3 as Direct Linear Solver

No. of Data Rows : 2

  Measurements for DC Analysis

vdp_c00_v           =  2.69376e+00
vdp_c01_v           =  2.70093e+00
vdp_c02_v           =  2.70811e+00
vdp_c03_v           =  2.71536e+00
vdp_c04_v           =  2.72254e+00
vdp_c05_v           =  2.72989e+00
vdp_c06_v           =  2.73725e+00
vdp_c07_v           =  2.74468e+00
vdp_c08_v           =  2.75164e+00
vdp_c09_v           =  2.75916e+00
vdp_c10_v           =  2.76671e+00
vdp_c11_v           =  2.77433e+00
vdp_c12_v           =  2.78187e+00
vdp_c13_v           =  2.78958e+00
vdp_c14_v           =  2.79732e+00
vdp_c15_v           =  2.80513e+00
voff_d1_v           =  1.80060e-06
voff_d0_v           =  1.80061e-06
ioff_d1_na          =  1.20040e-10
ioff_d0_na          =  1.20041e-10
ioff_dz_na          =  1.20040e-10
ioff_dh_na          =  -2.49887e-15
isup_d1_na          =  2.11981e-10
isup_d0_na          =  5.09236e-10
isup_dz_na          =  2.12931e-10
isup_dh_na          =  9.40551e-11

ngspice-46 done
