
Note: No compatibility mode selected!


Circuit: * klt sim -- generated corner deck, do not edit

Doing analysis at TEMP = 27.000000 and TNOM = 27.000000

Using SPARSE 1.3 as Direct Linear Solver

No. of Data Rows : 2

  Measurements for DC Analysis

vdp_c00_v           =  2.70665e+00
vdp_c01_v           =  2.71349e+00
vdp_c02_v           =  2.72035e+00
vdp_c03_v           =  2.72727e+00
vdp_c04_v           =  2.73412e+00
vdp_c05_v           =  2.74112e+00
vdp_c06_v           =  2.74814e+00
vdp_c07_v           =  2.75523e+00
vdp_c08_v           =  2.76187e+00
vdp_c09_v           =  2.76903e+00
vdp_c10_v           =  2.77622e+00
vdp_c11_v           =  2.78348e+00
vdp_c12_v           =  2.79066e+00
vdp_c13_v           =  2.79800e+00
vdp_c14_v           =  2.80536e+00
vdp_c15_v           =  2.81279e+00
voff_d1_v           =  1.80060e-06
voff_d0_v           =  1.80061e-06
ioff_d1_na          =  1.20040e-10
ioff_d0_na          =  1.20041e-10
ioff_dz_na          =  1.20040e-10
ioff_dh_na          =  4.38523e-12
isup_d1_na          =  2.11981e-10
isup_d0_na          =  5.09236e-10
isup_dz_na          =  2.12931e-10
isup_dh_na          =  9.40551e-11

ngspice-46 done
