
Note: No compatibility mode selected!


Circuit: * klt sim -- generated corner deck, do not edit

Doing analysis at TEMP = -40.000000 and TNOM = 27.000000

Using SPARSE 1.3 as Direct Linear Solver

No. of Data Rows : 2

  Measurements for DC Analysis

vdp_c00_v           =  2.70937e+00
vdp_c01_v           =  2.71639e+00
vdp_c02_v           =  2.72344e+00
vdp_c03_v           =  2.73054e+00
vdp_c04_v           =  2.73759e+00
vdp_c05_v           =  2.74478e+00
vdp_c06_v           =  2.75199e+00
vdp_c07_v           =  2.75927e+00
vdp_c08_v           =  2.76614e+00
vdp_c09_v           =  2.77351e+00
vdp_c10_v           =  2.78089e+00
vdp_c11_v           =  2.78835e+00
vdp_c12_v           =  2.79574e+00
vdp_c13_v           =  2.80328e+00
vdp_c14_v           =  2.81085e+00
vdp_c15_v           =  2.81848e+00
voff_d1_v           =  1.80000e-06
voff_d0_v           =  1.80001e-06
ioff_d1_na          =  1.20000e-10
ioff_d0_na          =  1.20001e-10
ioff_dz_na          =  1.20000e-10
ioff_dh_na          =  -1.51934e-12
isup_d1_na          =  1.41226e-10
isup_d0_na          =  1.42368e-10
isup_dz_na          =  1.41797e-10
isup_dh_na          =  1.94764e-11

ngspice-46 done
