
Note: No compatibility mode selected!


Circuit: * klt sim -- generated corner deck, do not edit

Doing analysis at TEMP = 100.000000 and TNOM = 27.000000

Using SPARSE 1.3 as Direct Linear Solver

No. of Data Rows : 2

  Measurements for DC Analysis

vdp_c00_v           =  3.22617e+00
vdp_c01_v           =  3.23493e+00
vdp_c02_v           =  3.24373e+00
vdp_c03_v           =  3.25259e+00
vdp_c04_v           =  3.26140e+00
vdp_c05_v           =  3.27037e+00
vdp_c06_v           =  3.27938e+00
vdp_c07_v           =  3.28847e+00
vdp_c08_v           =  3.29709e+00
vdp_c09_v           =  3.30629e+00
vdp_c10_v           =  3.31552e+00
vdp_c11_v           =  3.32483e+00
vdp_c12_v           =  3.33408e+00
vdp_c13_v           =  3.34351e+00
vdp_c14_v           =  3.35298e+00
vdp_c15_v           =  3.36253e+00
voff_d1_v           =  4.09049e-06
voff_d0_v           =  4.09342e-06
ioff_d1_na          =  2.72699e-10
ioff_d0_na          =  2.72895e-10
ioff_dz_na          =  2.72699e-10
ioff_dh_na          =  6.79051e-12
isup_d1_na          =  2.66892e-09
isup_d0_na          =  1.21738e-08
isup_dz_na          =  2.66921e-09
isup_dh_na          =  2.39533e-09

ngspice-46 done
