
Note: No compatibility mode selected!


Circuit: * klt sim -- generated corner deck, do not edit

Doing analysis at TEMP = 100.000000 and TNOM = 27.000000

Using SPARSE 1.3 as Direct Linear Solver

No. of Data Rows : 2

  Measurements for DC Analysis

vdp_c00_v           =  2.67465e+00
vdp_c01_v           =  2.68205e+00
vdp_c02_v           =  2.68947e+00
vdp_c03_v           =  2.69697e+00
vdp_c04_v           =  2.70438e+00
vdp_c05_v           =  2.71197e+00
vdp_c06_v           =  2.71958e+00
vdp_c07_v           =  2.72727e+00
vdp_c08_v           =  2.73442e+00
vdp_c09_v           =  2.74221e+00
vdp_c10_v           =  2.75002e+00
vdp_c11_v           =  2.75791e+00
vdp_c12_v           =  2.76571e+00
vdp_c13_v           =  2.77370e+00
vdp_c14_v           =  2.78172e+00
vdp_c15_v           =  2.78982e+00
voff_d1_v           =  3.66710e-06
voff_d0_v           =  3.66710e-06
ioff_d1_na          =  2.44473e-10
ioff_d0_na          =  2.44474e-10
ioff_dz_na          =  2.44473e-10
ioff_dh_na          =  1.39748e-12
isup_d1_na          =  2.24054e-09
isup_d0_na          =  1.01541e-08
isup_dz_na          =  2.23895e-09
isup_dh_na          =  1.99672e-09

ngspice-46 done
