
Note: No compatibility mode selected!


Circuit: * klt sim -- generated corner deck, do not edit

Doing analysis at TEMP = 100.000000 and TNOM = 27.000000

Using SPARSE 1.3 as Direct Linear Solver

No. of Data Rows : 2

  Measurements for DC Analysis

vdp_c00_v           =  2.68824e+00
vdp_c01_v           =  2.69530e+00
vdp_c02_v           =  2.70239e+00
vdp_c03_v           =  2.70954e+00
vdp_c04_v           =  2.71661e+00
vdp_c05_v           =  2.72385e+00
vdp_c06_v           =  2.73111e+00
vdp_c07_v           =  2.73843e+00
vdp_c08_v           =  2.74525e+00
vdp_c09_v           =  2.75267e+00
vdp_c10_v           =  2.76011e+00
vdp_c11_v           =  2.76762e+00
vdp_c12_v           =  2.77504e+00
vdp_c13_v           =  2.78265e+00
vdp_c14_v           =  2.79028e+00
vdp_c15_v           =  2.79798e+00
voff_d1_v           =  3.66710e-06
voff_d0_v           =  3.66710e-06
ioff_d1_na          =  2.44473e-10
ioff_d0_na          =  2.44474e-10
ioff_dz_na          =  2.44473e-10
ioff_dh_na          =  4.51689e-12
isup_d1_na          =  2.24054e-09
isup_d0_na          =  1.01541e-08
isup_dz_na          =  2.23895e-09
isup_dh_na          =  1.99672e-09

ngspice-46 done
