
Note: No compatibility mode selected!


Circuit: * klt sim -- generated corner deck, do not edit

Doing analysis at TEMP = 100.000000 and TNOM = 27.000000

Using SPARSE 1.3 as Direct Linear Solver

No. of Data Rows : 2

  Measurements for DC Analysis

vdp_c00_v           =  3.12465e+00
vdp_c01_v           =  3.13590e+00
vdp_c02_v           =  3.14721e+00
vdp_c03_v           =  3.15864e+00
vdp_c04_v           =  3.17000e+00
vdp_c05_v           =  3.18161e+00
vdp_c06_v           =  3.19328e+00
vdp_c07_v           =  3.20508e+00
vdp_c08_v           =  3.21626e+00
vdp_c09_v           =  3.22825e+00
vdp_c10_v           =  3.24030e+00
vdp_c11_v           =  3.25248e+00
vdp_c12_v           =  3.26459e+00
vdp_c13_v           =  3.27698e+00
vdp_c14_v           =  3.28943e+00
vdp_c15_v           =  3.30202e+00
voff_d1_v           =  4.76847e-06
voff_d0_v           =  4.77270e-06
ioff_d1_na          =  3.17898e-10
ioff_d0_na          =  3.18180e-10
ioff_dz_na          =  3.17899e-10
ioff_dh_na          =  -3.88346e-13
isup_d1_na          =  3.86088e-10
isup_d0_na          =  5.62232e-10
isup_dz_na          =  3.85304e-10
isup_dh_na          =  6.59469e-11

ngspice-46 done
