
Note: No compatibility mode selected!


Circuit: * klt sim -- generated corner deck, do not edit

Doing analysis at TEMP = 100.000000 and TNOM = 27.000000

Using SPARSE 1.3 as Direct Linear Solver

No. of Data Rows : 2

  Measurements for DC Analysis

vdp_c00_v           =  2.84569e+00
vdp_c01_v           =  2.85631e+00
vdp_c02_v           =  2.86699e+00
vdp_c03_v           =  2.87779e+00
vdp_c04_v           =  2.88852e+00
vdp_c05_v           =  2.89950e+00
vdp_c06_v           =  2.91054e+00
vdp_c07_v           =  2.92170e+00
vdp_c08_v           =  2.93219e+00
vdp_c09_v           =  2.94355e+00
vdp_c10_v           =  2.95496e+00
vdp_c11_v           =  2.96651e+00
vdp_c12_v           =  2.97797e+00
vdp_c13_v           =  2.98972e+00
vdp_c14_v           =  3.00153e+00
vdp_c15_v           =  3.01349e+00
voff_d1_v           =  4.48869e-06
voff_d0_v           =  4.48899e-06
ioff_d1_na          =  2.99246e-10
ioff_d0_na          =  2.99266e-10
ioff_dz_na          =  2.99246e-10
ioff_dh_na          =  -3.72980e-12
isup_d1_na          =  3.60161e-10
isup_d0_na          =  5.22317e-10
isup_dz_na          =  3.60680e-10
isup_dh_na          =  5.95418e-11

ngspice-46 done
