
Note: No compatibility mode selected!


Circuit: * klt sim -- generated corner deck, do not edit

Doing analysis at TEMP = 100.000000 and TNOM = 27.000000

Using SPARSE 1.3 as Direct Linear Solver

No. of Data Rows : 2

  Measurements for DC Analysis

vdp_c00_v           =  3.10450e+00
vdp_c01_v           =  3.11622e+00
vdp_c02_v           =  3.12801e+00
vdp_c03_v           =  3.13992e+00
vdp_c04_v           =  3.15177e+00
vdp_c05_v           =  3.16388e+00
vdp_c06_v           =  3.17607e+00
vdp_c07_v           =  3.18838e+00
vdp_c08_v           =  3.20006e+00
vdp_c09_v           =  3.21259e+00
vdp_c10_v           =  3.22518e+00
vdp_c11_v           =  3.23792e+00
vdp_c12_v           =  3.25059e+00
vdp_c13_v           =  3.26355e+00
vdp_c14_v           =  3.27659e+00
vdp_c15_v           =  3.28977e+00
voff_d1_v           =  4.76847e-06
voff_d0_v           =  4.77270e-06
ioff_d1_na          =  3.17898e-10
ioff_d0_na          =  3.18180e-10
ioff_dz_na          =  3.17899e-10
ioff_dh_na          =  -2.58441e-12
isup_d1_na          =  3.86088e-10
isup_d0_na          =  5.62232e-10
isup_dz_na          =  3.85304e-10
isup_dh_na          =  6.59469e-11

ngspice-46 done
