
Note: No compatibility mode selected!


Circuit: * klt sim -- generated corner deck, do not edit

Doing analysis at TEMP = 27.000000 and TNOM = 27.000000

Using SPARSE 1.3 as Direct Linear Solver

No. of Data Rows : 2

  Measurements for DC Analysis

vdp_c00_v           =  2.61034e+00
vdp_c01_v           =  2.61956e+00
vdp_c02_v           =  2.62881e+00
vdp_c03_v           =  2.63818e+00
vdp_c04_v           =  2.64746e+00
vdp_c05_v           =  2.65697e+00
vdp_c06_v           =  2.66653e+00
vdp_c07_v           =  2.67619e+00
vdp_c08_v           =  2.68523e+00
vdp_c09_v           =  2.69505e+00
vdp_c10_v           =  2.70492e+00
vdp_c11_v           =  2.71490e+00
vdp_c12_v           =  2.72479e+00
vdp_c13_v           =  2.73494e+00
vdp_c14_v           =  2.74513e+00
vdp_c15_v           =  2.75545e+00
voff_d1_v           =  1.80126e-06
voff_d0_v           =  1.80127e-06
ioff_d1_na          =  1.20084e-10
ioff_d0_na          =  1.20084e-10
ioff_dz_na          =  1.20084e-10
ioff_dh_na          =  1.41214e-12
isup_d1_na          =  1.37782e-10
isup_d0_na          =  1.41421e-10
isup_dz_na          =  1.39492e-10
isup_dh_na          =  1.76575e-11

ngspice-46 done
