
Note: No compatibility mode selected!


Circuit: * klt sim -- generated corner deck, do not edit

Doing analysis at TEMP = 100.000000 and TNOM = 27.000000

Using SPARSE 1.3 as Direct Linear Solver

No. of Data Rows : 2

  Measurements for DC Analysis

vdp_c00_v           =  2.60366e+00
vdp_c01_v           =  2.61279e+00
vdp_c02_v           =  2.62196e+00
vdp_c03_v           =  2.63124e+00
vdp_c04_v           =  2.64042e+00
vdp_c05_v           =  2.64984e+00
vdp_c06_v           =  2.65931e+00
vdp_c07_v           =  2.66888e+00
vdp_c08_v           =  2.67778e+00
vdp_c09_v           =  2.68751e+00
vdp_c10_v           =  2.69728e+00
vdp_c11_v           =  2.70717e+00
vdp_c12_v           =  2.71696e+00
vdp_c13_v           =  2.72701e+00
vdp_c14_v           =  2.73710e+00
vdp_c15_v           =  2.74732e+00
voff_d1_v           =  4.21800e-06
voff_d0_v           =  4.21801e-06
ioff_d1_na          =  2.81200e-10
ioff_d0_na          =  2.81201e-10
ioff_dz_na          =  2.81200e-10
ioff_dh_na          =  -2.16563e-14
isup_d1_na          =  3.36053e-10
isup_d0_na          =  4.86121e-10
isup_dz_na          =  3.37875e-10
isup_dh_na          =  5.67747e-11

ngspice-46 done
