
Note: No compatibility mode selected!


Circuit: * klt sim -- generated corner deck, do not edit

Doing analysis at TEMP = 27.000000 and TNOM = 27.000000

Using SPARSE 1.3 as Direct Linear Solver

No. of Data Rows : 2

  Measurements for DC Analysis

vdp_c00_v           =  2.70667e+00
vdp_c01_v           =  2.71353e+00
vdp_c02_v           =  2.72042e+00
vdp_c03_v           =  2.72736e+00
vdp_c04_v           =  2.73424e+00
vdp_c05_v           =  2.74126e+00
vdp_c06_v           =  2.74831e+00
vdp_c07_v           =  2.75541e+00
vdp_c08_v           =  2.76209e+00
vdp_c09_v           =  2.76929e+00
vdp_c10_v           =  2.77650e+00
vdp_c11_v           =  2.78377e+00
vdp_c12_v           =  2.79098e+00
vdp_c13_v           =  2.79835e+00
vdp_c14_v           =  2.80573e+00
vdp_c15_v           =  2.81318e+00
voff_d1_v           =  1.80126e-06
voff_d0_v           =  1.80127e-06
ioff_d1_na          =  1.20084e-10
ioff_d0_na          =  1.20084e-10
ioff_dz_na          =  1.20084e-10
ioff_dh_na          =  2.45125e-12
isup_d1_na          =  1.37782e-10
isup_d0_na          =  1.41421e-10
isup_dz_na          =  1.39492e-10
isup_dh_na          =  1.76575e-11

ngspice-46 done
