
Note: No compatibility mode selected!


Circuit: * klt sim -- generated corner deck, do not edit

Doing analysis at TEMP = 100.000000 and TNOM = 27.000000

Using SPARSE 1.3 as Direct Linear Solver

No. of Data Rows : 2

  Measurements for DC Analysis

vdp_c00_v           =  3.22619e+00
vdp_c01_v           =  3.23498e+00
vdp_c02_v           =  3.24379e+00
vdp_c03_v           =  3.25268e+00
vdp_c04_v           =  3.26151e+00
vdp_c05_v           =  3.27051e+00
vdp_c06_v           =  3.27954e+00
vdp_c07_v           =  3.28865e+00
vdp_c08_v           =  3.29730e+00
vdp_c09_v           =  3.30653e+00
vdp_c10_v           =  3.31578e+00
vdp_c11_v           =  3.32512e+00
vdp_c12_v           =  3.33439e+00
vdp_c13_v           =  3.34384e+00
vdp_c14_v           =  3.35333e+00
vdp_c15_v           =  3.36290e+00
voff_d1_v           =  4.76847e-06
voff_d0_v           =  4.77270e-06
ioff_d1_na          =  3.17898e-10
ioff_d0_na          =  3.18180e-10
ioff_dz_na          =  3.17899e-10
ioff_dh_na          =  6.20450e-12
isup_d1_na          =  3.86088e-10
isup_d0_na          =  5.62232e-10
isup_dz_na          =  3.85304e-10
isup_dh_na          =  6.59468e-11

ngspice-46 done
