
Note: No compatibility mode selected!


Circuit: * klt sim -- generated corner deck, do not edit

Doing analysis at TEMP = -40.000000 and TNOM = 27.000000

Using SPARSE 1.3 as Direct Linear Solver

No. of Data Rows : 2

  Measurements for DC Analysis

vdp_c00_v           =  2.98043e+00
vdp_c01_v           =  2.98829e+00
vdp_c02_v           =  2.99619e+00
vdp_c03_v           =  3.00415e+00
vdp_c04_v           =  3.01206e+00
vdp_c05_v           =  3.02011e+00
vdp_c06_v           =  3.02819e+00
vdp_c07_v           =  3.03634e+00
vdp_c08_v           =  3.04414e+00
vdp_c09_v           =  3.05239e+00
vdp_c10_v           =  3.06066e+00
vdp_c11_v           =  3.06901e+00
vdp_c12_v           =  3.07730e+00
vdp_c13_v           =  3.08575e+00
vdp_c14_v           =  3.09422e+00
vdp_c15_v           =  3.10277e+00
voff_d1_v           =  1.98010e-06
voff_d0_v           =  1.98039e-06
ioff_d1_na          =  1.32007e-10
ioff_d0_na          =  1.32026e-10
ioff_dz_na          =  1.32007e-10
ioff_dh_na          =  -1.44184e-12
isup_d1_na          =  1.51529e-10
isup_d0_na          =  1.53517e-10
isup_dz_na          =  1.50701e-10
isup_dh_na          =  1.96052e-11

ngspice-46 done
