
Note: No compatibility mode selected!


Circuit: * klt sim -- generated corner deck, do not edit

Doing analysis at TEMP = -40.000000 and TNOM = 27.000000

Using SPARSE 1.3 as Direct Linear Solver

No. of Data Rows : 2

  Measurements for DC Analysis

vdp_c00_v           =  2.70938e+00
vdp_c01_v           =  2.71643e+00
vdp_c02_v           =  2.72349e+00
vdp_c03_v           =  2.73062e+00
vdp_c04_v           =  2.73769e+00
vdp_c05_v           =  2.74490e+00
vdp_c06_v           =  2.75214e+00
vdp_c07_v           =  2.75943e+00
vdp_c08_v           =  2.76635e+00
vdp_c09_v           =  2.77373e+00
vdp_c10_v           =  2.78114e+00
vdp_c11_v           =  2.78861e+00
vdp_c12_v           =  2.79603e+00
vdp_c13_v           =  2.80359e+00
vdp_c14_v           =  2.81118e+00
vdp_c15_v           =  2.81883e+00
voff_d1_v           =  1.80000e-06
voff_d0_v           =  1.80001e-06
ioff_d1_na          =  1.20000e-10
ioff_d0_na          =  1.20001e-10
ioff_dz_na          =  1.20000e-10
ioff_dh_na          =  4.65765e-14
isup_d1_na          =  1.39407e-10
isup_d0_na          =  1.38730e-10
isup_dz_na          =  1.39978e-10
isup_dh_na          =  1.94764e-11

ngspice-46 done
