
Note: No compatibility mode selected!


Circuit: * klt sim -- generated corner deck, do not edit

Doing analysis at TEMP = 27.000000 and TNOM = 27.000000

Using SPARSE 1.3 as Direct Linear Solver

No. of Data Rows : 2

  Measurements for DC Analysis

vdp_c00_v           =  2.96329e+00
vdp_c01_v           =  2.97133e+00
vdp_c02_v           =  2.97939e+00
vdp_c03_v           =  2.98753e+00
vdp_c04_v           =  2.99561e+00
vdp_c05_v           =  3.00384e+00
vdp_c06_v           =  3.01211e+00
vdp_c07_v           =  3.02044e+00
vdp_c08_v           =  3.02836e+00
vdp_c09_v           =  3.03680e+00
vdp_c10_v           =  3.04527e+00
vdp_c11_v           =  3.05382e+00
vdp_c12_v           =  3.06230e+00
vdp_c13_v           =  3.07095e+00
vdp_c14_v           =  3.07964e+00
vdp_c15_v           =  3.08840e+00
voff_d1_v           =  1.98146e-06
voff_d0_v           =  1.98176e-06
ioff_d1_na          =  1.32097e-10
ioff_d0_na          =  1.32117e-10
ioff_dz_na          =  1.32097e-10
ioff_dh_na          =  3.14579e-12
isup_d1_na          =  1.48832e-10
isup_d0_na          =  1.50658e-10
isup_dz_na          =  1.49985e-10
isup_dh_na          =  1.77862e-11

ngspice-46 done
