
Note: No compatibility mode selected!


Circuit: * klt sim -- generated corner deck, do not edit

Doing analysis at TEMP = 27.000000 and TNOM = 27.000000

Using SPARSE 1.3 as Direct Linear Solver

No. of Data Rows : 2

  Measurements for DC Analysis

vdp_c00_v           =  2.97746e+00
vdp_c01_v           =  2.98514e+00
vdp_c02_v           =  2.99285e+00
vdp_c03_v           =  3.00062e+00
vdp_c04_v           =  3.00833e+00
vdp_c05_v           =  3.01619e+00
vdp_c06_v           =  3.02408e+00
vdp_c07_v           =  3.03203e+00
vdp_c08_v           =  3.03959e+00
vdp_c09_v           =  3.04763e+00
vdp_c10_v           =  3.05571e+00
vdp_c11_v           =  3.06385e+00
vdp_c12_v           =  3.07193e+00
vdp_c13_v           =  3.08017e+00
vdp_c14_v           =  3.08844e+00
vdp_c15_v           =  3.09678e+00
voff_d1_v           =  1.98146e-06
voff_d0_v           =  1.98176e-06
ioff_d1_na          =  1.32097e-10
ioff_d0_na          =  1.32117e-10
ioff_dz_na          =  1.32097e-10
ioff_dh_na          =  2.05769e-12
isup_d1_na          =  1.48832e-10
isup_d0_na          =  1.50658e-10
isup_dz_na          =  1.49985e-10
isup_dh_na          =  1.77862e-11

ngspice-46 done
