
Note: No compatibility mode selected!


Circuit: * klt sim -- generated corner deck, do not edit

Doing analysis at TEMP = 27.000000 and TNOM = 27.000000

Using SPARSE 1.3 as Direct Linear Solver

No. of Data Rows : 2

  Measurements for DC Analysis

vdp_c00_v           =  2.69378e+00
vdp_c01_v           =  2.70097e+00
vdp_c02_v           =  2.70818e+00
vdp_c03_v           =  2.71545e+00
vdp_c04_v           =  2.72266e+00
vdp_c05_v           =  2.73003e+00
vdp_c06_v           =  2.73741e+00
vdp_c07_v           =  2.74487e+00
vdp_c08_v           =  2.75187e+00
vdp_c09_v           =  2.75942e+00
vdp_c10_v           =  2.76699e+00
vdp_c11_v           =  2.77463e+00
vdp_c12_v           =  2.78220e+00
vdp_c13_v           =  2.78994e+00
vdp_c14_v           =  2.79770e+00
vdp_c15_v           =  2.80553e+00
voff_d1_v           =  1.80126e-06
voff_d0_v           =  1.80127e-06
ioff_d1_na          =  1.20084e-10
ioff_d0_na          =  1.20084e-10
ioff_dz_na          =  1.20084e-10
ioff_dh_na          =  -5.43107e-13
isup_d1_na          =  1.37782e-10
isup_d0_na          =  1.41421e-10
isup_dz_na          =  1.39492e-10
isup_dh_na          =  1.76575e-11

ngspice-46 done
