
Note: No compatibility mode selected!


Circuit: * klt sim -- generated corner deck, do not edit

Doing analysis at TEMP = 100.000000 and TNOM = 27.000000

Using SPARSE 1.3 as Direct Linear Solver

No. of Data Rows : 2

  Measurements for DC Analysis

vdp_c00_v           =  2.94228e+00
vdp_c01_v           =  2.95059e+00
vdp_c02_v           =  2.95893e+00
vdp_c03_v           =  2.96735e+00
vdp_c04_v           =  2.97569e+00
vdp_c05_v           =  2.98422e+00
vdp_c06_v           =  2.99277e+00
vdp_c07_v           =  3.00140e+00
vdp_c08_v           =  3.00954e+00
vdp_c09_v           =  3.01829e+00
vdp_c10_v           =  3.02706e+00
vdp_c11_v           =  3.03592e+00
vdp_c12_v           =  3.04471e+00
vdp_c13_v           =  3.05369e+00
vdp_c14_v           =  3.06269e+00
vdp_c15_v           =  3.07179e+00
voff_d1_v           =  4.48869e-06
voff_d0_v           =  4.48899e-06
ioff_d1_na          =  2.99246e-10
ioff_d0_na          =  2.99266e-10
ioff_dz_na          =  2.99246e-10
ioff_dh_na          =  -1.51048e-12
isup_d1_na          =  3.60161e-10
isup_d0_na          =  5.22317e-10
isup_dz_na          =  3.60680e-10
isup_dh_na          =  5.95418e-11

ngspice-46 done
